FAILED iteration=3604 updates=1 cert=(finite = true, max_bound_violation = 9.923975477223495e-8, phase_primal = false, row_consistent = false)
PREVIOUS iteration=3603 refs=284 cert=(finite = true, max_bound_violation = 9.923975477223495e-8, phase_primal = true, row_consistent = true)
REFERENCE_POINT label=before residual_inf=3.278536401135424174415550821818272470790207097286739917116930848162742891340757e-11
ROW label=before row=28453 activity=-3.278536401135424174415550821818272470790207097286739917116930848162742891340757e-11 stored=0.0 residual=-3.278536401135424174415550821818272470790207097286739917116930848162742891340757e-11 lower=Bound{Float64}(0.0, false) upper=Bound{Float64}(0.0, true)
ROW label=before row=24293 activity=2443.26027915000033630121833994053304195404052734375 stored=2443.26027915 residual=4.7606363295926712453365325927734375e-13 lower=Bound{Float64}(2443.26027915, true) upper=Bound{Float64}(0.0, false)
ROW label=before row=24294 activity=2443.26027915000033630121833994053304195404052734375 stored=2443.26027915 residual=4.7606363295926712453365325927734375e-13 lower=Bound{Float64}(2443.26027915, true) upper=Bound{Float64}(0.0, false)
ROW label=before row=24295 activity=2443.26027915000033630121833994053304195404052734375 stored=2443.26027915 residual=4.7606363295926712453365325927734375e-13 lower=Bound{Float64}(2443.26027915, true) upper=Bound{Float64}(0.0, false)
REFERENCE_POINT label=after residual_inf=4.632277252063395078796048665026319213211536407470703125e-7
ROW label=after row=20945 activity=-59.9999995367722747936604921203951334973680786788463592529296875 stored=-60.0 residual=4.632277252063395078796048665026319213211536407470703125e-7 lower=Bound{Float64}(-200.0, true) upper=Bound{Float64}(-60.0, true)
ROW label=after row=20946 activity=-59.9999995367722747936604921203951334973680786788463592529296875 stored=-60.0 residual=4.632277252063395078796048665026319213211536407470703125e-7 lower=Bound{Float64}(-200.0, true) upper=Bound{Float64}(-60.0, true)
ROW label=after row=20947 activity=-59.9999995367722747936604921203951334973680786788463592529296875 stored=-60.0 residual=4.632277252063395078796048665026319213211536407470703125e-7 lower=Bound{Float64}(-200.0, true) upper=Bound{Float64}(-60.0, true)
ROW label=after row=24688 activity=2.018022821769895087383570685159481454812735292815305656452724326899161866322174e-7 stored=0.0 residual=2.018022821769895087383570685159481454812735292815305656452724326899161866322174e-7 lower=Bound{Float64}(0.0, true) upper=Bound{Float64}(0.0, false)
TRANSITION iteration=3604 event=pivot_completed row=9144 entering=23107 step=1.5471258360254222e-20 pivot=0.49635989003713604 direction_norm=1.6303389505233952e8
PREDICTED cert=(finite = true, max_bound_violation = 9.923975477223495e-8, phase_primal = true, row_consistent = true) delta_recomputed=1.3558974814031899e-6
FULL_NATIVE_QUALITY JSimplex.SolveQuality{Float64}(4.632277252063395e-7, 1.0, true, false)
FULL_NATIVE_CORRECTION norm=1.3558974764271483e-6
CORRECTED cert=(finite = true, max_bound_violation = 9.923975477223495e-8, phase_primal = true, row_consistent = true)
CORRECTED_VALUE index=34048 before=59.99973726272583 after=59.999738618623304 lower=Bound{Float64}(0.0, true) upper=Bound{Float64}(0.0, false)
CORRECTED_VALUE index=34049 before=59.99973726272583 after=59.999738618623304 lower=Bound{Float64}(0.0, true) upper=Bound{Float64}(0.0, false)
CORRECTED_VALUE index=34050 before=59.99973726272583 after=59.999738618623304 lower=Bound{Float64}(0.0, true) upper=Bound{Float64}(0.0, false)
CORRECTED_VALUE index=2429 before=0.0002703666687011719 after=0.000269245339659241 lower=Bound{Float64}(0.0, true) upper=Bound{Float64}(0.0, false)
CORRECTED_VALUE index=2430 before=0.0002703666687011719 after=0.000269245339659241 lower=Bound{Float64}(0.0, true) upper=Bound{Float64}(0.0, false)
