Test Summary:                                     | Pass  Total  Time
Markowitz caches raw maxima once per pivot search |   50     50  0.1s
Test Summary:                                             | Pass  Total  Time
Markowitz maximum cache retains stored BigFloat precision |   36     36  0.0s
Test Summary:                                       | Pass  Total  Time
Markowitz maximum storage survives workspace shrink |    4      4  0.0s
Test Summary:                                   | Pass  Total  Time
Markowitz preserves maxima of unchanged columns |   28     28  0.0s
Test Summary:                               | Pass  Total  Time
Markowitz sparse elimination and dense core |   62     62  0.3s
Test Summary:                          | Pass  Total  Time
Markowitz fill pivots and permutations |    8      8  0.1s
Test Summary:                            | Pass  Total  Time
Rejected singleton rows are reconsidered |    2      2  0.0s
Test Summary:                                   | Pass  Total  Time
Equal-fill pivots preserve magnitude preference |    1      1  0.0s
Test Summary:                                   | Pass  Total  Time
Markowitz pivoting avoids extreme fill overflow |    1      1  0.0s
Test Summary:                                          | Pass  Total  Time
Markowitz threshold respects stored BigFloat precision |    2      2  0.0s
Test Summary:                                       | Pass  Total  Time
Triangular updates accumulate over a Markowitz base |  144    144  0.8s
Test Summary:                                                  | Pass  Total  Time
Markowitz refactorization is selectable for every basis update |   80     80  4.7s
