ACCEPT k=1 entering=21276 cached=true stored_weight=2.574625424281103e10 actual_weight=2.574625424281103e10 ratio=1.0 price=-7.892537433443076e10 implied_price=-7.892537433443082e10 step=0.0 pivot=2.2969070259643742e8 refs=1
ACCEPT k=2 entering=15666 cached=true stored_weight=33.00526358568029 actual_weight=33.00526358568029 ratio=1.0 price=-100.30185324730869 implied_price=-100.30185324730866 step=0.0 pivot=1.095 refs=1
ACCEPT k=3 entering=15625 cached=true stored_weight=33.00600219808214 actual_weight=33.00600219808214 ratio=1.0 price=-100.30185324730869 implied_price=-100.30185324730866 step=4.908860909021071e-8 pivot=0.5144800692617668 refs=1
ACCEPT k=1051 entering=22788 cached=true stored_weight=35.15326184374028 actual_weight=35.15326184374054 ratio=1.0000000000000073 price=-84.46525335961843 implied_price=-84.46525335961842 step=0.0 pivot=0.73300000011728 refs=14
ACCEPT k=1052 entering=22412 cached=true stored_weight=58.79511717914156 actual_weight=58.79511717914191 ratio=1.000000000000006 price=-140.7839586564025 implied_price=-140.78395865640243 step=1.3322676295501878e-15 pivot=1.0 refs=14
ACCEPT k=1053 entering=27871 cached=true stored_weight=58.79537859482689 actual_weight=58.79537859482689 ratio=1.0 price=-140.7839586564025 implied_price=-140.78395865640243 step=0.02434011171438454 pivot=-0.801197177928177 refs=14
ACCEPT k=1054 entering=22400 cached=true stored_weight=122.83854535814262 actual_weight=122.83854535814255 ratio=1.0000000000000007 price=-293.60838372315203 implied_price=-293.6083837231522 step=0.0 pivot=1.0 refs=14
ACCEPT k=1055 entering=22657 cached=true stored_weight=122.83854535814262 actual_weight=122.83854535814255 ratio=1.0000000000000007 price=-293.60838372315203 implied_price=-293.6083837231522 step=0.0 pivot=-1.0 refs=14
ACCEPT k=1056 entering=20319 cached=true stored_weight=24.69002539545429 actual_weight=24.69002539545429 ratio=1.0 price=-59.521676744630454 implied_price=-59.52167674463045 step=0.0 pivot=1.825 refs=14
ACCEPT k=1057 entering=27868 cached=true stored_weight=122.83865216496167 actual_weight=122.83865216496167 ratio=1.0 price=-293.60838372315226 implied_price=-293.6083837231522 step=0.026304506434814905 pivot=16.764287600200497 refs=14
ACCEPT k=1058 entering=22496 cached=true stored_weight=9.132615126729675 actual_weight=9.132615126729672 ratio=1.0000000000000004 price=-22.272427582608735 implied_price=-22.272427582608746 step=1.301715098594571 pivot=1.0 refs=14
ACCEPT k=1059 entering=22552 cached=true stored_weight=9.132615126729675 actual_weight=9.132615126729672 ratio=1.0000000000000004 price=-22.272427582608735 implied_price=-22.27242758260874 step=1.1765617249328384 pivot=-0.00022751409131651888 refs=14
ACCEPT k=1060 entering=13388 cached=true stored_weight=1167.9063787369228 actual_weight=1167.9063789648576 ratio=1.0000000001951654 price=-2853.8174706124423 implied_price=-2853.8174706124437 step=0.0 pivot=1.0 refs=14
ACCEPT k=1061 entering=12880 cached=true stored_weight=2169.3692792699294 actual_weight=2169.369001971527 ratio=1.0000001278244515 price=-5295.678160602252 implied_price=-5295.678160602254 step=0.0014504598996416323 pivot=581.617541307746 refs=14
ACCEPT k=1062 entering=12872 cached=true stored_weight=11.781683968210936 actual_weight=11.781683968212384 ratio=1.0000000000001228 price=-28.567975628470954 implied_price=-28.567975628470943 step=0.0 pivot=1.0 refs=14
ACCEPT k=1063 entering=27313 cached=true stored_weight=11.831041901956576 actual_weight=11.831041901956576 ratio=1.0 price=-27.951199312679925 implied_price=-27.951199312679925 step=0.3743961292840976 pivot=0.004468204030730991 refs=14
ACCEPT k=1064 entering=58199 cached=true stored_weight=172.5195862462598 actual_weight=172.51958624628003 ratio=1.0000000000001172 price=-411.8044187286635 implied_price=-411.8044187286629 step=0.0 pivot=1.9999999999999998 refs=14
ACCEPT k=1065 entering=58246 cached=true stored_weight=115.78656336200115 actual_weight=115.78656336202334 ratio=1.0000000000001916 price=-276.0824032129091 implied_price=-276.08240321290845 step=0.0 pivot=2.0 refs=14
ACCEPT k=1066 entering=58071 cached=true stored_weight=38.11051133229916 actual_weight=38.11051133229915 ratio=1.0000000000000004 price=-90.61825800212782 implied_price=-90.61825800212783 step=0.0 pivot=0.7006493490999601 refs=14
ACCEPT k=1067 entering=46632 cached=true stored_weight=996.6920011145521 actual_weight=996.68979678635 ratio=1.0000022116492104 price=-2365.5704148746554 implied_price=-2365.570414874658 step=0.0 pivot=0.6267123284924002 refs=14
ACCEPT k=1068 entering=9159 cached=true stored_weight=98.58075335453977 actual_weight=98.58075335253352 ratio=1.0000000000203513 price=-233.1323160850604 implied_price=-233.1323160850604 step=0.0 pivot=1.677877104 refs=14
ACCEPT k=1069 entering=9167 cached=true stored_weight=98.64315069302447 actual_weight=98.64315061674333 ratio=1.0000000007733039 price=-233.2736421013027 implied_price=-233.2736421013025 step=0.0 pivot=1.39823092 refs=14
ACCEPT k=1070 entering=9171 cached=true stored_weight=98.63322883667533 actual_weight=98.63322875741639 ratio=1.0000000008035723 price=-233.20719004650817 implied_price=-233.207190046508 step=0.0 pivot=1.39823092 refs=14
ACCEPT k=1071 entering=21202 cached=true stored_weight=93522.68045151161 actual_weight=93522.68045147257 ratio=1.0000000000004174 price=-220924.48955192475 implied_price=-220924.48955192458 step=0.0 pivot=5.864197530277778 refs=14
ACCEPT k=1072 entering=46478 cached=true stored_weight=14933.969945498968 actual_weight=14933.969945498966 ratio=1.0000000000000002 price=-35276.87851453602 implied_price=-35276.878514536016 step=0.0 pivot=0.9132420091324202 refs=14
ACCEPT k=1073 entering=46502 cached=true stored_weight=14933.874918437696 actual_weight=14933.874918437692 ratio=1.0000000000000002 price=-35276.56759922127 implied_price=-35276.567599221264 step=0.0006894316863687601 pivot=648.8989172503541 refs=14
ACCEPT k=1074 entering=6711 cached=true stored_weight=189.5977049577665 actual_weight=189.59770895575053 ratio=1.0000000210866689 price=-442.6250027943352 implied_price=-442.62500279433505 step=0.0 pivot=1.4272474545 refs=14
ACCEPT k=1075 entering=43607 cached=true stored_weight=1721.366284982565 actual_weight=1721.366284982579 ratio=1.000000000000008 price=-3997.9188444113483 implied_price=-3997.9188444113443 step=0.0 pivot=0.4363013699705949 refs=14
ACCEPT k=1076 entering=11258 cached=true stored_weight=4138.475404758019 actual_weight=4138.475404758117 ratio=1.0000000000000238 price=-9606.110402590548 implied_price=-9606.11040259054 step=3.52624155361787e-13 pivot=0.892000000146288 refs=14
ACCEPT k=1077 entering=22176 cached=true stored_weight=4639.546201591068 actual_weight=4639.546201591064 ratio=1.0000000000000009 price=-10769.182063918319 implied_price=-10769.182063918317 step=0.00017011533912306796 pivot=1.4378137667711808 refs=14
ACCEPT k=1078 entering=10122 cached=true stored_weight=3226.80648924546 actual_weight=3226.8064892455313 ratio=1.0000000000000222 price=-7489.970059267195 implied_price=-7489.970059267184 step=0.0 pivot=1.32362637375 refs=14
ACCEPT k=1079 entering=10120 cached=true stored_weight=882.0447134854959 actual_weight=882.0447134860065 ratio=1.0000000000005789 price=-2067.715467163436 implied_price=-2067.715467163426 step=0.0 pivot=1.3787878786591004 refs=14
ACCEPT k=1080 entering=10166 cached=true stored_weight=3226.80648924546 actual_weight=3226.8064892455313 ratio=1.0000000000000222 price=-7489.970059267195 implied_price=-7489.970059267184 step=0.0 pivot=1.32362637375 refs=14
ACCEPT k=1081 entering=10164 cached=true stored_weight=882.0447134854959 actual_weight=882.0447134860065 ratio=1.0000000000005789 price=-2067.715467163436 implied_price=-2067.715467163426 step=0.0 pivot=1.3787878786591004 refs=14
ACCEPT k=1082 entering=6818 cached=true stored_weight=518.006050009247 actual_weight=518.0060500092501 ratio=1.000000000000006 price=-1202.5009714554149 implied_price=-1202.500971455416 step=0.0 pivot=1.2681706765625 refs=14
ACCEPT k=1083 entering=1703 cached=true stored_weight=408.4671405692456 actual_weight=408.4671405692456 ratio=1.0 price=-948.216981893094 implied_price=-948.2169818930934 step=0.0 pivot=1.0 refs=14
ACCEPT k=1084 entering=1704 cached=true stored_weight=408.4671405692456 actual_weight=408.4671405692456 ratio=1.0 price=-948.216981893094 implied_price=-948.2169818930934 step=0.0 pivot=0.1080188210479505 refs=14
ACCEPT k=1085 entering=26063 cached=true stored_weight=3781.429533966936 actual_weight=3781.429533966931 ratio=1.0000000000000013 price=-8777.739691073071 implied_price=-8777.739691073066 step=0.0 pivot=0.8333333333333334 refs=14
ACCEPT k=1086 entering=10210 cached=true stored_weight=3226.80648924546 actual_weight=3226.8064892455313 ratio=1.0000000000000222 price=-7489.970059267195 implied_price=-7489.970059267184 step=0.0 pivot=1.32362637375 refs=14
ACCEPT k=1087 entering=10208 cached=true stored_weight=882.0447134854959 actual_weight=882.0447134860065 ratio=1.0000000000005789 price=-2067.715467163436 implied_price=-2067.715467163426 step=0.0 pivot=1.3787878786591004 refs=14
ACCEPT k=1088 entering=6830 cached=true stored_weight=518.0071170176988 actual_weight=518.007117017702 ratio=1.0000000000000062 price=-1202.5009714554149 implied_price=-1202.500971455416 step=0.0 pivot=1.18937287890625 refs=14
ACCEPT k=1089 entering=1715 cached=true stored_weight=435.5296191839034 actual_weight=435.5296191839034 ratio=1.0 price=-1011.0378273979463 implied_price=-1011.0378273979464 step=0.0 pivot=1.0 refs=14
ACCEPT k=1090 entering=1716 cached=true stored_weight=435.5296191839034 actual_weight=435.5296191839034 ratio=1.0 price=-1011.0378273979463 implied_price=-1011.0378273979464 step=0.0 pivot=1.0 refs=14
ACCEPT k=1091 entering=1717 cached=true stored_weight=435.5296191839034 actual_weight=435.5296191839034 ratio=1.0 price=-1011.0378273979463 implied_price=-1011.0378273979464 step=0.0 pivot=0.11517523545335581 refs=14
ACCEPT k=1092 entering=26074 cached=true stored_weight=3781.4373097809957 actual_weight=3781.4373097809903 ratio=1.0000000000000013 price=-8777.739691073071 implied_price=-8777.739691073068 step=0.0 pivot=0.8333333333333335 refs=14
ACCEPT k=1093 entering=11354 cached=true stored_weight=3226.80648924546 actual_weight=3226.8064892455313 ratio=1.0000000000000222 price=-7489.970059267195 implied_price=-7489.970059267184 step=0.0 pivot=1.3236263737499996 refs=14
ACCEPT k=1094 entering=11352 cached=true stored_weight=882.0447134855026 actual_weight=882.0447134860068 ratio=1.0000000000005715 price=-2067.7154671634366 implied_price=-2067.715467163427 step=0.0 pivot=1.3787878786591006 refs=14
ACCEPT k=1095 entering=11446 cached=true stored_weight=3226.80648924546 actual_weight=3226.8064892455313 ratio=1.0000000000000222 price=-7489.970059267195 implied_price=-7489.970059267184 step=0.0 pivot=1.32362637375 refs=14
ACCEPT k=1096 entering=11444 cached=true stored_weight=882.0447134854959 actual_weight=882.0447134860065 ratio=1.0000000000005789 price=-2067.7154671634357 implied_price=-2067.715467163426 step=0.0 pivot=1.3787878786591004 refs=14
ACCEPT k=1097 entering=11602 cached=true stored_weight=1922.9509244009132 actual_weight=1922.9509244009562 ratio=1.0000000000000224 price=-4463.4229428411845 implied_price=-4463.422942841178 step=0.0 pivot=1.0 refs=14
ACCEPT k=1098 entering=11650 cached=true stored_weight=1922.9509244009128 actual_weight=1922.9509244009562 ratio=1.0000000000000226 price=-4463.422942841184 implied_price=-4463.422942841178 step=0.0 pivot=1.0 refs=14
ACCEPT k=1099 entering=54242 cached=true stored_weight=222.4440022626988 actual_weight=222.44400226353497 ratio=1.000000000003759 price=-516.1950688766742 implied_price=-516.195068876682 step=0.0011133011768975267 pivot=0.6669644541009148 refs=14
ACCEPT k=1100 entering=13045 cached=true stored_weight=527.1870016277321 actual_weight=527.187001627739 ratio=1.000000000000013 price=-1222.917921906556 implied_price=-1222.9179219065554 step=0.0 pivot=1.0 refs=14
ACCEPT k=1101 entering=26724 cached=true stored_weight=365.19331940887355 actual_weight=365.19331940774515 ratio=1.00000000000309 price=-847.1313986581627 implied_price=-847.1313986581595 step=0.0 pivot=1.095 refs=14
ACCEPT k=1102 entering=26052 cached=true stored_weight=365.1869354019303 actual_weight=365.18693540194784 ratio=1.000000000000048 price=-846.9544503763547 implied_price=-846.954450376351 step=0.0 pivot=1.095 refs=14
ACCEPT k=1103 entering=10208 cached=true stored_weight=365.1869840835984 actual_weight=365.186984083253 ratio=1.000000000000946 price=-846.9544503763714 implied_price=-846.9544503763516 step=0.0 pivot=1.095 refs=14
ACCEPT k=1104 entering=10164 cached=true stored_weight=365.18715020851715 actual_weight=365.1871502081574 ratio=1.0000000000009852 price=-846.9544503763694 implied_price=-846.9544503763512 step=0.0 pivot=1.0949999999999998 refs=14
ACCEPT k=1105 entering=26798 cached=true stored_weight=2176.1659699879856 actual_weight=2176.165969987986 ratio=1.0000000000000002 price=-5046.754853621329 implied_price=-5046.754853621329 step=0.00041547957895296463 pivot=68.50811946843234 refs=14
ACCEPT k=1106 entering=13514 cached=true stored_weight=7.233589368576956 actual_weight=7.233589368579164 ratio=1.0000000000003053 price=-16.990118661023814 implied_price=-16.99011866102383 step=0.41962756164417775 pivot=0.8070051439400514 refs=14
ACCEPT k=1107 entering=50150 cached=true stored_weight=1018.7156308220406 actual_weight=1018.7156308220272 ratio=1.000000000000013 price=2714.75195832836 implied_price=2714.75195832836 step=-0.0 pivot=-229.0027939702015 refs=14
ACCEPT k=1108 entering=59596 cached=true stored_weight=4.453437800866962 actual_weight=4.453437800866962 ratio=1.0 price=-10.785901868348777 implied_price=-10.785901868348775 step=0.0 pivot=0.9999999999999999 refs=14
ACCEPT k=1109 entering=27437 cached=true stored_weight=17.777509628917585 actual_weight=17.777509628917567 ratio=1.000000000000001 price=-41.685527287452054 implied_price=-41.68552728745204 step=0.009266899799507082 pivot=0.0026559474249433575 refs=14
ACCEPT k=1110 entering=30050 cached=true stored_weight=1111.314194635961 actual_weight=1111.3141946359651 ratio=1.0000000000000038 price=-2608.5817957168642 implied_price=-2608.5817957168624 step=0.0043923446986617485 pivot=0.03058064308287022 refs=14
ACCEPT k=1111 entering=27137 cached=true stored_weight=1969.7924073243414 actual_weight=1969.7924073469742 ratio=1.00000000001149 price=-4795.704715114287 implied_price=-4795.704715113632 step=4.8441567644530156e-8 pivot=29.987564878535935 refs=14
ACCEPT k=1112 entering=13356 cached=true stored_weight=10.600594182476708 actual_weight=10.600594182476941 ratio=1.000000000000022 price=-25.67836561112554 implied_price=-25.678365611124846 step=1.2826855639198229e-5 pivot=0.006939994738674265 refs=14
ACCEPT k=1113 entering=21470 cached=true stored_weight=857.4373798975788 actual_weight=857.4373798974704 ratio=1.0000000000001266 price=-2074.8342915421385 implied_price=-2074.8342915421827 step=0.0 pivot=1.0 refs=14
ACCEPT k=1114 entering=23598 cached=true stored_weight=857.4368378226059 actual_weight=857.4368378226053 ratio=1.0000000000000007 price=-2076.834291542181 implied_price=-2076.8342915421827 step=0.0 pivot=1.0 refs=14
ACCEPT k=1115 entering=21055 cached=true stored_weight=857.4393631506713 actual_weight=857.4393631506713 ratio=1.0 price=-2076.834291542181 implied_price=-2076.8342915421827 step=0.0 pivot=1.825 refs=14
ACCEPT k=1116 entering=20923 cached=true stored_weight=857.4399462820874 actual_weight=857.4399462820874 ratio=1.0 price=-2076.834291542181 implied_price=-2076.8342915421827 step=0.0 pivot=1.825 refs=14
ACCEPT k=1117 entering=20967 cached=true stored_weight=857.4399462820874 actual_weight=857.4399462820874 ratio=1.0 price=-2076.834291542181 implied_price=-2076.8342915421827 step=0.0 pivot=1.8249999999999997 refs=14
ACCEPT k=1118 entering=21011 cached=true stored_weight=857.4399462820874 actual_weight=857.4399462820874 ratio=1.0 price=-2076.834291542181 implied_price=-2076.8342915421827 step=0.0 pivot=1.8249999999999997 refs=14
ACCEPT k=1119 entering=21469 cached=true stored_weight=857.4373798975985 actual_weight=857.4373798974704 ratio=1.0000000000001494 price=-2074.8342915421385 implied_price=-2074.8342915421827 step=0.0 pivot=1.0 refs=14
ACCEPT k=1120 entering=21471 cached=true stored_weight=857.438137212788 actual_weight=857.4381372126724 ratio=1.0000000000001348 price=-2074.8342915421385 implied_price=-2074.8342915421827 step=0.0 pivot=1.0 refs=14
ACCEPT k=1121 entering=21056 cached=true stored_weight=621.8802143619031 actual_weight=621.8802143620225 ratio=1.0000000000001918 price=-1506.2754203802326 implied_price=-1506.2754203802756 step=0.0 pivot=0.7252747253424657 refs=15
ACCEPT k=1122 entering=20924 cached=true stored_weight=621.8806372916218 actual_weight=621.8806372917413 ratio=1.000000000000192 price=-1506.2754203802324 implied_price=-1506.2754203802756 step=0.0 pivot=0.7252747253424657 refs=15
ACCEPT k=1123 entering=20968 cached=true stored_weight=621.8806372916218 actual_weight=621.8806372917413 ratio=1.000000000000192 price=-1506.2754203802324 implied_price=-1506.2754203802756 step=0.0 pivot=0.7252747253424657 refs=15
ACCEPT k=1124 entering=21012 cached=true stored_weight=621.8806372916218 actual_weight=621.8806372917413 ratio=1.000000000000192 price=-1506.2754203802324 implied_price=-1506.2754203802756 step=0.0 pivot=0.7252747253424657 refs=15
ACCEPT k=1125 entering=50402 cached=true stored_weight=17017.706054905437 actual_weight=17017.706055256975 ratio=1.0000000000206573 price=41175.599276231114 implied_price=41175.599276231165 step=-9.572463640882285e-25 pivot=32.935353203772934 refs=15
ACCEPT k=1126 entering=24081 cached=true stored_weight=692.3795463239418 actual_weight=692.3795463389773 ratio=1.0000000000217157 price=-1675.0199990693025 implied_price=-1675.0199990693025 step=0.0 pivot=-1.2179427090550647 refs=15
ACCEPT k=1127 entering=21468 cached=true stored_weight=857.4372977810315 actual_weight=857.4372977810864 ratio=1.000000000000064 price=-2073.8342915424055 implied_price=-2073.834291542453 step=0.0 pivot=-0.3064935064935065 refs=15
ACCEPT k=1128 entering=21561 cached=true stored_weight=2797.5710340946935 actual_weight=2797.5710340946916 ratio=1.0000000000000007 price=-6767.323747829192 implied_price=-6767.3237478291885 step=0.0 pivot=-0.7627118644067796 refs=15
ACCEPT k=1129 entering=21693 cached=true stored_weight=3667.9269686329744 actual_weight=3667.926968632972 ratio=1.0000000000000007 price=-8873.713358264935 implied_price=-8873.713358264937 step=0.0 pivot=-0.7999999999999999 refs=15
ACCEPT k=1130 entering=21650 cached=true stored_weight=4584.909178673007 actual_weight=4584.909178673004 ratio=1.0000000000000007 price=-11093.141697831172 implied_price=-11093.141697831175 step=0.0 pivot=-0.5 refs=15
ACCEPT k=1131 entering=21606 cached=true stored_weight=9169.818810155508 actual_weight=9169.818810155502 ratio=1.0000000000000007 price=-22187.283395662344 implied_price=-22187.28339566235 step=0.0 pivot=-0.6944444444444445 refs=15
ACCEPT k=1132 entering=21738 cached=true stored_weight=13204.539575280394 actual_weight=13204.539575280389 ratio=1.0000000000000004 price=-31950.68808975379 implied_price=-31950.688089753774 step=0.0 pivot=-0.6000000000000001 refs=15
ACCEPT k=1133 entering=21782 cached=true stored_weight=22007.56645916776 actual_weight=22007.566459167745 ratio=1.0000000000000007 price=-53252.146816256274 implied_price=-53252.14681625628 step=0.0 pivot=-0.5999999999999998 refs=15
ACCEPT k=1134 entering=21826 cached=true stored_weight=36679.27793876215 actual_weight=36679.27793876212 ratio=1.0000000000000009 price=-88754.57802709381 implied_price=-88754.57802709386 step=1.620218115706364e-5 pivot=7.271218452451616 refs=15
ACCEPT k=1135 entering=21605 cached=true stored_weight=9206.11631936982 actual_weight=9206.116319369808 ratio=1.000000000000001 price=-22276.473462963106 implied_price=-22276.473462963124 step=3.4545253366972465e-5 pivot=3.6423143319290103 refs=15
ACCEPT k=1136 entering=21649 cached=true stored_weight=4612.771331367436 actual_weight=4612.771331367439 ratio=1.0000000000000009 price=-11161.739587801192 implied_price=-11161.739587801196 step=6.722683793681666e-9 pivot=0.3802083333333334 refs=15
ACCEPT k=1137 entering=21781 cached=true stored_weight=22141.303166899917 actual_weight=22141.303166900012 ratio=1.0000000000000042 price=-53576.350021445694 implied_price=-53576.35002144574 step=0.0 pivot=1.0949999999999998 refs=15
ACCEPT k=1138 entering=21825 cached=true stored_weight=36902.17282309141 actual_weight=36902.172823091234 ratio=1.0000000000000047 price=-89293.91670240954 implied_price=-89293.91670240957 step=1.15717788353459e-5 pivot=3.259605302637856 refs=15
ACCEPT k=1139 entering=21562 cached=true stored_weight=2822.5309125307526 actual_weight=2822.5309125307485 ratio=1.0000000000000016 price=-6829.8103588437125 implied_price=-6829.810358843706 step=5.498722718409508e-5 pivot=0.38625694832636814 refs=15
ACCEPT k=1140 entering=21737 cached=true stored_weight=13335.990490664533 actual_weight=13335.99049066457 ratio=1.0000000000000027 price=-32269.72086559844 implied_price=-32269.7208655984 step=1.61151172753772e-5 pivot=8.601803497536022 refs=15
ACCEPT k=1141 entering=21563 cached=true stored_weight=2052.1131230218784 actual_weight=2052.113123021869 ratio=1.0000000000000047 price=-4965.592811262414 implied_price=-4965.59281126241 step=0.00048040673749734337 pivot=0.2729530469564767 refs=15
ACCEPT k=1142 entering=9340 cached=true stored_weight=1708.6805024595976 actual_weight=1708.680502459577 ratio=1.0000000000000122 price=-4134.571249948835 implied_price=-4134.57124994885 step=6.71547656651964e-5 pivot=0.04560348631422588 refs=15
ACCEPT k=1143 entering=6668 cached=true stored_weight=129.72719550419893 actual_weight=129.72719550419717 ratio=1.0000000000000135 price=-310.0410898623487 implied_price=-310.04108986234513 step=0.0 pivot=1.0 refs=16
ACCEPT k=1144 entering=39389 cached=true stored_weight=499.55049006829813 actual_weight=499.49151764690527 ratio=1.000118064910633 price=-1192.151348867963 implied_price=-1192.151348867943 step=0.0 pivot=1.8349726779999997 refs=17
ACCEPT k=1145 entering=39400 cached=true stored_weight=499.55049006829813 actual_weight=499.4915176469053 ratio=1.0001180649106327 price=-1192.151348867963 implied_price=-1192.151348867943 step=0.0 pivot=1.8349726779999997 refs=18
ACCEPT k=1146 entering=11943 cached=true stored_weight=17.83044083813204 actual_weight=17.83044083834509 ratio=1.0000000000119487 price=-42.54000105874456 implied_price=-42.5400010587436 step=0.0 pivot=1.0 refs=19
ACCEPT k=1147 entering=39522 cached=true stored_weight=271.6145786018264 actual_weight=271.58391488764073 ratio=1.0001129069598924 price=-647.9083417760669 implied_price=-647.9083417760576 step=0.0 pivot=1.99453552 refs=20
ACCEPT k=1148 entering=43647 cached=true stored_weight=135.44966717782424 actual_weight=135.43745861254416 ratio=1.0000901417185848 price=-323.06662539908706 implied_price=-323.0666253990833 step=0.0 pivot=0.994535518829514 refs=21
ACCEPT k=1149 entering=39471 cached=true stored_weight=217.3449081009347 actual_weight=217.3449081023049 ratio=1.0000000000063043 price=-518.3266734208535 implied_price=-518.3266734208469 step=0.0 pivot=1.595628416 refs=22
ACCEPT k=1150 entering=43599 cached=true stored_weight=135.47699815105508 actual_weight=135.4684016588124 ratio=1.0000634575453569 price=-323.06662529402786 implied_price=-323.0666252940238 step=0.0 pivot=0.9945355198068717 refs=23
ACCEPT k=1151 entering=12892 cached=true stored_weight=19.944163974826925 actual_weight=19.944163974830037 ratio=1.000000000000156 price=-47.526933701774816 implied_price=-47.52693370177416 step=0.0 pivot=1.0 refs=24
ACCEPT k=1152 entering=12920 cached=true stored_weight=19.944163974826925 actual_weight=19.944163974829948 ratio=1.0000000000001517 price=-47.526933701774794 implied_price=-47.526933701774 step=0.0 pivot=1.0 refs=25
ACCEPT k=1153 entering=7579 cached=true stored_weight=716.9936816468653 actual_weight=716.9936835474347 ratio=1.0000000026507476 price=-1693.3584331170484 implied_price=-1693.3584331170223 step=0.0 pivot=1.94904916 refs=26
ACCEPT k=1154 entering=55168 cached=true stored_weight=231.50215651767942 actual_weight=231.50215643762286 ratio=1.0000000003458134 price=546.2827578306545 implied_price=546.2827578306462 step=-0.0 pivot=-0.243631145 refs=27
ACCEPT k=1155 entering=7530 cached=true stored_weight=1835.488889897341 actual_weight=1835.4889125159946 ratio=1.0000000123229584 price=-4330.424811698281 implied_price=-4330.424811698213 step=0.0 pivot=1.362010744 refs=28
ACCEPT k=1156 entering=7533 cached=true stored_weight=1852.2618369550278 actual_weight=1852.2618364247512 ratio=1.0000000002862859 price=-4369.651002766002 implied_price=-4369.651002765952 step=0.0 pivot=1.362010744 refs=29
ACCEPT k=1157 entering=7802 cached=true stored_weight=79.39528819028487 actual_weight=79.39528817034203 ratio=1.0000000002511842 price=-187.29444602388776 implied_price=-187.29444602388529 step=0.0 pivot=0.233038486 refs=30
ACCEPT k=1158 entering=7814 cached=true stored_weight=79.39538358377635 actual_weight=79.39538356383336 ratio=1.0000000002511857 price=-187.29444602388776 implied_price=-187.29444602388529 step=0.0 pivot=0.243631145 refs=31
ACCEPT k=1159 entering=7618 cached=true stored_weight=58002.19260291771 actual_weight=58002.192612250445 ratio=1.000000000160903 price=-136827.07530359944 implied_price=-136827.07530359837 step=0.0 pivot=1.762618368 refs=32
ACCEPT k=1160 entering=15115 cached=true stored_weight=90475.06937294095 actual_weight=90475.0567327156 ratio=1.0000001397095046 price=-213430.49664426886 implied_price=-213430.49664426647 step=0.0 pivot=1.0 refs=33
ACCEPT k=1161 entering=15159 cached=true stored_weight=90475.06937294095 actual_weight=90475.05673271547 ratio=1.000000139709506 price=-213430.49664426895 implied_price=-213430.49664426636 step=0.0 pivot=1.0 refs=34
ACCEPT k=1162 entering=44564 cached=true stored_weight=68353.93368365281 actual_weight=68353.9241337328 ratio=1.0000001397128275 price=-161246.78449825183 implied_price=-161246.78449824936 step=0.0 pivot=0.7555002074844387 refs=35
ACCEPT k=1163 entering=7570 cached=true stored_weight=1852.2610084903242 actual_weight=1852.2610073204391 ratio=1.0000000006315983 price=-4369.477769731544 implied_price=-4369.477769731489 step=0.0 pivot=1.579465448 refs=36
ACCEPT k=1164 entering=15161 cached=true stored_weight=16219.080124110185 actual_weight=16219.080138512214 ratio=1.0000000008879684 price=-38259.9616380011 implied_price=-38259.96163800069 step=1.327114977374184e-23 pivot=0.9721426111160765 refs=37
ACCEPT k=1165 entering=47708 cached=true stored_weight=8364.778920239054 actual_weight=8364.77892027311 ratio=1.0000000000040712 price=-19732.0758366301 implied_price=-19732.075836629818 step=0.0 pivot=0.3258904109794396 refs=38
ACCEPT k=1166 entering=24456 cached=true stored_weight=18480.574020040953 actual_weight=18480.574020138596 ratio=1.0000000000052836 price=-43594.688367629715 implied_price=-43594.68836762915 step=0.0 pivot=0.25943396232600235 refs=39
ACCEPT k=1167 entering=58958 cached=true stored_weight=1347.6291772511127 actual_weight=1347.6291777799722 ratio=1.000000000392437 price=-3178.902620065179 implied_price=-3178.902620065165 step=0.0 pivot=1.0 refs=40
ACCEPT k=1168 entering=7534 cached=true stored_weight=1835.485275834 actual_weight=1835.48530788167 ratio=1.000000017460053 price=-4329.602767757812 implied_price=-4329.602767757783 step=0.0 pivot=1.362010744 refs=41
ACCEPT k=1169 entering=2542 cached=true stored_weight=950.4198177696761 actual_weight=950.4198177695736 ratio=1.000000000000108 price=-2241.5673779385993 implied_price=-2241.5673779385706 step=0.0 pivot=1.0 refs=42
ACCEPT k=1170 entering=2577 cached=true stored_weight=926.0494600004776 actual_weight=926.0495930474931 ratio=1.0000001436716086 price=-2183.8790797512784 implied_price=-2183.8790797512574 step=0.0 pivot=1.0 refs=43
ACCEPT k=1171 entering=7585 cached=true stored_weight=810.6314465717475 actual_weight=810.6314465744788 ratio=1.0000000000033693 price=-1911.6559693032532 implied_price=-1911.655969303235 step=0.0 pivot=1.094203992 refs=44
ACCEPT k=1172 entering=7586 cached=true stored_weight=594.4287410430802 actual_weight=594.4287410424582 ratio=1.0000000000010463 price=-1401.799054869718 implied_price=-1401.799054869714 step=0.0 pivot=1.069825396 refs=45
ACCEPT k=1173 entering=59016 cached=true stored_weight=926.0488802261528 actual_weight=926.0488802220058 ratio=1.0000000000044782 price=-2183.7721988218022 implied_price=-2183.7721988217827 step=0.0 pivot=1.0 refs=46
ACCEPT k=1174 entering=2554 cached=true stored_weight=1172.9180755645302 actual_weight=1172.9180926259294 ratio=1.0000000145461132 price=-2765.742208589448 implied_price=-2765.7422085894177 step=0.0 pivot=0.6331255940205917 refs=47
ACCEPT k=1175 entering=7567 cached=true stored_weight=1852.5856550844321 actual_weight=1852.5858711436085 ratio=1.000000116625742 price=-4368.394256542243 implied_price=-4368.394256542193 step=0.0 pivot=1.5794654480000003 refs=48
ACCEPT k=1176 entering=58995 cached=true stored_weight=1172.9193591508104 actual_weight=1172.9193604626778 ratio=1.0000000011184635 price=-2765.742208589448 implied_price=-2765.742208589431 step=0.0 pivot=1.0 refs=49
ACCEPT k=1177 entering=2518 cached=true stored_weight=1347.833300777845 actual_weight=1347.8333018474755 ratio=1.0000000007935925 price=-3178.145581853553 implied_price=-3178.14558185351 step=0.0 pivot=0.7342085988713757 refs=50
ACCEPT k=1178 entering=11697 cached=true stored_weight=429.9105543101886 actual_weight=429.8589172453652 ratio=1.000120125610408 price=-1013.6373546457828 implied_price=-1013.6373546457808 step=0.0 pivot=-1.2244545454545452 refs=51
ACCEPT k=1179 entering=59008 cached=true stored_weight=950.5458640028269 actual_weight=950.5458488524736 ratio=1.0000000159385825 price=-2241.12258550452 implied_price=-2241.1225855045022 step=0.0 pivot=0.5130706913518795 refs=52
ACCEPT k=1180 entering=59032 cached=true stored_weight=935.874034276596 actual_weight=935.8740081472891 ratio=1.0000000279196843 price=-2206.4875415166093 implied_price=-2206.4875415165907 step=0.0 pivot=0.50514960009448 refs=53
ACCEPT k=1181 entering=7556 cached=true stored_weight=231.59250612988126 actual_weight=231.59250736747464 ratio=1.0000000053438403 price=-546.0163377760523 implied_price=-546.0163377760462 step=0.0 pivot=1.0 refs=54
ACCEPT k=1182 entering=6772 cached=true stored_weight=1301.9739241681268 actual_weight=1301.9739241683565 ratio=1.0000000000001763 price=-3069.566030202886 implied_price=-3069.5660302028487 step=0.0 pivot=2.736237263 refs=55
ACCEPT k=1183 entering=23482 cached=true stored_weight=1976.5649367130704 actual_weight=1976.5649367133508 ratio=1.0000000000001419 price=-4659.645297125619 implied_price=-4659.645297125529 step=0.0 pivot=1.0 refs=56
ACCEPT k=1184 entering=2543 cached=true stored_weight=950.5961922841412 actual_weight=950.5961922841735 ratio=1.000000000000034 price=-2240.975628371647 implied_price=-2240.975628371612 step=0.0 pivot=1.0 refs=57
ACCEPT k=1185 entering=2519 cached=true stored_weight=1360.3267180261048 actual_weight=1360.3267190279087 ratio=1.0000000007364436 price=-3206.88655251895 implied_price=-3206.886552518897 step=0.0 pivot=0.7342085988713757 refs=58
ACCEPT k=1186 entering=6638 cached=true stored_weight=456.5568998217306 actual_weight=456.55689982180877 ratio=1.0000000000001712 price=-1076.3047192248246 implied_price=-1076.3047192248089 step=0.0 pivot=1.832355869 refs=59
ACCEPT k=1187 entering=11648 cached=true stored_weight=2206.476926334876 actual_weight=2206.476926335289 ratio=1.0000000000001872 price=-5201.606390932138 implied_price=-5201.606390932068 step=0.0 pivot=1.0 refs=60
ACCEPT k=1188 entering=11552 cached=true stored_weight=2206.476926334903 actual_weight=2206.476926335289 ratio=1.000000000000175 price=-5201.606390932138 implied_price=-5201.606390932068 step=0.0 pivot=1.0 refs=61
ACCEPT k=1189 entering=11492 cached=true stored_weight=2667.7947850063883 actual_weight=2667.794785006848 ratio=1.0000000000001723 price=-6289.069128355599 implied_price=-6289.069128355501 step=0.0 pivot=1.0 refs=62
ACCEPT k=1190 entering=43465 cached=true stored_weight=2028.7672165653369 actual_weight=2028.7672165656459 ratio=1.0000000000001523 price=-4782.5643687013435 implied_price=-4782.564368701269 step=0.0 pivot=0.6000000000000001 refs=63
ACCEPT k=1191 entering=43488 cached=true stored_weight=2028.7672165653373 actual_weight=2028.7672165656459 ratio=1.000000000000152 price=-4782.5643687013435 implied_price=-4782.564368701269 step=0.0 pivot=0.6 refs=64
ACCEPT k=1192 entering=54908 cached=true stored_weight=1555.686089855907 actual_weight=1555.6860915457248 ratio=1.0000000010862202 price=3667.29046836293 implied_price=3667.290468362893 step=-0.0 pivot=-1.4818771414999998 refs=65
ACCEPT k=1193 entering=2555 cached=true stored_weight=1173.0949936732702 actual_weight=1173.0949936732634 ratio=1.0000000000000058 price=-2765.150459022507 implied_price=-2765.150459022478 step=0.0 pivot=0.6331255940205917 refs=66
ACCEPT k=1194 entering=2506 cached=true stored_weight=619.4079247996905 actual_weight=619.4079245857233 ratio=1.0000000003454381 price=-1460.0157623694665 implied_price=-1460.0157623694404 step=0.0 pivot=0.9999999999999999 refs=67
ACCEPT k=1195 entering=2556 cached=true stored_weight=1173.047405975585 actual_weight=1173.047405975585 ratio=1.0 price=-2764.982875372784 implied_price=-2764.9828753727543 step=0.0 pivot=0.02799733414655534 refs=68
ACCEPT k=1196 entering=28059 cached=true stored_weight=41898.533722193955 actual_weight=41898.53372215175 ratio=1.0000000000010074 price=-98757.85836000957 implied_price=-98757.85836000899 step=0.0 pivot=0.9552238803199999 refs=69
ACCEPT k=1197 entering=47684 cached=true stored_weight=21991.34942408585 actual_weight=21991.349424037995 ratio=1.000000000002176 price=-51835.19271316488 implied_price=-51835.192713164564 step=0.0 pivot=0.5013698630452919 refs=70
ACCEPT k=1198 entering=2517 cached=true stored_weight=1348.0705110092017 actual_weight=1348.0705120261853 ratio=1.0000000007543994 price=-3177.4213581981435 implied_price=-3177.421358198129 step=0.0 pivot=0.7275645743244347 refs=71
ACCEPT k=1199 entering=29612 cached=true stored_weight=1976.5643017691193 actual_weight=1976.5643017693872 ratio=1.0000000000001354 price=-4658.645297125524 implied_price=-4658.645297125511 step=0.0 pivot=-1.0 refs=72
ACCEPT k=1200 entering=29700 cached=true stored_weight=1976.564582607123 actual_weight=1976.5645826073644 ratio=1.0000000000001221 price=-4658.645297125525 implied_price=-4658.64529712547 step=0.0 pivot=-1.0 refs=73
END objective=605142.6843376105 certificate=(finite = true, max_bound_violation = 9.974437078468954e-8, phase_primal = true, row_consistent = true) counts=Dict(:pricing_reset => 0, :pricing_weight_rejected => 0, :pivot_completed => 1200, :correction_attempt => 76, :phase_auxiliary => 0, :refactor_fill => 0, :stagnation_watch => 0, :pivot_proposed => 3015, :pricing_scanned_entries => 188856585, :certification_failed => 0, :pivot_rejected => 1757, :refactor_limit => 14, :feasibility_recovery => 0, :primal_point_preserved => 0, :crash_rejected_quality => 0, :artificial_removed => 0, :phase_cleanup => 0, :stagnation_fallback => 0, :pricing_block_scan => 0, :lp_refinement => 0, :flip_completed => 0, :stagnation_stalled => 0, :refactor_initial => 1, :phase_primal => 0, :pricing_pool_hit => 0, :pricing_full_scan => 3015, :phase_dual => 0, :pricing_scored_entries => 34063667, :refactor_pivot => 0, :refactor_growth => 0, :phase_crash => 0, :phase_one => 0, :pricing_devex => 0, :restore_checkpoint => 0, :refactor_other => 1, :phase_lp_refinement => 0, :certification => 0, :pricing_dantzig => 0, :bound_flipped => 0, :pricing => 3015, :refactor_cost => 0, :correction => 76, :perturbation => 0, :restore_perturbations => 0, :precision_boost => 0, :lp_correction_certification => 0, :repair => 0, :crash_pivot => 0, :crash_accepted => 0, :crash_fallback => 0, :refactor_residual => 58, :checkpoint => 0, :crash_rejected_fill => 0)
