Running HiGHS 1.15.0 (git hash: 8396001901): Copyright (c) 2026 under MIT licence terms
Includes third-party software components, see THIRD_PARTY_NOTICES.md for full details
Command line parsed using CLI11 2.5.0: Copyright (c) 2017-2025 University of Cincinnati
Set option time_limit to 2
LP runtime has 43021 rows; 47148 cols; 277210 nonzeros
Coefficient ranges:
  Matrix  [1e-06, 3e+04]
  Cost    [1e-05, 3e+05]
  Bound   [1e-05, 6e+03]
  RHS     [7e-04, 1e+04]
WARNING: Problem has some excessively small costs
WARNING: Problem has some excessively small column bounds
Presolving model
23476 rows, 29232 cols, 183740 nonzeros 0s
19382 rows, 24690 cols, 181326 nonzeros 0s
Dependent equations search running on 5054 equations with time limit of 1.00s
Dependent equations search removed 0 rows and 0 nonzeros in 0.00s (limit = 1.00s)
19312 rows, 24612 cols, 180867 nonzeros 0s
-------------------------------------------------------
Presolve rule removed          Rows      Cols     Calls
-------------------------------------------------------
Empty row                       231         0       231
Singleton row                  3601      2405      3601
Redundant row                  2644         0      2644
Empty column                      0      1894      1894
Fixed column                      0       287       287
Dominated col                     0       152       152
Forcing row                    1563      2136       431
Forcing col                      75        56        56
Free col substitution          8866      8866      8866
Doubleton equation             3118      3118      3118
Dependent equations               0         0         1
Aggregator                     3558      3556         4
Parallel rows and columns        53        66         2
-------------------------------------------------------
Total reductions              23709     22536
-------------------------------------------------------
Original  model               43021     47148
Presolved model               19312     24612
-------------------------------------------------------
Presolve reductions: rows 19312(-23709); columns 24612(-22536); nonzeros 180867(-96343)
Solving the presolved LP
Using dual simplex solver
  Iteration        Objective     Infeasibilities num(sum)
          0    -5.9606626267e+04 Ph1: 2381(62167); Du: 983(59606.6) 0.2s
      11685     3.6182452907e+07 2.0s
Model name          : runtime
Model status        : Time limit reached
Simplex   iterations: 11685
Objective value     :  3.6114310460e+07
HiGHS run time      :          2.00
Running HiGHS 1.15.0 (git hash: 8396001901): Copyright (c) 2026 under MIT licence terms
Includes third-party software components, see THIRD_PARTY_NOTICES.md for full details
Command line parsed using CLI11 2.5.0: Copyright (c) 2017-2025 University of Cincinnati
Set option time_limit to 2
Number of MI entries in BOUNDS section is 96360
LP medium has 586972 rows; 420526 cols; 1446423 nonzeros
Coefficient ranges:
  Matrix  [1e-05, 1e+02]
  Cost    [1e+00, 1e+06]
  Bound   [0e+00, 0e+00]
  RHS     [1e+00, 6e+05]
Presolving model
238410 rows, 211200 cols, 696758 nonzeros 0s
202266 rows, 175079 cols, 583571 nonzeros 0s
197915 rows, 118168 cols, 568001 nonzeros 0s
Dependent equations search running on 37846 equations with time limit of 1.00s
Dependent equations search removed 0 rows and 0 nonzeros in 0.00s (limit = 1.00s)
197370 rows, 117623 cols, 571230 nonzeros 0s
-------------------------------------------------------
Presolve rule removed          Rows      Cols     Calls
-------------------------------------------------------
Empty row                         4         0         4
Singleton row                120780     86663    120780
Redundant row                     6         0         6
Empty column                      0     26282     26282
Fixed column                      0         3         3
Dominated col                     0     26280     26280
Forcing row                      50        30        10
Forcing col                  105120         3         3
Free col substitution             9         9         9
Doubleton equation           122662    122662    122662
Dependent equations               0         0         1
Aggregator                    40971     40971         4
Parallel rows and columns         0         0         1
-------------------------------------------------------
Total reductions             389602    302903
-------------------------------------------------------
Original  model              586972    420526
Presolved model              197370    117623
-------------------------------------------------------
Presolve reductions: rows 197370(-389602); columns 117623(-302903); nonzeros 571230(-875193)
Solving the presolved LP
Using dual simplex solver
  Iteration        Objective     Infeasibilities num(sum)
          0     0.0000000000e+00 Pr: 17520(9.08572e+09) 0.9s
      14365     3.8092368965e+06 2.0s
Model name          : medium
Model status        : Time limit reached
Simplex   iterations: 14365
Objective value     :  3.7227406584e+06
HiGHS run time      :          2.01
Running HiGHS 1.15.0 (git hash: 8396001901): Copyright (c) 2026 under MIT licence terms
Includes third-party software components, see THIRD_PARTY_NOTICES.md for full details
Command line parsed using CLI11 2.5.0: Copyright (c) 2017-2025 University of Cincinnati
Set option time_limit to 2
Running HiGHS 1.15.0 (git hash: 8396001901): Copyright (c) 2026 under MIT licence terms
Includes third-party software components, see THIRD_PARTY_NOTICES.md for full details
Command line parsed using CLI11 2.5.0: Copyright (c) 2017-2025 University of Cincinnati
Set option time_limit to 2
Running HiGHS 1.15.0 (git hash: 8396001901): Copyright (c) 2026 under MIT licence terms
Includes third-party software components, see THIRD_PARTY_NOTICES.md for full details
Command line parsed using CLI11 2.5.0: Copyright (c) 2017-2025 University of Cincinnati
Set option time_limit to 2
Number of MI entries in BOUNDS section is 96360
Number of MI entries in BOUNDS section is 96360
Number of MI entries in BOUNDS section is 96360
LP medium has 586972 rows; 420526 cols; 1446423 nonzeros
Coefficient ranges:
  Matrix  [1e-05, 1e+02]
  Cost    [1e+00, 1e+06]
  Bound   [0e+00, 0e+00]
  RHS     [1e+00, 6e+05]
LP medium has 586972 rows; 420526 cols; 1446423 nonzeros
Coefficient ranges:
  Matrix  [1e-05, 1e+02]
  Cost    [1e+00, 1e+06]
  Bound   [0e+00, 0e+00]
  RHS     [1e+00, 6e+05]
LP medium has 586972 rows; 420526 cols; 1446423 nonzeros
Coefficient ranges:
  Matrix  [1e-05, 1e+02]
  Cost    [1e+00, 1e+06]
  Bound   [0e+00, 0e+00]
  RHS     [1e+00, 6e+05]
Presolving model
Presolve rules not allowed:
   Rule  9 (set bit  9 =   512): Doubleton equation
Presolving model
Presolve rules not allowed:
   Rule  7 (set bit  7 =   128): Forcing col
Presolving model
Presolve rules not allowed:
   Rule 12 (set bit 12 =  4096): Aggregator
413618 rows, 281287 cols, 1047174 nonzeros 0s
Problem status detected on presolve: Primal infeasible or unbounded
Solving the original LP with primal simplex to determine infeasible or unbounded
238410 rows, 211200 cols, 696758 nonzeros 0s
Using primal simplex solver
  Iteration        Objective     Infeasibilities num(sum)
          0    -7.8522697920e+04 Ph1: 113040(7.09822e+07); Du: 162845(302177) 0.7s
326918 rows, 194612 cols, 898939 nonzeros 0s
Dependent equations search running on 78794 equations with time limit of 1.00s
Dependent equations search removed 0 rows and 0 nonzeros in 0.00s (limit = 1.00s)
238318 rows, 184828 cols, 643945 nonzeros 0s
Presolve reductions: rows 238318(-348654); columns 184828(-235698); nonzeros 643945(-802478)
Solving the presolved LP
Using dual simplex solver
  Iteration        Objective     Infeasibilities num(sum)
          0     0.0000000000e+00 Pr: 17520(9.08572e+09); Du: 0(8.75308e-09) 0.9s
228331 rows, 157231 cols, 674135 nonzeros 1s
197376 rows, 117641 cols, 571260 nonzeros 1s
Dependent equations search running on 37852 equations with time limit of 1.00s
Dependent equations search removed 0 rows and 0 nonzeros in 0.00s (limit = 1.00s)
197376 rows, 117635 cols, 571248 nonzeros 1s
Presolve reductions: rows 197376(-389596); columns 117635(-302891); nonzeros 571248(-875175)
Solving the presolved LP
Using dual simplex solver
  Iteration        Objective     Infeasibilities num(sum)
          0     0.0000000000e+00 Pr: 17520(9.08572e+09); Du: 0(1.0344e-11) 1.6s
      15744     4.3097755812e+06 2.0s
Model name          : medium
Model status        : Time limit reached
Simplex   iterations: 15744
Objective value     :  4.3037240243e+06
HiGHS run time      :          2.01
       1041    -7.8522697920e+04 2.0s
Model name          : medium
Model status        : Time limit reached
Simplex   iterations: 1041
Objective value     :  0.0000000000e+00
P-D objective error :               inf
HiGHS run time      :          2.02
       6224     1.0400568262e-03 2.0s
Model name          : medium
Model status        : Time limit reached
Simplex   iterations: 6224
Objective value     :  0.0000000000e+00
HiGHS run time      :          2.01
Running HiGHS 1.15.0 (git hash: 8396001901): Copyright (c) 2026 under MIT licence terms
Includes third-party software components, see THIRD_PARTY_NOTICES.md for full details
Command line parsed using CLI11 2.5.0: Copyright (c) 2017-2025 University of Cincinnati
Set option time_limit to 2
Running HiGHS 1.15.0 (git hash: 8396001901): Copyright (c) 2026 under MIT licence terms
Includes third-party software components, see THIRD_PARTY_NOTICES.md for full details
Command line parsed using CLI11 2.5.0: Copyright (c) 2017-2025 University of Cincinnati
Set option time_limit to 2
LP runtime has 43021 rows; 47148 cols; 277210 nonzeros
Coefficient ranges:
  Matrix  [1e-06, 3e+04]
  Cost    [1e-05, 3e+05]
  Bound   [1e-05, 6e+03]
  RHS     [7e-04, 1e+04]
WARNING: Problem has some excessively small costs
WARNING: Problem has some excessively small column bounds
LP runtime has 43021 rows; 47148 cols; 277210 nonzeros
Coefficient ranges:
  Matrix  [1e-06, 3e+04]
  Cost    [1e-05, 3e+05]
  Bound   [1e-05, 6e+03]
  RHS     [7e-04, 1e+04]
WARNING: Problem has some excessively small costs
WARNING: Problem has some excessively small column bounds
Presolving model
Presolve rules not allowed:
   Rule 12 (set bit 12 =  4096): Aggregator
Presolving model
Presolve rules not allowed:
   Rule  8 (set bit  8 =   256): Free col substitution
23476 rows, 29232 cols, 183740 nonzeros 0s
31508 rows, 38018 cols, 223567 nonzeros 0s
19676 rows, 24987 cols, 181786 nonzeros 0s
Dependent equations search running on 8611 equations with time limit of 1.00s
Dependent equations search removed 0 rows and 0 nonzeros in 0.00s (limit = 1.00s)
22891 rows, 28192 cols, 179951 nonzeros 0s
Presolve reductions: rows 22891(-20130); columns 28192(-18956); nonzeros 179951(-97259)
Solving the presolved LP
Using dual simplex solver
  Iteration        Objective     Infeasibilities num(sum)
          0    -3.4218131692e+03 Ph1: 231(402.442); Du: 146(3421.81) 0.1s
Dependent equations search running on 5057 equations with time limit of 1.00s
Dependent equations search removed 0 rows and 0 nonzeros in 0.00s (limit = 1.00s)
19314 rows, 24615 cols, 180875 nonzeros 0s
Presolve reductions: rows 19314(-23707); columns 24615(-22533); nonzeros 180875(-96335)
Solving the presolved LP
Using dual simplex solver
  Iteration        Objective     Infeasibilities num(sum)
          0    -5.6716243003e+04 Ph1: 2292(60439.6); Du: 912(56716.2) 0.2s
      12834     2.1127866906e+07 2.0s
Model name          : runtime
Model status        : Time limit reached
Simplex   iterations: 12834
Objective value     :  2.1093591975e+07
HiGHS run time      :          2.00
      10529     2.5667316491e+07 2.0s
Model name          : runtime
Model status        : Time limit reached
Simplex   iterations: 10529
Objective value     :  2.5667117780e+07
HiGHS run time      :          2.00
