START Julia=1.13.0 machine=x86_64-w64-mingw32 julia_threads=1 blas_threads=6 path=C:\Disk_D\tmp\runtime.mps output=C:\Disk_D\JSimplex.jl\runtime_first_bad_basis.csv
MODEL size=(28453, 31615) nnz=211789
CHECK iteration=23156 updates=50 refactorizations=463 basis_row=0 leaving=0 entering=0 refreshed=false primal_step=NaN dual_step=NaN updated_pivot=NaN fresh_lu=success
CHECK iteration=23157 updates=1 refactorizations=464 basis_row=7400 leaving=10525 entering=49167 refreshed=true primal_step=-5.127984400011391 dual_step=NaN updated_pivot=NaN fresh_lu=success
CHECK iteration=23158 updates=2 refactorizations=464 basis_row=68 leaving=31683 entering=29331 refreshed=false primal_step=41.214551787986224 dual_step=-7.306605502179617 updated_pivot=-0.34018666700000016 fresh_lu=success
CHECK iteration=23159 updates=3 refactorizations=464 basis_row=16116 leaving=47731 entering=46073 refreshed=false primal_step=73.1924782214886 dual_step=1.454429068567545 updated_pivot=0.5704874026709563 fresh_lu=success
CHECK iteration=23160 updates=4 refactorizations=464 basis_row=7422 leaving=19094 entering=49754 refreshed=false primal_step=-88.41348380706818 dual_step=-0.6286399849492276 updated_pivot=1.6554894233377382 fresh_lu=success
CHECK iteration=23161 updates=5 refactorizations=464 basis_row=4906 leaving=29493 entering=4205 refreshed=false primal_step=15.79921866240695 dual_step=-0.9689193596639427 updated_pivot=-2.7979970623110497 fresh_lu=success
CHECK iteration=23162 updates=6 refactorizations=464 basis_row=6422 leaving=38037 entering=15421 refreshed=false primal_step=2.2048699502688076 dual_step=0.0 updated_pivot=-1.0 fresh_lu=success
CHECK iteration=23163 updates=7 refactorizations=464 basis_row=26469 leaving=58084 entering=49765 refreshed=false primal_step=-75.10503997256889 dual_step=-1.4162144704497774 updated_pivot=0.18356302901163926 fresh_lu=success
CHECK iteration=23164 updates=8 refactorizations=464 basis_row=11937 leaving=43552 entering=21296 refreshed=false primal_step=3.8320737039000017 dual_step=-138.84204848845982 updated_pivot=-0.50137362625 fresh_lu=success
CHECK iteration=23165 updates=9 refactorizations=464 basis_row=14946 leaving=46561 entering=21297 refreshed=false primal_step=4.961812413684005 dual_step=-216.1516230855057 updated_pivot=-0.8456830601249999 fresh_lu=success
CHECK iteration=23166 updates=10 refactorizations=464 basis_row=1356 leaving=29537 entering=21260 refreshed=false primal_step=5.607101887880641 dual_step=-18.343457420793644 updated_pivot=-6.687070313117746 fresh_lu=success
CHECK iteration=23167 updates=11 refactorizations=464 basis_row=14937 leaving=46552 entering=21261 refreshed=false primal_step=8.73483427049897 dual_step=-3.050951824662736 updated_pivot=-0.8456829350035664 fresh_lu=success
CHECK iteration=23168 updates=12 refactorizations=464 basis_row=1356 leaving=21260 entering=21871 refreshed=false primal_step=3624.675538061029 dual_step=-4.389938383870854 updated_pivot=-0.0008628997375389888 fresh_lu=success
CHECK iteration=23169 updates=13 refactorizations=464 basis_row=7400 leaving=49167 entering=43234 refreshed=false primal_step=5.392940619319162 dual_step=0.4127054067689994 updated_pivot=63.7371451641342 fresh_lu=success
CHECK iteration=23170 updates=14 refactorizations=464 basis_row=11937 leaving=21296 entering=4210 refreshed=false primal_step=4.556235860104615 dual_step=-154.47259144506077 updated_pivot=-0.2479543957932994 fresh_lu=success
CHECK iteration=23171 updates=15 refactorizations=464 basis_row=4098 leaving=45787 entering=24311 refreshed=false primal_step=18.57602119390222 dual_step=-68.61574901288569 updated_pivot=-0.04055792727097889 fresh_lu=success
CHECK iteration=23172 updates=16 refactorizations=464 basis_row=11734 leaving=9131 entering=3416 refreshed=false primal_step=102.30317260293339 dual_step=-0.042459255701568076 updated_pivot=-6.466024671185561 fresh_lu=success
CHECK iteration=23173 updates=17 refactorizations=464 basis_row=19856 leaving=19427 entering=14067 refreshed=false primal_step=55.55822165118888 dual_step=-3.3217888151930457 updated_pivot=-0.06384785264674905 fresh_lu=success
CHECK iteration=23174 updates=18 refactorizations=464 basis_row=11532 leaving=43147 entering=19425 refreshed=false primal_step=1.7200757278263246 dual_step=-2.3778378817104637 updated_pivot=-3.6990601358129567 fresh_lu=success
CHECK iteration=23175 updates=19 refactorizations=464 basis_row=26076 leaving=57691 entering=19432 refreshed=false primal_step=1.57714013816205 dual_step=-13.377038364924118 updated_pivot=-7.066502276532881 fresh_lu=success
CHECK iteration=23176 updates=20 refactorizations=464 basis_row=6434 leaving=38049 entering=15433 refreshed=false primal_step=1.5416654423264025 dual_step=0.0 updated_pivot=-1.0 fresh_lu=success
CHECK iteration=23177 updates=21 refactorizations=464 basis_row=16532 leaving=48147 entering=12721 refreshed=false primal_step=5.6571849742577065 dual_step=0.3406572659343529 updated_pivot=14.620849616281799 fresh_lu=success
CHECK iteration=23178 updates=22 refactorizations=464 basis_row=25607 leaving=49691 entering=22120 refreshed=false primal_step=1.9682780597811333 dual_step=8.627214120640867 updated_pivot=4.752025838575136 fresh_lu=success
CHECK iteration=23179 updates=23 refactorizations=464 basis_row=11576 leaving=22168 entering=22886 refreshed=false primal_step=3.6052510906905235 dual_step=-7.1054273575977376e-15 updated_pivot=-1.0 fresh_lu=success
CHECK iteration=23180 updates=24 refactorizations=464 basis_row=25607 leaving=22120 entering=22982 refreshed=false primal_step=1.6369730309093902 dual_step=-5.591480372681952e-16 updated_pivot=-1.0 fresh_lu=success
CHECK iteration=23181 updates=25 refactorizations=464 basis_row=14698 leaving=46313 entering=20181 refreshed=false primal_step=-0.021901516212020855 dual_step=-145.39378943586678 updated_pivot=0.87809426230875 fresh_lu=success
CHECK iteration=23182 updates=26 refactorizations=464 basis_row=14053 leaving=45668 entering=18363 refreshed=false primal_step=1.884849567428003 dual_step=0.0 updated_pivot=-0.8456830601249998 fresh_lu=success
CHECK iteration=23183 updates=27 refactorizations=464 basis_row=14290 leaving=45905 entering=18451 refreshed=false primal_step=2.405368109201079 dual_step=0.0 updated_pivot=-0.8456830601249999 fresh_lu=success
CHECK iteration=23184 updates=28 refactorizations=464 basis_row=14312 leaving=45927 entering=18495 refreshed=false primal_step=2.932169742898536 dual_step=0.0 updated_pivot=-0.8456830601249999 fresh_lu=success
CHECK iteration=23185 updates=29 refactorizations=464 basis_row=14323 leaving=45938 entering=18583 refreshed=false primal_step=3.4589713766476646 dual_step=0.0 updated_pivot=-0.8456830601249999 fresh_lu=success
CHECK iteration=23186 updates=30 refactorizations=464 basis_row=14345 leaving=45960 entering=18671 refreshed=false primal_step=3.9794899184207404 dual_step=0.0 updated_pivot=-0.8456830601250002 fresh_lu=success
CHECK iteration=23187 updates=31 refactorizations=464 basis_row=14367 leaving=45982 entering=18715 refreshed=false primal_step=3.973169664585829 dual_step=0.0 updated_pivot=-0.8456830601249999 fresh_lu=success
CHECK iteration=23188 updates=32 refactorizations=464 basis_row=14378 leaving=45993 entering=22612 refreshed=false primal_step=4.486501365391218 dual_step=-100.80734037052724 updated_pivot=-0.8372262296074967 fresh_lu=success
CHECK iteration=23189 updates=33 refactorizations=464 basis_row=4223 leaving=35838 entering=18227 refreshed=false primal_step=12.6296491593118 dual_step=-2.4982299431820594e-12 updated_pivot=-1.0 fresh_lu=success
CHECK iteration=23190 updates=34 refactorizations=464 basis_row=25666 leaving=17783 entering=22611 refreshed=false primal_step=3.788911166337436 dual_step=-7.162793228764107e-13 updated_pivot=-3.333318888951491 fresh_lu=success
CHECK iteration=23191 updates=35 refactorizations=464 basis_row=12718 leaving=44333 entering=11544 refreshed=false primal_step=16.9963620614647 dual_step=0.0 updated_pivot=-1.3668606165191932 fresh_lu=success
CHECK iteration=23192 updates=36 refactorizations=464 basis_row=12347 leaving=43962 entering=14976 refreshed=false primal_step=102.10610246318315 dual_step=0.0 updated_pivot=-0.21855946368358184 fresh_lu=success
CHECK iteration=23193 updates=37 refactorizations=464 basis_row=4666 leaving=22446 entering=13203 refreshed=false primal_step=6.833310357602156 dual_step=-24.84467444786975 updated_pivot=-0.7390621421894472 fresh_lu=success
CHECK iteration=23194 updates=38 refactorizations=464 basis_row=391 leaving=12722 entering=27275 refreshed=false primal_step=8.781831501711975 dual_step=-9.947598300641403e-14 updated_pivot=-1.0 fresh_lu=success
CHECK iteration=23195 updates=39 refactorizations=464 basis_row=12801 leaving=44416 entering=18407 refreshed=false primal_step=0.7826610783985057 dual_step=-15.870658349490885 updated_pivot=-2.7155919608800767 fresh_lu=success
CHECK iteration=23196 updates=40 refactorizations=464 basis_row=25731 leaving=57346 entering=8544 refreshed=false primal_step=-5.0 dual_step=-0.04461229100222178 updated_pivot=1.073803512 fresh_lu=success
CHECK iteration=23197 updates=41 refactorizations=464 basis_row=14087 leaving=45702 entering=17543 refreshed=false primal_step=-0.832715265 dual_step=-1.2718390521368004e-12 updated_pivot=1.095 fresh_lu=success
CHECK iteration=23198 updates=42 refactorizations=464 basis_row=14031 leaving=45646 entering=17319 refreshed=false primal_step=-0.832715265 dual_step=-1.2718390521368004e-12 updated_pivot=1.095 fresh_lu=success
CHECK iteration=23199 updates=43 refactorizations=464 basis_row=14356 leaving=45971 entering=18608 refreshed=false primal_step=0.14412986331899882 dual_step=-4461.498286758009 updated_pivot=-0.0075187341493042174 fresh_lu=success
CHECK iteration=23200 updates=44 refactorizations=464 basis_row=14109 leaving=45724 entering=3386 refreshed=false primal_step=26.06519007203421 dual_step=-141.16242984196685 updated_pivot=-0.0042317818326075415 fresh_lu=success
CHECK iteration=23201 updates=45 refactorizations=464 basis_row=10321 leaving=18277 entering=18053 refreshed=false primal_step=7.779807735710775 dual_step=-46.762083529941634 updated_pivot=-0.4904588334430275 fresh_lu=success
CHECK iteration=23202 updates=46 refactorizations=464 basis_row=25632 leaving=57247 entering=57784 refreshed=false primal_step=1.9581594892750013e9 dual_step=-0.0 updated_pivot=-6.761199819713067e-7 fresh_lu=failure: SingularException: matrix is singular; factorization failed. Zero pivot found at index 0
BASIS_FILE C:\Disk_D\JSimplex.jl\runtime_first_bad_basis.csv
END status=TIME_LIMIT message=time limit reached iterations=23202 refactorizations=464 first_bad_basis=true near_zero_dual_steps=18 measured_dual_steps=45 elapsed_seconds=156.3224889
