START Julia=1.13.0 machine=x86_64-w64-mingw32 julia_threads=1 blas_threads=1 target=50000 time_limit=900.0 path=C:\Disk_D\tmp\runtime.mps
MODEL size=(28453, 31615) nnz=211789
DIAGNOSTIC_CONFIG source=C:\Disk_D\JSimplex.jl\diagnostics\runtime_reduced_continuation.jl trace=(0, 0) capture=(0, 23440) scan=(0, 1) watch=(46746, 16925) capture_paths=("C:\\Disk_D\\JSimplex.jl\\diagnostics\\runtime_reduced_capture_a.tsv", "C:\\Disk_D\\JSimplex.jl\\diagnostics\\runtime_reduced_capture_b.tsv") scan_paths=("C:\\Disk_D\\JSimplex.jl\\diagnostics\\runtime_reduced_scan_good.tsv", "C:\\Disk_D\\JSimplex.jl\\diagnostics\\runtime_reduced_scan_bad.tsv")
TRACE iteration=0 refactorizations=0 updates=0 pivot=Int64[] dinf=(435433.7404844512, 556) watch_index=46746 watch_state=BASIC watch_rc=0.0 watch_cost=0.0 watch_primal=-0.0 watch2_index=16925 watch2_state=AT_LOWER watch2_rc=0.0 watch2_cost=0.0 watch2_primal=0.0 perturbed=false
CHECKPOINT iteration=500 refactorizations=10 updates=43 pinf=(53127.313054952145, 2942) dinf=(0.0, 0) elapsed_seconds=15.750866
CHECKPOINT iteration=1000 refactorizations=20 updates=43 pinf=(9.991581823887516e6, 3451) dinf=(0.0, 0) elapsed_seconds=17.6250358
CHECKPOINT iteration=1500 refactorizations=30 updates=43 pinf=(1.054332219854371e6, 3754) dinf=(0.0, 0) elapsed_seconds=19.4052664
CHECKPOINT iteration=2000 refactorizations=40 updates=43 pinf=(1.2029990263641092e6, 3915) dinf=(0.0, 0) elapsed_seconds=21.286828
CHECKPOINT iteration=2500 refactorizations=50 updates=43 pinf=(1.4480002838186747e6, 4055) dinf=(0.0, 0) elapsed_seconds=23.2781188
CHECKPOINT iteration=3000 refactorizations=61 updates=40 pinf=(1.8629214310284336e6, 4147) dinf=(0.0, 0) elapsed_seconds=25.9067303
CHECKPOINT iteration=3500 refactorizations=71 updates=40 pinf=(3.429058332394725e6, 4299) dinf=(0.0, 0) elapsed_seconds=28.0084578
CHECKPOINT iteration=4000 refactorizations=81 updates=40 pinf=(3.5692525041980413e6, 4377) dinf=(0.0, 0) elapsed_seconds=30.0941606
CHECKPOINT iteration=4500 refactorizations=91 updates=40 pinf=(3.7180711719511077e6, 4521) dinf=(0.0, 0) elapsed_seconds=32.5060548
CHECKPOINT iteration=5000 refactorizations=101 updates=40 pinf=(3.876550994340581e6, 4712) dinf=(0.0, 0) elapsed_seconds=34.7752287
CHECKPOINT iteration=5500 refactorizations=111 updates=40 pinf=(8.364319449987315e7, 4686) dinf=(0.0, 0) elapsed_seconds=37.0438152
CHECKPOINT iteration=6000 refactorizations=121 updates=40 pinf=(1.406954554393363e7, 4735) dinf=(0.0, 0) elapsed_seconds=39.3370515
CHECKPOINT iteration=6500 refactorizations=131 updates=40 pinf=(1.105738944498656e7, 4764) dinf=(0.0, 0) elapsed_seconds=41.6821714
CHECKPOINT iteration=7000 refactorizations=141 updates=40 pinf=(1.0698332129960278e7, 4737) dinf=(0.0, 0) elapsed_seconds=44.1899854
CHECKPOINT iteration=7500 refactorizations=151 updates=40 pinf=(1.1072339259340735e7, 4876) dinf=(0.0, 0) elapsed_seconds=46.7056793
CHECKPOINT iteration=8000 refactorizations=161 updates=40 pinf=(8.914749921756582e6, 4972) dinf=(0.0, 0) elapsed_seconds=49.2100768
CHECKPOINT iteration=8500 refactorizations=171 updates=40 pinf=(7.593584650479761e6, 5035) dinf=(0.0, 0) elapsed_seconds=51.7649854
CHECKPOINT iteration=9000 refactorizations=181 updates=40 pinf=(3.0341745860711385e7, 5216) dinf=(0.0, 0) elapsed_seconds=54.3952076
CHECKPOINT iteration=9500 refactorizations=191 updates=40 pinf=(1.8023563973172728e7, 5255) dinf=(0.0, 0) elapsed_seconds=57.1762185
CHECKPOINT iteration=10000 refactorizations=201 updates=40 pinf=(3.3834870932965074e6, 5280) dinf=(0.0, 0) elapsed_seconds=59.9754971
CHECKPOINT iteration=10500 refactorizations=211 updates=40 pinf=(5.01979494850633e6, 5425) dinf=(0.0, 0) elapsed_seconds=62.9016602
CHECKPOINT iteration=11000 refactorizations=221 updates=40 pinf=(2.4992438564026598e7, 5505) dinf=(0.0, 0) elapsed_seconds=65.7716054
CHECKPOINT iteration=11500 refactorizations=231 updates=40 pinf=(7.404425076987267e6, 5608) dinf=(0.0, 0) elapsed_seconds=68.6247542
CHECKPOINT iteration=12000 refactorizations=241 updates=40 pinf=(1.787445931588097e7, 5731) dinf=(0.0, 0) elapsed_seconds=71.9202428
CHECKPOINT iteration=12500 refactorizations=251 updates=40 pinf=(3.6428812935887106e7, 5787) dinf=(0.0, 0) elapsed_seconds=75.101026
CHECKPOINT iteration=13000 refactorizations=261 updates=40 pinf=(3.108306068329526e8, 5986) dinf=(0.0, 0) elapsed_seconds=78.2493675
CHECKPOINT iteration=13500 refactorizations=271 updates=40 pinf=(1.866876302124679e7, 5879) dinf=(0.0, 0) elapsed_seconds=81.6889476
CHECKPOINT iteration=14000 refactorizations=281 updates=40 pinf=(1.395452455446189e8, 5899) dinf=(0.0, 0) elapsed_seconds=85.118882
CHECKPOINT iteration=14500 refactorizations=291 updates=40 pinf=(2.2078132582320136e8, 5962) dinf=(0.0, 0) elapsed_seconds=88.5398549
CHECKPOINT iteration=15000 refactorizations=301 updates=40 pinf=(2.615670223468935e7, 5849) dinf=(0.0, 0) elapsed_seconds=92.1220717
CHECKPOINT iteration=15500 refactorizations=311 updates=40 pinf=(6.14562507557694e7, 5869) dinf=(0.0, 0) elapsed_seconds=95.8760728
CHECKPOINT iteration=16000 refactorizations=321 updates=40 pinf=(9.860578274317858e7, 5832) dinf=(0.0, 0) elapsed_seconds=99.3053181
CHECKPOINT iteration=16500 refactorizations=331 updates=40 pinf=(6.247280703732244e7, 5883) dinf=(0.0, 0) elapsed_seconds=103.0515397
CHECKPOINT iteration=17000 refactorizations=341 updates=40 pinf=(1.2383462871908482e7, 5570) dinf=(0.0, 0) elapsed_seconds=106.6147639
CHECKPOINT iteration=17500 refactorizations=351 updates=40 pinf=(6.149261674606783e6, 5413) dinf=(0.0, 0) elapsed_seconds=110.09374
CHECKPOINT iteration=18000 refactorizations=361 updates=40 pinf=(3.6299148602867746e6, 5289) dinf=(0.0, 0) elapsed_seconds=113.8975106
CHECKPOINT iteration=18500 refactorizations=371 updates=40 pinf=(5.719753297347778e6, 5352) dinf=(0.0, 0) elapsed_seconds=117.6720484
CHECKPOINT iteration=19000 refactorizations=381 updates=40 pinf=(2.349522121989862e7, 5447) dinf=(0.0, 0) elapsed_seconds=121.6601091
CHECKPOINT iteration=19500 refactorizations=391 updates=40 pinf=(2.873823310242752e7, 5311) dinf=(0.0, 0) elapsed_seconds=125.5032864
CHECKPOINT iteration=20000 refactorizations=401 updates=40 pinf=(1.1855776347594941e7, 5163) dinf=(0.0, 0) elapsed_seconds=129.2819036
CHECKPOINT iteration=20500 refactorizations=411 updates=40 pinf=(4.216666319830234e7, 5415) dinf=(0.0, 0) elapsed_seconds=133.100786
CHECKPOINT iteration=21000 refactorizations=421 updates=40 pinf=(1.0493980478091453e8, 5372) dinf=(0.0, 0) elapsed_seconds=137.1595238
CHECKPOINT iteration=21500 refactorizations=431 updates=40 pinf=(1.4135062287821162e8, 5424) dinf=(0.0, 0) elapsed_seconds=141.1373675
CHECKPOINT iteration=22000 refactorizations=441 updates=40 pinf=(1.0854609700319765e7, 5373) dinf=(0.0, 0) elapsed_seconds=145.3893284
CHECKPOINT iteration=22500 refactorizations=451 updates=40 pinf=(4.0171807769095205e7, 5112) dinf=(0.0, 0) elapsed_seconds=149.5933249
CHECKPOINT iteration=23000 refactorizations=461 updates=40 pinf=(5.4537393637280464e7, 5179) dinf=(0.0, 0) elapsed_seconds=153.5753441
CHECKPOINT iteration=23500 refactorizations=471 updates=40 pinf=(7.064275047000974e7, 4999) dinf=(0.0, 0) elapsed_seconds=157.5395487
CHECKPOINT iteration=24000 refactorizations=481 updates=40 pinf=(2.5651621637051192e8, 5222) dinf=(0.0, 0) elapsed_seconds=161.7302502
CHECKPOINT iteration=24500 refactorizations=491 updates=40 pinf=(1.1415599197925228e8, 5274) dinf=(0.0, 0) elapsed_seconds=166.1707073
CHECKPOINT iteration=25000 refactorizations=502 updates=31 pinf=(5.0777787656221956e7, 5066) dinf=(0.0, 0) elapsed_seconds=170.4117263
CHECKPOINT iteration=25500 refactorizations=512 updates=31 pinf=(4.3731736130918786e7, 5080) dinf=(0.0, 0) elapsed_seconds=174.9031215
CHECKPOINT iteration=26000 refactorizations=522 updates=31 pinf=(5.6730315819829784e7, 4908) dinf=(0.0, 0) elapsed_seconds=179.1473352
CHECKPOINT iteration=26500 refactorizations=532 updates=31 pinf=(4.258775509498742e7, 4770) dinf=(0.0, 0) elapsed_seconds=183.2670532
CHECKPOINT iteration=27000 refactorizations=542 updates=31 pinf=(3.457246676366522e8, 4769) dinf=(0.0, 0) elapsed_seconds=187.8626074
CHECKPOINT iteration=27500 refactorizations=552 updates=31 pinf=(3.425100039798416e7, 4674) dinf=(0.0, 0) elapsed_seconds=192.6056684
CHECKPOINT iteration=28000 refactorizations=562 updates=31 pinf=(2.357393646467254e7, 4762) dinf=(0.0, 0) elapsed_seconds=197.4445238
CHECKPOINT iteration=28500 refactorizations=572 updates=42 pinf=(1.949571933443232e8, 4629) dinf=(0.0, 0) elapsed_seconds=202.24867
CHECKPOINT iteration=29000 refactorizations=582 updates=42 pinf=(1.6846624585194603e7, 4434) dinf=(0.0, 0) elapsed_seconds=207.0234639
CHECKPOINT iteration=29500 refactorizations=592 updates=42 pinf=(2.1529629695932597e7, 4545) dinf=(0.0, 0) elapsed_seconds=211.8423663
CHECKPOINT iteration=30000 refactorizations=603 updates=16 pinf=(1.314984690518013e7, 4608) dinf=(0.0, 0) elapsed_seconds=216.8465963
CHECKPOINT iteration=30500 refactorizations=613 updates=16 pinf=(841420.830551621, 3812) dinf=(0.0, 0) elapsed_seconds=221.7559352
CHECKPOINT iteration=31000 refactorizations=623 updates=16 pinf=(9.914749666913623e6, 4183) dinf=(0.0, 0) elapsed_seconds=226.5338179
CHECKPOINT iteration=31500 refactorizations=633 updates=16 pinf=(2.680597947266969e6, 3955) dinf=(0.0, 0) elapsed_seconds=231.3472376
CHECKPOINT iteration=32000 refactorizations=643 updates=16 pinf=(3.500705109312577e7, 3981) dinf=(0.0, 0) elapsed_seconds=236.0399349
CHECKPOINT iteration=32500 refactorizations=653 updates=26 pinf=(3.512420989023022e8, 4211) dinf=(0.0, 0) elapsed_seconds=240.4580341
CHECKPOINT iteration=33000 refactorizations=663 updates=26 pinf=(2.1685689004962915e8, 3925) dinf=(0.0, 0) elapsed_seconds=244.8489252
CHECKPOINT iteration=33500 refactorizations=673 updates=26 pinf=(3.4925975164048856e8, 4091) dinf=(0.0, 0) elapsed_seconds=249.3034362
CHECKPOINT iteration=34000 refactorizations=684 updates=3 pinf=(189408.34961124763, 3151) dinf=(0.0, 0) elapsed_seconds=254.158395
CHECKPOINT iteration=34500 refactorizations=694 updates=3 pinf=(385204.32375090447, 3381) dinf=(0.0, 0) elapsed_seconds=258.8393765
CHECKPOINT iteration=35000 refactorizations=704 updates=3 pinf=(1.2542548540443887e6, 3491) dinf=(0.0, 0) elapsed_seconds=263.5347165
CHECKPOINT iteration=35500 refactorizations=714 updates=3 pinf=(4.441630462706126e6, 3854) dinf=(0.0, 0) elapsed_seconds=268.2920695
CHECKPOINT iteration=36000 refactorizations=724 updates=3 pinf=(1.821634279972926e8, 3816) dinf=(0.0, 0) elapsed_seconds=273.0486506
CHECKPOINT iteration=36500 refactorizations=734 updates=3 pinf=(1.2211713995521991e8, 3882) dinf=(0.0, 0) elapsed_seconds=277.7055589
CHECKPOINT iteration=37000 refactorizations=744 updates=3 pinf=(5.942302226167422e7, 3597) dinf=(0.0, 0) elapsed_seconds=282.3266568
CHECKPOINT iteration=37500 refactorizations=754 updates=3 pinf=(6.064969805091405e7, 3322) dinf=(0.0, 0) elapsed_seconds=286.6390066
CHECKPOINT iteration=38000 refactorizations=764 updates=3 pinf=(1.1360010671780303e7, 3214) dinf=(0.0, 0) elapsed_seconds=291.063636
CHECKPOINT iteration=38500 refactorizations=774 updates=3 pinf=(3.2605032161978805e6, 2881) dinf=(0.0, 0) elapsed_seconds=295.7300342
CHECKPOINT iteration=39000 refactorizations=784 updates=3 pinf=(191971.00700435526, 2515) dinf=(0.0, 0) elapsed_seconds=300.530497
CHECKPOINT iteration=39500 refactorizations=794 updates=3 pinf=(121845.48149458024, 2427) dinf=(0.0, 0) elapsed_seconds=305.4292775
CHECKPOINT iteration=40000 refactorizations=804 updates=3 pinf=(116702.00064448702, 2153) dinf=(0.0, 0) elapsed_seconds=310.242527
CHECKPOINT iteration=40500 refactorizations=814 updates=3 pinf=(31682.264047493143, 1595) dinf=(0.0, 0) elapsed_seconds=315.0049676
CHECKPOINT iteration=41000 refactorizations=824 updates=3 pinf=(386199.56137514417, 1914) dinf=(0.0, 0) elapsed_seconds=319.6812602
CHECKPOINT iteration=41500 refactorizations=834 updates=3 pinf=(255412.4688442081, 1752) dinf=(0.0, 0) elapsed_seconds=324.4704367
CHECKPOINT iteration=42000 refactorizations=844 updates=3 pinf=(183380.93293006797, 1471) dinf=(0.0, 0) elapsed_seconds=329.104531
CHECKPOINT iteration=42500 refactorizations=854 updates=3 pinf=(34798.77170544167, 982) dinf=(0.0, 0) elapsed_seconds=333.6082883
CHECKPOINT iteration=43000 refactorizations=864 updates=3 pinf=(569000.945165678, 1523) dinf=(0.0, 0) elapsed_seconds=338.0598605
CHECKPOINT iteration=43500 refactorizations=874 updates=3 pinf=(4.8826317721983274, 487) dinf=(0.0, 0) elapsed_seconds=342.6581732
CHECKPOINT iteration=44000 refactorizations=884 updates=3 pinf=(0.0077336542689888646, 191) dinf=(0.0, 0) elapsed_seconds=346.7008679
END status=OPTIMAL message=optimal solution found target_reached=false iterations=44145 refactorizations=886 pinf=(0.0, 0) dinf=(0.0, 0) elapsed_seconds=347.7285663
CAPTURE_SUMMARY count=0 last_iteration=-1
SCAN_SUMMARY count=0 last_iteration=-1
ORIGINAL_COST_AUDIT_START iteration=44145 refactorizations=886 updates=48 perturbed=true shifted_costs=5366
PRIMAL_CERTIFICATE stage=restored_costs iteration=44145 refactorizations=886 updates=48 stored_pinf=(0.0, 0) stored_dinf=(1.2268584834946667e-6, 11) certified=false bad_rows=1 bad_columns=0
BAD_PRIMAL_ROW stage=restored_costs row=28453 excess=1.1778350856038742e-7 interval=(-2.203000804001931e-7, 2.1778350856038742e-7) exact_activity=1.573979459273550081931550739732148604140907638074312139751346070722468400255911e-9 stored_activity=-0.0 bounds=(Bound{Float64}(0.0, false), Bound{Float64}(0.0, true))
ORIGINAL_COST_BEFORE_PRIMAL iteration=44145 pinf=(0.0, 0) dinf=(1.2268584834946667e-6, 11)
ORIGINAL_COST_PRIMAL_RESULT status=OPTIMAL message=optimal solution found iteration=44146
PRIMAL_CERTIFICATE stage=after_primal iteration=44146 refactorizations=887 updates=1 stored_pinf=(0.0, 0) stored_dinf=(0.0, 0) certified=false bad_rows=1 bad_columns=0
BAD_PRIMAL_ROW stage=after_primal row=28453 excess=1.1973278307996225e-7 interval=(-2.2021345102984924e-7, 2.1973278307996225e-7) exact_activity=1.586876380087632663450537144585302828292935622268348784473660604081473576807652e-9 stored_activity=-0.0 bounds=(Bound{Float64}(0.0, false), Bound{Float64}(0.0, true))
FAILURE_SNAPSHOT path=C:\Disk_D\JSimplex.jl\diagnostics\runtime_original_cost_after_primal.tsv variables=60068
ORIGINAL_COST_SOLUTION status=NUMERICAL_ERROR
PRIMAL_CERTIFICATE stage=fresh_factorization iteration=44146 refactorizations=888 updates=0 stored_pinf=(0.0, 0) stored_dinf=(0.0, 0) certified=false bad_rows=1 bad_columns=0
BAD_PRIMAL_ROW stage=fresh_factorization row=28453 excess=1.1973278307996225e-7 interval=(-2.2021345102984924e-7, 2.1973278307996225e-7) exact_activity=1.586876380087632663450537144585302828292935622268348784473660604081473576807652e-9 stored_activity=-0.0 bounds=(Bound{Float64}(0.0, false), Bound{Float64}(0.0, true))
FAILURE_SNAPSHOT path=C:\Disk_D\JSimplex.jl\diagnostics\runtime_original_cost_fresh.tsv variables=60068
ORIGINAL_COST_FRESH_SOLUTION status=NUMERICAL_ERROR
