Running native_primal_completion
Running primal_update
Running primal_simplex
Running pivot_retry
Running pivot_atomicity
Running pivot_application
Running primal_candidate_retry
Running legacy_primal_point
Running legacy_primal_point_recovery
Running legacy_primal_equation_point
Running legacy_primal_row_value
Running legacy_primal_correlated_pivot
Running legacy_primal_pivot_row
Running legacy_primal_relative_pivot
Running legacy_primal_roundoff_pivot
Running legacy_primal_preference_work
Running legacy_primal_pivot_preference
Running legacy_primal_residual_probe
Test Summary:                                    |  Pass  Total     Time
Native primal completion and pricing regressions | 16155  16155  2m03.6s
