START 1/20 Dict{String, Any}("job_index" => 1, "seconds" => 90, "reader" => "permuted", "algorithm" => "primal", "id" => "miplib/mod010", "manager" => "pfi", "seed" => 17)
DONE 1 miplib/mod010 permuted OPTIMAL passed=true iterations=679 coverage=Dict("component_proposals" => 0, "original_retry_blocked" => 0, "export_attempts" => 2, "component_certified" => 0, "component_attempts" => 0, "local_attempts" => 2)
START 2/20 Dict{String, Any}("job_index" => 2, "seconds" => 90, "reader" => "permuted", "algorithm" => "primal", "id" => "miplib/mod010", "manager" => "forrest_tomlin", "seed" => 17)
DONE 2 miplib/mod010 permuted OPTIMAL passed=true iterations=621 coverage=Dict("component_proposals" => 0, "original_retry_blocked" => 0, "export_attempts" => 1, "component_certified" => 0, "component_attempts" => 0, "local_attempts" => 0)
START 3/20 Dict{String, Any}("job_index" => 3, "seconds" => 90, "reader" => "permuted", "algorithm" => "primal", "id" => "miplib/mod010", "manager" => "suhl_suhl", "seed" => 17)
DONE 3 miplib/mod010 permuted OPTIMAL passed=true iterations=647 coverage=Dict("component_proposals" => 0, "original_retry_blocked" => 0, "export_attempts" => 1, "component_certified" => 0, "component_attempts" => 0, "local_attempts" => 0)
START 4/20 Dict{String, Any}("job_index" => 4, "seconds" => 90, "reader" => "permuted", "algorithm" => "primal", "id" => "miplib/mod010", "manager" => "bartels_golub", "seed" => 17)
DONE 4 miplib/mod010 permuted OPTIMAL passed=true iterations=622 coverage=Dict("component_proposals" => 0, "original_retry_blocked" => 0, "export_attempts" => 2, "component_certified" => 0, "component_attempts" => 0, "local_attempts" => 2)
START 5/20 Dict{String, Any}("job_index" => 5, "seconds" => 90, "reader" => "permuted", "algorithm" => "primal", "id" => "miplib/mod010", "manager" => "pfi", "seed" => 1)
DONE 5 miplib/mod010 permuted NUMERICAL_ERROR passed=false iterations=272 coverage=Dict("component_proposals" => 0, "original_retry_blocked" => 1, "export_attempts" => 0, "component_certified" => 0, "component_attempts" => 0, "local_attempts" => 0)
START 6/20 Dict{String, Any}("job_index" => 6, "seconds" => 90, "reader" => "permuted", "algorithm" => "primal", "id" => "miplib/mod010", "manager" => "pfi", "seed" => 2)
DONE 6 miplib/mod010 permuted OPTIMAL passed=true iterations=619 coverage=Dict("component_proposals" => 0, "original_retry_blocked" => 0, "export_attempts" => 1, "component_certified" => 0, "component_attempts" => 0, "local_attempts" => 0)
START 7/20 Dict{String, Any}("job_index" => 7, "seconds" => 90, "reader" => "permuted", "algorithm" => "primal", "id" => "miplib/mod010", "manager" => "pfi", "seed" => 29)
DONE 7 miplib/mod010 permuted OPTIMAL passed=true iterations=586 coverage=Dict("component_proposals" => 0, "original_retry_blocked" => 0, "export_attempts" => 2, "component_certified" => 0, "component_attempts" => 0, "local_attempts" => 2)
START 8/20 Dict{String, Any}("job_index" => 8, "seconds" => 90, "reader" => "native", "algorithm" => "primal", "id" => "miplib/mod010", "manager" => "pfi")
DONE 8 miplib/mod010 native OPTIMAL passed=true iterations=532 coverage=Dict("component_proposals" => 1, "original_retry_blocked" => 0, "export_attempts" => 1, "component_certified" => 1, "component_attempts" => 1, "local_attempts" => 1)
START 9/20 Dict{String, Any}("job_index" => 9, "seconds" => 90, "reader" => "jump", "algorithm" => "primal", "id" => "miplib/mod010", "manager" => "pfi")
DONE 9 miplib/mod010 jump OPTIMAL passed=true iterations=595 coverage=Dict("component_proposals" => 0, "original_retry_blocked" => 0, "export_attempts" => 1, "component_certified" => 0, "component_attempts" => 0, "local_attempts" => 0)
START 10/20 Dict{String, Any}("job_index" => 10, "seconds" => 90, "reader" => "native", "algorithm" => "primal", "id" => "netlib/scsd6", "manager" => "pfi")
DONE 10 netlib/scsd6 native OPTIMAL passed=true iterations=340 coverage=Dict("component_proposals" => 1, "original_retry_blocked" => 0, "export_attempts" => 1, "component_certified" => 1, "component_attempts" => 1, "local_attempts" => 1)
START 11/20 Dict{String, Any}("job_index" => 11, "seconds" => 90, "reader" => "native", "algorithm" => "primal", "id" => "netlib/scsd6", "manager" => "forrest_tomlin")
DONE 11 netlib/scsd6 native OPTIMAL passed=true iterations=326 coverage=Dict("component_proposals" => 1, "original_retry_blocked" => 0, "export_attempts" => 1, "component_certified" => 1, "component_attempts" => 1, "local_attempts" => 1)
START 12/20 Dict{String, Any}("job_index" => 12, "seconds" => 90, "reader" => "native", "algorithm" => "primal", "id" => "netlib/scsd6", "manager" => "suhl_suhl")
DONE 12 netlib/scsd6 native OPTIMAL passed=true iterations=329 coverage=Dict("component_proposals" => 1, "original_retry_blocked" => 0, "export_attempts" => 1, "component_certified" => 1, "component_attempts" => 1, "local_attempts" => 1)
START 13/20 Dict{String, Any}("job_index" => 13, "seconds" => 90, "reader" => "native", "algorithm" => "primal", "id" => "netlib/scsd6", "manager" => "bartels_golub")
DONE 13 netlib/scsd6 native OPTIMAL passed=true iterations=337 coverage=Dict("component_proposals" => 1, "original_retry_blocked" => 0, "export_attempts" => 1, "component_certified" => 1, "component_attempts" => 1, "local_attempts" => 1)
START 14/20 Dict{String, Any}("job_index" => 14, "seconds" => 90, "reader" => "jump", "algorithm" => "primal", "id" => "netlib/scsd6", "manager" => "pfi")
DONE 14 netlib/scsd6 jump OPTIMAL passed=true iterations=340 coverage=Dict("component_proposals" => 1, "original_retry_blocked" => 0, "export_attempts" => 1, "component_certified" => 1, "component_attempts" => 1, "local_attempts" => 1)
START 15/20 Dict{String, Any}("job_index" => 15, "seconds" => 90, "reader" => "native", "algorithm" => "primal", "id" => "netlib/cycle", "manager" => "pfi")
DONE 15 netlib/cycle native NUMERICAL_ERROR passed=false iterations=868 coverage=Dict("component_proposals" => 0, "original_retry_blocked" => 1, "export_attempts" => 0, "component_certified" => 0, "component_attempts" => 0, "local_attempts" => 0)
START 16/20 Dict{String, Any}("job_index" => 16, "seconds" => 90, "reader" => "jump", "algorithm" => "primal", "id" => "netlib/cycle", "manager" => "pfi")
DONE 16 netlib/cycle jump OPTIMAL passed=true iterations=1291 coverage=Dict("component_proposals" => 0, "original_retry_blocked" => 0, "export_attempts" => 0, "component_certified" => 0, "component_attempts" => 0, "local_attempts" => 0)
START 17/20 Dict{String, Any}("job_index" => 17, "seconds" => 90, "reader" => "native", "algorithm" => "primal", "id" => "netlib/stocfor2", "manager" => "pfi")
DONE 17 netlib/stocfor2 native OPTIMAL passed=true iterations=1970 coverage=Dict("component_proposals" => 0, "original_retry_blocked" => 0, "export_attempts" => 1, "component_certified" => 0, "component_attempts" => 0, "local_attempts" => 0)
START 18/20 Dict{String, Any}("job_index" => 18, "seconds" => 90, "reader" => "jump", "algorithm" => "primal", "id" => "netlib/stocfor2", "manager" => "pfi")
DONE 18 netlib/stocfor2 jump NUMERICAL_ERROR passed=false iterations=1957 coverage=Dict("component_proposals" => 0, "original_retry_blocked" => 1, "export_attempts" => 1, "component_certified" => 0, "component_attempts" => 0, "local_attempts" => 0)
START 19/20 Dict{String, Any}("job_index" => 19, "seconds" => 90, "reader" => "native", "algorithm" => "dual", "id" => "miplib/mod010", "manager" => "pfi")
DONE 19 miplib/mod010 native OPTIMAL passed=true iterations=679 coverage=Dict("component_proposals" => 0, "original_retry_blocked" => 0, "export_attempts" => 0, "component_certified" => 0, "component_attempts" => 0, "local_attempts" => 0)
START 20/20 Dict{String, Any}("job_index" => 20, "seconds" => 90, "reader" => "jump", "algorithm" => "dual", "id" => "miplib/mod010", "manager" => "pfi")
DONE 20 miplib/mod010 jump OPTIMAL passed=true iterations=712 coverage=Dict("component_proposals" => 0, "original_retry_blocked" => 0, "export_attempts" => 0, "component_certified" => 0, "component_attempts" => 0, "local_attempts" => 0)
