PREFIX /tmp/degen3-phase-capture-job1-seed20261001-netlib-degen3-native-primal-pfi-true-boundary
INITIAL iteration=2345 sum=-1.585214088225828e-6 positive_sum=2.8322842860996737e-7 negative_sum=-1.8684425168357956e-6 maxabs=1.1452136263988563e-7 above_tolerance=1 basic_count=25 largest=[(1.1452136263988563e-7, 1905), (-9.952706614413387e-8, 1793), (-9.31260204506401e-8, 2050), (-8.074912175026758e-8, 1993), (-7.153707365370469e-8, 1959)]
EXCHANGE row=5 entering=2386 artificial=-9.952706614413387e-8 pivot=-1.0 direction_norm=1.0 movement=9.952706614413387e-8
PREDICTED iteration=2345 sum=-1.4856870220816944e-6 positive_sum=2.8322842860996737e-7 negative_sum=-1.7689154506916617e-6 maxabs=1.1452136263988563e-7 above_tolerance=1 basic_count=25 largest=[(1.1452136263988563e-7, 1905), (-9.31260204506401e-8, 2050), (-8.074912175026758e-8, 1993), (-7.153707365370469e-8, 1959), (-6.962555323952735e-8, 2104)]
RECONSTRUCTED iteration=2346 sum=-1.4856870220816944e-6 positive_sum=2.8322842860996737e-7 negative_sum=-1.7689154506916617e-6 maxabs=1.1452136263988563e-7 above_tolerance=1 basic_count=24 largest=[(1.1452136263988563e-7, 1905), (-9.31260204506401e-8, 2050), (-8.074912175026758e-8, 1993), (-7.153707365370469e-8, 1959), (-6.962555323952735e-8, 2104)]
CERTIFIED iteration=2346 sum=-1.485687003612542e-6 positive_sum=2.8322844197538484e-7 negative_sum=-1.768915445587927e-6 maxabs=1.1452136252668305e-7 above_tolerance=1 basic_count=24 largest=[(1.1452136252668305e-7, 1905), (-9.312602045064011e-8, 2050), (-8.074912172251203e-8, 1993), (-7.153707384349104e-8, 1959), (-6.962555113639661e-8, 2104)]
EXCHANGE row=6 entering=2866 artificial=-3.0705107172758323e-16 pivot=-1.0 direction_norm=1.0 movement=3.0705107172758323e-16
PREDICTED iteration=2346 sum=-1.485687003305491e-6 positive_sum=2.8322844197538484e-7 negative_sum=-1.7689154452808758e-6 maxabs=1.1452136252668305e-7 above_tolerance=1 basic_count=24 largest=[(1.1452136252668305e-7, 1905), (-9.312602045064011e-8, 2050), (-8.074912172251203e-8, 1993), (-7.153707384349104e-8, 1959), (-6.962555113639661e-8, 2104)]
RECONSTRUCTED iteration=2347 sum=-1.4856870218596498e-6 positive_sum=2.8322842860996737e-7 negative_sum=-1.7689154504696171e-6 maxabs=1.1452136263988563e-7 above_tolerance=1 basic_count=23 largest=[(1.1452136263988563e-7, 1905), (-9.31260204506401e-8, 2050), (-8.074912175026758e-8, 1993), (-7.153707365370469e-8, 1959), (-6.962555323952735e-8, 2104)]
CERTIFIED iteration=2347 sum=-1.485687003305491e-6 positive_sum=2.8322844197538484e-7 negative_sum=-1.7689154452808758e-6 maxabs=1.1452136252668305e-7 above_tolerance=1 basic_count=23 largest=[(1.1452136252668305e-7, 1905), (-9.312602045064011e-8, 2050), (-8.074912172251203e-8, 1993), (-7.153707384349104e-8, 1959), (-6.962555113639661e-8, 2104)]
EXCHANGE row=7 entering=2771 artificial=-5.681754561281949e-9 pivot=-1.0 direction_norm=1.0 movement=5.681754561281949e-9
PREDICTED iteration=2347 sum=-1.4800052487442089e-6 positive_sum=2.8322844197538484e-7 negative_sum=-1.763233690719594e-6 maxabs=1.1452136252668305e-7 above_tolerance=1 basic_count=23 largest=[(1.1452136252668305e-7, 1905), (-9.312602045064011e-8, 2050), (-8.074912172251203e-8, 1993), (-7.153707384349104e-8, 1959), (-6.962555113639661e-8, 2104)]
RECONSTRUCTED iteration=2348 sum=-1.480005267015261e-6 positive_sum=2.8322842860996737e-7 negative_sum=-1.7632336956252283e-6 maxabs=1.1452136263988563e-7 above_tolerance=1 basic_count=22 largest=[(1.1452136263988563e-7, 1905), (-9.31260204506401e-8, 2050), (-8.074912175026758e-8, 1993), (-7.153707365370469e-8, 1959), (-6.962555323952735e-8, 2104)]
CERTIFIED iteration=2348 sum=-1.4800052487442089e-6 positive_sum=2.8322844197538484e-7 negative_sum=-1.763233690719594e-6 maxabs=1.1452136252668305e-7 above_tolerance=1 basic_count=22 largest=[(1.1452136252668305e-7, 1905), (-9.312602045064011e-8, 2050), (-8.074912172251203e-8, 1993), (-7.153707384349104e-8, 1959), (-6.962555113639661e-8, 2104)]
EXCHANGE row=66 entering=1588 artificial=2.7540394012500403e-8 pivot=-1.0 direction_norm=1.0 movement=-2.7540394012500403e-8
PREDICTED iteration=2348 sum=-1.5075456427567093e-6 positive_sum=2.556880479628844e-7 negative_sum=-1.763233690719594e-6 maxabs=1.1452136252668305e-7 above_tolerance=1 basic_count=22 largest=[(1.1452136252668305e-7, 1905), (-9.312602045064011e-8, 2050), (-8.074912172251203e-8, 1993), (-7.153707384349104e-8, 1959), (-6.962555113639661e-8, 2104)]
RECONSTRUCTED iteration=2349 sum=-1.5075456432979477e-6 positive_sum=2.556880523272805e-7 negative_sum=-1.7632336956252283e-6 maxabs=1.1452136263988563e-7 above_tolerance=1 basic_count=21 largest=[(1.1452136263988563e-7, 1905), (-9.31260204506401e-8, 2050), (-8.074912175026758e-8, 1993), (-7.153707365370469e-8, 1959), (-6.962555323952735e-8, 2104)]
CERTIFIED iteration=2349 sum=-1.5075456427567093e-6 positive_sum=2.556880479628844e-7 negative_sum=-1.763233690719594e-6 maxabs=1.1452136252668305e-7 above_tolerance=1 basic_count=21 largest=[(1.1452136252668305e-7, 1905), (-9.312602045064011e-8, 2050), (-8.074912172251203e-8, 1993), (-7.153707384349104e-8, 1959), (-6.962555113639661e-8, 2104)]
EXCHANGE row=155 entering=2588 artificial=-1.1379786002407805e-15 pivot=-1.0 direction_norm=1.0 movement=1.1379786002407805e-15
PREDICTED iteration=2349 sum=-1.5075456416187307e-6 positive_sum=2.556880479628844e-7 negative_sum=-1.7632336895816154e-6 maxabs=1.1452136252668305e-7 above_tolerance=1 basic_count=21 largest=[(1.1452136252668305e-7, 1905), (-9.312602045064011e-8, 2050), (-8.074912172251203e-8, 1993), (-7.153707384349104e-8, 1959), (-6.962555113639661e-8, 2104)]
RECONSTRUCTED iteration=2350 sum=-1.5075456416048576e-6 positive_sum=2.556880523272805e-7 negative_sum=-1.7632336939321382e-6 maxabs=1.1452136263988563e-7 above_tolerance=1 basic_count=20 largest=[(1.1452136263988563e-7, 1905), (-9.31260204506401e-8, 2050), (-8.074912175026758e-8, 1993), (-7.153707365370469e-8, 1959), (-6.962555323952735e-8, 2104)]
CERTIFIED iteration=2350 sum=-1.5075456416187307e-6 positive_sum=2.556880479628844e-7 negative_sum=-1.7632336895816154e-6 maxabs=1.1452136252668305e-7 above_tolerance=1 basic_count=20 largest=[(1.1452136252668305e-7, 1905), (-9.312602045064011e-8, 2050), (-8.074912172251203e-8, 1993), (-7.153707384349104e-8, 1959), (-6.962555113639661e-8, 2104)]
EXCHANGE row=243 entering=2926 artificial=1.4688779704447756e-8 pivot=-1.0 direction_norm=1.0 movement=-1.4688779704447756e-8
PREDICTED iteration=2350 sum=-1.5222344213231785e-6 positive_sum=2.409992682584367e-7 negative_sum=-1.7632336895816154e-6 maxabs=1.1452136252668305e-7 above_tolerance=1 basic_count=20 largest=[(1.1452136252668305e-7, 1905), (-9.312602045064011e-8, 2050), (-8.074912172251203e-8, 1993), (-7.153707384349104e-8, 1959), (-6.962555113639661e-8, 2104)]
RECONSTRUCTED iteration=2351 sum=-1.5222344236821777e-6 positive_sum=2.4099927024996053e-7 negative_sum=-1.7632336939321382e-6 maxabs=1.1452136263988563e-7 above_tolerance=1 basic_count=19 largest=[(1.1452136263988563e-7, 1905), (-9.31260204506401e-8, 2050), (-8.074912175026758e-8, 1993), (-7.153707365370469e-8, 1959), (-6.962555323952735e-8, 2104)]
CERTIFIED iteration=2351 sum=-1.5222344213231785e-6 positive_sum=2.409992682584367e-7 negative_sum=-1.7632336895816154e-6 maxabs=1.1452136252668305e-7 above_tolerance=1 basic_count=19 largest=[(1.1452136252668305e-7, 1905), (-9.312602045064011e-8, 2050), (-8.074912172251203e-8, 1993), (-7.153707384349104e-8, 1959), (-6.962555113639661e-8, 2104)]
EXCHANGE row=274 entering=2655 artificial=-9.312602045064011e-8 pivot=-1.0 direction_norm=1.0 movement=9.312602045064011e-8
PREDICTED iteration=2351 sum=-1.4291084008725384e-6 positive_sum=2.409992682584367e-7 negative_sum=-1.670107669130975e-6 maxabs=1.1452136252668305e-7 above_tolerance=1 basic_count=19 largest=[(1.1452136252668305e-7, 1905), (-8.074912172251203e-8, 1993), (-7.153707384349104e-8, 1959), (-6.962555113639661e-8, 2104), (5.664507451730887e-8, 1980)]
RECONSTRUCTED iteration=2352 sum=-1.4291084032315374e-6 positive_sum=2.4099927024996053e-7 negative_sum=-1.670107673481498e-6 maxabs=1.1452136263988563e-7 above_tolerance=1 basic_count=18 largest=[(1.1452136263988563e-7, 1905), (-8.074912175026758e-8, 1993), (-7.153707365370469e-8, 1959), (-6.962555323952735e-8, 2104), (5.6645075963146496e-8, 1980)]
CERTIFIED iteration=2352 sum=-1.4291084008725384e-6 positive_sum=2.409992682584367e-7 negative_sum=-1.670107669130975e-6 maxabs=1.1452136252668305e-7 above_tolerance=1 basic_count=18 largest=[(1.1452136252668305e-7, 1905), (-8.074912172251203e-8, 1993), (-7.153707384349104e-8, 1959), (-6.962555113639661e-8, 2104), (5.664507451730887e-8, 1980)]
EXCHANGE row=329 entering=2643 artificial=2.7464046710237505e-8 pivot=-1.0 direction_norm=1.0 movement=-2.7464046710237505e-8
PREDICTED iteration=2352 sum=-1.4565724475827759e-6 positive_sum=2.1353522154819916e-7 negative_sum=-1.670107669130975e-6 maxabs=1.1452136252668305e-7 above_tolerance=1 basic_count=18 largest=[(1.1452136252668305e-7, 1905), (-8.074912172251203e-8, 1993), (-7.153707384349104e-8, 1959), (-6.962555113639661e-8, 2104), (5.664507451730887e-8, 1980)]
RECONSTRUCTED iteration=2353 sum=-1.456572450813971e-6 positive_sum=2.1353522266752697e-7 negative_sum=-1.670107673481498e-6 maxabs=1.1452136263988563e-7 above_tolerance=1 basic_count=17 largest=[(1.1452136263988563e-7, 1905), (-8.074912175026758e-8, 1993), (-7.153707365370469e-8, 1959), (-6.962555323952735e-8, 2104), (5.6645075963146496e-8, 1980)]
CERTIFIED iteration=2353 sum=-1.4565724475827759e-6 positive_sum=2.1353522154819916e-7 negative_sum=-1.670107669130975e-6 maxabs=1.1452136252668305e-7 above_tolerance=1 basic_count=17 largest=[(1.1452136252668305e-7, 1905), (-8.074912172251203e-8, 1993), (-7.153707384349104e-8, 1959), (-6.962555113639661e-8, 2104), (5.664507451730887e-8, 1980)]
EXCHANGE row=331 entering=2712 artificial=-6.962555113639661e-8 pivot=-1.0 direction_norm=1.0 movement=6.962555113639661e-8
PREDICTED iteration=2353 sum=-1.3869468964463792e-6 positive_sum=2.1353522154819916e-7 negative_sum=-1.6004821179945785e-6 maxabs=1.1452136252668305e-7 above_tolerance=1 basic_count=17 largest=[(1.1452136252668305e-7, 1905), (-8.074912172251203e-8, 1993), (-7.153707384349104e-8, 1959), (5.664507451730887e-8, 1980), (-5.3472895002529255e-8, 2276)]
RECONSTRUCTED iteration=2354 sum=-1.3869468975744438e-6 positive_sum=2.1353522266752697e-7 negative_sum=-1.6004821202419707e-6 maxabs=1.1452136263988563e-7 above_tolerance=1 basic_count=16 largest=[(1.1452136263988563e-7, 1905), (-8.074912175026758e-8, 1993), (-7.153707365370469e-8, 1959), (5.6645075963146496e-8, 1980), (-5.34728949452834e-8, 2276)]
CERTIFIED iteration=2354 sum=-1.3869468964463792e-6 positive_sum=2.1353522154819916e-7 negative_sum=-1.6004821179945785e-6 maxabs=1.1452136252668305e-7 above_tolerance=1 basic_count=16 largest=[(1.1452136252668305e-7, 1905), (-8.074912172251203e-8, 1993), (-7.153707384349104e-8, 1959), (5.664507451730887e-8, 1980), (-5.3472895002529255e-8, 2276)]
EXCHANGE row=422 entering=2583 artificial=5.664507451730887e-8 pivot=-1.0 direction_norm=1.0 movement=-5.664507451730887e-8
PREDICTED iteration=2354 sum=-1.4435919709636881e-6 positive_sum=1.568901470308903e-7 negative_sum=-1.6004821179945785e-6 maxabs=1.1452136252668305e-7 above_tolerance=1 basic_count=16 largest=[(1.1452136252668305e-7, 1905), (-8.074912172251203e-8, 1993), (-7.153707384349104e-8, 1959), (-5.3472895002529255e-8, 2276), (4.2182688356456215e-8, 2061)]
RECONSTRUCTED iteration=2355 sum=-1.4435919735375902e-6 positive_sum=1.5689014670438047e-7 negative_sum=-1.6004821202419707e-6 maxabs=1.1452136263988563e-7 above_tolerance=1 basic_count=15 largest=[(1.1452136263988563e-7, 1905), (-8.074912175026758e-8, 1993), (-7.153707365370469e-8, 1959), (-5.34728949452834e-8, 2276), (4.218268803701797e-8, 2061)]
CERTIFIED iteration=2355 sum=-1.4435919709636881e-6 positive_sum=1.568901470308903e-7 negative_sum=-1.6004821179945785e-6 maxabs=1.1452136252668305e-7 above_tolerance=1 basic_count=15 largest=[(1.1452136252668305e-7, 1905), (-8.074912172251203e-8, 1993), (-7.153707384349104e-8, 1959), (-5.3472895002529255e-8, 2276), (4.2182688356456215e-8, 2061)]
EXCHANGE row=425 entering=2822 artificial=-1.5300973111526833e-8 pivot=-1.0 direction_norm=1.0 movement=1.5300973111526833e-8
PREDICTED iteration=2355 sum=-1.4282909978521613e-6 positive_sum=1.568901470308903e-7 negative_sum=-1.5851811448830516e-6 maxabs=1.1452136252668305e-7 above_tolerance=1 basic_count=15 largest=[(1.1452136252668305e-7, 1905), (-8.074912172251203e-8, 1993), (-7.153707384349104e-8, 1959), (-5.3472895002529255e-8, 2276), (4.2182688356456215e-8, 2061)]
RECONSTRUCTED iteration=2356 sum=-1.4282909979399362e-6 positive_sum=1.5689014670438047e-7 negative_sum=-1.5851811446443167e-6 maxabs=1.1452136263988563e-7 above_tolerance=1 basic_count=14 largest=[(1.1452136263988563e-7, 1905), (-8.074912175026758e-8, 1993), (-7.153707365370469e-8, 1959), (-5.34728949452834e-8, 2276), (4.218268803701797e-8, 2061)]
CERTIFIED iteration=2356 sum=-1.4282909978521613e-6 positive_sum=1.568901470308903e-7 negative_sum=-1.5851811448830516e-6 maxabs=1.1452136252668305e-7 above_tolerance=1 basic_count=14 largest=[(1.1452136252668305e-7, 1905), (-8.074912172251203e-8, 1993), (-7.153707384349104e-8, 1959), (-5.3472895002529255e-8, 2276), (4.2182688356456215e-8, 2061)]
EXCHANGE row=495 entering=2876 artificial=0.0 pivot=-1.0 direction_norm=1.0 movement=-0.0
PREDICTED iteration=2356 sum=-1.4282909978521613e-6 positive_sum=1.568901470308903e-7 negative_sum=-1.5851811448830516e-6 maxabs=1.1452136252668305e-7 above_tolerance=1 basic_count=14 largest=[(1.1452136252668305e-7, 1905), (-8.074912172251203e-8, 1993), (-7.153707384349104e-8, 1959), (-5.3472895002529255e-8, 2276), (4.2182688356456215e-8, 2061)]
RECONSTRUCTED iteration=2357 sum=-1.4282909979399362e-6 positive_sum=1.5689014670438047e-7 negative_sum=-1.5851811446443167e-6 maxabs=1.1452136263988563e-7 above_tolerance=1 basic_count=13 largest=[(1.1452136263988563e-7, 1905), (-8.074912175026758e-8, 1993), (-7.153707365370469e-8, 1959), (-5.34728949452834e-8, 2276), (4.218268803701797e-8, 2061)]
CERTIFIED iteration=2357 sum=-1.4282909978521613e-6 positive_sum=1.568901470308903e-7 negative_sum=-1.5851811448830516e-6 maxabs=1.1452136252668305e-7 above_tolerance=1 basic_count=13 largest=[(1.1452136252668305e-7, 1905), (-8.074912172251203e-8, 1993), (-7.153707384349104e-8, 1959), (-5.3472895002529255e-8, 2276), (4.2182688356456215e-8, 2061)]
EXCHANGE row=506 entering=2887 artificial=-5.3472895002529255e-8 pivot=-1.0 direction_norm=1.0 movement=5.3472895002529255e-8
PREDICTED iteration=2357 sum=-1.3748181028496322e-6 positive_sum=1.568901470308903e-7 negative_sum=-1.5317082498805224e-6 maxabs=1.1452136252668305e-7 above_tolerance=1 basic_count=13 largest=[(1.1452136252668305e-7, 1905), (-8.074912172251203e-8, 1993), (-7.153707384349104e-8, 1959), (4.2182688356456215e-8, 2061), (-4.095711103602184e-9, 1860)]
RECONSTRUCTED iteration=2358 sum=-1.3748181029946528e-6 positive_sum=1.5689014670438047e-7 negative_sum=-1.5317082496990333e-6 maxabs=1.1452136263988563e-7 above_tolerance=1 basic_count=12 largest=[(1.1452136263988563e-7, 1905), (-8.074912175026758e-8, 1993), (-7.153707365370469e-8, 1959), (4.218268803701797e-8, 2061), (-4.095711103602184e-9, 1860)]
CERTIFIED iteration=2358 sum=-1.3748181028496322e-6 positive_sum=1.568901470308903e-7 negative_sum=-1.5317082498805224e-6 maxabs=1.1452136252668305e-7 above_tolerance=1 basic_count=12 largest=[(1.1452136252668305e-7, 1905), (-8.074912172251203e-8, 1993), (-7.153707384349104e-8, 1959), (4.2182688356456215e-8, 2061), (-4.095711103602184e-9, 1860)]
EXCHANGE row=520 entering=2901 artificial=-2.563750906122175e-13 pivot=-1.0 direction_norm=1.0 movement=2.563750906122175e-13
PREDICTED iteration=2358 sum=-1.3748178464745414e-6 positive_sum=1.568901470308903e-7 negative_sum=-1.5317079935054317e-6 maxabs=1.1452136252668305e-7 above_tolerance=1 basic_count=12 largest=[(1.1452136252668305e-7, 1905), (-8.074912172251203e-8, 1993), (-7.153707384349104e-8, 1959), (4.2182688356456215e-8, 2061), (-4.095711103602184e-9, 1860)]
RECONSTRUCTED iteration=2359 sum=-1.374817846533134e-6 positive_sum=1.5689014670438047e-7 negative_sum=-1.5317079932375146e-6 maxabs=1.1452136263988563e-7 above_tolerance=1 basic_count=11 largest=[(1.1452136263988563e-7, 1905), (-8.074912175026758e-8, 1993), (-7.153707365370469e-8, 1959), (4.218268803701797e-8, 2061), (-4.095711103602184e-9, 1860)]
CERTIFIED iteration=2359 sum=-1.3748178464745414e-6 positive_sum=1.568901470308903e-7 negative_sum=-1.5317079935054317e-6 maxabs=1.1452136252668305e-7 above_tolerance=1 basic_count=11 largest=[(1.1452136252668305e-7, 1905), (-8.074912172251203e-8, 1993), (-7.153707384349104e-8, 1959), (4.2182688356456215e-8, 2061), (-4.095711103602184e-9, 1860)]
EXCHANGE row=530 entering=2467 artificial=-7.666505105107779e-10 pivot=-1.0 direction_norm=1.0 movement=7.666505105107779e-10
PREDICTED iteration=2359 sum=-1.3740511959640308e-6 positive_sum=1.568901470308903e-7 negative_sum=-1.530941342994921e-6 maxabs=1.1452136252668305e-7 above_tolerance=1 basic_count=11 largest=[(1.1452136252668305e-7, 1905), (-8.074912172251203e-8, 1993), (-7.153707384349104e-8, 1959), (4.2182688356456215e-8, 2061), (-4.095711103602184e-9, 1860)]
RECONSTRUCTED iteration=2360 sum=-1.3740511960122893e-6 positive_sum=1.5689014670438047e-7 negative_sum=-1.5309413427166698e-6 maxabs=1.1452136263988563e-7 above_tolerance=1 basic_count=10 largest=[(1.1452136263988563e-7, 1905), (-8.074912175026758e-8, 1993), (-7.153707365370469e-8, 1959), (4.218268803701797e-8, 2061), (-4.095711103602184e-9, 1860)]
CERTIFIED iteration=2360 sum=-1.3740511959640308e-6 positive_sum=1.568901470308903e-7 negative_sum=-1.530941342994921e-6 maxabs=1.1452136252668305e-7 above_tolerance=1 basic_count=10 largest=[(1.1452136252668305e-7, 1905), (-8.074912172251203e-8, 1993), (-7.153707384349104e-8, 1959), (4.2182688356456215e-8, 2061), (-4.095711103602184e-9, 1860)]
EXCHANGE row=532 entering=2913 artificial=0.0 pivot=-1.0 direction_norm=1.0 movement=-0.0
PREDICTED iteration=2360 sum=-1.3740511959640308e-6 positive_sum=1.568901470308903e-7 negative_sum=-1.530941342994921e-6 maxabs=1.1452136252668305e-7 above_tolerance=1 basic_count=10 largest=[(1.1452136252668305e-7, 1905), (-8.074912172251203e-8, 1993), (-7.153707384349104e-8, 1959), (4.2182688356456215e-8, 2061), (-4.095711103602184e-9, 1860)]
RECONSTRUCTED iteration=2361 sum=-1.3740511960122893e-6 positive_sum=1.5689014670438047e-7 negative_sum=-1.5309413427166698e-6 maxabs=1.1452136263988563e-7 above_tolerance=1 basic_count=9 largest=[(1.1452136263988563e-7, 1905), (-8.074912175026758e-8, 1993), (-7.153707365370469e-8, 1959), (4.218268803701797e-8, 2061), (-4.095711103602184e-9, 1860)]
CERTIFIED iteration=2361 sum=-1.3740511959640308e-6 positive_sum=1.568901470308903e-7 negative_sum=-1.530941342994921e-6 maxabs=1.1452136252668305e-7 above_tolerance=1 basic_count=9 largest=[(1.1452136252668305e-7, 1905), (-8.074912172251203e-8, 1993), (-7.153707384349104e-8, 1959), (4.2182688356456215e-8, 2061), (-4.095711103602184e-9, 1860)]
EXCHANGE row=575 entering=2597 artificial=-8.074912172251203e-8 pivot=-1.0 direction_norm=1.0 movement=8.074912172251203e-8
PREDICTED iteration=2361 sum=-1.2933020742415188e-6 positive_sum=1.568901470308903e-7 negative_sum=-1.450192221272409e-6 maxabs=1.1452136252668305e-7 above_tolerance=1 basic_count=9 largest=[(1.1452136252668305e-7, 1905), (-7.153707384349104e-8, 1959), (4.2182688356456215e-8, 2061), (-4.095711103602184e-9, 1860), (1.860961477510387e-10, 1906)]
RECONSTRUCTED iteration=2362 sum=-1.2933020742620217e-6 positive_sum=1.5689014670438047e-7 negative_sum=-1.4501922209664022e-6 maxabs=1.1452136263988563e-7 above_tolerance=1 basic_count=8 largest=[(1.1452136263988563e-7, 1905), (-7.153707365370469e-8, 1959), (4.218268803701797e-8, 2061), (-4.095711103602184e-9, 1860), (1.860960274768786e-10, 1906)]
CERTIFIED iteration=2362 sum=-1.2933020742415188e-6 positive_sum=1.568901470308903e-7 negative_sum=-1.450192221272409e-6 maxabs=1.1452136252668305e-7 above_tolerance=1 basic_count=8 largest=[(1.1452136252668305e-7, 1905), (-7.153707384349104e-8, 1959), (4.2182688356456215e-8, 2061), (-4.095711103602184e-9, 1860), (1.860961477510387e-10, 1906)]
EXCHANGE row=613 entering=2507 artificial=1.860961477510387e-10 pivot=-1.0 direction_norm=1.0 movement=-1.860961477510387e-10
PREDICTED iteration=2362 sum=-1.2934881703892697e-6 positive_sum=1.5670405088313926e-7 negative_sum=-1.450192221272409e-6 maxabs=1.1452136252668305e-7 above_tolerance=1 basic_count=8 largest=[(1.1452136252668305e-7, 1905), (-7.153707384349104e-8, 1959), (4.2182688356456215e-8, 2061), (-4.095711103602184e-9, 1860), (-9.061977094637292e-11, 1901)]
RECONSTRUCTED iteration=2363 sum=-1.2934881702894986e-6 positive_sum=1.567040506769036e-7 negative_sum=-1.4501922209664022e-6 maxabs=1.1452136263988563e-7 above_tolerance=1 basic_count=7 largest=[(1.1452136263988563e-7, 1905), (-7.153707365370469e-8, 1959), (4.218268803701797e-8, 2061), (-4.095711103602184e-9, 1860), (-9.06197246871162e-11, 1901)]
CERTIFIED iteration=2363 sum=-1.2934881703892697e-6 positive_sum=1.5670405088313926e-7 negative_sum=-1.450192221272409e-6 maxabs=1.1452136252668305e-7 above_tolerance=1 basic_count=7 largest=[(1.1452136252668305e-7, 1905), (-7.153707384349104e-8, 1959), (4.2182688356456215e-8, 2061), (-4.095711103602184e-9, 1860), (-9.061977094637292e-11, 1901)]
EXCHANGE row=730 entering=1565 artificial=4.2182688356456215e-8 pivot=-1.0 direction_norm=1.0 movement=-4.2182688356456215e-8
PREDICTED iteration=2363 sum=-1.3356708587457258e-6 positive_sum=1.1452136252668305e-7 negative_sum=-1.450192221272409e-6 maxabs=1.1452136252668305e-7 above_tolerance=1 basic_count=7 largest=[(1.1452136252668305e-7, 1905), (-7.153707384349104e-8, 1959), (-4.095711103602184e-9, 1860), (-9.061977094637292e-11, 1901), (-3.759549944408408e-14, 1828)]
RECONSTRUCTED iteration=2364 sum=-1.3356708583265165e-6 positive_sum=1.1452136263988563e-7 negative_sum=-1.4501922209664022e-6 maxabs=1.1452136263988563e-7 above_tolerance=1 basic_count=6 largest=[(1.1452136263988563e-7, 1905), (-7.153707365370469e-8, 1959), (-4.095711103602184e-9, 1860), (-9.06197246871162e-11, 1901), (-3.752553823233029e-14, 1828)]
CERTIFIED iteration=2364 sum=-1.3356708587457258e-6 positive_sum=1.1452136252668305e-7 negative_sum=-1.450192221272409e-6 maxabs=1.1452136252668305e-7 above_tolerance=1 basic_count=6 largest=[(1.1452136252668305e-7, 1905), (-7.153707384349104e-8, 1959), (-4.095711103602184e-9, 1860), (-9.061977094637292e-11, 1901), (-3.759549944408408e-14, 1828)]
EXCHANGE row=988 entering=2924 artificial=0.0 pivot=-1.0 direction_norm=1.0 movement=-0.0
PREDICTED iteration=2364 sum=-1.3356708587457258e-6 positive_sum=1.1452136252668305e-7 negative_sum=-1.450192221272409e-6 maxabs=1.1452136252668305e-7 above_tolerance=1 basic_count=6 largest=[(1.1452136252668305e-7, 1905), (-7.153707384349104e-8, 1959), (-4.095711103602184e-9, 1860), (-9.061977094637292e-11, 1901), (-3.759549944408408e-14, 1828)]
RECONSTRUCTED iteration=2365 sum=-1.3356708583265165e-6 positive_sum=1.1452136263988563e-7 negative_sum=-1.4501922209664022e-6 maxabs=1.1452136263988563e-7 above_tolerance=1 basic_count=5 largest=[(1.1452136263988563e-7, 1905), (-7.153707365370469e-8, 1959), (-4.095711103602184e-9, 1860), (-9.06197246871162e-11, 1901), (-3.752553823233029e-14, 1828)]
CERTIFIED iteration=2365 sum=-1.3356708587457258e-6 positive_sum=1.1452136252668305e-7 negative_sum=-1.450192221272409e-6 maxabs=1.1452136252668305e-7 above_tolerance=1 basic_count=5 largest=[(1.1452136252668305e-7, 1905), (-7.153707384349104e-8, 1959), (-4.095711103602184e-9, 1860), (-9.061977094637292e-11, 1901), (-3.759549944408408e-14, 1828)]
EXCHANGE row=996 entering=2424 artificial=-3.759549944408408e-14 pivot=-1.0 direction_norm=1.0 movement=3.759549944408408e-14
PREDICTED iteration=2365 sum=-1.3356708211502265e-6 positive_sum=1.1452136252668305e-7 negative_sum=-1.4501921836769096e-6 maxabs=1.1452136252668305e-7 above_tolerance=1 basic_count=5 largest=[(1.1452136252668305e-7, 1905), (-7.153707384349104e-8, 1959), (-4.095711103602184e-9, 1860), (-9.061977094637292e-11, 1901), (0.0, 1828)]
RECONSTRUCTED iteration=2366 sum=-1.3356708208009783e-6 positive_sum=1.1452136263988563e-7 negative_sum=-1.450192183440864e-6 maxabs=1.1452136263988563e-7 above_tolerance=1 basic_count=4 largest=[(1.1452136263988563e-7, 1905), (-7.153707365370469e-8, 1959), (-4.095711103602184e-9, 1860), (-9.06197246871162e-11, 1901)]
CERTIFIED iteration=2366 sum=-1.3356708211502265e-6 positive_sum=1.1452136252668305e-7 negative_sum=-1.4501921836769096e-6 maxabs=1.1452136252668305e-7 above_tolerance=1 basic_count=4 largest=[(1.1452136252668305e-7, 1905), (-7.153707384349104e-8, 1959), (-4.095711103602184e-9, 1860), (-9.061977094637292e-11, 1901)]
EXCHANGE row=1015 entering=2457 artificial=-4.095711103602184e-9 pivot=-1.0 direction_norm=1.0 movement=4.095711103602184e-9
PREDICTED iteration=2366 sum=-1.3315751100466243e-6 positive_sum=1.1452136252668305e-7 negative_sum=-1.4460964725733074e-6 maxabs=1.1452136252668305e-7 above_tolerance=1 basic_count=4 largest=[(1.1452136252668305e-7, 1905), (-7.153707384349104e-8, 1959), (-9.061977094637292e-11, 1901), (0.0, 1860)]
RECONSTRUCTED iteration=2367 sum=-1.331575109697376e-6 positive_sum=1.1452136263988563e-7 negative_sum=-1.4460964723372618e-6 maxabs=1.1452136263988563e-7 above_tolerance=1 basic_count=3 largest=[(1.1452136263988563e-7, 1905), (-7.153707365370469e-8, 1959), (-9.06197246871162e-11, 1901)]
CERTIFIED iteration=2367 sum=-1.3315751100466243e-6 positive_sum=1.1452136252668305e-7 negative_sum=-1.4460964725733074e-6 maxabs=1.1452136252668305e-7 above_tolerance=1 basic_count=3 largest=[(1.1452136252668305e-7, 1905), (-7.153707384349104e-8, 1959), (-9.061977094637292e-11, 1901)]
RESULT false
FINAL iteration=2367 sum=-1.3315751100466243e-6 positive_sum=1.1452136252668305e-7 negative_sum=-1.4460964725733074e-6 maxabs=1.1452136252668305e-7 above_tolerance=1 basic_count=3 largest=[(1.1452136252668305e-7, 1905), (-7.153707384349104e-8, 1959), (-9.061977094637292e-11, 1901)]
PREFIX /tmp/degen3-phase-capture-job2-seed20261001-netlib-degen3-jump-primal-pfi-true-boundary
INITIAL iteration=2891 sum=-1.3646734470192113e-6 positive_sum=2.6514584683390297e-7 negative_sum=-1.6298192938531143e-6 maxabs=2.6514584683390297e-7 above_tolerance=1 basic_count=4 largest=[(2.6514584683390297e-7, 2298), (-2.8381261785170864e-9, 2272), (-6.229715040727133e-15, 2375), (0.0, 2292)]
EXCHANGE row=657 entering=3824 artificial=-6.229715040727133e-15 pivot=1.0 direction_norm=1.0 movement=-6.229715040727133e-15
PREDICTED iteration=2891 sum=-1.3646734407894964e-6 positive_sum=2.6514584683390297e-7 negative_sum=-1.6298192876233993e-6 maxabs=2.6514584683390297e-7 above_tolerance=1 basic_count=4 largest=[(2.6514584683390297e-7, 2298), (-2.8381261785170864e-9, 2272), (0.0, 2375), (0.0, 2292)]
RECONSTRUCTED iteration=2892 sum=-1.3646734407894964e-6 positive_sum=2.6514584683390297e-7 negative_sum=-1.6298192876233993e-6 maxabs=2.6514584683390297e-7 above_tolerance=1 basic_count=3 largest=[(2.6514584683390297e-7, 2298), (-2.8381261785170864e-9, 2272), (0.0, 2292)]
CERTIFIED iteration=2892 sum=-1.3646734558571973e-6 positive_sum=2.6514583176620206e-7 negative_sum=-1.6298192876233993e-6 maxabs=2.6514583176620206e-7 above_tolerance=1 basic_count=3 largest=[(2.6514583176620206e-7, 2298), (-2.8381261785170864e-9, 2272), (0.0, 2292)]
EXCHANGE row=1243 entering=3624 artificial=-2.8381261785170864e-9 pivot=-1.0 direction_norm=1.0 movement=2.8381261785170864e-9
PREDICTED iteration=2892 sum=-1.3618353296786802e-6 positive_sum=2.6514583176620206e-7 negative_sum=-1.6269811614448822e-6 maxabs=2.6514583176620206e-7 above_tolerance=1 basic_count=3 largest=[(2.6514583176620206e-7, 2298), (0.0, 2272), (0.0, 2292)]
RECONSTRUCTED iteration=2893 sum=-1.3618353146109793e-6 positive_sum=2.6514584683390297e-7 negative_sum=-1.6269811614448822e-6 maxabs=2.6514584683390297e-7 above_tolerance=1 basic_count=2 largest=[(2.6514584683390297e-7, 2298), (0.0, 2292)]
CERTIFIED iteration=2893 sum=-1.3618353296786802e-6 positive_sum=2.6514583176620206e-7 negative_sum=-1.6269811614448822e-6 maxabs=2.6514583176620206e-7 above_tolerance=1 basic_count=2 largest=[(2.6514583176620206e-7, 2298), (0.0, 2292)]
EXCHANGE row=1263 entering=3644 artificial=0.0 pivot=-1.0 direction_norm=1.0 movement=-0.0
PREDICTED iteration=2893 sum=-1.3618353296786802e-6 positive_sum=2.6514583176620206e-7 negative_sum=-1.6269811614448822e-6 maxabs=2.6514583176620206e-7 above_tolerance=1 basic_count=2 largest=[(2.6514583176620206e-7, 2298), (0.0, 2292)]
RECONSTRUCTED iteration=2894 sum=-1.3618353146109793e-6 positive_sum=2.6514584683390297e-7 negative_sum=-1.6269811614448822e-6 maxabs=2.6514584683390297e-7 above_tolerance=1 basic_count=1 largest=[(2.6514584683390297e-7, 2298)]
CERTIFIED iteration=2894 sum=-1.3618353296786802e-6 positive_sum=2.6514583176620206e-7 negative_sum=-1.6269811614448822e-6 maxabs=2.6514583176620206e-7 above_tolerance=1 basic_count=1 largest=[(2.6514583176620206e-7, 2298)]
RESULT false
FINAL iteration=2894 sum=-1.3618353296786802e-6 positive_sum=2.6514583176620206e-7 negative_sum=-1.6269811614448822e-6 maxabs=2.6514583176620206e-7 above_tolerance=1 basic_count=1 largest=[(2.6514583176620206e-7, 2298)]
