DIRECTION j=1774 price=1.0 pivot=1.0 norm=4.000000000000001 movement=1.1452136252668305e-7
VALIDATION refresh
REPAIRED true validation=accept
DIRECTION j=1775 price=1.0 pivot=1.0 norm=2.5000000000000036 movement=1.1452136252668305e-7
VALIDATION refresh
REPAIRED true validation=accept
DIRECTION j=3775 price=-1.0 pivot=-1.0 norm=1.000000000000001 movement=-1.1452136252668305e-7
VALIDATION refresh
REPAIRED true validation=accept
DIRECTION j=3779 price=-1.0 pivot=-1.0 norm=1.0000000000000022 movement=-1.1452136252668305e-7
VALIDATION refresh
REPAIRED true validation=accept
PREFIX /tmp/degen3-phase-capture-job1-seed20261001-netlib-degen3-native-primal-pfi-true-rejected-line-10 row=1026 value=1.1452136252668305e-7 stats=Dict(:nonzero => 16, :entering_feasible => 4, :point_feasible => 0, :pivot_valid => 4)
BEST Any[(1.4206175653918346e-7, 3775, -1.0, -1.1452136252668305e-7, 1588), (1.4206175653918346e-7, 3779, -1.0, -1.1452136252668305e-7, 1588), (2.565831190658665e-7, 1774, 1.0, 1.1452136252668305e-7, 1588), (2.565831190658665e-7, 1775, 1.0, 1.1452136252668305e-7, 1588)]
DIRECTION j=1305 price=-1.0 pivot=-1.0000000000000058 norm=8.000000000000004 movement=-2.6514583176620206e-7
VALIDATION refresh
REPAIRED true validation=accept
DIRECTION j=1359 price=-1.0 pivot=-1.0 norm=1.4999999999999998 movement=-2.6514583176620206e-7
VALIDATION refresh
REPAIRED true validation=accept
PREFIX /tmp/degen3-phase-capture-job2-seed20261001-netlib-degen3-jump-primal-pfi-true-rejected-line-10 row=1269 value=2.6514583176620206e-7 stats=Dict(:nonzero => 442, :entering_feasible => 2, :point_feasible => 0, :pivot_valid => 2)
BEST Any[(2.6514583173486983e-7, 1359, -1.0, -2.6514583176620206e-7, 3644), (3.734968197418959e-7, 1305, -1.0, -2.6514583176620206e-7, 194)]
