┌ Info: Refined dual pivot row, direction, and prices
│   iteration = 0
│   leaving_row = 1
│   original_entering_index = 1
│   entering_index = 1
│   old_pivot = -0.1
└   refined_pivot = -1.0
┌ Info: Refined dual pivot row, direction, and prices
│   iteration = 1
│   leaving_row = 2
│   original_entering_index = 2
│   entering_index = 2
│   old_pivot = -0.1
└   refined_pivot = -1.0
┌ Info: Refined dual pivot row, direction, and prices
│   iteration = 0
│   leaving_row = 1
│   original_entering_index = 1
│   entering_index = 1
│   old_pivot = -0.1
└   refined_pivot = -1.0
┌ Info: Refined dual pivot row, direction, and prices
│   iteration = 1
│   leaving_row = 2
│   original_entering_index = 2
│   entering_index = 2
│   old_pivot = -0.1
└   refined_pivot = -1.0
Test Summary:   | Pass  Total     Time
Refactor safety |  775    775  1m09.3s
