START 1/104 Dict{String, Any}("job_index" => 1, "seconds" => 90, "reader" => "native", "algorithm" => "dual", "id" => "netlib/pilotnov", "manager" => "pfi")
DONE 1 netlib/pilotnov native OPTIMAL passed=true iterations=1806 coverage=Dict("component_proposals" => 0, "original_retry_blocked" => 0, "export_attempts" => 0, "component_certified" => 0, "coupled_certified" => 0, "component_attempts" => 0, "coupled_attempts" => 0, "local_attempts" => 0)
START 2/104 Dict{String, Any}("job_index" => 2, "seconds" => 90, "reader" => "jump", "algorithm" => "dual", "id" => "netlib/pilotnov", "manager" => "pfi")
DONE 2 netlib/pilotnov jump OPTIMAL passed=true iterations=2524 coverage=Dict("component_proposals" => 0, "original_retry_blocked" => 0, "export_attempts" => 0, "component_certified" => 0, "coupled_certified" => 0, "component_attempts" => 0, "coupled_attempts" => 0, "local_attempts" => 0)
START 3/104 Dict{String, Any}("job_index" => 3, "seconds" => 90, "reader" => "permuted", "algorithm" => "dual", "id" => "miplib/mod010", "manager" => "pfi", "seed" => 1)
DONE 3 miplib/mod010 permuted OPTIMAL passed=true iterations=664 coverage=Dict("component_proposals" => 0, "original_retry_blocked" => 0, "export_attempts" => 0, "component_certified" => 0, "coupled_certified" => 0, "component_attempts" => 0, "coupled_attempts" => 0, "local_attempts" => 0)
START 4/104 Dict{String, Any}("job_index" => 4, "seconds" => 90, "reader" => "permuted", "algorithm" => "dual", "id" => "miplib/mod010", "manager" => "forrest_tomlin", "seed" => 1)
DONE 4 miplib/mod010 permuted OPTIMAL passed=true iterations=726 coverage=Dict("component_proposals" => 0, "original_retry_blocked" => 0, "export_attempts" => 0, "component_certified" => 0, "coupled_certified" => 0, "component_attempts" => 0, "coupled_attempts" => 0, "local_attempts" => 0)
START 5/104 Dict{String, Any}("job_index" => 5, "seconds" => 90, "reader" => "permuted", "algorithm" => "dual", "id" => "miplib/mod010", "manager" => "suhl_suhl", "seed" => 1)
DONE 5 miplib/mod010 permuted OPTIMAL passed=true iterations=687 coverage=Dict("component_proposals" => 0, "original_retry_blocked" => 0, "export_attempts" => 0, "component_certified" => 0, "coupled_certified" => 0, "component_attempts" => 0, "coupled_attempts" => 0, "local_attempts" => 0)
START 6/104 Dict{String, Any}("job_index" => 6, "seconds" => 90, "reader" => "permuted", "algorithm" => "dual", "id" => "miplib/mod010", "manager" => "bartels_golub", "seed" => 1)
DONE 6 miplib/mod010 permuted OPTIMAL passed=true iterations=708 coverage=Dict("component_proposals" => 0, "original_retry_blocked" => 0, "export_attempts" => 0, "component_certified" => 0, "coupled_certified" => 0, "component_attempts" => 0, "coupled_attempts" => 0, "local_attempts" => 0)
START 7/104 Dict{String, Any}("job_index" => 7, "seconds" => 90, "reader" => "permuted", "algorithm" => "dual", "id" => "miplib/mod010", "manager" => "pfi", "seed" => 17)
DONE 7 miplib/mod010 permuted OPTIMAL passed=true iterations=765 coverage=Dict("component_proposals" => 0, "original_retry_blocked" => 0, "export_attempts" => 0, "component_certified" => 0, "coupled_certified" => 0, "component_attempts" => 0, "coupled_attempts" => 0, "local_attempts" => 0)
START 8/104 Dict{String, Any}("job_index" => 8, "seconds" => 90, "reader" => "permuted", "algorithm" => "dual", "id" => "miplib/mod010", "manager" => "pfi", "seed" => 2)
DONE 8 miplib/mod010 permuted OPTIMAL passed=true iterations=668 coverage=Dict("component_proposals" => 0, "original_retry_blocked" => 0, "export_attempts" => 0, "component_certified" => 0, "coupled_certified" => 0, "component_attempts" => 0, "coupled_attempts" => 0, "local_attempts" => 0)
START 9/104 Dict{String, Any}("job_index" => 9, "seconds" => 90, "reader" => "permuted", "algorithm" => "dual", "id" => "miplib/mod010", "manager" => "pfi", "seed" => 29)
DONE 9 miplib/mod010 permuted OPTIMAL passed=true iterations=778 coverage=Dict("component_proposals" => 0, "original_retry_blocked" => 0, "export_attempts" => 0, "component_certified" => 0, "coupled_certified" => 0, "component_attempts" => 0, "coupled_attempts" => 0, "local_attempts" => 0)
START 10/104 Dict{String, Any}("job_index" => 10, "seconds" => 90, "reader" => "native", "algorithm" => "dual", "id" => "miplib/mod010", "manager" => "pfi")
DONE 10 miplib/mod010 native OPTIMAL passed=true iterations=679 coverage=Dict("component_proposals" => 0, "original_retry_blocked" => 0, "export_attempts" => 0, "component_certified" => 0, "coupled_certified" => 0, "component_attempts" => 0, "coupled_attempts" => 0, "local_attempts" => 0)
START 11/104 Dict{String, Any}("job_index" => 11, "seconds" => 90, "reader" => "jump", "algorithm" => "dual", "id" => "miplib/mod010", "manager" => "pfi")
DONE 11 miplib/mod010 jump OPTIMAL passed=true iterations=712 coverage=Dict("component_proposals" => 0, "original_retry_blocked" => 0, "export_attempts" => 0, "component_certified" => 0, "coupled_certified" => 0, "component_attempts" => 0, "coupled_attempts" => 0, "local_attempts" => 0)
START 12/104 Dict{String, Any}("job_index" => 12, "seconds" => 90, "reader" => "native", "algorithm" => "dual", "id" => "netlib/degen2", "manager" => "pfi")
DONE 12 netlib/degen2 native OPTIMAL passed=true iterations=534 coverage=Dict("component_proposals" => 0, "original_retry_blocked" => 0, "export_attempts" => 0, "component_certified" => 0, "coupled_certified" => 0, "component_attempts" => 0, "coupled_attempts" => 0, "local_attempts" => 0)
START 13/104 Dict{String, Any}("job_index" => 13, "seconds" => 90, "reader" => "jump", "algorithm" => "dual", "id" => "netlib/degen2", "manager" => "pfi")
DONE 13 netlib/degen2 jump OPTIMAL passed=true iterations=548 coverage=Dict("component_proposals" => 0, "original_retry_blocked" => 0, "export_attempts" => 0, "component_certified" => 0, "coupled_certified" => 0, "component_attempts" => 0, "coupled_attempts" => 0, "local_attempts" => 0)
START 14/104 Dict{String, Any}("job_index" => 14, "seconds" => 90, "reader" => "native", "algorithm" => "dual", "id" => "netlib/boeing1", "manager" => "pfi")
DONE 14 netlib/boeing1 native OPTIMAL passed=true iterations=377 coverage=Dict("component_proposals" => 0, "original_retry_blocked" => 0, "export_attempts" => 0, "component_certified" => 0, "coupled_certified" => 0, "component_attempts" => 0, "coupled_attempts" => 0, "local_attempts" => 0)
START 15/104 Dict{String, Any}("job_index" => 15, "seconds" => 90, "reader" => "jump", "algorithm" => "dual", "id" => "netlib/boeing1", "manager" => "pfi")
DONE 15 netlib/boeing1 jump OPTIMAL passed=true iterations=388 coverage=Dict("component_proposals" => 0, "original_retry_blocked" => 0, "export_attempts" => 0, "component_certified" => 0, "coupled_certified" => 0, "component_attempts" => 0, "coupled_attempts" => 0, "local_attempts" => 0)
START 16/104 Dict{String, Any}("job_index" => 16, "seconds" => 90, "reader" => "native", "algorithm" => "dual", "id" => "miplib/p0201", "manager" => "pfi")
DONE 16 miplib/p0201 native OPTIMAL passed=true iterations=85 coverage=Dict("component_proposals" => 0, "original_retry_blocked" => 0, "export_attempts" => 0, "component_certified" => 0, "coupled_certified" => 0, "component_attempts" => 0, "coupled_attempts" => 0, "local_attempts" => 0)
START 17/104 Dict{String, Any}("job_index" => 17, "seconds" => 90, "reader" => "jump", "algorithm" => "dual", "id" => "miplib/p0201", "manager" => "pfi")
DONE 17 miplib/p0201 jump OPTIMAL passed=true iterations=85 coverage=Dict("component_proposals" => 0, "original_retry_blocked" => 0, "export_attempts" => 0, "component_certified" => 0, "coupled_certified" => 0, "component_attempts" => 0, "coupled_attempts" => 0, "local_attempts" => 0)
START 18/104 Dict{String, Any}("job_index" => 18, "seconds" => 90, "reader" => "native", "algorithm" => "dual", "id" => "miplib/misc07", "manager" => "pfi")
DONE 18 miplib/misc07 native OPTIMAL passed=true iterations=143 coverage=Dict("component_proposals" => 0, "original_retry_blocked" => 0, "export_attempts" => 0, "component_certified" => 0, "coupled_certified" => 0, "component_attempts" => 0, "coupled_attempts" => 0, "local_attempts" => 0)
START 19/104 Dict{String, Any}("job_index" => 19, "seconds" => 90, "reader" => "jump", "algorithm" => "dual", "id" => "miplib/misc07", "manager" => "pfi")
DONE 19 miplib/misc07 jump OPTIMAL passed=true iterations=144 coverage=Dict("component_proposals" => 0, "original_retry_blocked" => 0, "export_attempts" => 0, "component_certified" => 0, "coupled_certified" => 0, "component_attempts" => 0, "coupled_attempts" => 0, "local_attempts" => 0)
START 20/104 Dict{String, Any}("job_index" => 20, "seconds" => 90, "reader" => "native", "algorithm" => "dual", "id" => "netlib/scsd6", "manager" => "pfi")
DONE 20 netlib/scsd6 native OPTIMAL passed=true iterations=288 coverage=Dict("component_proposals" => 0, "original_retry_blocked" => 0, "export_attempts" => 0, "component_certified" => 0, "coupled_certified" => 0, "component_attempts" => 0, "coupled_attempts" => 0, "local_attempts" => 0)
START 21/104 Dict{String, Any}("job_index" => 21, "seconds" => 90, "reader" => "native", "algorithm" => "dual", "id" => "netlib/scsd6", "manager" => "forrest_tomlin")
DONE 21 netlib/scsd6 native OPTIMAL passed=true iterations=302 coverage=Dict("component_proposals" => 0, "original_retry_blocked" => 0, "export_attempts" => 0, "component_certified" => 0, "coupled_certified" => 0, "component_attempts" => 0, "coupled_attempts" => 0, "local_attempts" => 0)
START 22/104 Dict{String, Any}("job_index" => 22, "seconds" => 90, "reader" => "native", "algorithm" => "dual", "id" => "netlib/scsd6", "manager" => "suhl_suhl")
DONE 22 netlib/scsd6 native OPTIMAL passed=true iterations=305 coverage=Dict("component_proposals" => 0, "original_retry_blocked" => 0, "export_attempts" => 0, "component_certified" => 0, "coupled_certified" => 0, "component_attempts" => 0, "coupled_attempts" => 0, "local_attempts" => 0)
START 23/104 Dict{String, Any}("job_index" => 23, "seconds" => 90, "reader" => "native", "algorithm" => "dual", "id" => "netlib/scsd6", "manager" => "bartels_golub")
DONE 23 netlib/scsd6 native OPTIMAL passed=true iterations=281 coverage=Dict("component_proposals" => 0, "original_retry_blocked" => 0, "export_attempts" => 0, "component_certified" => 0, "coupled_certified" => 0, "component_attempts" => 0, "coupled_attempts" => 0, "local_attempts" => 0)
START 24/104 Dict{String, Any}("job_index" => 24, "seconds" => 90, "reader" => "jump", "algorithm" => "dual", "id" => "netlib/scsd6", "manager" => "pfi")
DONE 24 netlib/scsd6 jump OPTIMAL passed=true iterations=288 coverage=Dict("component_proposals" => 0, "original_retry_blocked" => 0, "export_attempts" => 0, "component_certified" => 0, "coupled_certified" => 0, "component_attempts" => 0, "coupled_attempts" => 0, "local_attempts" => 0)
START 25/104 Dict{String, Any}("job_index" => 25, "seconds" => 90, "reader" => "native", "algorithm" => "dual", "id" => "netlib/cycle", "manager" => "pfi")
DONE 25 netlib/cycle native OPTIMAL passed=true iterations=571 coverage=Dict("component_proposals" => 0, "original_retry_blocked" => 0, "export_attempts" => 0, "component_certified" => 0, "coupled_certified" => 0, "component_attempts" => 0, "coupled_attempts" => 0, "local_attempts" => 0)
START 26/104 Dict{String, Any}("job_index" => 26, "seconds" => 90, "reader" => "jump", "algorithm" => "dual", "id" => "netlib/cycle", "manager" => "pfi")
DONE 26 netlib/cycle jump OPTIMAL passed=true iterations=634 coverage=Dict("component_proposals" => 0, "original_retry_blocked" => 0, "export_attempts" => 0, "component_certified" => 0, "coupled_certified" => 0, "component_attempts" => 0, "coupled_attempts" => 0, "local_attempts" => 0)
START 27/104 Dict{String, Any}("job_index" => 27, "seconds" => 90, "reader" => "native", "algorithm" => "dual", "id" => "netlib/stocfor2", "manager" => "pfi")
DONE 27 netlib/stocfor2 native OPTIMAL passed=true iterations=1627 coverage=Dict("component_proposals" => 0, "original_retry_blocked" => 0, "export_attempts" => 0, "component_certified" => 0, "coupled_certified" => 0, "component_attempts" => 0, "coupled_attempts" => 0, "local_attempts" => 0)
START 28/104 Dict{String, Any}("job_index" => 28, "seconds" => 90, "reader" => "jump", "algorithm" => "dual", "id" => "netlib/stocfor2", "manager" => "pfi")
DONE 28 netlib/stocfor2 jump OPTIMAL passed=true iterations=1626 coverage=Dict("component_proposals" => 0, "original_retry_blocked" => 0, "export_attempts" => 0, "component_certified" => 0, "coupled_certified" => 0, "component_attempts" => 0, "coupled_attempts" => 0, "local_attempts" => 0)
START 29/104 Dict{String, Any}("job_index" => 29, "seconds" => 90, "reader" => "native", "algorithm" => "dual", "id" => "netlib/degen3", "manager" => "pfi")
DONE 29 netlib/degen3 native OPTIMAL passed=true iterations=2075 coverage=Dict("component_proposals" => 0, "original_retry_blocked" => 0, "export_attempts" => 0, "component_certified" => 0, "coupled_certified" => 0, "component_attempts" => 0, "coupled_attempts" => 0, "local_attempts" => 0)
START 30/104 Dict{String, Any}("job_index" => 30, "seconds" => 90, "reader" => "jump", "algorithm" => "dual", "id" => "netlib/degen3", "manager" => "pfi")
DONE 30 netlib/degen3 jump OPTIMAL passed=true iterations=2036 coverage=Dict("component_proposals" => 0, "original_retry_blocked" => 0, "export_attempts" => 0, "component_certified" => 0, "coupled_certified" => 0, "component_attempts" => 0, "coupled_attempts" => 0, "local_attempts" => 0)
START 31/104 Dict{String, Any}("job_index" => 31, "seconds" => 90, "reader" => "native", "algorithm" => "dual", "id" => "netlib/stocfor1", "manager" => "pfi")
DONE 31 netlib/stocfor1 native OPTIMAL passed=true iterations=100 coverage=Dict("component_proposals" => 0, "original_retry_blocked" => 0, "export_attempts" => 0, "component_certified" => 0, "coupled_certified" => 0, "component_attempts" => 0, "coupled_attempts" => 0, "local_attempts" => 0)
START 32/104 Dict{String, Any}("job_index" => 32, "seconds" => 90, "reader" => "jump", "algorithm" => "dual", "id" => "netlib/stocfor1", "manager" => "pfi")
DONE 32 netlib/stocfor1 jump OPTIMAL passed=true iterations=93 coverage=Dict("component_proposals" => 0, "original_retry_blocked" => 0, "export_attempts" => 0, "component_certified" => 0, "coupled_certified" => 0, "component_attempts" => 0, "coupled_attempts" => 0, "local_attempts" => 0)
START 33/104 Dict{String, Any}("job_index" => 33, "seconds" => 90, "reader" => "native", "algorithm" => "dual", "id" => "netlib/scsd1", "manager" => "pfi")
DONE 33 netlib/scsd1 native OPTIMAL passed=true iterations=104 coverage=Dict("component_proposals" => 0, "original_retry_blocked" => 0, "export_attempts" => 0, "component_certified" => 0, "coupled_certified" => 0, "component_attempts" => 0, "coupled_attempts" => 0, "local_attempts" => 0)
START 34/104 Dict{String, Any}("job_index" => 34, "seconds" => 90, "reader" => "jump", "algorithm" => "dual", "id" => "netlib/scsd1", "manager" => "pfi")
DONE 34 netlib/scsd1 jump OPTIMAL passed=true iterations=104 coverage=Dict("component_proposals" => 0, "original_retry_blocked" => 0, "export_attempts" => 0, "component_certified" => 0, "coupled_certified" => 0, "component_attempts" => 0, "coupled_attempts" => 0, "local_attempts" => 0)
START 35/104 Dict{String, Any}("job_index" => 35, "seconds" => 90, "reader" => "native", "algorithm" => "dual", "id" => "netlib/scsd8", "manager" => "pfi")
DONE 35 netlib/scsd8 native OPTIMAL passed=true iterations=1095 coverage=Dict("component_proposals" => 0, "original_retry_blocked" => 0, "export_attempts" => 0, "component_certified" => 0, "coupled_certified" => 0, "component_attempts" => 0, "coupled_attempts" => 0, "local_attempts" => 0)
START 36/104 Dict{String, Any}("job_index" => 36, "seconds" => 90, "reader" => "jump", "algorithm" => "dual", "id" => "netlib/scsd8", "manager" => "pfi")
DONE 36 netlib/scsd8 jump OPTIMAL passed=true iterations=1095 coverage=Dict("component_proposals" => 0, "original_retry_blocked" => 0, "export_attempts" => 0, "component_certified" => 0, "coupled_certified" => 0, "component_attempts" => 0, "coupled_attempts" => 0, "local_attempts" => 0)
START 37/104 Dict{String, Any}("job_index" => 37, "seconds" => 90, "reader" => "native", "algorithm" => "dual", "id" => "netlib/ship04s", "manager" => "pfi")
DONE 37 netlib/ship04s native OPTIMAL passed=true iterations=333 coverage=Dict("component_proposals" => 0, "original_retry_blocked" => 0, "export_attempts" => 0, "component_certified" => 0, "coupled_certified" => 0, "component_attempts" => 0, "coupled_attempts" => 0, "local_attempts" => 0)
START 38/104 Dict{String, Any}("job_index" => 38, "seconds" => 90, "reader" => "jump", "algorithm" => "dual", "id" => "netlib/ship04s", "manager" => "pfi")
DONE 38 netlib/ship04s jump OPTIMAL passed=true iterations=333 coverage=Dict("component_proposals" => 0, "original_retry_blocked" => 0, "export_attempts" => 0, "component_certified" => 0, "coupled_certified" => 0, "component_attempts" => 0, "coupled_attempts" => 0, "local_attempts" => 0)
START 39/104 Dict{String, Any}("job_index" => 39, "seconds" => 90, "reader" => "native", "algorithm" => "dual", "id" => "netlib/ship08s", "manager" => "pfi")
DONE 39 netlib/ship08s native OPTIMAL passed=true iterations=466 coverage=Dict("component_proposals" => 0, "original_retry_blocked" => 0, "export_attempts" => 0, "component_certified" => 0, "coupled_certified" => 0, "component_attempts" => 0, "coupled_attempts" => 0, "local_attempts" => 0)
START 40/104 Dict{String, Any}("job_index" => 40, "seconds" => 90, "reader" => "jump", "algorithm" => "dual", "id" => "netlib/ship08s", "manager" => "pfi")
DONE 40 netlib/ship08s jump OPTIMAL passed=true iterations=466 coverage=Dict("component_proposals" => 0, "original_retry_blocked" => 0, "export_attempts" => 0, "component_certified" => 0, "coupled_certified" => 0, "component_attempts" => 0, "coupled_attempts" => 0, "local_attempts" => 0)
START 41/104 Dict{String, Any}("job_index" => 41, "seconds" => 90, "reader" => "native", "algorithm" => "dual", "id" => "netlib/ship12s", "manager" => "pfi")
DONE 41 netlib/ship12s native OPTIMAL passed=true iterations=643 coverage=Dict("component_proposals" => 0, "original_retry_blocked" => 0, "export_attempts" => 0, "component_certified" => 0, "coupled_certified" => 0, "component_attempts" => 0, "coupled_attempts" => 0, "local_attempts" => 0)
START 42/104 Dict{String, Any}("job_index" => 42, "seconds" => 90, "reader" => "jump", "algorithm" => "dual", "id" => "netlib/ship12s", "manager" => "pfi")
DONE 42 netlib/ship12s jump OPTIMAL passed=true iterations=643 coverage=Dict("component_proposals" => 0, "original_retry_blocked" => 0, "export_attempts" => 0, "component_certified" => 0, "coupled_certified" => 0, "component_attempts" => 0, "coupled_attempts" => 0, "local_attempts" => 0)
START 43/104 Dict{String, Any}("job_index" => 43, "seconds" => 90, "reader" => "native", "algorithm" => "dual", "id" => "netlib/pilot4", "manager" => "pfi")
DONE 43 netlib/pilot4 native OPTIMAL passed=true iterations=1067 coverage=Dict("component_proposals" => 0, "original_retry_blocked" => 0, "export_attempts" => 0, "component_certified" => 0, "coupled_certified" => 0, "component_attempts" => 0, "coupled_attempts" => 0, "local_attempts" => 0)
START 44/104 Dict{String, Any}("job_index" => 44, "seconds" => 90, "reader" => "jump", "algorithm" => "dual", "id" => "netlib/pilot4", "manager" => "pfi")
DONE 44 netlib/pilot4 jump OPTIMAL passed=true iterations=971 coverage=Dict("component_proposals" => 0, "original_retry_blocked" => 0, "export_attempts" => 0, "component_certified" => 0, "coupled_certified" => 0, "component_attempts" => 0, "coupled_attempts" => 0, "local_attempts" => 0)
START 45/104 Dict{String, Any}("job_index" => 45, "seconds" => 90, "reader" => "native", "algorithm" => "dual", "id" => "netlib/25fv47", "manager" => "pfi")
DONE 45 netlib/25fv47 native OPTIMAL passed=true iterations=3087 coverage=Dict("component_proposals" => 0, "original_retry_blocked" => 0, "export_attempts" => 0, "component_certified" => 0, "coupled_certified" => 0, "component_attempts" => 0, "coupled_attempts" => 0, "local_attempts" => 0)
START 46/104 Dict{String, Any}("job_index" => 46, "seconds" => 90, "reader" => "jump", "algorithm" => "dual", "id" => "netlib/25fv47", "manager" => "pfi")
DONE 46 netlib/25fv47 jump OPTIMAL passed=true iterations=2523 coverage=Dict("component_proposals" => 0, "original_retry_blocked" => 0, "export_attempts" => 0, "component_certified" => 0, "coupled_certified" => 0, "component_attempts" => 0, "coupled_attempts" => 0, "local_attempts" => 0)
START 47/104 Dict{String, Any}("job_index" => 47, "seconds" => 90, "reader" => "native", "algorithm" => "dual", "id" => "netlib/80bau3b", "manager" => "pfi")
DONE 47 netlib/80bau3b native OPTIMAL passed=true iterations=3333 coverage=Dict("component_proposals" => 0, "original_retry_blocked" => 0, "export_attempts" => 0, "component_certified" => 0, "coupled_certified" => 0, "component_attempts" => 0, "coupled_attempts" => 0, "local_attempts" => 0)
START 48/104 Dict{String, Any}("job_index" => 48, "seconds" => 90, "reader" => "jump", "algorithm" => "dual", "id" => "netlib/80bau3b", "manager" => "pfi")
DONE 48 netlib/80bau3b jump OPTIMAL passed=true iterations=3331 coverage=Dict("component_proposals" => 0, "original_retry_blocked" => 0, "export_attempts" => 0, "component_certified" => 0, "coupled_certified" => 0, "component_attempts" => 0, "coupled_attempts" => 0, "local_attempts" => 0)
START 49/104 Dict{String, Any}("job_index" => 49, "seconds" => 90, "reader" => "native", "algorithm" => "dual", "id" => "netlib/wood1p", "manager" => "pfi")
DONE 49 netlib/wood1p native OPTIMAL passed=true iterations=165 coverage=Dict("component_proposals" => 0, "original_retry_blocked" => 0, "export_attempts" => 0, "component_certified" => 0, "coupled_certified" => 0, "component_attempts" => 0, "coupled_attempts" => 0, "local_attempts" => 0)
START 50/104 Dict{String, Any}("job_index" => 50, "seconds" => 90, "reader" => "jump", "algorithm" => "dual", "id" => "netlib/wood1p", "manager" => "pfi")
DONE 50 netlib/wood1p jump OPTIMAL passed=true iterations=165 coverage=Dict("component_proposals" => 0, "original_retry_blocked" => 0, "export_attempts" => 0, "component_certified" => 0, "coupled_certified" => 0, "component_attempts" => 0, "coupled_attempts" => 0, "local_attempts" => 0)
START 51/104 Dict{String, Any}("job_index" => 51, "seconds" => 90, "reader" => "native", "algorithm" => "dual", "id" => "netlib/woodw", "manager" => "pfi")
DONE 51 netlib/woodw native OPTIMAL passed=true iterations=1039 coverage=Dict("component_proposals" => 0, "original_retry_blocked" => 0, "export_attempts" => 0, "component_certified" => 0, "coupled_certified" => 0, "component_attempts" => 0, "coupled_attempts" => 0, "local_attempts" => 0)
START 52/104 Dict{String, Any}("job_index" => 52, "seconds" => 90, "reader" => "jump", "algorithm" => "dual", "id" => "netlib/woodw", "manager" => "pfi")
DONE 52 netlib/woodw jump OPTIMAL passed=true iterations=1010 coverage=Dict("component_proposals" => 0, "original_retry_blocked" => 0, "export_attempts" => 0, "component_certified" => 0, "coupled_certified" => 0, "component_attempts" => 0, "coupled_attempts" => 0, "local_attempts" => 0)
START 53/104 Dict{String, Any}("job_index" => 53, "seconds" => 90, "reader" => "native", "algorithm" => "dual", "id" => "netlib/bandm", "manager" => "pfi")
DONE 53 netlib/bandm native OPTIMAL passed=true iterations=328 coverage=Dict("component_proposals" => 0, "original_retry_blocked" => 0, "export_attempts" => 0, "component_certified" => 0, "coupled_certified" => 0, "component_attempts" => 0, "coupled_attempts" => 0, "local_attempts" => 0)
START 54/104 Dict{String, Any}("job_index" => 54, "seconds" => 90, "reader" => "jump", "algorithm" => "dual", "id" => "netlib/bandm", "manager" => "pfi")
DONE 54 netlib/bandm jump OPTIMAL passed=true iterations=328 coverage=Dict("component_proposals" => 0, "original_retry_blocked" => 0, "export_attempts" => 0, "component_certified" => 0, "coupled_certified" => 0, "component_attempts" => 0, "coupled_attempts" => 0, "local_attempts" => 0)
START 55/104 Dict{String, Any}("job_index" => 55, "seconds" => 90, "reader" => "native", "algorithm" => "dual", "id" => "netlib/capri", "manager" => "pfi")
DONE 55 netlib/capri native OPTIMAL passed=true iterations=262 coverage=Dict("component_proposals" => 0, "original_retry_blocked" => 0, "export_attempts" => 0, "component_certified" => 0, "coupled_certified" => 0, "component_attempts" => 0, "coupled_attempts" => 0, "local_attempts" => 0)
START 56/104 Dict{String, Any}("job_index" => 56, "seconds" => 90, "reader" => "jump", "algorithm" => "dual", "id" => "netlib/capri", "manager" => "pfi")
DONE 56 netlib/capri jump OPTIMAL passed=true iterations=251 coverage=Dict("component_proposals" => 0, "original_retry_blocked" => 0, "export_attempts" => 0, "component_certified" => 0, "coupled_certified" => 0, "component_attempts" => 0, "coupled_attempts" => 0, "local_attempts" => 0)
START 57/104 Dict{String, Any}("job_index" => 57, "seconds" => 90, "reader" => "native", "algorithm" => "dual", "id" => "netlib/recipe", "manager" => "pfi")
DONE 57 netlib/recipe native OPTIMAL passed=true iterations=28 coverage=Dict("component_proposals" => 0, "original_retry_blocked" => 0, "export_attempts" => 0, "component_certified" => 0, "coupled_certified" => 0, "component_attempts" => 0, "coupled_attempts" => 0, "local_attempts" => 0)
START 58/104 Dict{String, Any}("job_index" => 58, "seconds" => 90, "reader" => "jump", "algorithm" => "dual", "id" => "netlib/recipe", "manager" => "pfi")
DONE 58 netlib/recipe jump OPTIMAL passed=true iterations=28 coverage=Dict("component_proposals" => 0, "original_retry_blocked" => 0, "export_attempts" => 0, "component_certified" => 0, "coupled_certified" => 0, "component_attempts" => 0, "coupled_attempts" => 0, "local_attempts" => 0)
START 59/104 Dict{String, Any}("job_index" => 59, "seconds" => 90, "reader" => "native", "algorithm" => "dual", "id" => "netlib/scorpion", "manager" => "pfi")
DONE 59 netlib/scorpion native OPTIMAL passed=true iterations=205 coverage=Dict("component_proposals" => 0, "original_retry_blocked" => 0, "export_attempts" => 0, "component_certified" => 0, "coupled_certified" => 0, "component_attempts" => 0, "coupled_attempts" => 0, "local_attempts" => 0)
START 60/104 Dict{String, Any}("job_index" => 60, "seconds" => 90, "reader" => "jump", "algorithm" => "dual", "id" => "netlib/scorpion", "manager" => "pfi")
DONE 60 netlib/scorpion jump OPTIMAL passed=true iterations=206 coverage=Dict("component_proposals" => 0, "original_retry_blocked" => 0, "export_attempts" => 0, "component_certified" => 0, "coupled_certified" => 0, "component_attempts" => 0, "coupled_attempts" => 0, "local_attempts" => 0)
START 61/104 Dict{String, Any}("job_index" => 61, "seconds" => 90, "reader" => "native", "algorithm" => "dual", "id" => "miplib/air03", "manager" => "pfi")
DONE 61 miplib/air03 native OPTIMAL passed=true iterations=396 coverage=Dict("component_proposals" => 0, "original_retry_blocked" => 0, "export_attempts" => 0, "component_certified" => 0, "coupled_certified" => 0, "component_attempts" => 0, "coupled_attempts" => 0, "local_attempts" => 0)
START 62/104 Dict{String, Any}("job_index" => 62, "seconds" => 90, "reader" => "jump", "algorithm" => "dual", "id" => "miplib/air03", "manager" => "pfi")
DONE 62 miplib/air03 jump OPTIMAL passed=true iterations=396 coverage=Dict("component_proposals" => 0, "original_retry_blocked" => 0, "export_attempts" => 0, "component_certified" => 0, "coupled_certified" => 0, "component_attempts" => 0, "coupled_attempts" => 0, "local_attempts" => 0)
START 63/104 Dict{String, Any}("job_index" => 63, "seconds" => 90, "reader" => "native", "algorithm" => "dual", "id" => "miplib/air04", "manager" => "pfi")
DONE 63 miplib/air04 native OPTIMAL passed=true iterations=4483 coverage=Dict("component_proposals" => 0, "original_retry_blocked" => 0, "export_attempts" => 0, "component_certified" => 0, "coupled_certified" => 0, "component_attempts" => 0, "coupled_attempts" => 0, "local_attempts" => 0)
START 64/104 Dict{String, Any}("job_index" => 64, "seconds" => 90, "reader" => "jump", "algorithm" => "dual", "id" => "miplib/air04", "manager" => "pfi")
DONE 64 miplib/air04 jump OPTIMAL passed=true iterations=4483 coverage=Dict("component_proposals" => 0, "original_retry_blocked" => 0, "export_attempts" => 0, "component_certified" => 0, "coupled_certified" => 0, "component_attempts" => 0, "coupled_attempts" => 0, "local_attempts" => 0)
START 65/104 Dict{String, Any}("job_index" => 65, "seconds" => 90, "reader" => "native", "algorithm" => "dual", "id" => "miplib/air05", "manager" => "pfi")
DONE 65 miplib/air05 native OPTIMAL passed=true iterations=1469 coverage=Dict("component_proposals" => 0, "original_retry_blocked" => 0, "export_attempts" => 0, "component_certified" => 0, "coupled_certified" => 0, "component_attempts" => 0, "coupled_attempts" => 0, "local_attempts" => 0)
START 66/104 Dict{String, Any}("job_index" => 66, "seconds" => 90, "reader" => "jump", "algorithm" => "dual", "id" => "miplib/air05", "manager" => "pfi")
DONE 66 miplib/air05 jump OPTIMAL passed=true iterations=1469 coverage=Dict("component_proposals" => 0, "original_retry_blocked" => 0, "export_attempts" => 0, "component_certified" => 0, "coupled_certified" => 0, "component_attempts" => 0, "coupled_attempts" => 0, "local_attempts" => 0)
START 67/104 Dict{String, Any}("job_index" => 67, "seconds" => 90, "reader" => "native", "algorithm" => "dual", "id" => "miplib/blend2", "manager" => "pfi")
DONE 67 miplib/blend2 native OPTIMAL passed=true iterations=651 coverage=Dict("component_proposals" => 0, "original_retry_blocked" => 0, "export_attempts" => 0, "component_certified" => 0, "coupled_certified" => 0, "component_attempts" => 0, "coupled_attempts" => 0, "local_attempts" => 0)
START 68/104 Dict{String, Any}("job_index" => 68, "seconds" => 90, "reader" => "jump", "algorithm" => "dual", "id" => "miplib/blend2", "manager" => "pfi")
DONE 68 miplib/blend2 jump OPTIMAL passed=true iterations=650 coverage=Dict("component_proposals" => 0, "original_retry_blocked" => 0, "export_attempts" => 0, "component_certified" => 0, "coupled_certified" => 0, "component_attempts" => 0, "coupled_attempts" => 0, "local_attempts" => 0)
START 69/104 Dict{String, Any}("job_index" => 69, "seconds" => 90, "reader" => "native", "algorithm" => "dual", "id" => "miplib/markshare1", "manager" => "pfi")
DONE 69 miplib/markshare1 native OPTIMAL passed=true iterations=13 coverage=Dict("component_proposals" => 0, "original_retry_blocked" => 0, "export_attempts" => 0, "component_certified" => 0, "coupled_certified" => 0, "component_attempts" => 0, "coupled_attempts" => 0, "local_attempts" => 0)
START 70/104 Dict{String, Any}("job_index" => 70, "seconds" => 90, "reader" => "jump", "algorithm" => "dual", "id" => "miplib/markshare1", "manager" => "pfi")
DONE 70 miplib/markshare1 jump OPTIMAL passed=true iterations=13 coverage=Dict("component_proposals" => 0, "original_retry_blocked" => 0, "export_attempts" => 0, "component_certified" => 0, "coupled_certified" => 0, "component_attempts" => 0, "coupled_attempts" => 0, "local_attempts" => 0)
START 71/104 Dict{String, Any}("job_index" => 71, "seconds" => 90, "reader" => "native", "algorithm" => "dual", "id" => "miplib/markshare2", "manager" => "pfi")
DONE 71 miplib/markshare2 native OPTIMAL passed=true iterations=20 coverage=Dict("component_proposals" => 0, "original_retry_blocked" => 0, "export_attempts" => 0, "component_certified" => 0, "coupled_certified" => 0, "component_attempts" => 0, "coupled_attempts" => 0, "local_attempts" => 0)
START 72/104 Dict{String, Any}("job_index" => 72, "seconds" => 90, "reader" => "jump", "algorithm" => "dual", "id" => "miplib/markshare2", "manager" => "pfi")
DONE 72 miplib/markshare2 jump OPTIMAL passed=true iterations=20 coverage=Dict("component_proposals" => 0, "original_retry_blocked" => 0, "export_attempts" => 0, "component_certified" => 0, "coupled_certified" => 0, "component_attempts" => 0, "coupled_attempts" => 0, "local_attempts" => 0)
START 73/104 Dict{String, Any}("job_index" => 73, "seconds" => 90, "reader" => "native", "algorithm" => "dual", "id" => "miplib/nw04", "manager" => "pfi")
DONE 73 miplib/nw04 native OPTIMAL passed=true iterations=191 coverage=Dict("component_proposals" => 0, "original_retry_blocked" => 0, "export_attempts" => 0, "component_certified" => 0, "coupled_certified" => 0, "component_attempts" => 0, "coupled_attempts" => 0, "local_attempts" => 0)
START 74/104 Dict{String, Any}("job_index" => 74, "seconds" => 90, "reader" => "jump", "algorithm" => "dual", "id" => "miplib/nw04", "manager" => "pfi")
DONE 74 miplib/nw04 jump OPTIMAL passed=true iterations=191 coverage=Dict("component_proposals" => 0, "original_retry_blocked" => 0, "export_attempts" => 0, "component_certified" => 0, "coupled_certified" => 0, "component_attempts" => 0, "coupled_attempts" => 0, "local_attempts" => 0)
START 75/104 Dict{String, Any}("job_index" => 75, "seconds" => 90, "reader" => "native", "algorithm" => "dual", "id" => "miplib/10teams", "manager" => "pfi")
DONE 75 miplib/10teams native OPTIMAL passed=true iterations=1505 coverage=Dict("component_proposals" => 0, "original_retry_blocked" => 0, "export_attempts" => 0, "component_certified" => 0, "coupled_certified" => 0, "component_attempts" => 0, "coupled_attempts" => 0, "local_attempts" => 0)
START 76/104 Dict{String, Any}("job_index" => 76, "seconds" => 90, "reader" => "jump", "algorithm" => "dual", "id" => "miplib/10teams", "manager" => "pfi")
DONE 76 miplib/10teams jump OPTIMAL passed=true iterations=1505 coverage=Dict("component_proposals" => 0, "original_retry_blocked" => 0, "export_attempts" => 0, "component_certified" => 0, "coupled_certified" => 0, "component_attempts" => 0, "coupled_attempts" => 0, "local_attempts" => 0)
START 77/104 Dict{String, Any}("job_index" => 77, "seconds" => 90, "reader" => "permuted", "algorithm" => "primal", "id" => "miplib/mod010", "manager" => "pfi", "seed" => 1)
DONE 77 miplib/mod010 permuted OPTIMAL passed=true iterations=598 coverage=Dict("component_proposals" => 0, "original_retry_blocked" => 0, "export_attempts" => 2, "component_certified" => 0, "coupled_certified" => 0, "component_attempts" => 0, "coupled_attempts" => 0, "local_attempts" => 0)
START 78/104 Dict{String, Any}("job_index" => 78, "seconds" => 90, "reader" => "permuted", "algorithm" => "primal", "id" => "miplib/mod010", "manager" => "forrest_tomlin", "seed" => 1)
DONE 78 miplib/mod010 permuted OPTIMAL passed=true iterations=590 coverage=Dict("component_proposals" => 0, "original_retry_blocked" => 0, "export_attempts" => 1, "component_certified" => 0, "coupled_certified" => 0, "component_attempts" => 0, "coupled_attempts" => 0, "local_attempts" => 0)
START 79/104 Dict{String, Any}("job_index" => 79, "seconds" => 90, "reader" => "permuted", "algorithm" => "primal", "id" => "miplib/mod010", "manager" => "suhl_suhl", "seed" => 1)
DONE 79 miplib/mod010 permuted OPTIMAL passed=true iterations=576 coverage=Dict("component_proposals" => 0, "original_retry_blocked" => 0, "export_attempts" => 1, "component_certified" => 0, "coupled_certified" => 0, "component_attempts" => 0, "coupled_attempts" => 0, "local_attempts" => 0)
START 80/104 Dict{String, Any}("job_index" => 80, "seconds" => 90, "reader" => "permuted", "algorithm" => "primal", "id" => "miplib/mod010", "manager" => "bartels_golub", "seed" => 1)
DONE 80 miplib/mod010 permuted OPTIMAL passed=true iterations=615 coverage=Dict("component_proposals" => 0, "original_retry_blocked" => 0, "export_attempts" => 1, "component_certified" => 0, "coupled_certified" => 0, "component_attempts" => 0, "coupled_attempts" => 0, "local_attempts" => 0)
START 81/104 Dict{String, Any}("job_index" => 81, "seconds" => 90, "reader" => "permuted", "algorithm" => "primal", "id" => "miplib/mod010", "manager" => "pfi", "seed" => 17)
DONE 81 miplib/mod010 permuted OPTIMAL passed=true iterations=679 coverage=Dict("component_proposals" => 0, "original_retry_blocked" => 0, "export_attempts" => 2, "component_certified" => 0, "coupled_certified" => 0, "component_attempts" => 0, "coupled_attempts" => 0, "local_attempts" => 2)
START 82/104 Dict{String, Any}("job_index" => 82, "seconds" => 90, "reader" => "permuted", "algorithm" => "primal", "id" => "miplib/mod010", "manager" => "pfi", "seed" => 2)
DONE 82 miplib/mod010 permuted OPTIMAL passed=true iterations=619 coverage=Dict("component_proposals" => 0, "original_retry_blocked" => 0, "export_attempts" => 1, "component_certified" => 0, "coupled_certified" => 0, "component_attempts" => 0, "coupled_attempts" => 0, "local_attempts" => 0)
START 83/104 Dict{String, Any}("job_index" => 83, "seconds" => 90, "reader" => "permuted", "algorithm" => "primal", "id" => "miplib/mod010", "manager" => "pfi", "seed" => 29)
DONE 83 miplib/mod010 permuted OPTIMAL passed=true iterations=586 coverage=Dict("component_proposals" => 0, "original_retry_blocked" => 0, "export_attempts" => 2, "component_certified" => 0, "coupled_certified" => 0, "component_attempts" => 0, "coupled_attempts" => 0, "local_attempts" => 2)
START 84/104 Dict{String, Any}("job_index" => 84, "seconds" => 90, "reader" => "native", "algorithm" => "primal", "id" => "miplib/mod010", "manager" => "pfi")
DONE 84 miplib/mod010 native OPTIMAL passed=true iterations=532 coverage=Dict("component_proposals" => 1, "original_retry_blocked" => 0, "export_attempts" => 1, "component_certified" => 1, "coupled_certified" => 0, "component_attempts" => 1, "coupled_attempts" => 0, "local_attempts" => 1)
START 85/104 Dict{String, Any}("job_index" => 85, "seconds" => 90, "reader" => "jump", "algorithm" => "primal", "id" => "miplib/mod010", "manager" => "pfi")
DONE 85 miplib/mod010 jump OPTIMAL passed=true iterations=595 coverage=Dict("component_proposals" => 0, "original_retry_blocked" => 0, "export_attempts" => 1, "component_certified" => 0, "coupled_certified" => 0, "component_attempts" => 0, "coupled_attempts" => 0, "local_attempts" => 0)
START 86/104 Dict{String, Any}("job_index" => 86, "seconds" => 90, "reader" => "native", "algorithm" => "primal", "id" => "netlib/degen2", "manager" => "pfi")
DONE 86 netlib/degen2 native OPTIMAL passed=true iterations=1034 coverage=Dict("component_proposals" => 0, "original_retry_blocked" => 0, "export_attempts" => 4, "component_certified" => 0, "coupled_certified" => 0, "component_attempts" => 0, "coupled_attempts" => 0, "local_attempts" => 4)
START 87/104 Dict{String, Any}("job_index" => 87, "seconds" => 90, "reader" => "jump", "algorithm" => "primal", "id" => "netlib/degen2", "manager" => "pfi")
DONE 87 netlib/degen2 jump OPTIMAL passed=true iterations=1031 coverage=Dict("component_proposals" => 0, "original_retry_blocked" => 0, "export_attempts" => 3, "component_certified" => 0, "coupled_certified" => 0, "component_attempts" => 0, "coupled_attempts" => 0, "local_attempts" => 3)
START 88/104 Dict{String, Any}("job_index" => 88, "seconds" => 90, "reader" => "native", "algorithm" => "primal", "id" => "netlib/boeing1", "manager" => "pfi")
DONE 88 netlib/boeing1 native OPTIMAL passed=true iterations=558 coverage=Dict("component_proposals" => 0, "original_retry_blocked" => 0, "export_attempts" => 2, "component_certified" => 0, "coupled_certified" => 0, "component_attempts" => 0, "coupled_attempts" => 0, "local_attempts" => 2)
START 89/104 Dict{String, Any}("job_index" => 89, "seconds" => 90, "reader" => "jump", "algorithm" => "primal", "id" => "netlib/boeing1", "manager" => "pfi")
DONE 89 netlib/boeing1 jump OPTIMAL passed=true iterations=559 coverage=Dict("component_proposals" => 0, "original_retry_blocked" => 0, "export_attempts" => 1, "component_certified" => 0, "coupled_certified" => 0, "component_attempts" => 0, "coupled_attempts" => 0, "local_attempts" => 0)
START 90/104 Dict{String, Any}("job_index" => 90, "seconds" => 90, "reader" => "native", "algorithm" => "primal", "id" => "miplib/p0201", "manager" => "pfi")
DONE 90 miplib/p0201 native OPTIMAL passed=true iterations=244 coverage=Dict("component_proposals" => 0, "original_retry_blocked" => 0, "export_attempts" => 1, "component_certified" => 0, "coupled_certified" => 0, "component_attempts" => 0, "coupled_attempts" => 0, "local_attempts" => 0)
START 91/104 Dict{String, Any}("job_index" => 91, "seconds" => 90, "reader" => "jump", "algorithm" => "primal", "id" => "miplib/p0201", "manager" => "pfi")
DONE 91 miplib/p0201 jump OPTIMAL passed=true iterations=244 coverage=Dict("component_proposals" => 0, "original_retry_blocked" => 0, "export_attempts" => 1, "component_certified" => 0, "coupled_certified" => 0, "component_attempts" => 0, "coupled_attempts" => 0, "local_attempts" => 0)
START 92/104 Dict{String, Any}("job_index" => 92, "seconds" => 90, "reader" => "native", "algorithm" => "primal", "id" => "miplib/misc07", "manager" => "pfi")
DONE 92 miplib/misc07 native OPTIMAL passed=true iterations=263 coverage=Dict("component_proposals" => 0, "original_retry_blocked" => 0, "export_attempts" => 5, "component_certified" => 0, "coupled_certified" => 0, "component_attempts" => 0, "coupled_attempts" => 0, "local_attempts" => 0)
START 93/104 Dict{String, Any}("job_index" => 93, "seconds" => 90, "reader" => "jump", "algorithm" => "primal", "id" => "miplib/misc07", "manager" => "pfi")
DONE 93 miplib/misc07 jump OPTIMAL passed=true iterations=284 coverage=Dict("component_proposals" => 0, "original_retry_blocked" => 0, "export_attempts" => 1, "component_certified" => 0, "coupled_certified" => 0, "component_attempts" => 0, "coupled_attempts" => 0, "local_attempts" => 0)
START 94/104 Dict{String, Any}("job_index" => 94, "seconds" => 90, "reader" => "native", "algorithm" => "primal", "id" => "netlib/scsd6", "manager" => "pfi")
DONE 94 netlib/scsd6 native OPTIMAL passed=true iterations=340 coverage=Dict("component_proposals" => 1, "original_retry_blocked" => 0, "export_attempts" => 1, "component_certified" => 1, "coupled_certified" => 0, "component_attempts" => 1, "coupled_attempts" => 0, "local_attempts" => 1)
START 95/104 Dict{String, Any}("job_index" => 95, "seconds" => 90, "reader" => "native", "algorithm" => "primal", "id" => "netlib/scsd6", "manager" => "forrest_tomlin")
DONE 95 netlib/scsd6 native OPTIMAL passed=true iterations=326 coverage=Dict("component_proposals" => 1, "original_retry_blocked" => 0, "export_attempts" => 1, "component_certified" => 1, "coupled_certified" => 0, "component_attempts" => 1, "coupled_attempts" => 0, "local_attempts" => 1)
START 96/104 Dict{String, Any}("job_index" => 96, "seconds" => 90, "reader" => "native", "algorithm" => "primal", "id" => "netlib/scsd6", "manager" => "suhl_suhl")
DONE 96 netlib/scsd6 native OPTIMAL passed=true iterations=329 coverage=Dict("component_proposals" => 1, "original_retry_blocked" => 0, "export_attempts" => 1, "component_certified" => 1, "coupled_certified" => 0, "component_attempts" => 1, "coupled_attempts" => 0, "local_attempts" => 1)
START 97/104 Dict{String, Any}("job_index" => 97, "seconds" => 90, "reader" => "native", "algorithm" => "primal", "id" => "netlib/scsd6", "manager" => "bartels_golub")
DONE 97 netlib/scsd6 native OPTIMAL passed=true iterations=337 coverage=Dict("component_proposals" => 1, "original_retry_blocked" => 0, "export_attempts" => 1, "component_certified" => 1, "coupled_certified" => 0, "component_attempts" => 1, "coupled_attempts" => 0, "local_attempts" => 1)
START 98/104 Dict{String, Any}("job_index" => 98, "seconds" => 90, "reader" => "jump", "algorithm" => "primal", "id" => "netlib/scsd6", "manager" => "pfi")
DONE 98 netlib/scsd6 jump OPTIMAL passed=true iterations=340 coverage=Dict("component_proposals" => 1, "original_retry_blocked" => 0, "export_attempts" => 1, "component_certified" => 1, "coupled_certified" => 0, "component_attempts" => 1, "coupled_attempts" => 0, "local_attempts" => 1)
START 99/104 Dict{String, Any}("job_index" => 99, "seconds" => 90, "reader" => "native", "algorithm" => "primal", "id" => "netlib/cycle", "manager" => "pfi")
DONE 99 netlib/cycle native OPTIMAL passed=true iterations=963 coverage=Dict("component_proposals" => 1, "original_retry_blocked" => 0, "export_attempts" => 0, "component_certified" => 1, "coupled_certified" => 0, "component_attempts" => 1, "coupled_attempts" => 0, "local_attempts" => 1)
START 100/104 Dict{String, Any}("job_index" => 100, "seconds" => 90, "reader" => "jump", "algorithm" => "primal", "id" => "netlib/cycle", "manager" => "pfi")
DONE 100 netlib/cycle jump OPTIMAL passed=true iterations=1291 coverage=Dict("component_proposals" => 0, "original_retry_blocked" => 0, "export_attempts" => 0, "component_certified" => 0, "coupled_certified" => 0, "component_attempts" => 0, "coupled_attempts" => 0, "local_attempts" => 0)
START 101/104 Dict{String, Any}("job_index" => 101, "seconds" => 90, "reader" => "native", "algorithm" => "primal", "id" => "netlib/stocfor2", "manager" => "pfi")
DONE 101 netlib/stocfor2 native OPTIMAL passed=true iterations=1970 coverage=Dict("component_proposals" => 0, "original_retry_blocked" => 0, "export_attempts" => 1, "component_certified" => 0, "coupled_certified" => 0, "component_attempts" => 0, "coupled_attempts" => 0, "local_attempts" => 0)
START 102/104 Dict{String, Any}("job_index" => 102, "seconds" => 90, "reader" => "jump", "algorithm" => "primal", "id" => "netlib/stocfor2", "manager" => "pfi")
DONE 102 netlib/stocfor2 jump OPTIMAL passed=true iterations=2322 coverage=Dict("component_proposals" => 1, "original_retry_blocked" => 0, "export_attempts" => 1, "component_certified" => 0, "coupled_certified" => 0, "component_attempts" => 2, "coupled_attempts" => 1, "local_attempts" => 2)
START 103/104 Dict{String, Any}("job_index" => 103, "seconds" => 90, "reader" => "native", "algorithm" => "primal", "id" => "netlib/degen3", "manager" => "pfi")
DONE 103 netlib/degen3 native OPTIMAL passed=true iterations=3613 coverage=Dict("component_proposals" => 5, "original_retry_blocked" => 0, "export_attempts" => 27, "component_certified" => 5, "coupled_certified" => 0, "component_attempts" => 5, "coupled_attempts" => 0, "local_attempts" => 27)
START 104/104 Dict{String, Any}("job_index" => 104, "seconds" => 90, "reader" => "jump", "algorithm" => "primal", "id" => "netlib/degen3", "manager" => "pfi")
DONE 104 netlib/degen3 jump OPTIMAL passed=true iterations=4089 coverage=Dict("component_proposals" => 3, "original_retry_blocked" => 0, "export_attempts" => 6, "component_certified" => 3, "coupled_certified" => 0, "component_attempts" => 3, "coupled_attempts" => 0, "local_attempts" => 6)
