
======================================================================================
Information request received. A stacktrace will print followed by a 1.0 second profile.
--trace-compile is enabled during profile collection.
======================================================================================

cmd: /home/jspitz/.julia/juliaup/julia-1.13.0+0.aarch64.linux.gnu/bin/julia 10 running 1 of 1

signal (10): User defined signal 1
unknown function (ip: 0xf428fe40c350) at /usr/lib/aarch64-linux-gnu/libc.so.6
unknown function (ip: 0xf428fe40cc73) at /usr/lib/aarch64-linux-gnu/libc.so.6
_Znwm at /usr/lib/aarch64-linux-gnu/libstdc++.so.6 (unknown line)
_ZN4llvm13LiveIntervals15computeVirtRegsEv at /home/jspitz/.julia/juliaup/julia-1.13.0+0.aarch64.linux.gnu/bin/../lib/julia/libLLVM.so.20.1jl (unknown line)
_ZN4llvm13LiveIntervals7analyzeERNS_15MachineFunctionE at /home/jspitz/.julia/juliaup/julia-1.13.0+0.aarch64.linux.gnu/bin/../lib/julia/libLLVM.so.20.1jl (unknown line)
_ZN4llvm24LiveIntervalsWrapperPass20runOnMachineFunctionERNS_15MachineFunctionE at /home/jspitz/.julia/juliaup/julia-1.13.0+0.aarch64.linux.gnu/bin/../lib/julia/libLLVM.so.20.1jl (unknown line)
$x at /home/jspitz/.julia/juliaup/julia-1.13.0+0.aarch64.linux.gnu/bin/../lib/julia/libLLVM.so.20.1jl (unknown line)
_ZN4llvm13FPPassManager13runOnFunctionERNS_8FunctionE at /home/jspitz/.julia/juliaup/julia-1.13.0+0.aarch64.linux.gnu/bin/../lib/julia/libLLVM.so.20.1jl (unknown line)
_ZN4llvm13FPPassManager11runOnModuleERNS_6ModuleE at /home/jspitz/.julia/juliaup/julia-1.13.0+0.aarch64.linux.gnu/bin/../lib/julia/libLLVM.so.20.1jl (unknown line)
_ZN4llvm6legacy15PassManagerImpl3runERNS_6ModuleE at /home/jspitz/.julia/juliaup/julia-1.13.0+0.aarch64.linux.gnu/bin/../lib/julia/libLLVM.so.20.1jl (unknown line)
operator() at /cache/build/builder-armageddon-4/julialang/julia-ci/src/jitlayers.cpp:1627
addModule at /cache/build/builder-armageddon-4/julialang/julia-ci/src/jitlayers.cpp:2130
jl_compile_codeinst_now at /cache/build/builder-armageddon-4/julialang/julia-ci/src/jitlayers.cpp:681
jl_compile_codeinst_impl at /cache/build/builder-armageddon-4/julialang/julia-ci/src/jitlayers.cpp:875
jl_compile_method_internal at /cache/build/builder-armageddon-4/julialang/julia-ci/src/gf.c:3709
_jl_invoke at /cache/build/builder-armageddon-4/julialang/julia-ci/src/gf.c:4171 [inlined]
ijl_apply_generic at /cache/build/builder-armageddon-4/julialang/julia-ci/src/gf.c:4380
#_run_original_objective_terminal!#220 at /home/jspitz/JSimplex.jl/.worktrees/triangular-update-kernels/src/simplex_driver.jl:261
_run_original_objective_terminal! at /home/jspitz/JSimplex.jl/.worktrees/triangular-update-kernels/src/simplex_driver.jl:258 [inlined]
#_run_from_basis_once!#221 at /home/jspitz/JSimplex.jl/.worktrees/triangular-update-kernels/src/simplex_driver.jl:306 [inlined]
_run_from_basis_once! at /home/jspitz/JSimplex.jl/.worktrees/triangular-update-kernels/src/simplex_driver.jl:303 [inlined]
#run_from_basis!#222 at /home/jspitz/JSimplex.jl/.worktrees/triangular-update-kernels/src/simplex_driver.jl:313 [inlined]
run_from_basis! at /home/jspitz/JSimplex.jl/.worktrees/triangular-update-kernels/src/simplex_driver.jl:310
unknown function (ip: 0xf4289f27d1cf) at (unknown file)
jl_apply at /cache/build/builder-armageddon-4/julialang/julia-ci/src/julia.h:2318 [inlined]
do_call at /cache/build/builder-armageddon-4/julialang/julia-ci/src/interpreter.c:123
eval_value at /cache/build/builder-armageddon-4/julialang/julia-ci/src/interpreter.c:243
eval_body at /cache/build/builder-armageddon-4/julialang/julia-ci/src/interpreter.c:581
eval_body at /cache/build/builder-armageddon-4/julialang/julia-ci/src/interpreter.c:558
eval_body at /cache/build/builder-armageddon-4/julialang/julia-ci/src/interpreter.c:558
eval_body at /cache/build/builder-armageddon-4/julialang/julia-ci/src/interpreter.c:558
eval_body at /cache/build/builder-armageddon-4/julialang/julia-ci/src/interpreter.c:558
jl_interpret_toplevel_thunk at /cache/build/builder-armageddon-4/julialang/julia-ci/src/interpreter.c:884
jl_toplevel_eval_flex at /cache/build/builder-armageddon-4/julialang/julia-ci/src/toplevel.c:742
jl_eval_toplevel_stmts at /cache/build/builder-armageddon-4/julialang/julia-ci/src/toplevel.c:585
jl_toplevel_eval_flex at /cache/build/builder-armageddon-4/julialang/julia-ci/src/toplevel.c:683
ijl_toplevel_eval at /cache/build/builder-armageddon-4/julialang/julia-ci/src/toplevel.c:754
ijl_toplevel_eval_in at /cache/build/builder-armageddon-4/julialang/julia-ci/src/toplevel.c:799
eval at ./boot.jl:489
include_string at ./loading.jl:3016
_include at ./loading.jl:3076
include at ./Base.jl:310
IncludeInto at ./Base.jl:311
jfptr_IncludeInto_60777 at /home/jspitz/.julia/juliaup/julia-1.13.0+0.aarch64.linux.gnu/lib/julia/sys.so (unknown line)
jl_apply at /cache/build/builder-armageddon-4/julialang/julia-ci/src/julia.h:2318 [inlined]
do_call at /cache/build/builder-armageddon-4/julialang/julia-ci/src/interpreter.c:123
eval_value at /cache/build/builder-armageddon-4/julialang/julia-ci/src/interpreter.c:243
eval_stmt_value at /cache/build/builder-armageddon-4/julialang/julia-ci/src/interpreter.c:194 [inlined]
eval_body at /cache/build/builder-armageddon-4/julialang/julia-ci/src/interpreter.c:693
eval_body at /cache/build/builder-armageddon-4/julialang/julia-ci/src/interpreter.c:558
eval_body at /cache/build/builder-armageddon-4/julialang/julia-ci/src/interpreter.c:558
eval_body at /cache/build/builder-armageddon-4/julialang/julia-ci/src/interpreter.c:558
eval_body at /cache/build/builder-armageddon-4/julialang/julia-ci/src/interpreter.c:558
jl_interpret_toplevel_thunk at /cache/build/builder-armageddon-4/julialang/julia-ci/src/interpreter.c:884
jl_toplevel_eval_flex at /cache/build/builder-armageddon-4/julialang/julia-ci/src/toplevel.c:742
jl_eval_toplevel_stmts at /cache/build/builder-armageddon-4/julialang/julia-ci/src/toplevel.c:585
jl_toplevel_eval_flex at /cache/build/builder-armageddon-4/julialang/julia-ci/src/toplevel.c:683
ijl_toplevel_eval at /cache/build/builder-armageddon-4/julialang/julia-ci/src/toplevel.c:754
ijl_toplevel_eval_in at /cache/build/builder-armageddon-4/julialang/julia-ci/src/toplevel.c:799
eval at ./boot.jl:489
include_string at ./loading.jl:3016
_include at ./loading.jl:3076
include at ./Base.jl:309
exec_options at ./client.jl:344
_start at ./client.jl:577
jfptr__start_61086 at /home/jspitz/.julia/juliaup/julia-1.13.0+0.aarch64.linux.gnu/lib/julia/sys.so (unknown line)
jl_apply at /cache/build/builder-armageddon-4/julialang/julia-ci/src/julia.h:2318 [inlined]
true_main at /cache/build/builder-armageddon-4/julialang/julia-ci/src/jlapi.c:985
jl_repl_entrypoint at /cache/build/builder-armageddon-4/julialang/julia-ci/src/jlapi.c:1152
main at /cache/build/builder-armageddon-4/julialang/julia-ci/cli/loader_exe.c:58
unknown function (ip: 0xf428fe392f1b) at /usr/lib/aarch64-linux-gnu/libc.so.6
__libc_start_main at /usr/lib/aarch64-linux-gnu/libc.so.6 (unknown line)
$x at /home/jspitz/.julia/juliaup/julia-1.13.0+0.aarch64.linux.gnu/bin/julia (unknown line)
unknown function (ip: 0x25000000400a1b) at (unknown file)
unknown function (ip: (nil)) at (unknown file)


==============================================================
Profile collected. A report will print at the next yield point.
Disabling --trace-compile
==============================================================


[10] signal 15: Terminated
in expression starting at /home/jspitz/JSimplex.jl/.worktrees/triangular-update-kernels/test/partial_pricing_edge_tests.jl:1
unknown function (ip: 0xf428fe40c55c) at /usr/lib/aarch64-linux-gnu/libc.so.6
unknown function (ip: 0xf428fe40cc73) at /usr/lib/aarch64-linux-gnu/libc.so.6
_Znwm at /usr/lib/aarch64-linux-gnu/libstdc++.so.6 (unknown line)
_ZN4llvm4UsernwEmNS0_28IntrusiveOperandsAllocMarkerE at /home/jspitz/.julia/juliaup/julia-1.13.0+0.aarch64.linux.gnu/bin/../lib/julia/libLLVM.so.20.1jl (unknown line)
_ZN4llvm11ConstantInt3getERNS_11LLVMContextERKNS_5APIntE at /home/jspitz/.julia/juliaup/julia-1.13.0+0.aarch64.linux.gnu/bin/../lib/julia/libLLVM.so.20.1jl (unknown line)
_ZN4llvm11ConstantInt3getEPNS_4TypeERKNS_5APIntE at /home/jspitz/.julia/juliaup/julia-1.13.0+0.aarch64.linux.gnu/bin/../lib/julia/libLLVM.so.20.1jl (unknown line)
$x at /home/jspitz/.julia/juliaup/julia-1.13.0+0.aarch64.linux.gnu/bin/../lib/julia/libLLVM.so.20.1jl (unknown line)
$x at /home/jspitz/.julia/juliaup/julia-1.13.0+0.aarch64.linux.gnu/bin/../lib/julia/libLLVM.so.20.1jl (unknown line)
$x at /home/jspitz/.julia/juliaup/julia-1.13.0+0.aarch64.linux.gnu/bin/../lib/julia/libLLVM.so.20.1jl (unknown line)
$x at /home/jspitz/.julia/juliaup/julia-1.13.0+0.aarch64.linux.gnu/bin/../lib/julia/libLLVM.so.20.1jl (unknown line)
_ZN4llvm15InstCombinePass3runERNS_8FunctionERNS_15AnalysisManagerIS1_JEEE at /home/jspitz/.julia/juliaup/julia-1.13.0+0.aarch64.linux.gnu/bin/../lib/julia/libLLVM.so.20.1jl (unknown line)
run at /cache/build/builder-armageddon-4/julialang/julia-ci/usr/include/llvm/IR/PassManagerInternal.h:91
_ZN4llvm11PassManagerINS_8FunctionENS_15AnalysisManagerIS1_JEEEJEE3runERS1_RS3_ at /home/jspitz/.julia/juliaup/julia-1.13.0+0.aarch64.linux.gnu/bin/../lib/julia/libLLVM.so.20.1jl (unknown line)
run at /cache/build/builder-armageddon-4/julialang/julia-ci/usr/include/llvm/IR/PassManagerInternal.h:91
_ZN4llvm27ModuleToFunctionPassAdaptor3runERNS_6ModuleERNS_15AnalysisManagerIS1_JEEE at /home/jspitz/.julia/juliaup/julia-1.13.0+0.aarch64.linux.gnu/bin/../lib/julia/libLLVM.so.20.1jl (unknown line)
run at /cache/build/builder-armageddon-4/julialang/julia-ci/usr/include/llvm/IR/PassManagerInternal.h:91
_ZN4llvm11PassManagerINS_6ModuleENS_15AnalysisManagerIS1_JEEEJEE3runERS1_RS3_ at /home/jspitz/.julia/juliaup/julia-1.13.0+0.aarch64.linux.gnu/bin/../lib/julia/libLLVM.so.20.1jl (unknown line)
run at /cache/build/builder-armageddon-4/julialang/julia-ci/src/pipeline.cpp:792
operator() at /cache/build/builder-armageddon-4/julialang/julia-ci/src/jitlayers.cpp:1512
withModuleDo<(anonymous namespace)::sizedOptimizerT<N>::operator()(llvm::orc::ThreadSafeModule) [with long unsigned int N = 4]::<lambda(llvm::Module&)> > at /cache/build/builder-armageddon-4/julialang/julia-ci/usr/include/llvm/ExecutionEngine/Orc/ThreadSafeModule.h:136 [inlined]
operator() at /cache/build/builder-armageddon-4/julialang/julia-ci/src/jitlayers.cpp:1473 [inlined]
operator() at /cache/build/builder-armageddon-4/julialang/julia-ci/src/jitlayers.cpp:1648 [inlined]
addModule at /cache/build/builder-armageddon-4/julialang/julia-ci/src/jitlayers.cpp:2117
jl_compile_codeinst_now at /cache/build/builder-armageddon-4/julialang/julia-ci/src/jitlayers.cpp:681
jl_compile_codeinst_impl at /cache/build/builder-armageddon-4/julialang/julia-ci/src/jitlayers.cpp:875
jl_compile_method_internal at /cache/build/builder-armageddon-4/julialang/julia-ci/src/gf.c:3709
_jl_invoke at /cache/build/builder-armageddon-4/julialang/julia-ci/src/gf.c:4171 [inlined]
ijl_apply_generic at /cache/build/builder-armageddon-4/julialang/julia-ci/src/gf.c:4380
macro expansion at /home/jspitz/JSimplex.jl/.worktrees/triangular-update-kernels/test/partial_pricing_edge_tests.jl:11 [inlined]
macro expansion at /home/jspitz/.julia/juliaup/julia-1.13.0+0.aarch64.linux.gnu/share/julia/stdlib/v1.13/Test/src/Test.jl:1962 [inlined]
top-level scope at /home/jspitz/JSimplex.jl/.worktrees/triangular-update-kernels/test/partial_pricing_edge_tests.jl:2
jl_toplevel_eval_flex at /cache/build/builder-armageddon-4/julialang/julia-ci/src/toplevel.c:731
jl_eval_toplevel_stmts at /cache/build/builder-armageddon-4/julialang/julia-ci/src/toplevel.c:585
jl_toplevel_eval_flex at /cache/build/builder-armageddon-4/julialang/julia-ci/src/toplevel.c:683
ijl_toplevel_eval at /cache/build/builder-armageddon-4/julialang/julia-ci/src/toplevel.c:754
ijl_toplevel_eval_in at /cache/build/builder-armageddon-4/julialang/julia-ci/src/toplevel.c:799
eval at ./boot.jl:489
include_string at ./loading.jl:3016
_include at ./loading.jl:3076
include at ./Base.jl:310
IncludeInto at ./Base.jl:311
jfptr_IncludeInto_60777 at /home/jspitz/.julia/juliaup/julia-1.13.0+0.aarch64.linux.gnu/lib/julia/sys.so (unknown line)
jl_apply at /cache/build/builder-armageddon-4/julialang/julia-ci/src/julia.h:2318 [inlined]
do_call at /cache/build/builder-armageddon-4/julialang/julia-ci/src/interpreter.c:123
eval_value at /cache/build/builder-armageddon-4/julialang/julia-ci/src/interpreter.c:243
eval_stmt_value at /cache/build/builder-armageddon-4/julialang/julia-ci/src/interpreter.c:194 [inlined]
eval_body at /cache/build/builder-armageddon-4/julialang/julia-ci/src/interpreter.c:693
eval_body at /cache/build/builder-armageddon-4/julialang/julia-ci/src/interpreter.c:558
eval_body at /cache/build/builder-armageddon-4/julialang/julia-ci/src/interpreter.c:558
eval_body at /cache/build/builder-armageddon-4/julialang/julia-ci/src/interpreter.c:558
eval_body at /cache/build/builder-armageddon-4/julialang/julia-ci/src/interpreter.c:558
jl_interpret_toplevel_thunk at /cache/build/builder-armageddon-4/julialang/julia-ci/src/interpreter.c:884
jl_toplevel_eval_flex at /cache/build/builder-armageddon-4/julialang/julia-ci/src/toplevel.c:742
jl_eval_toplevel_stmts at /cache/build/builder-armageddon-4/julialang/julia-ci/src/toplevel.c:585
jl_toplevel_eval_flex at /cache/build/builder-armageddon-4/julialang/julia-ci/src/toplevel.c:683
ijl_toplevel_eval at /cache/build/builder-armageddon-4/julialang/julia-ci/src/toplevel.c:754
ijl_toplevel_eval_in at /cache/build/builder-armageddon-4/julialang/julia-ci/src/toplevel.c:799
eval at ./boot.jl:489
include_string at ./loading.jl:3016
_include at ./loading.jl:3076
include at ./Base.jl:309
exec_options at ./client.jl:344
_start at ./client.jl:577
jfptr__start_61086 at /home/jspitz/.julia/juliaup/julia-1.13.0+0.aarch64.linux.gnu/lib/julia/sys.so (unknown line)
jl_apply at /cache/build/builder-armageddon-4/julialang/julia-ci/src/julia.h:2318 [inlined]
true_main at /cache/build/builder-armageddon-4/julialang/julia-ci/src/jlapi.c:985
jl_repl_entrypoint at /cache/build/builder-armageddon-4/julialang/julia-ci/src/jlapi.c:1152
main at /cache/build/builder-armageddon-4/julialang/julia-ci/cli/loader_exe.c:58
unknown function (ip: 0xf428fe392f1b) at /usr/lib/aarch64-linux-gnu/libc.so.6
__libc_start_main at /usr/lib/aarch64-linux-gnu/libc.so.6 (unknown line)
$x at /home/jspitz/.julia/juliaup/julia-1.13.0+0.aarch64.linux.gnu/bin/julia (unknown line)
unknown function (ip: 0x25000000400a1b) at (unknown file)
unknown function (ip: (nil)) at (unknown file)
Allocations: 2006712392 (Pool: 2006690323; Big: 22069); GC: 349
