START 1/48 Dict{String, Any}("job_index" => 1, "seconds" => 90, "reader" => "native", "algorithm" => "dual", "id" => "netlib/stocfor1", "manager" => "pfi")
DONE 1 netlib/stocfor1 native OPTIMAL passed=true iterations=100 coverage=Dict("component_proposals" => 0, "original_retry_blocked" => 0, "export_attempts" => 0, "component_certified" => 0, "component_attempts" => 0, "local_attempts" => 0)
START 2/48 Dict{String, Any}("job_index" => 2, "seconds" => 90, "reader" => "jump", "algorithm" => "dual", "id" => "netlib/stocfor1", "manager" => "pfi")
DONE 2 netlib/stocfor1 jump OPTIMAL passed=true iterations=93 coverage=Dict("component_proposals" => 0, "original_retry_blocked" => 0, "export_attempts" => 0, "component_certified" => 0, "component_attempts" => 0, "local_attempts" => 0)
START 3/48 Dict{String, Any}("job_index" => 3, "seconds" => 90, "reader" => "native", "algorithm" => "dual", "id" => "netlib/scsd1", "manager" => "pfi")
DONE 3 netlib/scsd1 native OPTIMAL passed=true iterations=104 coverage=Dict("component_proposals" => 0, "original_retry_blocked" => 0, "export_attempts" => 0, "component_certified" => 0, "component_attempts" => 0, "local_attempts" => 0)
START 4/48 Dict{String, Any}("job_index" => 4, "seconds" => 90, "reader" => "jump", "algorithm" => "dual", "id" => "netlib/scsd1", "manager" => "pfi")
DONE 4 netlib/scsd1 jump OPTIMAL passed=true iterations=104 coverage=Dict("component_proposals" => 0, "original_retry_blocked" => 0, "export_attempts" => 0, "component_certified" => 0, "component_attempts" => 0, "local_attempts" => 0)
START 5/48 Dict{String, Any}("job_index" => 5, "seconds" => 90, "reader" => "native", "algorithm" => "dual", "id" => "netlib/scsd8", "manager" => "pfi")
DONE 5 netlib/scsd8 native OPTIMAL passed=true iterations=1095 coverage=Dict("component_proposals" => 0, "original_retry_blocked" => 0, "export_attempts" => 0, "component_certified" => 0, "component_attempts" => 0, "local_attempts" => 0)
START 6/48 Dict{String, Any}("job_index" => 6, "seconds" => 90, "reader" => "jump", "algorithm" => "dual", "id" => "netlib/scsd8", "manager" => "pfi")
DONE 6 netlib/scsd8 jump OPTIMAL passed=true iterations=1095 coverage=Dict("component_proposals" => 0, "original_retry_blocked" => 0, "export_attempts" => 0, "component_certified" => 0, "component_attempts" => 0, "local_attempts" => 0)
START 7/48 Dict{String, Any}("job_index" => 7, "seconds" => 90, "reader" => "native", "algorithm" => "dual", "id" => "netlib/ship04s", "manager" => "pfi")
DONE 7 netlib/ship04s native OPTIMAL passed=true iterations=333 coverage=Dict("component_proposals" => 0, "original_retry_blocked" => 0, "export_attempts" => 0, "component_certified" => 0, "component_attempts" => 0, "local_attempts" => 0)
START 8/48 Dict{String, Any}("job_index" => 8, "seconds" => 90, "reader" => "jump", "algorithm" => "dual", "id" => "netlib/ship04s", "manager" => "pfi")
DONE 8 netlib/ship04s jump OPTIMAL passed=true iterations=333 coverage=Dict("component_proposals" => 0, "original_retry_blocked" => 0, "export_attempts" => 0, "component_certified" => 0, "component_attempts" => 0, "local_attempts" => 0)
START 9/48 Dict{String, Any}("job_index" => 9, "seconds" => 90, "reader" => "native", "algorithm" => "dual", "id" => "netlib/ship08s", "manager" => "pfi")
DONE 9 netlib/ship08s native OPTIMAL passed=true iterations=466 coverage=Dict("component_proposals" => 0, "original_retry_blocked" => 0, "export_attempts" => 0, "component_certified" => 0, "component_attempts" => 0, "local_attempts" => 0)
START 10/48 Dict{String, Any}("job_index" => 10, "seconds" => 90, "reader" => "jump", "algorithm" => "dual", "id" => "netlib/ship08s", "manager" => "pfi")
DONE 10 netlib/ship08s jump OPTIMAL passed=true iterations=466 coverage=Dict("component_proposals" => 0, "original_retry_blocked" => 0, "export_attempts" => 0, "component_certified" => 0, "component_attempts" => 0, "local_attempts" => 0)
START 11/48 Dict{String, Any}("job_index" => 11, "seconds" => 90, "reader" => "native", "algorithm" => "dual", "id" => "netlib/ship12s", "manager" => "pfi")
DONE 11 netlib/ship12s native OPTIMAL passed=true iterations=643 coverage=Dict("component_proposals" => 0, "original_retry_blocked" => 0, "export_attempts" => 0, "component_certified" => 0, "component_attempts" => 0, "local_attempts" => 0)
START 12/48 Dict{String, Any}("job_index" => 12, "seconds" => 90, "reader" => "jump", "algorithm" => "dual", "id" => "netlib/ship12s", "manager" => "pfi")
DONE 12 netlib/ship12s jump OPTIMAL passed=true iterations=643 coverage=Dict("component_proposals" => 0, "original_retry_blocked" => 0, "export_attempts" => 0, "component_certified" => 0, "component_attempts" => 0, "local_attempts" => 0)
START 13/48 Dict{String, Any}("job_index" => 13, "seconds" => 90, "reader" => "native", "algorithm" => "dual", "id" => "netlib/pilot4", "manager" => "pfi")
DONE 13 netlib/pilot4 native OPTIMAL passed=true iterations=1067 coverage=Dict("component_proposals" => 0, "original_retry_blocked" => 0, "export_attempts" => 0, "component_certified" => 0, "component_attempts" => 0, "local_attempts" => 0)
START 14/48 Dict{String, Any}("job_index" => 14, "seconds" => 90, "reader" => "jump", "algorithm" => "dual", "id" => "netlib/pilot4", "manager" => "pfi")
DONE 14 netlib/pilot4 jump OPTIMAL passed=true iterations=971 coverage=Dict("component_proposals" => 0, "original_retry_blocked" => 0, "export_attempts" => 0, "component_certified" => 0, "component_attempts" => 0, "local_attempts" => 0)
START 15/48 Dict{String, Any}("job_index" => 15, "seconds" => 90, "reader" => "native", "algorithm" => "dual", "id" => "netlib/pilotnov", "manager" => "pfi")
DONE 15 netlib/pilotnov native INFEASIBLE passed=false iterations=0 coverage=Dict("component_proposals" => 0, "original_retry_blocked" => 0, "export_attempts" => 0, "component_certified" => 0, "component_attempts" => 0, "local_attempts" => 0)
START 16/48 Dict{String, Any}("job_index" => 16, "seconds" => 90, "reader" => "jump", "algorithm" => "dual", "id" => "netlib/pilotnov", "manager" => "pfi")
DONE 16 netlib/pilotnov jump INFEASIBLE passed=false iterations=0 coverage=Dict("component_proposals" => 0, "original_retry_blocked" => 0, "export_attempts" => 0, "component_certified" => 0, "component_attempts" => 0, "local_attempts" => 0)
START 17/48 Dict{String, Any}("job_index" => 17, "seconds" => 90, "reader" => "native", "algorithm" => "dual", "id" => "netlib/25fv47", "manager" => "pfi")
DONE 17 netlib/25fv47 native OPTIMAL passed=true iterations=3087 coverage=Dict("component_proposals" => 0, "original_retry_blocked" => 0, "export_attempts" => 0, "component_certified" => 0, "component_attempts" => 0, "local_attempts" => 0)
START 18/48 Dict{String, Any}("job_index" => 18, "seconds" => 90, "reader" => "jump", "algorithm" => "dual", "id" => "netlib/25fv47", "manager" => "pfi")
DONE 18 netlib/25fv47 jump OPTIMAL passed=true iterations=2523 coverage=Dict("component_proposals" => 0, "original_retry_blocked" => 0, "export_attempts" => 0, "component_certified" => 0, "component_attempts" => 0, "local_attempts" => 0)
START 19/48 Dict{String, Any}("job_index" => 19, "seconds" => 90, "reader" => "native", "algorithm" => "dual", "id" => "netlib/80bau3b", "manager" => "pfi")
DONE 19 netlib/80bau3b native OPTIMAL passed=true iterations=3333 coverage=Dict("component_proposals" => 0, "original_retry_blocked" => 0, "export_attempts" => 0, "component_certified" => 0, "component_attempts" => 0, "local_attempts" => 0)
START 20/48 Dict{String, Any}("job_index" => 20, "seconds" => 90, "reader" => "jump", "algorithm" => "dual", "id" => "netlib/80bau3b", "manager" => "pfi")
DONE 20 netlib/80bau3b jump OPTIMAL passed=true iterations=3331 coverage=Dict("component_proposals" => 0, "original_retry_blocked" => 0, "export_attempts" => 0, "component_certified" => 0, "component_attempts" => 0, "local_attempts" => 0)
START 21/48 Dict{String, Any}("job_index" => 21, "seconds" => 90, "reader" => "native", "algorithm" => "dual", "id" => "netlib/wood1p", "manager" => "pfi")
DONE 21 netlib/wood1p native OPTIMAL passed=true iterations=165 coverage=Dict("component_proposals" => 0, "original_retry_blocked" => 0, "export_attempts" => 0, "component_certified" => 0, "component_attempts" => 0, "local_attempts" => 0)
START 22/48 Dict{String, Any}("job_index" => 22, "seconds" => 90, "reader" => "jump", "algorithm" => "dual", "id" => "netlib/wood1p", "manager" => "pfi")
DONE 22 netlib/wood1p jump OPTIMAL passed=true iterations=165 coverage=Dict("component_proposals" => 0, "original_retry_blocked" => 0, "export_attempts" => 0, "component_certified" => 0, "component_attempts" => 0, "local_attempts" => 0)
START 23/48 Dict{String, Any}("job_index" => 23, "seconds" => 90, "reader" => "native", "algorithm" => "dual", "id" => "netlib/woodw", "manager" => "pfi")
DONE 23 netlib/woodw native OPTIMAL passed=true iterations=1039 coverage=Dict("component_proposals" => 0, "original_retry_blocked" => 0, "export_attempts" => 0, "component_certified" => 0, "component_attempts" => 0, "local_attempts" => 0)
START 24/48 Dict{String, Any}("job_index" => 24, "seconds" => 90, "reader" => "jump", "algorithm" => "dual", "id" => "netlib/woodw", "manager" => "pfi")
DONE 24 netlib/woodw jump OPTIMAL passed=true iterations=1010 coverage=Dict("component_proposals" => 0, "original_retry_blocked" => 0, "export_attempts" => 0, "component_certified" => 0, "component_attempts" => 0, "local_attempts" => 0)
START 25/48 Dict{String, Any}("job_index" => 25, "seconds" => 90, "reader" => "native", "algorithm" => "dual", "id" => "netlib/bandm", "manager" => "pfi")
DONE 25 netlib/bandm native OPTIMAL passed=true iterations=328 coverage=Dict("component_proposals" => 0, "original_retry_blocked" => 0, "export_attempts" => 0, "component_certified" => 0, "component_attempts" => 0, "local_attempts" => 0)
START 26/48 Dict{String, Any}("job_index" => 26, "seconds" => 90, "reader" => "jump", "algorithm" => "dual", "id" => "netlib/bandm", "manager" => "pfi")
DONE 26 netlib/bandm jump OPTIMAL passed=true iterations=328 coverage=Dict("component_proposals" => 0, "original_retry_blocked" => 0, "export_attempts" => 0, "component_certified" => 0, "component_attempts" => 0, "local_attempts" => 0)
START 27/48 Dict{String, Any}("job_index" => 27, "seconds" => 90, "reader" => "native", "algorithm" => "dual", "id" => "netlib/capri", "manager" => "pfi")
DONE 27 netlib/capri native OPTIMAL passed=true iterations=262 coverage=Dict("component_proposals" => 0, "original_retry_blocked" => 0, "export_attempts" => 0, "component_certified" => 0, "component_attempts" => 0, "local_attempts" => 0)
START 28/48 Dict{String, Any}("job_index" => 28, "seconds" => 90, "reader" => "jump", "algorithm" => "dual", "id" => "netlib/capri", "manager" => "pfi")
DONE 28 netlib/capri jump OPTIMAL passed=true iterations=251 coverage=Dict("component_proposals" => 0, "original_retry_blocked" => 0, "export_attempts" => 0, "component_certified" => 0, "component_attempts" => 0, "local_attempts" => 0)
START 29/48 Dict{String, Any}("job_index" => 29, "seconds" => 90, "reader" => "native", "algorithm" => "dual", "id" => "netlib/recipe", "manager" => "pfi")
DONE 29 netlib/recipe native OPTIMAL passed=true iterations=28 coverage=Dict("component_proposals" => 0, "original_retry_blocked" => 0, "export_attempts" => 0, "component_certified" => 0, "component_attempts" => 0, "local_attempts" => 0)
START 30/48 Dict{String, Any}("job_index" => 30, "seconds" => 90, "reader" => "jump", "algorithm" => "dual", "id" => "netlib/recipe", "manager" => "pfi")
DONE 30 netlib/recipe jump OPTIMAL passed=true iterations=28 coverage=Dict("component_proposals" => 0, "original_retry_blocked" => 0, "export_attempts" => 0, "component_certified" => 0, "component_attempts" => 0, "local_attempts" => 0)
START 31/48 Dict{String, Any}("job_index" => 31, "seconds" => 90, "reader" => "native", "algorithm" => "dual", "id" => "netlib/scorpion", "manager" => "pfi")
DONE 31 netlib/scorpion native OPTIMAL passed=true iterations=205 coverage=Dict("component_proposals" => 0, "original_retry_blocked" => 0, "export_attempts" => 0, "component_certified" => 0, "component_attempts" => 0, "local_attempts" => 0)
START 32/48 Dict{String, Any}("job_index" => 32, "seconds" => 90, "reader" => "jump", "algorithm" => "dual", "id" => "netlib/scorpion", "manager" => "pfi")
DONE 32 netlib/scorpion jump OPTIMAL passed=true iterations=206 coverage=Dict("component_proposals" => 0, "original_retry_blocked" => 0, "export_attempts" => 0, "component_certified" => 0, "component_attempts" => 0, "local_attempts" => 0)
START 33/48 Dict{String, Any}("job_index" => 33, "seconds" => 90, "reader" => "native", "algorithm" => "dual", "id" => "miplib/air03", "manager" => "pfi")
DONE 33 miplib/air03 native OPTIMAL passed=true iterations=396 coverage=Dict("component_proposals" => 0, "original_retry_blocked" => 0, "export_attempts" => 0, "component_certified" => 0, "component_attempts" => 0, "local_attempts" => 0)
START 34/48 Dict{String, Any}("job_index" => 34, "seconds" => 90, "reader" => "jump", "algorithm" => "dual", "id" => "miplib/air03", "manager" => "pfi")
DONE 34 miplib/air03 jump OPTIMAL passed=true iterations=396 coverage=Dict("component_proposals" => 0, "original_retry_blocked" => 0, "export_attempts" => 0, "component_certified" => 0, "component_attempts" => 0, "local_attempts" => 0)
START 35/48 Dict{String, Any}("job_index" => 35, "seconds" => 90, "reader" => "native", "algorithm" => "dual", "id" => "miplib/air04", "manager" => "pfi")
DONE 35 miplib/air04 native OPTIMAL passed=true iterations=4483 coverage=Dict("component_proposals" => 0, "original_retry_blocked" => 0, "export_attempts" => 0, "component_certified" => 0, "component_attempts" => 0, "local_attempts" => 0)
START 36/48 Dict{String, Any}("job_index" => 36, "seconds" => 90, "reader" => "jump", "algorithm" => "dual", "id" => "miplib/air04", "manager" => "pfi")
DONE 36 miplib/air04 jump OPTIMAL passed=true iterations=4483 coverage=Dict("component_proposals" => 0, "original_retry_blocked" => 0, "export_attempts" => 0, "component_certified" => 0, "component_attempts" => 0, "local_attempts" => 0)
START 37/48 Dict{String, Any}("job_index" => 37, "seconds" => 90, "reader" => "native", "algorithm" => "dual", "id" => "miplib/air05", "manager" => "pfi")
DONE 37 miplib/air05 native OPTIMAL passed=true iterations=1469 coverage=Dict("component_proposals" => 0, "original_retry_blocked" => 0, "export_attempts" => 0, "component_certified" => 0, "component_attempts" => 0, "local_attempts" => 0)
START 38/48 Dict{String, Any}("job_index" => 38, "seconds" => 90, "reader" => "jump", "algorithm" => "dual", "id" => "miplib/air05", "manager" => "pfi")
DONE 38 miplib/air05 jump OPTIMAL passed=true iterations=1469 coverage=Dict("component_proposals" => 0, "original_retry_blocked" => 0, "export_attempts" => 0, "component_certified" => 0, "component_attempts" => 0, "local_attempts" => 0)
START 39/48 Dict{String, Any}("job_index" => 39, "seconds" => 90, "reader" => "native", "algorithm" => "dual", "id" => "miplib/blend2", "manager" => "pfi")
DONE 39 miplib/blend2 native OPTIMAL passed=true iterations=651 coverage=Dict("component_proposals" => 0, "original_retry_blocked" => 0, "export_attempts" => 0, "component_certified" => 0, "component_attempts" => 0, "local_attempts" => 0)
START 40/48 Dict{String, Any}("job_index" => 40, "seconds" => 90, "reader" => "jump", "algorithm" => "dual", "id" => "miplib/blend2", "manager" => "pfi")
DONE 40 miplib/blend2 jump OPTIMAL passed=true iterations=650 coverage=Dict("component_proposals" => 0, "original_retry_blocked" => 0, "export_attempts" => 0, "component_certified" => 0, "component_attempts" => 0, "local_attempts" => 0)
START 41/48 Dict{String, Any}("job_index" => 41, "seconds" => 90, "reader" => "native", "algorithm" => "dual", "id" => "miplib/markshare1", "manager" => "pfi")
DONE 41 miplib/markshare1 native OPTIMAL passed=true iterations=13 coverage=Dict("component_proposals" => 0, "original_retry_blocked" => 0, "export_attempts" => 0, "component_certified" => 0, "component_attempts" => 0, "local_attempts" => 0)
START 42/48 Dict{String, Any}("job_index" => 42, "seconds" => 90, "reader" => "jump", "algorithm" => "dual", "id" => "miplib/markshare1", "manager" => "pfi")
DONE 42 miplib/markshare1 jump OPTIMAL passed=true iterations=13 coverage=Dict("component_proposals" => 0, "original_retry_blocked" => 0, "export_attempts" => 0, "component_certified" => 0, "component_attempts" => 0, "local_attempts" => 0)
START 43/48 Dict{String, Any}("job_index" => 43, "seconds" => 90, "reader" => "native", "algorithm" => "dual", "id" => "miplib/markshare2", "manager" => "pfi")
DONE 43 miplib/markshare2 native OPTIMAL passed=true iterations=20 coverage=Dict("component_proposals" => 0, "original_retry_blocked" => 0, "export_attempts" => 0, "component_certified" => 0, "component_attempts" => 0, "local_attempts" => 0)
START 44/48 Dict{String, Any}("job_index" => 44, "seconds" => 90, "reader" => "jump", "algorithm" => "dual", "id" => "miplib/markshare2", "manager" => "pfi")
DONE 44 miplib/markshare2 jump OPTIMAL passed=true iterations=20 coverage=Dict("component_proposals" => 0, "original_retry_blocked" => 0, "export_attempts" => 0, "component_certified" => 0, "component_attempts" => 0, "local_attempts" => 0)
START 45/48 Dict{String, Any}("job_index" => 45, "seconds" => 90, "reader" => "native", "algorithm" => "dual", "id" => "miplib/nw04", "manager" => "pfi")
DONE 45 miplib/nw04 native OPTIMAL passed=true iterations=191 coverage=Dict("component_proposals" => 0, "original_retry_blocked" => 0, "export_attempts" => 0, "component_certified" => 0, "component_attempts" => 0, "local_attempts" => 0)
START 46/48 Dict{String, Any}("job_index" => 46, "seconds" => 90, "reader" => "jump", "algorithm" => "dual", "id" => "miplib/nw04", "manager" => "pfi")
DONE 46 miplib/nw04 jump OPTIMAL passed=true iterations=191 coverage=Dict("component_proposals" => 0, "original_retry_blocked" => 0, "export_attempts" => 0, "component_certified" => 0, "component_attempts" => 0, "local_attempts" => 0)
START 47/48 Dict{String, Any}("job_index" => 47, "seconds" => 90, "reader" => "native", "algorithm" => "dual", "id" => "miplib/10teams", "manager" => "pfi")
DONE 47 miplib/10teams native OPTIMAL passed=true iterations=1505 coverage=Dict("component_proposals" => 0, "original_retry_blocked" => 0, "export_attempts" => 0, "component_certified" => 0, "component_attempts" => 0, "local_attempts" => 0)
START 48/48 Dict{String, Any}("job_index" => 48, "seconds" => 90, "reader" => "jump", "algorithm" => "dual", "id" => "miplib/10teams", "manager" => "pfi")
DONE 48 miplib/10teams jump OPTIMAL passed=true iterations=1505 coverage=Dict("component_proposals" => 0, "original_retry_blocked" => 0, "export_attempts" => 0, "component_certified" => 0, "component_attempts" => 0, "local_attempts" => 0)
