netlib/afiro primal legacy pfi OPTIMAL
netlib/afiro primal legacy forrest_tomlin OPTIMAL
netlib/afiro primal legacy suhl_suhl OPTIMAL
netlib/afiro primal legacy bartels_golub OPTIMAL
netlib/afiro primal adaptive pfi OPTIMAL
netlib/afiro primal adaptive forrest_tomlin OPTIMAL
netlib/afiro primal adaptive suhl_suhl OPTIMAL
netlib/afiro primal adaptive bartels_golub OPTIMAL
netlib/afiro dual legacy pfi OPTIMAL
netlib/afiro dual legacy forrest_tomlin OPTIMAL
netlib/afiro dual legacy suhl_suhl OPTIMAL
netlib/afiro dual legacy bartels_golub OPTIMAL
netlib/afiro dual adaptive pfi OPTIMAL
netlib/afiro dual adaptive forrest_tomlin OPTIMAL
netlib/afiro dual adaptive suhl_suhl OPTIMAL
netlib/afiro dual adaptive bartels_golub OPTIMAL
netlib/adlittle primal legacy pfi OPTIMAL
netlib/adlittle primal legacy forrest_tomlin OPTIMAL
netlib/adlittle primal legacy suhl_suhl OPTIMAL
netlib/adlittle primal legacy bartels_golub OPTIMAL
netlib/adlittle primal adaptive pfi OPTIMAL
netlib/adlittle primal adaptive forrest_tomlin OPTIMAL
netlib/adlittle primal adaptive suhl_suhl OPTIMAL
netlib/adlittle primal adaptive bartels_golub OPTIMAL
netlib/adlittle dual legacy pfi OPTIMAL
netlib/adlittle dual legacy forrest_tomlin OPTIMAL
netlib/adlittle dual legacy suhl_suhl OPTIMAL
netlib/adlittle dual legacy bartels_golub OPTIMAL
netlib/adlittle dual adaptive pfi OPTIMAL
netlib/adlittle dual adaptive forrest_tomlin OPTIMAL
netlib/adlittle dual adaptive suhl_suhl OPTIMAL
netlib/adlittle dual adaptive bartels_golub OPTIMAL
miplib/flugpl primal legacy pfi OPTIMAL
miplib/flugpl primal legacy forrest_tomlin OPTIMAL
miplib/flugpl primal legacy suhl_suhl OPTIMAL
miplib/flugpl primal legacy bartels_golub OPTIMAL
miplib/flugpl primal adaptive pfi OPTIMAL
miplib/flugpl primal adaptive forrest_tomlin OPTIMAL
miplib/flugpl primal adaptive suhl_suhl OPTIMAL
miplib/flugpl primal adaptive bartels_golub OPTIMAL
miplib/flugpl dual legacy pfi OPTIMAL
miplib/flugpl dual legacy forrest_tomlin OPTIMAL
miplib/flugpl dual legacy suhl_suhl OPTIMAL
miplib/flugpl dual legacy bartels_golub OPTIMAL
miplib/flugpl dual adaptive pfi OPTIMAL
miplib/flugpl dual adaptive forrest_tomlin OPTIMAL
miplib/flugpl dual adaptive suhl_suhl OPTIMAL
miplib/flugpl dual adaptive bartels_golub OPTIMAL
mps/fast0507 primal legacy pfi OPTIMAL
mps/fast0507 primal legacy forrest_tomlin OPTIMAL
mps/fast0507 primal legacy suhl_suhl OPTIMAL
mps/fast0507 primal legacy bartels_golub OPTIMAL
mps/fast0507 dual legacy pfi OPTIMAL
mps/fast0507 dual legacy forrest_tomlin OPTIMAL
mps/fast0507 dual legacy suhl_suhl OPTIMAL
mps/fast0507 dual legacy bartels_golub OPTIMAL
Test Summary:                                       | Pass  Total     Time
External reference optima with separated strategies |  172    172  4m24.5s
