Checking simplex_strategy_separation
Checking legacy_primal_pivot_preference
Checking legacy_primal_preference_work
Checking legacy_correction_cycle
Checking legacy_dual_price_repair
Checking simplex_perturbation
Checking simplex_perturbation_integration
Checking primal_perturbation
Checking primal_perturbation_integration
Checking numeric
Checking simplex_numerics
Checking native_residual_mode
Checking solver_policy_precision
Checking refactorization_failure
Checking legacy_dual_correction
Checking legacy_dual_price_repair
Checking legacy_correction_cycle
Checking legacy_retry_edge
Checking adaptive_pricing
Checking adaptive_pricing_integration
Checking simplex_start
Checking simplex_start_guard
Checking simplex_phase_one
Checking simplex_phase_one_state
Checking triangular_selective_preparation
Checking triangular_preparation_lifecycle
Checking refactorization_policy
Checking refactorization_timing
Checking refactorization_factor
Checking simplex_stalling
Checking simplex_stalling_integration
Checking simplex_stalling_edge
Checking dual_ratio
Checking pivot_retry
Checking pivot_application
Checking pivot_atomicity
Checking simplex_refinement
Checking basis_recovery
Checking simplex_driver
Checking simplex_handoff_atomicity
Checking postsolve_cleanup_performance
Checking primal_update
Checking benchmark_regression
[ Info: Loaded problem: rows=14 columns=9 nnz=54
[ Info: Solve finished: status=MIP_NOT_SUPPORTED reason=discrete domains require relax_integrality=true iterations=0 time=0.0025481s
[ Info: Loaded problem: rows=18 columns=18 nnz=46
[ Info: Solve finished: status=MIP_NOT_SUPPORTED reason=discrete domains require relax_integrality=true iterations=0 time=0.0020064s
[ Info: Loaded problem: rows=4 columns=34 nnz=123
[ Info: Solve finished: status=MIP_NOT_SUPPORTED reason=discrete domains require relax_integrality=true iterations=0 time=0.0026032s
[ Info: Loaded problem: rows=45 columns=86 nnz=915
[ Info: Solve finished: status=MIP_NOT_SUPPORTED reason=discrete domains require relax_integrality=true iterations=0 time=0.0110328s
Test Summary:                          |  Pass  Total     Time
Core and strategy semantic regressions | 19244  19244  5m49.6s
