STATE iteration=165969 options=primal updates=0 perturbed=true journal=nothing pinf=4.251196631279614e6 dinf=0.0
MISMATCH row=23224 entering=18805 row_pivot=-7.421002521823539e-6 column_pivot=-7.421006104207192e-6 bound=1.1058160817931878e-13 updates=0
MISMATCH row=23224 entering=18805 row_pivot=-7.421002521823539e-6 column_pivot=-7.421006104207192e-6 bound=1.1058160817931878e-13 updates=0
REJECTION JSimplex._PivotRejection(23224, 18805, :refresh)
MISMATCH row=21211 entering=18805 row_pivot=-7.421002521823539e-6 column_pivot=-7.421006104207192e-6 bound=1.1058160817931878e-13 updates=0
REJECTION JSimplex._PivotRejection(21211, 18805, :refresh)
MISMATCH row=21211 entering=18805 row_pivot=-7.421002521823539e-6 column_pivot=-7.421006104207192e-6 bound=1.1058160817931878e-13 updates=0
REJECTION JSimplex._PivotRejection(21211, 18805, :refresh)
MISMATCH row=23224 entering=18803 row_pivot=-7.421002294449863e-6 column_pivot=-7.421006104207192e-6 bound=1.1058160817931878e-13 updates=0
REJECTION JSimplex._PivotRejection(23224, 18803, :refresh)
MISMATCH row=23224 entering=25322 row_pivot=-1.3017243898350017e-6 column_pivot=-1.3017245846642602e-6 bound=1.939720786607653e-14 updates=0
REJECTION JSimplex._PivotRejection(23224, 25322, :refresh)
MISMATCH row=23224 entering=17609 row_pivot=-1.195178793477294e-6 column_pivot=-1.1951802922426257e-6 bound=1.7809574190417315e-14 updates=0
REJECTION JSimplex._PivotRejection(23224, 17609, :refresh)
MISMATCH row=23224 entering=18129 row_pivot=-1.1951787934772938e-6 column_pivot=-1.1951858900832753e-6 bound=1.7809657604743172e-14 updates=0
REJECTION JSimplex._PivotRejection(23224, 18129, :refresh)
MISMATCH row=23224 entering=17777 row_pivot=-1.1951781678639636e-6 column_pivot=-1.195182651778023e-6 bound=1.7809609350234612e-14 updates=0
REJECTION JSimplex._PivotRejection(23224, 17777, :refresh)
MISMATCH row=23224 entering=17865 row_pivot=-1.1951779015362263e-6 column_pivot=-1.1951816663067568e-6 bound=1.7809594665568423e-14 updates=0
REJECTION JSimplex._PivotRejection(23224, 17865, :refresh)
MISMATCH row=23224 entering=18041 row_pivot=-9.846462489804253e-7 column_pivot=-9.846525433105477e-7 bound=1.467246626780253e-14 updates=0
REJECTION JSimplex._PivotRejection(23224, 18041, :refresh)
MISMATCH row=21211 entering=18805 row_pivot=-7.421002521823539e-6 column_pivot=-7.421006104207192e-6 bound=1.1058160817931878e-13 updates=0
REJECTION JSimplex._PivotRejection(21211, 18805, :refresh)
MISMATCH row=21211 entering=18803 row_pivot=-7.421002294449863e-6 column_pivot=-7.421006104207192e-6 bound=1.1058160817931878e-13 updates=0
REJECTION JSimplex._PivotRejection(21211, 18803, :refresh)
MISMATCH row=21211 entering=25322 row_pivot=-1.3017243898350017e-6 column_pivot=-1.3017245846642602e-6 bound=1.939720786607653e-14 updates=0
REJECTION JSimplex._PivotRejection(21211, 25322, :refresh)
MISMATCH row=21211 entering=17609 row_pivot=-1.195178793477294e-6 column_pivot=-1.1951802922426257e-6 bound=1.7809574190417315e-14 updates=0
REJECTION JSimplex._PivotRejection(21211, 17609, :refresh)
MISMATCH row=21211 entering=18129 row_pivot=-1.1951787934772938e-6 column_pivot=-1.1951858900832753e-6 bound=1.7809657604743172e-14 updates=0
REJECTION JSimplex._PivotRejection(21211, 18129, :refresh)
MISMATCH row=21211 entering=17777 row_pivot=-1.1951781678639636e-6 column_pivot=-1.195182651778023e-6 bound=1.7809609350234612e-14 updates=0
REJECTION JSimplex._PivotRejection(21211, 17777, :refresh)
MISMATCH row=21211 entering=17865 row_pivot=-1.1951779015362263e-6 column_pivot=-1.1951816663067568e-6 bound=1.7809594665568423e-14 updates=0
REJECTION JSimplex._PivotRejection(21211, 17865, :refresh)
MISMATCH row=21211 entering=18041 row_pivot=-9.846462489804253e-7 column_pivot=-9.846525433105477e-7 bound=1.467246626780253e-14 updates=0
REJECTION JSimplex._PivotRejection(21211, 18041, :refresh)
MISMATCH row=4572 entering=18805 row_pivot=-4.8802368723954714e-6 column_pivot=-4.880237125032094e-6 bound=7.27212000643029e-14 updates=0
REJECTION JSimplex._PivotRejection(4572, 18805, :refresh)
MISMATCH row=4572 entering=18803 row_pivot=-4.880236645021796e-6 column_pivot=-4.880237125032094e-6 bound=7.27212000643029e-14 updates=0
REJECTION JSimplex._PivotRejection(4572, 18803, :refresh)
MISMATCH row=4572 entering=25322 row_pivot=-8.540692135738936e-7 column_pivot=-8.540692365129289e-7 bound=1.2726623363985551e-14 updates=0
REJECTION JSimplex._PivotRejection(4572, 25322, :refresh)
MISMATCH row=4572 entering=18129 row_pivot=-7.841748141184734e-7 column_pivot=-7.841683307262251e-7 bound=1.1685115309334895e-14 updates=0
REJECTION JSimplex._PivotRejection(4572, 18129, :refresh)
MISMATCH row=4572 entering=17609 row_pivot=-7.841743593711227e-7 column_pivot=-7.841649874581788e-7 bound=1.168510853307132e-14 updates=0
REJECTION JSimplex._PivotRejection(4572, 17609, :refresh)
MISMATCH row=4572 entering=17777 row_pivot=-7.841742450407284e-7 column_pivot=-7.841663517764664e-7 bound=1.1685106829415685e-14 updates=0
REJECTION JSimplex._PivotRejection(4572, 17777, :refresh)
MISMATCH row=4572 entering=17865 row_pivot=-7.841736078262329e-7 column_pivot=-7.84165846095668e-7 bound=1.1685097334179773e-14 updates=0
REJECTION JSimplex._PivotRejection(4572, 17865, :refresh)
MISMATCH row=4572 entering=18041 row_pivot=-6.460413715103641e-7 column_pivot=-6.460360004059959e-7 bound=9.626766614770355e-15 updates=0
REJECTION JSimplex._PivotRejection(4572, 18041, :refresh)
MISMATCH row=33845 entering=18805 row_pivot=-4.8802368723954714e-6 column_pivot=-4.880237125032094e-6 bound=7.27212000643029e-14 updates=0
REJECTION JSimplex._PivotRejection(33845, 18805, :refresh)
MISMATCH row=33845 entering=18803 row_pivot=-4.880236645021796e-6 column_pivot=-4.880237125032094e-6 bound=7.27212000643029e-14 updates=0
REJECTION JSimplex._PivotRejection(33845, 18803, :refresh)
MISMATCH row=33845 entering=25322 row_pivot=-8.540692135738936e-7 column_pivot=-8.540692365129289e-7 bound=1.2726623363985551e-14 updates=0
REJECTION JSimplex._PivotRejection(33845, 25322, :refresh)
MISMATCH row=33845 entering=18129 row_pivot=-7.841748141184734e-7 column_pivot=-7.841683307262251e-7 bound=1.1685115309334895e-14 updates=0
REJECTION JSimplex._PivotRejection(33845, 18129, :refresh)
MISMATCH row=33845 entering=17609 row_pivot=-7.841743593711227e-7 column_pivot=-7.841649874581788e-7 bound=1.168510853307132e-14 updates=0
REJECTION JSimplex._PivotRejection(33845, 17609, :refresh)
MISMATCH row=33845 entering=17777 row_pivot=-7.841742450407284e-7 column_pivot=-7.841663517764664e-7 bound=1.1685106829415685e-14 updates=0
REJECTION JSimplex._PivotRejection(33845, 17777, :refresh)
MISMATCH row=33845 entering=17865 row_pivot=-7.841736078262329e-7 column_pivot=-7.84165846095668e-7 bound=1.1685097334179773e-14 updates=0
REJECTION JSimplex._PivotRejection(33845, 17865, :refresh)
MISMATCH row=33845 entering=18041 row_pivot=-6.460413715103641e-7 column_pivot=-6.460360004059959e-7 bound=9.626766614770355e-15 updates=0
REJECTION JSimplex._PivotRejection(33845, 18041, :refresh)
MISMATCH row=36846 entering=18805 row_pivot=-4.8802368723954714e-6 column_pivot=-4.880237125032094e-6 bound=7.27212000643029e-14 updates=0
REJECTION JSimplex._PivotRejection(36846, 18805, :refresh)
MISMATCH row=36846 entering=18803 row_pivot=-4.880236645021796e-6 column_pivot=-4.880237125032094e-6 bound=7.27212000643029e-14 updates=0
REJECTION JSimplex._PivotRejection(36846, 18803, :refresh)
MISMATCH row=36846 entering=25322 row_pivot=-8.540692135738936e-7 column_pivot=-8.540692365129289e-7 bound=1.2726623363985551e-14 updates=0
REJECTION JSimplex._PivotRejection(36846, 25322, :refresh)
MISMATCH row=36846 entering=18129 row_pivot=-7.841748141184734e-7 column_pivot=-7.841683307262251e-7 bound=1.1685115309334895e-14 updates=0
REJECTION JSimplex._PivotRejection(36846, 18129, :refresh)
MISMATCH row=36846 entering=17609 row_pivot=-7.841743593711227e-7 column_pivot=-7.841649874581788e-7 bound=1.168510853307132e-14 updates=0
REJECTION JSimplex._PivotRejection(36846, 17609, :refresh)
MISMATCH row=36846 entering=17777 row_pivot=-7.841742450407284e-7 column_pivot=-7.841663517764664e-7 bound=1.1685106829415685e-14 updates=0
REJECTION JSimplex._PivotRejection(36846, 17777, :refresh)
MISMATCH row=36846 entering=17865 row_pivot=-7.841736078262329e-7 column_pivot=-7.84165846095668e-7 bound=1.1685097334179773e-14 updates=0
REJECTION JSimplex._PivotRejection(36846, 17865, :refresh)
MISMATCH row=36846 entering=18041 row_pivot=-6.460413715103641e-7 column_pivot=-6.460360004059959e-7 bound=9.626766614770355e-15 updates=0
REJECTION JSimplex._PivotRejection(36846, 18041, :refresh)
MISMATCH row=3999 entering=18803 row_pivot=1.7231272408935183e-6 column_pivot=1.7231258064105546e-6 bound=2.5676596774064277e-14 updates=0
REJECTION JSimplex._PivotRejection(3999, 18803, :refresh)
MISMATCH row=3999 entering=18805 row_pivot=1.7231272266826636e-6 column_pivot=1.7231258064105546e-6 bound=2.567659656230604e-14 updates=0
REJECTION JSimplex._PivotRejection(3999, 18805, :refresh)
MISMATCH row=3999 entering=25322 row_pivot=3.0225474512146633e-7 column_pivot=3.0225486856861684e-7 bound=4.503948518166197e-15 updates=0
REJECTION JSimplex._PivotRejection(3999, 25322, :refresh)
MISMATCH row=3999 entering=17777 row_pivot=2.775215051099637e-7 column_pivot=2.7751628845654054e-7 bound=4.135392682402785e-15 updates=0
REJECTION JSimplex._PivotRejection(3999, 17777, :refresh)
MISMATCH row=3999 entering=18129 row_pivot=2.775214903347441e-7 column_pivot=2.7751704037713874e-7 bound=4.135392462234856e-15 updates=0
REJECTION JSimplex._PivotRejection(3999, 18129, :refresh)
MISMATCH row=3999 entering=17865 row_pivot=2.775213943095878e-7 column_pivot=2.7751605963433684e-7 bound=4.135391031348523e-15 updates=0
REJECTION JSimplex._PivotRejection(3999, 17865, :refresh)
MISMATCH row=3999 entering=17609 row_pivot=2.7752137664790643e-7 column_pivot=2.7751574058253565e-7 bound=4.1353907681689625e-15 updates=0
REJECTION JSimplex._PivotRejection(3999, 17609, :refresh)
MISMATCH row=3999 entering=18041 row_pivot=2.2863605408929288e-7 column_pivot=2.2863209973163773e-7 bound=3.406942696709825e-15 updates=0
REJECTION JSimplex._PivotRejection(3999, 18041, :refresh)
MISMATCH row=11543 entering=18803 row_pivot=1.7231272408935183e-6 column_pivot=1.7231258064105546e-6 bound=2.5676596774064277e-14 updates=0
REJECTION JSimplex._PivotRejection(11543, 18803, :refresh)
MISMATCH row=11543 entering=18805 row_pivot=1.7231272266826636e-6 column_pivot=1.7231258064105546e-6 bound=2.567659656230604e-14 updates=0
REJECTION JSimplex._PivotRejection(11543, 18805, :refresh)
MISMATCH row=11543 entering=25322 row_pivot=3.0225474512146633e-7 column_pivot=3.0225486856861684e-7 bound=4.503948518166197e-15 updates=0
REJECTION JSimplex._PivotRejection(11543, 25322, :refresh)
MISMATCH row=11543 entering=17777 row_pivot=2.775215051099637e-7 column_pivot=2.7751628845654054e-7 bound=4.135392682402785e-15 updates=0
REJECTION JSimplex._PivotRejection(11543, 17777, :refresh)
MISMATCH row=11543 entering=18129 row_pivot=2.775214903347441e-7 column_pivot=2.7751704037713874e-7 bound=4.135392462234856e-15 updates=0
REJECTION JSimplex._PivotRejection(11543, 18129, :refresh)
MISMATCH row=11543 entering=17865 row_pivot=2.775213943095878e-7 column_pivot=2.7751605963433684e-7 bound=4.135391031348523e-15 updates=0
REJECTION JSimplex._PivotRejection(11543, 17865, :refresh)
MISMATCH row=11543 entering=17609 row_pivot=2.7752137664790643e-7 column_pivot=2.7751574058253565e-7 bound=4.1353907681689625e-15 updates=0
REJECTION JSimplex._PivotRejection(11543, 17609, :refresh)
MISMATCH row=11543 entering=18041 row_pivot=2.2863605408929288e-7 column_pivot=2.2863209973163773e-7 bound=3.406942696709825e-15 updates=0
REJECTION JSimplex._PivotRejection(11543, 18041, :refresh)
MISMATCH row=12418 entering=18803 row_pivot=1.7231272408935183e-6 column_pivot=1.7231258064105546e-6 bound=2.5676596774064277e-14 updates=0
REJECTION JSimplex._PivotRejection(12418, 18803, :refresh)
MISMATCH row=12418 entering=18805 row_pivot=1.7231272266826636e-6 column_pivot=1.7231258064105546e-6 bound=2.567659656230604e-14 updates=0
REJECTION JSimplex._PivotRejection(12418, 18805, :refresh)
MISMATCH row=12418 entering=25322 row_pivot=3.0225474512146633e-7 column_pivot=3.0225486856861684e-7 bound=4.503948518166197e-15 updates=0
REJECTION JSimplex._PivotRejection(12418, 25322, :refresh)
MISMATCH row=12418 entering=17777 row_pivot=2.775215051099637e-7 column_pivot=2.7751628845654054e-7 bound=4.135392682402785e-15 updates=0
REJECTION JSimplex._PivotRejection(12418, 17777, :refresh)
MISMATCH row=12418 entering=18129 row_pivot=2.775214903347441e-7 column_pivot=2.7751704037713874e-7 bound=4.135392462234856e-15 updates=0
REJECTION JSimplex._PivotRejection(12418, 18129, :refresh)
MISMATCH row=12418 entering=17865 row_pivot=2.775213943095878e-7 column_pivot=2.7751605963433684e-7 bound=4.135391031348523e-15 updates=0
REJECTION JSimplex._PivotRejection(12418, 17865, :refresh)
MISMATCH row=12418 entering=17609 row_pivot=2.7752137664790643e-7 column_pivot=2.7751574058253565e-7 bound=4.1353907681689625e-15 updates=0
REJECTION JSimplex._PivotRejection(12418, 17609, :refresh)
MISMATCH row=12418 entering=18041 row_pivot=2.2863605408929288e-7 column_pivot=2.2863209973163773e-7 bound=3.406942696709825e-15 updates=0
REJECTION JSimplex._PivotRejection(12418, 18041, :refresh)
┌ Warning: Replacing docs for `JSimplex.PivotCandidate :: Union{}` in module `JSimplex`
└ @ Base.Docs docs/Docs.jl:253
RESULT JSimplex.DualTermination(NUMERICAL_ERROR, "bounded pivot validation and basis recovery attempts exhausted") iterations=165969
