BLOCK columns=29 rows=100
QR reliable=false relative=0.9997596592840937 delta=3.2486389874784754e-13
BAD 3708 rhs=0.0 residual=3.110146507703219e-16 scale=1.7948363108626652e-15
BAD 3709 rhs=-9.481178419365542e-28 residual=3.3060318613928576e-14 scale=3.3110083294504755e-14
BAD 3710 rhs=-7.7433282487503085e-31 residual=5.839835827667312e-17 scale=1.0816303885096152e-16
BAD 3711 rhs=-2.874211303910107e-28 residual=-4.063083106615008e-14 scale=4.0673620650901266e-14
BAD 3712 rhs=-1.1083420548730103e-12 residual=1.2123265463524586e-18 scale=2.216708749886693e-12
BAD 3713 rhs=0.0 residual=2.4758507522075853e-14 scale=2.4781935336202125e-14
BAD 3714 rhs=-1.1083379113554366e-12 residual=-1.1075445691004318e-19 scale=2.2166784039295353e-12
BAD 3715 rhs=-1.1004384635485663e-10 residual=1.235232098251247e-18 scale=2.2230337163663582e-10
BAD 6718 rhs=-3.1479179960028227e-28 residual=7.326218806407379e-14 scale=7.328707040436156e-14
BAD 6720 rhs=0.0 residual=-8.8997198228472e-14 scale=8.90185930208476e-14
BAD 6721 rhs=-3.789650762117874e-13 residual=6.061632732684815e-19 scale=2.2703513397188472e-12
BAD 6722 rhs=0.0 residual=1.2223364079246863e-14 scale=1.2235077986309999e-14
BAD 6723 rhs=0.0 residual=-5.537722845759633e-20 scale=1.1083392019647677e-12
BAD 6724 rhs=-3.968769642880132e-11 residual=6.176160502115196e-19 scale=8.048323232106395e-11
BAD 13497 rhs=-5.838929652316156e-43 residual=1.1449124793174555e-15 scale=1.0362321660556415e-14
BAD 13498 rhs=0.0 residual=-1.2664850377012202e-15 scale=7.95092414353774e-15
BAD 13499 rhs=0.0 residual=-2.8054130656822223e-16 scale=5.232543423825521e-15
BAD 13500 rhs=0.0 residual=2.2149066196391263e-15 scale=2.737095497618172e-15
BAD 13501 rhs=2.3427246153167634e-10 residual=2.3410477057658686e-17 scale=4.685454686627077e-10
BAD 13502 rhs=1.0548886250745643e-13 residual=-2.610944390562802e-16 scale=4.685451841577917e-10
BAD 16810 rhs=-5.454220717202881e-29 residual=7.161366642292687e-29 scale=3.055482821893808e-16
BAD 16812 rhs=-1.5200133468740195e-12 residual=1.662619263572239e-18 scale=4.4212557984751496e-12
BAD 16814 rhs=-4.1446946720047374e-18 residual=-1.5189182660063064e-19 scale=3.0400160968176483e-12
BAD 16815 rhs=-2.19483717387391e-10 residual=1.6940325891482452e-18 scale=4.4200744902567525e-10
BAD 24125 rhs=0.0 residual=-6.692401103933496e-14 scale=0.33807584944095026
BAD 24129 rhs=2.1179074247136832e-16 residual=8.12580806554843e-14 scale=1.209014516321434
BAD 27453 rhs=0.0 residual=-8.531825876985898e-16 scale=2.0070735255796785e-15
BAD 27454 rhs=-1.2626169716269957e-27 residual=-1.3383011886040687e-13 scale=3.996017691331213e-13
BAD 27455 rhs=-5.454220717202881e-29 residual=5.785900233479651e-17 scale=1.8900642076730466e-16
BAD 27456 rhs=-2.5649645846237123e-44 residual=1.625340607728105e-13 scale=4.871937367228834e-13
BAD 27458 rhs=0.0 residual=-9.75901141838823e-14 scale=2.944914695762424e-13
LOCAL_AFTER_QR false
