Test Summary:                                                      | Pass  Total  Time
Coupled phase reconstruction retains nonzero tiny right-hand sides |   30     30  0.2s
Test Summary:                                       | Pass  Total  Time
Coupled reconstruction is bounded and transactional |   11     11  0.1s
Test Summary:                                                         | Pass  Total  Time
Coupled reconstruction survives row and column reordering and scaling |   12     12  0.1s
Test Summary:                                  | Pass  Total  Time
Phase export retains certified nonbasic values |   32     32  0.2s
Test Summary:                                                     | Pass  Total  Time
Local phase rows preserve tiny right-hand sides and reject cycles |   24     24  0.0s
Test Summary:                                                              | Pass  Total  Time
Phase export clears coupled homogeneous roundoff without erasing tiny data |   42     42  0.2s
Test Summary:                                                    | Pass  Total  Time
Artificial exchanges certify native reconstruction before export |   56     56  0.5s
Test Summary:                                                         | Pass  Total  Time
Artificial exchange recovery preserves cancellation and policy limits |  108    108  0.5s
Test Summary:                                                 | Pass  Total  Time
Reliable artificial exchanges need no reconstruction recovery |   16     16  0.1s
Test Summary:                                             | Pass  Total  Time
Native cleanup repairs a feasible basis before restarting |   88     88  0.2s
Test Summary:                                                     | Pass  Total  Time
Native cleanup keeps rejected and interrupted corrections private |   12     12  0.0s
Test Summary:                                   | Pass  Total  Time
Native cleanup preserves tiny nonzero equations |   16     16  0.0s
Test Summary:                                                     | Pass  Total  Time
Native cleanup observes the correction budget and arithmetic mode |    4      4  0.0s
Test Summary:                                                        | Pass  Total  Time
Native cleanup publishes corrected dual prices with the primal point |   32     32  0.1s
