PIVOT row=23224 entering=18805
STEP 0 ftran=-7.421006104207192e-6 btran=-7.421002521823539e-6 gap=-3.582383653061977e-12 exact_stored_row_price=-7.421002523904156759390958543489838353410329190795791248904745077141775766449427e-6
QUALITY ftran relative=1.0000000000000002 absolute=7.966780436976148e-15
QUALITY btran relative=1.0 absolute=5.071378506100353e-10
NATIVE_SPLIT_PRICE -7.420996551845639e-6
STEP 1 ftran=-7.420996551845639e-6 btran=-7.420996723794815e-6 gap=1.7194917568247835e-13 exact_stored_row_price=-7.420996780649861819751352558957583184457386319272776442802644694674008007950761e-6
QUALITY ftran relative=1.0 absolute=2.5378846624235747e-16
QUALITY btran relative=1.0 absolute=4.370933893227284e-11
NATIVE_SPLIT_PRICE -7.420996551845639e-6
STEP 2 ftran=-7.420996551845639e-6 btran=-7.420996723794815e-6 gap=1.7194917568247835e-13 exact_stored_row_price=-7.420996780649861819751352558957583184457386319272776442802644694674008007950761e-6
QUALITY ftran relative=1.0000000000000002 absolute=2.5378846624235516e-16
QUALITY btran relative=1.0 absolute=4.370933893227284e-11
NATIVE_SPLIT_PRICE -7.420996551845639e-6
STEP 3 ftran=-7.420996551845639e-6 btran=-7.420996723794815e-6 gap=1.7194917568247835e-13 exact_stored_row_price=-7.420996780649861819751352558957583184457386319272776442802644694674008007950761e-6
QUALITY ftran relative=1.0000000000000002 absolute=2.5378846624235506e-16
QUALITY btran relative=1.0000000000000002 absolute=4.370933893227284e-11
REFERENCE -7.420996551845638838137927625336682315910457284972482606627360839571867573482639e-6
PIVOT row=12418 entering=17609
STEP 0 ftran=2.7751574058253565e-7 btran=2.7752137664790643e-7 gap=-5.636065370783441e-12 exact_stored_row_price=2.775213897439593945292707944697340469172668585284835529591873637400567531585693e-7
QUALITY ftran relative=1.0000000000000002 absolute=1.609536014676273e-15
QUALITY btran relative=1.0000000000000002 absolute=3.2688745913089043e-10
NATIVE_SPLIT_PRICE 2.7751457152732556e-7
STEP 1 ftran=2.7751457152732556e-7 btran=2.775146708027485e-7 gap=-9.927542291574007e-14 exact_stored_row_price=2.775146464195661488837675056084027693892139765363680226073483936488628387451172e-7
QUALITY ftran relative=1.0000000000000002 absolute=1.9034134968176622e-16
QUALITY btran relative=1.0 absolute=1.4687685643119376e-11
NATIVE_SPLIT_PRICE 2.7751457152732556e-7
STEP 2 ftran=2.7751457152732556e-7 btran=2.775146708027485e-7 gap=-9.927542291574007e-14 exact_stored_row_price=2.775146464195661488837675056084027693892139765363680226073483936488628387451172e-7
QUALITY ftran relative=1.0000000000000002 absolute=1.9034134968176627e-16
QUALITY btran relative=1.0 absolute=1.4687685643119376e-11
NATIVE_SPLIT_PRICE 2.7751457152732556e-7
STEP 3 ftran=2.7751457152732556e-7 btran=2.775146708027485e-7 gap=-9.927542291574007e-14 exact_stored_row_price=2.775146464195661488837675056084027693892139765363680226073483936488628387451172e-7
QUALITY ftran relative=1.0000000000000002 absolute=1.9034134968176637e-16
QUALITY btran relative=1.0 absolute=1.4687685643119376e-11
REFERENCE 2.775145715273255383166077599798724873177714951010546378544253380086668198921115e-7
