PIVOT row=23224 entering=18805
STEP 0 ftran=-7.421006104207192e-6 btran=-7.421002521823539e-6 gap=-3.582383653061977e-12
QUALITY ftran relative=1.0000000000000002 absolute=7.966780436976148e-15
QUALITY btran relative=1.0 absolute=5.071378506100353e-10
STEP 1 ftran=-7.420996551845639e-6 btran=-7.420996723794815e-6 gap=1.7194917568247835e-13
QUALITY ftran relative=1.0 absolute=2.5378846624235747e-16
QUALITY btran relative=1.0 absolute=4.370933893227284e-11
STEP 2 ftran=-7.420996551845639e-6 btran=-7.420996723794815e-6 gap=1.7194917568247835e-13
QUALITY ftran relative=1.0000000000000002 absolute=2.5378846624235516e-16
QUALITY btran relative=1.0 absolute=4.370933893227284e-11
STEP 3 ftran=-7.420996551845639e-6 btran=-7.420996723794815e-6 gap=1.7194917568247835e-13
QUALITY ftran relative=1.0000000000000002 absolute=2.5378846624235506e-16
QUALITY btran relative=1.0000000000000002 absolute=4.370933893227284e-11
REFERENCE -7.420996551845638838137927625336682315910457284972482606627360839571867573482639e-6
PIVOT row=12418 entering=17609
STEP 0 ftran=2.7751574058253565e-7 btran=2.7752137664790643e-7 gap=-5.636065370783441e-12
QUALITY ftran relative=1.0000000000000002 absolute=1.609536014676273e-15
QUALITY btran relative=1.0000000000000002 absolute=3.2688745913089043e-10
STEP 1 ftran=2.7751457152732556e-7 btran=2.775146708027485e-7 gap=-9.927542291574007e-14
QUALITY ftran relative=1.0000000000000002 absolute=1.9034134968176622e-16
QUALITY btran relative=1.0 absolute=1.4687685643119376e-11
STEP 2 ftran=2.7751457152732556e-7 btran=2.775146708027485e-7 gap=-9.927542291574007e-14
QUALITY ftran relative=1.0000000000000002 absolute=1.9034134968176627e-16
QUALITY btran relative=1.0 absolute=1.4687685643119376e-11
STEP 3 ftran=2.7751457152732556e-7 btran=2.775146708027485e-7 gap=-9.927542291574007e-14
QUALITY ftran relative=1.0000000000000002 absolute=1.9034134968176637e-16
QUALITY btran relative=1.0 absolute=1.4687685643119376e-11
REFERENCE 2.775145715273255383166077599798724873177714951010546378544253380086668198921115e-7
