DUAL native perturbed=true journal=(true, 1) updates=0
BAD index=12652 state=AT_LOWER price=-1.0000024985856726e-7 exact_reference=-1.000001207922649688127243738922089884881737283016950564306969480996880838933591e-7 cost=2.0000000142108546e-6 original=0.0 journal_original=0.0
SHIFT false
DUAL jump perturbed=true journal=(true, 1) updates=0
BAD index=23461 state=AT_LOWER price=-1.000000000000001e-7 exact_reference=-1.000000000000001013539295893761682521017064573241550275255573428893020980303714e-7 cost=1.2999999999999998e-6 original=0.0 journal_original=0.0
SHIFT false
COMPONENT before reliable=false bad=7 absolute=2.150004595327854e-10 relative=0.01472352160713598 cutoff=3.897523546938301e-23
ROW 3710 rhs=-7.7433282487503085e-31 residual=9.378089087106043e-30 scale=6.384947263368111e-28 columns=[3710, 13494, 13496, 13497] a=[-0.50137362625, 0.0055125, 0.0055125, 0.0055125] x=[4.9546894973397585e-29, -5.069814221978903e-26, -3.5594362490941195e-27, 5.692226499772835e-26]
ROW 6719 rhs=-1.3598296186158502e-29 residual=4.689044543553026e-30 scale=3.456696227158476e-28 columns=[6719, 13494, 13496, 13497, 27455] a=[-1.0, 0.00275625, 0.00275625, 0.00275625, -1.095] x=[2.016201611733992e-29, -5.069814221978903e-26, -3.5594362490941195e-27, 5.692226499772835e-26, 4.995312198631228e-30]
ROW 6720 rhs=0.0 residual=4.689044543553036e-30 scale=3.1847303034353053e-28 columns=[3711, 13494, 13496, 13497, 13502] a=[-1.095, 0.00055125, 0.00275625, 0.00275625, 0.00275625] x=[1.3973240942453887e-30, -5.069814221978903e-26, -3.5594362490941195e-27, 5.692226499772835e-26, -4.436931356013378e-26]
ROW 13497 rhs=-5.838929652316156e-43 residual=-1.999894219319717e-27 scale=1.3582988314089544e-25 columns=[13494, 13496, 13497] a=[-1.274671664, -1.205641308, -1.175550454] x=[-5.069814221978903e-26, -3.5594362490941195e-27, 5.692226499772835e-26]
ROW 13498 rhs=0.0 residual=-1.9998942193197274e-27 scale=1.3582988314089546e-25 columns=[13494, 13496, 13497, 13502] a=[-0.254934332, -1.205641308, -1.175550454, -1.16519243] x=[-5.069814221978903e-26, -3.5594362490941195e-27, 5.692226499772835e-26, -4.436931356013378e-26]
ROW 13499 rhs=0.0 residual=-1.9998942193197296e-27 scale=1.3582988314089546e-25 columns=[12087, 13497, 13502] a=[-1.16519243, -1.175550454, -1.16519243] x=[-1.4775328050786737e-26, 5.692226499772835e-26, -4.436931356013378e-26]
ROW 16810 rhs=-5.454220717202881e-29 residual=1.2861379319459724e-29 scale=9.826104404291701e-28 columns=[3710, 13494, 13496, 13497, 16810, 27455] a=[-1.0, 0.00756, 0.00756, 0.00756, -1.0, -1.0] x=[4.9546894973397585e-29, -5.069814221978903e-26, -3.5594362490941195e-27, 5.692226499772835e-26, 3.300640947752944e-29, 4.995312198631228e-30]
PROPOSE true
COMPONENT after reliable=false bad=10 absolute=2.150004595327854e-10 relative=1.0 cutoff=3.897523546938301e-23
ROW 3709 rhs=-9.481178419365542e-28 residual=-2.990949013097184e-28 scale=1.59714078256339e-27 columns=[13494, 13496, 27454] a=[0.0055125, 0.0055125, -0.50137362625] x=[0.0, 0.0, 1.2944895914872343e-27]
ROW 3710 rhs=-7.7433282487503085e-31 residual=2.4067173577365214e-29 scale=2.5615839227115276e-29 columns=[3710, 13494, 13496, 13497] a=[-0.50137362625, 0.0055125, 0.0055125, 0.0055125] x=[4.9546894973397585e-29, 0.0, 0.0, 0.0]
ROW 3711 rhs=-2.874211303910107e-28 residual=-6.317949320708659e-30 scale=5.685243114613128e-28 columns=[6720, 13494, 13496, 13497, 13502] a=[-0.50137362625, 0.0011025, 0.0055125, 0.0055125, 0.0055125] x=[5.606660708757255e-28, 0.0, 0.0, 0.0, 0.0]
ROW 6718 rhs=-3.1479179960028227e-28 residual=-1.495474506548592e-28 scale=4.800361485457054e-28 columns=[6718, 13494, 13496] a=[-1.095, 0.00275625, 0.00275625] x=[1.5090808122869687e-28, 0.0, 0.0]
ROW 6719 rhs=-1.3598296186158502e-29 residual=1.2033586788682613e-29 scale=3.9230179160999614e-29 columns=[6719, 13494, 13496, 13497, 27455] a=[-1.0, 0.00275625, 0.00275625, 0.00275625, -1.095] x=[2.016201611733992e-29, 0.0, 0.0, 0.0, 4.995312198631228e-30]
ROW 13497 rhs=-5.838929652316156e-43 residual=-5.838929652316156e-43 scale=5.838929652316156e-43 columns=[13494, 13496, 13497] a=[-1.274671664, -1.205641308, -1.175550454] x=[0.0, 0.0, 0.0]
ROW 16809 rhs=-1.2626169716269957e-27 residual=-4.101872932247566e-28 scale=3.300982638656619e-27 columns=[6718, 13494, 13496, 16809, 27454] a=[-1.0, 0.00756, 0.00756, -1.0, -1.0] x=[1.5090808122869687e-28, 0.0, 0.0, -5.9296799431369215e-28, 1.2944895914872343e-27]
ROW 16810 rhs=-5.454220717202881e-29 residual=3.300640947752945e-29 scale=1.4209082382158707e-28 columns=[3710, 13494, 13496, 13497, 16810, 27455] a=[-1.0, 0.00756, 0.00756, 0.00756, -1.0, -1.0] x=[4.9546894973397585e-29, 0.0, 0.0, 0.0, 3.300640947752944e-29, 4.995312198631228e-30]
ROW 16811 rhs=-2.5649645846237123e-44 residual=-1.0061940305503035e-29 scale=1.131394082056954e-27 columns=[3711, 6720, 13494, 13496, 13497, 13502, 27456] a=[-1.0, -1.0, 0.001512, 0.00756, 0.00756, 0.00756, -1.0] x=[0.0, 5.606660708757255e-28, 0.0, 0.0, 0.0, 0.0, -5.707280111812285e-28]
ROW 27456 rhs=-2.5649645846237123e-44 residual=-1.3973240942454141e-30 scale=1.1227294658456963e-27 columns=[3711, 6720, 27445] a=[-1.0, -1.0, 1.0] x=[0.0, 5.606660708757255e-28, 5.620633949699709e-28]
CHANGED 18
