EVENT phase_dual count=1 iter=0 row=0 entering=0 pinf=607635.5626467778 dinf=435433.7404844512
EVENT phase_auxiliary count=1 iter=0 row=0 entering=0 pinf=1549.1437325054662 dinf=0.0
EVENT correction_attempt count=1 iter=869 row=19216 entering=28121 pinf=75227.3913744599 dinf=0.0
EVENT correction_attempt count=2 iter=1099 row=8365 entering=7927 pinf=1.2338470717858277e7 dinf=0.0
EVENT correction_attempt count=3 iter=1102 row=8379 entering=28686 pinf=1.2874242982519597e7 dinf=0.0
EVENT correction_attempt count=4 iter=1103 row=8351 entering=24123 pinf=2.0638222071767993e7 dinf=0.0
EVENT correction_attempt count=5 iter=1104 row=22343 entering=23968 pinf=8.447047065785168e6 dinf=0.0
EVENT correction_attempt count=6 iter=1115 row=8378 entering=39993 pinf=3.3808314634715794e6 dinf=0.0
EVENT correction_attempt count=7 iter=1116 row=8364 entering=7957 pinf=1.5315426680693941e7 dinf=0.0
EVENT correction_attempt count=8 iter=1117 row=6666 entering=26866 pinf=4.091505576289835e13 dinf=0.0
EVENT correction_attempt count=9 iter=1117 row=6666 entering=26866 pinf=4.091505576289835e13 dinf=0.0
EVENT correction_attempt count=10 iter=1118 row=8336 entering=24122 pinf=1.9011799233052614e6 dinf=0.0
PROGRESS iter=5000 pinf=3.4902603252062593e6 dinf=0.0 refs=63
PROGRESS iter=10000 pinf=45282.33400836908 dinf=0.0 refs=125
EVENT correction_attempt count=100 iter=10138 row=6619 entering=15819 pinf=3.509713828373471e8 dinf=0.0
PROGRESS iter=15000 pinf=42355.19775799877 dinf=0.0 refs=188
EVENT correction_attempt count=200 iter=19722 row=21018 entering=7969 pinf=85160.05171304372 dinf=0.0
PROGRESS iter=20000 pinf=338696.50389026693 dinf=0.0 refs=250
EVENT correction_attempt count=300 iter=21740 row=9649 entering=41338 pinf=149373.72990186283 dinf=0.0
EVENT correction_attempt count=400 iter=23819 row=24585 entering=42223 pinf=347036.1787505219 dinf=0.0
[ Info: Loaded problem: rows=43021 columns=47148 nnz=277210
[ Info: Starting presolve
[ Info: After presolve: rows=28453 columns=31615 nnz=211789
[ Info: iter=80 obj=-77795.8076828801 pinf=246.1482611475381 (370) dinf=0.0 (0) time=4.008436564s
[ Info: iter=160 obj=-12567.365623658372 pinf=125.28552036200347 (292) dinf=0.0 (0) time=4.247606492s
[ Info: iter=240 obj=-817.3518407489905 pinf=22.679308522596607 (156) dinf=0.0 (0) time=4.518336523s
[ Info: iter=257 obj=-7.509524188788394e6 pinf=383149.01107378054 (3089) dinf=36998.32632978309 (226) time=4.622766035s
[ Info: iter=337 obj=-7.808027941838834e6 pinf=109599.0643979763 (3016) dinf=0.0 (0) time=4.850929158s
[ Info: iter=417 obj=-2.2853844035067055e6 pinf=60074.314304500804 (2933) dinf=0.0 (0) time=5.102000279s
[ Info: iter=497 obj=-530621.0877673206 pinf=52483.09157571571 (2942) dinf=0.0 (0) time=5.372385302s
[ Info: iter=577 obj=164468.49993766547 pinf=154962.48663255924 (2954) dinf=0.0 (0) time=5.640917825s
[ Info: iter=657 obj=572576.5395426223 pinf=59745.659727184226 (3037) dinf=0.0 (0) time=5.897562147s
[ Info: iter=737 obj=1.0841192454915692e6 pinf=54385.52282652214 (3218) dinf=0.0 (0) time=6.152258768s
[ Info: iter=817 obj=2.296049714084206e6 pinf=64918.273328492374 (3277) dinf=0.0 (0) time=6.397129189s
[ Info: iter=897 obj=3.075837065182954e6 pinf=1.0113474135778226e8 (3321) dinf=0.0 (0) time=6.676728513s
[ Info: iter=977 obj=3.339678757250268e6 pinf=9.573299900919769e6 (3407) dinf=0.0 (0) time=6.959365037s
[ Info: iter=1057 obj=4.213634302248985e6 pinf=9.523309049710263e6 (3516) dinf=0.0 (0) time=7.23598486s
[ Info: iter=1137 obj=4.478608038121344e6 pinf=5.584950743440628e6 (3508) dinf=0.0 (0) time=8.573674974s
[ Info: iter=1217 obj=5.014671413290424e6 pinf=1.059933772770677e6 (3576) dinf=0.0 (0) time=8.814539094s
[ Info: iter=1297 obj=5.3988694544800585e6 pinf=1.2830752812862976e6 (3623) dinf=0.0 (0) time=9.077756417s
[ Info: iter=1377 obj=5.599554058757016e6 pinf=1.065529124303057e6 (3689) dinf=0.0 (0) time=9.341676939s
[ Info: iter=1457 obj=5.859782422641398e6 pinf=1.068701013358349e6 (3762) dinf=0.0 (0) time=9.632506764s
[ Info: iter=1537 obj=6.062395969131295e6 pinf=1.0808269794343452e6 (3787) dinf=0.0 (0) time=9.897675586s
[ Info: iter=1617 obj=6.1262944391119545e6 pinf=1.0807392692217522e6 (3805) dinf=0.0 (0) time=10.17615021s
[ Info: iter=1697 obj=6.127818153072539e6 pinf=1.0994480760253267e6 (3820) dinf=0.0 (0) time=10.428014831s
[ Info: iter=1777 obj=6.318281240313156e6 pinf=1.1368066018246296e6 (3856) dinf=0.0 (0) time=10.677552553s
[ Info: iter=1857 obj=6.549992058866133e6 pinf=1.0848542568750891e6 (3897) dinf=0.0 (0) time=10.945522875s
[ Info: iter=1937 obj=6.599122151703134e6 pinf=1.0779075077231438e6 (3915) dinf=0.0 (0) time=11.243031901s
[ Info: iter=2017 obj=6.645754148423161e6 pinf=1.124453282811946e6 (3933) dinf=0.0 (0) time=11.523730024s
[ Info: iter=2097 obj=6.66192433755411e6 pinf=1.1859164392808324e6 (3969) dinf=0.0 (0) time=11.810310549s
[ Info: iter=2177 obj=6.672327253456085e6 pinf=1.1876347903105482e6 (3984) dinf=0.0 (0) time=12.101991474s
[ Info: iter=2257 obj=6.819975720157097e6 pinf=1.1612021661231294e6 (4016) dinf=0.0 (0) time=12.389142798s
[ Info: iter=2337 obj=6.867431260572869e6 pinf=1.0619375926132551e6 (4041) dinf=0.0 (0) time=12.719172926s
[ Info: iter=2417 obj=6.867431260572869e6 pinf=1.056563607937204e6 (4058) dinf=0.0 (0) time=12.991594265s
[ Info: iter=2497 obj=6.973851053547618e6 pinf=1.2219139959235906e6 (4118) dinf=0.0 (0) time=13.284604142s
[ Info: iter=2577 obj=7.1239322567140255e6 pinf=1.0888161354827792e6 (4157) dinf=0.0 (0) time=13.59960024s
[ Info: iter=2657 obj=7.526347185219852e6 pinf=1.2920834430361984e6 (4142) dinf=0.0 (0) time=15.305829953s
[ Info: iter=2737 obj=7.72859099957364e6 pinf=1.284191227882714e6 (4142) dinf=0.0 (0) time=15.619044049s
[ Info: iter=2817 obj=7.988296121524069e6 pinf=1.3064789251238683e6 (4166) dinf=0.0 (0) time=15.952679165s
[ Info: iter=2897 obj=8.142953820260195e6 pinf=1.3217763622015794e6 (4184) dinf=0.0 (0) time=16.249586145s
[ Info: iter=2977 obj=8.660540391815238e6 pinf=1.7834987514433654e6 (4189) dinf=0.0 (0) time=16.545388025s
[ Info: iter=3057 obj=1.0340495196858695e7 pinf=632105.1801961594 (4210) dinf=0.0 (0) time=16.855661218s
[ Info: iter=3137 obj=1.0538740339872299e7 pinf=344153.82840175525 (4235) dinf=0.0 (0) time=17.199272443s
[ Info: iter=3217 obj=1.0845575331308492e7 pinf=331618.03083187673 (4206) dinf=0.0 (0) time=17.524732171s
[ Info: iter=3297 obj=1.1023919024216665e7 pinf=333011.2714175096 (4226) dinf=0.0 (0) time=17.87242058s
[ Info: iter=3377 obj=1.3285633682009269e7 pinf=336453.07499607437 (4236) dinf=0.0 (0) time=18.180045288s
[ Info: iter=3457 obj=1.3451143132431898e7 pinf=339098.37191549555 (4231) dinf=0.0 (0) time=18.531521598s
[ Info: iter=3537 obj=1.3674926895550294e7 pinf=330552.6883320063 (4275) dinf=0.0 (0) time=19.030478111s
[ Info: iter=3617 obj=1.3830151911048375e7 pinf=127756.16880498762 (4264) dinf=0.0 (0) time=19.35775682s
[ Info: iter=3697 obj=1.4349476358893525e7 pinf=128468.84475704652 (4261) dinf=0.0 (0) time=19.682834529s
[ Info: iter=3777 obj=1.4373259785305968e7 pinf=126786.67162935645 (4283) dinf=0.0 (0) time=20.019207538s
[ Info: iter=3857 obj=1.4383326013697572e7 pinf=131470.44824144387 (4322) dinf=0.0 (0) time=20.355706847s
[ Info: iter=3937 obj=1.4748671582446512e7 pinf=131474.30193007487 (4315) dinf=0.0 (0) time=20.713386257s
[ Info: iter=4017 obj=1.4771467377571411e7 pinf=128392.7131758306 (4375) dinf=0.0 (0) time=21.034395267s
[ Info: iter=4097 obj=1.7151974055834897e7 pinf=125962.67116650926 (4385) dinf=0.0 (0) time=21.380217878s
[ Info: iter=4177 obj=1.7151974055834897e7 pinf=220576.57497867773 (4390) dinf=0.0 (0) time=21.721733489s
[ Info: iter=4257 obj=1.7151974055834897e7 pinf=251620.44882529686 (4387) dinf=0.0 (0) time=22.059528401s
[ Info: iter=4337 obj=1.7155862273078956e7 pinf=2.0961448319973375e6 (4426) dinf=0.0 (0) time=22.428149313s
[ Info: iter=4417 obj=1.717950964476567e7 pinf=279522.2990169069 (4466) dinf=0.0 (0) time=22.746550123s
[ Info: iter=4497 obj=1.7299660683042508e7 pinf=395655.5355791315 (4461) dinf=0.0 (0) time=23.083798234s
[ Info: iter=4577 obj=1.7299660683042508e7 pinf=490798.22270176286 (4478) dinf=0.0 (0) time=23.467219747s
[ Info: iter=4657 obj=1.7299660683042508e7 pinf=1.6287422216616414e7 (4492) dinf=0.0 (0) time=23.85868176s
[ Info: iter=4737 obj=1.729966068304348e7 pinf=4.236705516437184e7 (4544) dinf=0.0 (0) time=24.219258971s
[ Info: iter=4817 obj=1.7299660683042508e7 pinf=1.1621910321401644e7 (4556) dinf=0.0 (0) time=24.582636983s
[ Info: iter=4897 obj=1.7299660683042504e7 pinf=4.8248648260205455e7 (4562) dinf=0.0 (0) time=24.934580495s
[ Info: iter=4977 obj=1.731070261629156e7 pinf=7.181915475660826e6 (4643) dinf=0.0 (0) time=25.429942711s
[ Info: iter=5057 obj=1.7365582378324416e7 pinf=3.4915740989410738e6 (4646) dinf=0.0 (0) time=25.99791213s
[ Info: iter=5137 obj=1.7680919497729152e7 pinf=2.6648266709500914e6 (4623) dinf=0.0 (0) time=26.513053847s
[ Info: iter=5217 obj=1.934532510586177e7 pinf=3.388182196485252e6 (4664) dinf=0.0 (0) time=27.054024664s
[ Info: iter=5297 obj=2.0753315836423896e7 pinf=4.135755288722215e6 (4666) dinf=0.0 (0) time=27.629969683s
[ Info: iter=5377 obj=2.0898334460293006e7 pinf=3.8664951973684523e6 (4679) dinf=0.0 (0) time=28.1483747s
[ Info: iter=5457 obj=2.118872071361757e7 pinf=3.573481438021101e6 (4686) dinf=0.0 (0) time=28.704999318s
[ Info: iter=5537 obj=2.120475034298996e7 pinf=4.850216059222674e6 (4711) dinf=0.0 (0) time=29.282316021s
[ Info: iter=5617 obj=2.12175355945434e7 pinf=3.649822977454762e6 (4705) dinf=0.0 (0) time=29.836538572s
[ Info: iter=5697 obj=2.130302194305056e7 pinf=3.9469212700398574e6 (4758) dinf=0.0 (0) time=30.431533476s
[ Info: iter=5777 obj=2.1337890802166995e7 pinf=4.008030432882135e6 (4779) dinf=0.0 (0) time=30.999022314s
[ Info: iter=5857 obj=2.247643800148752e7 pinf=4.0382513289654437e6 (4758) dinf=0.0 (0) time=31.609055321s
[ Info: iter=5937 obj=2.2897654743067086e7 pinf=4.008286143532583e6 (4740) dinf=0.0 (0) time=32.170852828s
[ Info: iter=6017 obj=2.2962113004779354e7 pinf=1.356613272405513e6 (4749) dinf=0.0 (0) time=32.784878435s
[ Info: iter=6097 obj=2.3310897246998828e7 pinf=1.5573605905613983e6 (4789) dinf=0.0 (0) time=33.388113742s
[ Info: iter=6177 obj=2.368106627345033e7 pinf=1.4850452820308541e6 (4845) dinf=0.0 (0) time=34.05044135s
[ Info: iter=6257 obj=2.3729482037876762e7 pinf=1.5149769917458342e6 (4817) dinf=0.0 (0) time=34.665562357s
[ Info: iter=6337 obj=2.4005137443414703e7 pinf=1.876076851816491e6 (4817) dinf=0.0 (0) time=35.293664564s
[ Info: iter=6417 obj=2.435087051976811e7 pinf=1.0471475287629795e6 (4793) dinf=0.0 (0) time=35.966421272s
[ Info: iter=6497 obj=2.4454175809660934e7 pinf=565439.1173865509 (4774) dinf=0.0 (0) time=36.598407179s
[ Info: iter=6577 obj=2.445423430007618e7 pinf=576743.9406763895 (4794) dinf=0.0 (0) time=37.455787344s
[ Info: iter=6657 obj=2.4739021617508672e7 pinf=143964.13309845718 (4725) dinf=0.0 (0) time=38.293318621s
[ Info: iter=6737 obj=2.5719902108852364e7 pinf=193136.8775758245 (4728) dinf=0.0 (0) time=38.945988092s
[ Info: iter=6817 obj=2.580575266163701e7 pinf=74011.64622569825 (4621) dinf=0.0 (0) time=39.521428201s
[ Info: iter=6897 obj=2.5895771223792326e7 pinf=120330.05393726236 (4673) dinf=0.0 (0) time=40.096381611s
[ Info: iter=6977 obj=2.59595039035421e7 pinf=3.208123949710115e6 (4665) dinf=0.0 (0) time=40.752342476s
[ Info: iter=7057 obj=2.6060307379825965e7 pinf=77648.44040500223 (4734) dinf=0.0 (0) time=41.360513046s
[ Info: iter=7137 obj=2.6089735773332328e7 pinf=77100.29193830001 (4828) dinf=0.0 (0) time=41.957751117s
[ Info: iter=7217 obj=2.6122558771420874e7 pinf=458238.4908481106 (4845) dinf=0.0 (0) time=42.604559985s
[ Info: iter=7297 obj=2.6135087156182725e7 pinf=4.223480949781015e6 (4786) dinf=0.0 (0) time=43.208680056s
[ Info: iter=7377 obj=2.6283140845398817e7 pinf=5.225270717196769e6 (4819) dinf=0.0 (0) time=43.845014225s
[ Info: iter=7457 obj=2.6428592123251576e7 pinf=493693.52018847765 (4894) dinf=0.0 (0) time=44.489905293s
[ Info: iter=7537 obj=2.6600736977776296e7 pinf=142482.19190014663 (4794) dinf=0.0 (0) time=45.134709616s
[ Info: iter=7617 obj=2.665454715275473e7 pinf=113662.58919371928 (4800) dinf=0.0 (0) time=45.759239186s
[ Info: iter=7697 obj=2.669221151555119e7 pinf=164165.27351069314 (4914) dinf=0.0 (0) time=46.464973965s
[ Info: iter=7777 obj=2.686164772949114e7 pinf=1.9412784640637217e6 (4942) dinf=0.0 (0) time=47.22469125s
[ Info: iter=7857 obj=2.7102996580759346e7 pinf=348235.83742857154 (4964) dinf=0.0 (0) time=48.059999243s
[ Info: iter=7937 obj=2.72648334831888e7 pinf=105945.04127423359 (4963) dinf=0.0 (0) time=48.917896239s
[ Info: iter=8017 obj=2.734640466605056e7 pinf=46170.063815544054 (4882) dinf=0.0 (0) time=49.751182632s
[ Info: iter=8097 obj=2.7400096570316337e7 pinf=132672.09632085447 (5012) dinf=0.0 (0) time=50.481120214s
[ Info: iter=8177 obj=2.745128373049912e7 pinf=67280.09819656362 (4932) dinf=0.0 (0) time=51.202057194s
[ Info: iter=8257 obj=2.7473502585070122e7 pinf=61159.522493715725 (4956) dinf=0.0 (0) time=51.892949172s
[ Info: iter=8337 obj=2.7519566442367066e7 pinf=137247.72434546571 (5049) dinf=0.0 (0) time=52.527567743s
[ Info: iter=8417 obj=2.7566934198754176e7 pinf=109581.87068342489 (5004) dinf=0.0 (0) time=52.998838288s
[ Info: iter=8497 obj=2.7621688169220373e7 pinf=115339.45605270515 (4953) dinf=0.0 (0) time=53.375878315s
[ Info: iter=8577 obj=2.764024996044179e7 pinf=471591.6343897258 (4928) dinf=0.0 (0) time=53.757211042s
[ Info: iter=8657 obj=2.7654411038016193e7 pinf=47999.59857150859 (4889) dinf=0.0 (0) time=54.073951465s
[ Info: iter=8737 obj=2.7697877452590887e7 pinf=55824.496555577505 (4986) dinf=0.0 (0) time=54.379812386s
[ Info: iter=8817 obj=2.7799251391942732e7 pinf=44475.73486329773 (4972) dinf=0.0 (0) time=54.681263608s
[ Info: iter=8897 obj=2.802600386806231e7 pinf=117233.91578638837 (5011) dinf=0.0 (0) time=54.98598043s
[ Info: iter=8977 obj=2.889953213582415e7 pinf=42236.40700676036 (5057) dinf=0.0 (0) time=55.293689252s
[ Info: iter=9057 obj=2.913403025046646e7 pinf=76890.16594587454 (5049) dinf=0.0 (0) time=55.589525173s
[ Info: iter=9137 obj=2.9335439043273743e7 pinf=50507.24580731429 (5060) dinf=0.0 (0) time=55.919690897s
[ Info: iter=9217 obj=2.965128886214106e7 pinf=41258.07100013739 (5030) dinf=0.0 (0) time=56.215250418s
[ Info: iter=9297 obj=2.9691016660635673e7 pinf=42979.55480817332 (5007) dinf=0.0 (0) time=56.515123439s
[ Info: iter=9377 obj=2.972960112485752e7 pinf=3.6946957225887063e6 (5318) dinf=0.0 (0) time=56.81397066s
[ Info: iter=9457 obj=2.98909289958848e7 pinf=192875.78002787704 (5308) dinf=0.0 (0) time=57.116889582s
[ Info: iter=9537 obj=3.0152518387911096e7 pinf=289688.33539608814 (5328) dinf=0.0 (0) time=57.425590504s
[ Info: iter=9617 obj=3.019967240524577e7 pinf=486328.2766131139 (5328) dinf=0.0 (0) time=57.742883027s
[ Info: iter=9697 obj=3.0327543580050588e7 pinf=62392.41624776941 (5250) dinf=0.0 (0) time=58.093820952s
[ Info: iter=9777 obj=3.0542658835538812e7 pinf=203655.6574060613 (5306) dinf=0.0 (0) time=58.385693073s
[ Info: iter=9857 obj=3.0713756687461283e7 pinf=53876.56423011217 (5278) dinf=0.0 (0) time=58.697143495s
[ Info: iter=9937 obj=3.0842456050887037e7 pinf=70311.15660831307 (5221) dinf=0.0 (0) time=58.991610616s
[ Info: iter=10017 obj=3.094274262367801e7 pinf=129900.62882445459 (5205) dinf=0.0 (0) time=59.285002037s
[ Info: iter=10097 obj=3.0944942106792778e7 pinf=8.893459596599223e6 (5198) dinf=0.0 (0) time=59.570948257s
[ Info: iter=10177 obj=3.0954264142790273e7 pinf=143250.30070485332 (5201) dinf=0.0 (0) time=59.934241983s
[ Info: iter=10257 obj=3.0965277924206797e7 pinf=102556.76894858503 (5199) dinf=0.0 (0) time=60.233750805s
[ Info: iter=10337 obj=3.103048179140657e7 pinf=240115.0447434853 (5411) dinf=0.0 (0) time=60.534058926s
[ Info: iter=10417 obj=3.106321256836883e7 pinf=80149.9266635332 (5294) dinf=0.0 (0) time=60.845608748s
[ Info: iter=10497 obj=3.112334296573366e7 pinf=89196.38286027918 (5388) dinf=0.0 (0) time=61.177474593s
[ Info: iter=10577 obj=3.1526648245981857e7 pinf=349992.85048235935 (5475) dinf=0.0 (0) time=61.493529935s
[ Info: iter=10657 obj=3.1602376362471037e7 pinf=213256.09668183202 (5426) dinf=0.0 (0) time=61.793889881s
[ Info: iter=10737 obj=3.161624497381717e7 pinf=225789.23080484956 (5405) dinf=0.0 (0) time=62.094639427s
[ Info: iter=10817 obj=3.1623726443229042e7 pinf=87976.6906723936 (5309) dinf=0.0 (0) time=62.401526571s
[ Info: iter=10897 obj=3.163842114691752e7 pinf=107649.26453903297 (5369) dinf=0.0 (0) time=62.73701011s
[ Info: iter=10977 obj=3.1662820259812407e7 pinf=96115.5513322858 (5304) dinf=0.0 (0) time=63.040669955s
[ Info: iter=11057 obj=3.1684418909577414e7 pinf=30919.499260884935 (5233) dinf=0.0 (0) time=63.334594202s
[ Info: iter=11137 obj=3.1690979193805706e7 pinf=133907.48461657728 (5323) dinf=0.0 (0) time=63.674398841s
[ Info: iter=11217 obj=3.170775341624689e7 pinf=37680.31637188634 (5248) dinf=0.0 (0) time=63.978721686s
[ Info: iter=11297 obj=3.1712113774551466e7 pinf=29121.3945530584 (5220) dinf=0.0 (0) time=64.279449431s
[ Info: iter=11377 obj=3.1738480262421418e7 pinf=163238.34034918962 (5242) dinf=0.0 (0) time=64.588596775s
[ Info: iter=11457 obj=3.1794402662941888e7 pinf=86583.22388994787 (5254) dinf=0.0 (0) time=64.964289607s
[ Info: iter=11537 obj=3.184208942383723e7 pinf=136531.4687742178 (5290) dinf=0.0 (0) time=65.27797315s
[ Info: iter=11617 obj=3.1904101443572536e7 pinf=107108.45747637069 (5332) dinf=0.0 (0) time=65.588576394s
[ Info: iter=11697 obj=3.1975016656890612e7 pinf=43781.26124045436 (5389) dinf=0.0 (0) time=65.898778838s
[ Info: iter=11777 obj=3.199524706317818e7 pinf=874852.7715121442 (5550) dinf=0.0 (0) time=66.222414479s
[ Info: iter=11857 obj=3.2402067441152267e7 pinf=201170.22913916144 (5549) dinf=0.0 (0) time=66.564725817s
[ Info: iter=11937 obj=3.2443803850925714e7 pinf=49486.79886501177 (5432) dinf=0.0 (0) time=66.924726352s
[ Info: iter=12017 obj=3.2465994371706024e7 pinf=57492.77382117231 (5397) dinf=0.0 (0) time=67.287383186s
[ Info: iter=12097 obj=3.2481341962722003e7 pinf=404002.41931173694 (5448) dinf=0.0 (0) time=67.660303319s
[ Info: iter=12177 obj=3.2550234444454707e7 pinf=252080.0854583825 (5445) dinf=0.0 (0) time=68.012340555s
[ Info: iter=12257 obj=3.2609688857390657e7 pinf=138768.57685034355 (5503) dinf=0.0 (0) time=68.520265563s
[ Info: iter=12337 obj=3.269471676648262e7 pinf=554652.1541586353 (5551) dinf=0.0 (0) time=68.891914307s
[ Info: iter=12417 obj=3.2783704365684725e7 pinf=89165.79584124022 (5467) dinf=0.0 (0) time=69.292727298s
[ Info: iter=12497 obj=3.3273920346311547e7 pinf=34454.749937711684 (5402) dinf=0.0 (0) time=69.676227181s
[ Info: iter=12577 obj=3.3282356950558305e7 pinf=77093.73239386866 (5495) dinf=0.0 (0) time=70.039820655s
[ Info: iter=12657 obj=3.3407696303534005e7 pinf=59393.53654583305 (5416) dinf=0.0 (0) time=70.395060324s
[ Info: iter=12737 obj=3.341966763026144e7 pinf=100400.1991349106 (5395) dinf=0.0 (0) time=70.761155799s
[ Info: iter=12817 obj=3.375456260052606e7 pinf=55185.20336869779 (5512) dinf=0.0 (0) time=71.160545389s
[ Info: iter=12897 obj=3.37695009256326e7 pinf=329951.59836632246 (5624) dinf=0.0 (0) time=71.618950408s
[ Info: iter=12977 obj=3.3791645195017524e7 pinf=522877.7696210974 (5642) dinf=0.0 (0) time=72.074145025s
[ Info: iter=13057 obj=3.382682747482966e7 pinf=62411.58881416874 (5582) dinf=0.0 (0) time=72.460882209s
[ Info: iter=13137 obj=3.383352878208146e7 pinf=1.556464469059477e6 (5508) dinf=0.0 (0) time=72.816465579s
[ Info: iter=13217 obj=3.385110379714704e7 pinf=78353.31225547631 (5452) dinf=0.0 (0) time=73.164050945s
[ Info: iter=13297 obj=3.3877021312747516e7 pinf=92909.80845402251 (5590) dinf=0.0 (0) time=73.538612324s
[ Info: iter=13377 obj=3.390265798463875e7 pinf=45650.90574931191 (5569) dinf=0.0 (0) time=73.889181691s
[ Info: iter=13457 obj=3.391517554239362e7 pinf=62889.25311385099 (5522) dinf=0.0 (0) time=74.253949065s
[ Info: iter=13537 obj=3.3920736765558116e7 pinf=1.6962309068791831e6 (5442) dinf=0.0 (0) time=74.601337531s
[ Info: iter=13617 obj=3.393910477276297e7 pinf=272479.1808976847 (5561) dinf=0.0 (0) time=74.921003985s
[ Info: iter=13697 obj=3.396982745640891e7 pinf=48023.502909741655 (5478) dinf=0.0 (0) time=75.253851984s
[ Info: iter=13777 obj=3.404963489145591e7 pinf=470467.1926530631 (5603) dinf=0.0 (0) time=75.579572684s
[ Info: iter=13857 obj=3.407991173370616e7 pinf=85511.79858369967 (5614) dinf=0.0 (0) time=75.905673283s
[ Info: iter=13937 obj=3.412515595501515e7 pinf=339649.89254480426 (5677) dinf=0.0 (0) time=76.246424483s
[ Info: iter=14017 obj=3.415120832350248e7 pinf=43128.34907760813 (5483) dinf=0.0 (0) time=76.589262182s
[ Info: iter=14097 obj=3.458395605923694e7 pinf=24575.124921371204 (5417) dinf=0.0 (0) time=76.907744385s
[ Info: iter=14177 obj=3.464851247037053e7 pinf=62193.55854459652 (5546) dinf=0.0 (0) time=77.223013343s
[ Info: iter=14257 obj=3.47055532652178e7 pinf=260250.24123193292 (5588) dinf=0.0 (0) time=77.566270007s
[ Info: iter=14337 obj=3.475765382455053e7 pinf=63649.584530233165 (5528) dinf=0.0 (0) time=77.899902868s
[ Info: iter=14417 obj=3.517900338654813e7 pinf=30525.486152549307 (5421) dinf=0.0 (0) time=78.23417733s
[ Info: iter=14497 obj=3.524112802636053e7 pinf=113947.30179845884 (5566) dinf=0.0 (0) time=78.588271795s
[ Info: iter=14577 obj=3.527764183799195e7 pinf=96598.1167848268 (5582) dinf=0.0 (0) time=78.930596658s
[ Info: iter=14657 obj=3.5310383305987656e7 pinf=679330.8903290756 (5695) dinf=0.0 (0) time=79.317190329s
[ Info: iter=14737 obj=3.6532860046497345e7 pinf=81749.32622336109 (5624) dinf=0.0 (0) time=79.679890896s
[ Info: iter=14817 obj=3.664491773777166e7 pinf=78052.0529037475 (5520) dinf=0.0 (0) time=80.058623665s
[ Info: iter=14897 obj=3.6650858030491486e7 pinf=33639.349671267424 (5489) dinf=0.0 (0) time=80.405557329s
[ Info: iter=14977 obj=3.669444713033466e7 pinf=147189.63990001788 (5672) dinf=0.0 (0) time=80.768284196s
[ Info: iter=15057 obj=3.673005629498609e7 pinf=561904.3761561599 (5787) dinf=0.0 (0) time=81.196952475s
[ Info: iter=15137 obj=3.674307513934317e7 pinf=227093.27282875552 (5513) dinf=0.0 (0) time=81.572848444s
[ Info: iter=15217 obj=3.6825336444815926e7 pinf=112508.9652619906 (5590) dinf=0.0 (0) time=81.953903714s
[ Info: iter=15297 obj=3.690342483818773e7 pinf=64022.89182698273 (5545) dinf=0.0 (0) time=82.31312618s
[ Info: iter=15377 obj=3.693651439210944e7 pinf=171698.36866684974 (5614) dinf=0.0 (0) time=82.677496247s
[ Info: iter=15457 obj=3.701657583957918e7 pinf=117346.65079580844 (5635) dinf=0.0 (0) time=83.064408018s
[ Info: iter=15537 obj=3.703764547854856e7 pinf=398605.19558457687 (5596) dinf=0.0 (0) time=83.45148279s
[ Info: iter=15617 obj=3.7082302351893336e7 pinf=3.149354221148699e6 (5785) dinf=0.0 (0) time=83.803757955s
[ Info: iter=15697 obj=3.714071272548105e7 pinf=60547.99809682431 (5621) dinf=0.0 (0) time=84.198279427s
[ Info: iter=15777 obj=3.721905625231922e7 pinf=115984.73452277873 (5683) dinf=0.0 (0) time=84.598295001s
[ Info: iter=15857 obj=3.7246289604190655e7 pinf=95360.14641281453 (5620) dinf=0.0 (0) time=84.986334161s
[ Info: iter=15937 obj=3.726439459975901e7 pinf=30462.73741428974 (5514) dinf=0.0 (0) time=85.409821578s
[ Info: iter=16017 obj=3.727848801034904e7 pinf=139575.81471940558 (5512) dinf=0.0 (0) time=85.783474393s
[ Info: iter=16097 obj=3.728711553290236e7 pinf=330657.4399999073 (5661) dinf=0.0 (0) time=86.167343008s
[ Info: iter=16177 obj=3.732039978269008e7 pinf=31077.44852576361 (5479) dinf=0.0 (0) time=86.580030525s
[ Info: iter=16257 obj=3.742472392976032e7 pinf=167579.07306331678 (5626) dinf=0.0 (0) time=87.069829545s
[ Info: iter=16337 obj=3.746854783758563e7 pinf=43621.076535224114 (5599) dinf=0.0 (0) time=87.590011766s
[ Info: iter=16417 obj=3.7477692322919965e7 pinf=186915.0133206005 (5625) dinf=0.0 (0) time=88.046677285s
[ Info: iter=16497 obj=3.748659276116955e7 pinf=113530.57318040225 (5571) dinf=0.0 (0) time=88.453494001s
[ Info: iter=16577 obj=3.76026309429587e7 pinf=68701.56065049279 (5598) dinf=0.0 (0) time=88.906209119s
[ Info: iter=16657 obj=3.767050002141929e7 pinf=1.9621058272546516e6 (5710) dinf=0.0 (0) time=89.326257937s
[ Info: iter=16737 obj=3.794642559653325e7 pinf=1.668799533587144e6 (5637) dinf=0.0 (0) time=89.736469853s
[ Info: iter=16817 obj=3.832603413409288e7 pinf=334074.44250901596 (5533) dinf=0.0 (0) time=90.16251467s
[ Info: iter=16897 obj=3.834375247425284e7 pinf=361521.41010754777 (5562) dinf=0.0 (0) time=90.592150688s
[ Info: iter=16977 obj=3.8351435029425755e7 pinf=167612.53188156517 (5539) dinf=0.0 (0) time=91.075410507s
[ Info: iter=17057 obj=3.836561033648861e7 pinf=253780.86740148882 (5546) dinf=0.0 (0) time=91.488266924s
[ Info: iter=17137 obj=3.839415961804249e7 pinf=406602.3520649443 (5692) dinf=0.0 (0) time=91.898755141s
[ Info: iter=17217 obj=3.86357772414379e7 pinf=290754.89074216736 (5668) dinf=0.0 (0) time=92.308648757s
[ Info: iter=17297 obj=3.8867901753091775e7 pinf=4.7630997898051515e6 (5721) dinf=0.0 (0) time=92.730569475s
[ Info: iter=17377 obj=3.892292345052682e7 pinf=150120.4567643336 (5827) dinf=0.0 (0) time=93.132826715s
[ Info: iter=17457 obj=3.902470298392597e7 pinf=36371.94995495483 (5598) dinf=0.0 (0) time=93.557698784s
[ Info: iter=17537 obj=3.903223616243975e7 pinf=151938.53905504983 (5716) dinf=0.0 (0) time=93.997709341s
[ Info: iter=17617 obj=3.904330986488171e7 pinf=965787.4191052812 (5727) dinf=0.0 (0) time=94.454004785s
[ Info: iter=17697 obj=3.9047931343719915e7 pinf=22505.971151222697 (5502) dinf=0.0 (0) time=94.907774031s
[ Info: iter=17777 obj=3.906060708267402e7 pinf=895158.7779890831 (5780) dinf=0.0 (0) time=95.322839408s
[ Info: iter=17857 obj=3.907164280512649e7 pinf=88268.53731900055 (5590) dinf=0.0 (0) time=95.761503766s
[ Info: iter=17937 obj=3.908572642386521e7 pinf=135917.14550399457 (5595) dinf=0.0 (0) time=96.167557649s
[ Info: iter=18017 obj=3.9115154373494536e7 pinf=45611.58534832026 (5651) dinf=0.0 (0) time=96.625050893s
[ Info: iter=18097 obj=3.9120120748845994e7 pinf=73063.73484015536 (5694) dinf=0.0 (0) time=97.063115051s
[ Info: iter=18177 obj=3.925513292463966e7 pinf=119967.18614385772 (5650) dinf=0.0 (0) time=97.533751384s
[ Info: iter=18257 obj=3.926587963768034e7 pinf=568808.3415161403 (5902) dinf=0.0 (0) time=97.922231581s
[ Info: iter=18337 obj=3.930603105272585e7 pinf=326737.5938560033 (5833) dinf=0.0 (0) time=98.342226254s
[ Info: iter=18417 obj=3.932049737536183e7 pinf=383778.14725486457 (5750) dinf=0.0 (0) time=98.779545453s
[ Info: iter=18497 obj=3.933149682015595e7 pinf=501335.55805312033 (5870) dinf=0.0 (0) time=99.195580949s
[ Info: iter=18577 obj=3.9380721716264755e7 pinf=518004.4153430429 (5827) dinf=0.0 (0) time=99.617103646s
[ Info: iter=18657 obj=3.939736139856533e7 pinf=247707.45029847638 (5770) dinf=0.0 (0) time=100.029815442s
[ Info: iter=18737 obj=3.9435286119846046e7 pinf=669326.5728365745 (6054) dinf=0.0 (0) time=100.456678238s
[ Info: iter=18817 obj=4.006616482908578e7 pinf=89834.2992997844 (5760) dinf=0.0 (0) time=100.851669135s
[ Info: iter=18897 obj=4.010127528343182e7 pinf=133004.14732609235 (5768) dinf=0.0 (0) time=101.355240914s
[ Info: iter=18977 obj=4.013055203383987e7 pinf=260022.9166154524 (5890) dinf=0.0 (0) time=101.824214192s
[ Info: iter=19057 obj=4.016323571832652e7 pinf=2.361919492196222e6 (6021) dinf=0.0 (0) time=102.297334769s
[ Info: iter=19137 obj=4.021067143587112e7 pinf=321326.4952738664 (5766) dinf=0.0 (0) time=102.767051846s
[ Info: iter=19217 obj=4.026532314383438e7 pinf=1.9504282176882545e6 (5949) dinf=0.0 (0) time=103.222565625s
[ Info: iter=19297 obj=4.027576248787877e7 pinf=1.8481571830640351e6 (5910) dinf=0.0 (0) time=103.687876202s
[ Info: iter=19377 obj=4.028268504933187e7 pinf=80885.9209788735 (5745) dinf=0.0 (0) time=104.126447181s
[ Info: iter=19457 obj=4.029270669534212e7 pinf=304589.75320667925 (5724) dinf=0.0 (0) time=104.582154159s
[ Info: iter=19537 obj=4.030393476119094e7 pinf=72085.21175418173 (5585) dinf=0.0 (0) time=105.034481938s
[ Info: iter=19617 obj=4.0316110921498924e7 pinf=189317.80442742078 (5623) dinf=0.0 (0) time=105.531878814s
[ Info: iter=19697 obj=4.042132532858326e7 pinf=8.040592027982962e6 (5851) dinf=0.0 (0) time=105.994535092s
[ Info: iter=19777 obj=4.0455811759698585e7 pinf=1.5235574392655944e7 (5980) dinf=0.0 (0) time=106.434192171s
[ Info: iter=19857 obj=4.0508482105819404e7 pinf=432861.01485302794 (5767) dinf=0.0 (0) time=106.931924547s
[ Info: iter=19937 obj=4.053642826932737e7 pinf=287678.56566869986 (5817) dinf=0.0 (0) time=107.402448024s
[ Info: iter=20017 obj=4.0605466850161806e7 pinf=314847.6267519584 (5770) dinf=0.0 (0) time=107.849154203s
[ Info: iter=20097 obj=4.0617574744497836e7 pinf=62542.63929107334 (5577) dinf=0.0 (0) time=108.306615881s
[ Info: iter=20177 obj=4.096384896147098e7 pinf=598809.2856929485 (5686) dinf=0.0 (0) time=108.826878256s
[ Info: iter=20257 obj=4.097852470684782e7 pinf=273945.16629468283 (5573) dinf=0.0 (0) time=109.329114333s
[ Info: iter=20337 obj=4.1025328471231304e7 pinf=104441.66263947362 (5417) dinf=0.0 (0) time=109.746873314s
[ Info: iter=20417 obj=4.105731272115433e7 pinf=2.1961523797949017e6 (5829) dinf=0.0 (0) time=110.332222287s
[ Info: iter=20497 obj=4.1085028852908e7 pinf=845539.5354633402 (5724) dinf=0.0 (0) time=110.839995663s
[ Info: iter=20577 obj=4.109203875616803e7 pinf=747711.9706871684 (5680) dinf=0.0 (0) time=111.302072142s
[ Info: iter=20657 obj=4.110180341400927e7 pinf=399039.99438826164 (5715) dinf=0.0 (0) time=111.831213318s
[ Info: iter=20737 obj=4.111631711653575e7 pinf=9.974971608108908e6 (6003) dinf=0.0 (0) time=112.712749377s
[ Info: iter=20817 obj=4.113115624045394e7 pinf=695636.2442012486 (5801) dinf=0.0 (0) time=113.604611936s
[ Info: iter=20897 obj=4.114693964976205e7 pinf=328115.09721562016 (5766) dinf=0.0 (0) time=114.544725093s
[ Info: iter=20977 obj=4.116700412889466e7 pinf=2.8946071913674646e6 (5852) dinf=0.0 (0) time=115.506548149s
[ Info: iter=21057 obj=4.117288552379337e7 pinf=1.0242844967838075e6 (5560) dinf=0.0 (0) time=116.475340705s
[ Info: iter=21137 obj=4.117927684621124e7 pinf=423580.944722792 (5696) dinf=0.0 (0) time=117.446830774s
[ Info: iter=21217 obj=4.1189234520688936e7 pinf=5.571643265984374e6 (5788) dinf=0.0 (0) time=118.402278059s
[ Info: iter=21297 obj=4.120479749762174e7 pinf=876335.149851331 (5777) dinf=0.0 (0) time=119.478540867s
[ Info: iter=21377 obj=4.121195368301755e7 pinf=1.3668725031871623e6 (5834) dinf=0.0 (0) time=120.599828984s
[ Info: iter=21457 obj=4.1218793294234164e7 pinf=3.629834321699077e6 (6119) dinf=0.0 (0) time=121.730743903s
[ Info: iter=21537 obj=4.140004983270913e7 pinf=5.620780435102549e6 (6116) dinf=0.0 (0) time=122.725998195s
[ Info: iter=21617 obj=4.143339149281068e7 pinf=1.1964627736332265e6 (5932) dinf=0.0 (0) time=123.794628102s
[ Info: iter=21697 obj=4.1475339495081864e7 pinf=412968.5478336625 (5671) dinf=0.0 (0) time=124.952451526s
[ Info: iter=21777 obj=4.147859990659462e7 pinf=816014.470937454 (5910) dinf=0.0 (0) time=126.251991616s
[ Info: iter=21857 obj=4.148762354138021e7 pinf=2.5443555455811573e6 (5918) dinf=0.0 (0) time=127.35333885s
[ Info: iter=21937 obj=4.149426088935879e7 pinf=629853.7092994923 (5695) dinf=0.0 (0) time=128.565330017s
[ Info: iter=22017 obj=4.1509157948372245e7 pinf=115414.40069829654 (5480) dinf=0.0 (0) time=129.598681631s
[ Info: iter=22097 obj=4.151309095461267e7 pinf=773306.9172198467 (5478) dinf=0.0 (0) time=130.622845641s
[ Info: iter=22177 obj=4.1517441857330546e7 pinf=1.4208098543177093e6 (5820) dinf=0.0 (0) time=131.787422994s
[ Info: iter=22257 obj=4.1535539762232244e7 pinf=1.101091319785258e6 (5732) dinf=0.0 (0) time=132.86258552s
[ Info: iter=22337 obj=4.154574522931464e7 pinf=418520.8769375571 (5617) dinf=0.0 (0) time=133.843747856s
[ Info: iter=22417 obj=4.1553211019400954e7 pinf=121326.82840240432 (5516) dinf=0.0 (0) time=134.942497551s
[ Info: iter=22497 obj=4.156182773343581e7 pinf=1.562332771548238e7 (5787) dinf=0.0 (0) time=135.943674246s
[ Info: iter=22577 obj=4.162712511384369e7 pinf=92313.56590297501 (5435) dinf=0.0 (0) time=136.891842741s
[ Info: iter=22657 obj=4.1631357245151475e7 pinf=90214.2644854283 (5430) dinf=0.0 (0) time=137.810974937s
[ Info: iter=22737 obj=4.171428941236645e7 pinf=340911.79960848397 (5534) dinf=0.0 (0) time=138.785338432s
[ Info: iter=22817 obj=4.179439323419295e7 pinf=48242.11227235537 (5363) dinf=0.0 (0) time=139.844277526s
[ Info: iter=22897 obj=4.18067898969843e7 pinf=605396.6363277838 (5701) dinf=0.0 (0) time=140.773469022s
[ Info: iter=22977 obj=4.199467665058853e7 pinf=232140.04660322622 (5579) dinf=0.0 (0) time=141.778039408s
[ Info: iter=23057 obj=4.200771610265401e7 pinf=75108.19685797508 (5366) dinf=0.0 (0) time=142.806759891s
[ Info: iter=23137 obj=4.2275711930468224e7 pinf=101711.85692423247 (5392) dinf=0.0 (0) time=143.784920275s
[ Info: iter=23217 obj=4.2286122896001235e7 pinf=474207.9944374571 (5483) dinf=0.0 (0) time=144.769480859s
[ Info: iter=23297 obj=4.2295244992476545e7 pinf=7.658015368115235e6 (5792) dinf=0.0 (0) time=145.746306242s
[ Info: iter=23377 obj=4.2310025778718576e7 pinf=477527.05513680936 (5536) dinf=0.0 (0) time=146.712538026s
[ Info: iter=23457 obj=4.233434953565061e7 pinf=585142.3503175655 (5691) dinf=0.0 (0) time=147.737497509s
[ Info: iter=23537 obj=4.234272094958476e7 pinf=4.275436103645115e6 (5931) dinf=0.0 (0) time=148.810115992s
[ Info: iter=23617 obj=4.2364472288005695e7 pinf=1.3776692088814736e6 (5736) dinf=0.0 (0) time=149.95166825s
[ Info: iter=23697 obj=4.2378506142143816e7 pinf=508882.90073067177 (5416) dinf=0.0 (0) time=151.086448804s
[ Info: iter=23777 obj=4.239223242928345e7 pinf=2.077687236733758e6 (5811) dinf=0.0 (0) time=152.221583558s
[ Info: iter=23857 obj=4.251764481292349e7 pinf=275347.7950749778 (5542) dinf=0.0 (0) time=153.244025616s
[ Info: iter=23937 obj=4.254240888033852e7 pinf=201157.39479305234 (5250) dinf=0.0 (0) time=154.244368275s
[ Info: iter=24017 obj=4.255031023521452e7 pinf=365611.8187605729 (5475) dinf=0.0 (0) time=155.206403736s
[ Info: iter=24097 obj=4.264360578910303e7 pinf=316121.1172845954 (5462) dinf=0.0 (0) time=156.236822594s
[ Info: iter=24177 obj=4.2652654042256504e7 pinf=586377.056903342 (5535) dinf=0.0 (0) time=157.247462158s
[ Info: iter=24257 obj=4.268728509395091e7 pinf=568646.9606093667 (5481) dinf=0.0 (0) time=158.225128242s
[ Info: iter=24337 obj=4.270700861222516e7 pinf=1.0741228602967618e6 (5588) dinf=0.0 (0) time=159.170399127s
[ Info: iter=24417 obj=4.273695947074355e7 pinf=1.2353274538302384e6 (5749) dinf=0.0 (0) time=160.18974791s
[ Info: iter=24497 obj=4.2916256325536735e7 pinf=81253.02387921966 (5275) dinf=0.0 (0) time=161.248177293s
PROGRESS iter=25000 pinf=289713.9580265981 dinf=0.0 refs=313
EVENT correction_attempt count=500 iter=26219 row=10079 entering=37537 pinf=140646.6985559716 dinf=0.0
EVENT correction_attempt count=600 iter=27759 row=5521 entering=6551 pinf=164698.29532166428 dinf=0.0
EVENT correction_attempt count=700 iter=29625 row=12876 entering=57951 pinf=34176.66792992627 dinf=0.0
PROGRESS iter=30000 pinf=696021.8936777987 dinf=0.0 refs=375
EVENT correction_attempt count=800 iter=30290 row=11427 entering=18836 pinf=546298.5146961703 dinf=0.0
EVENT correction_attempt count=900 iter=30901 row=12288 entering=11430 pinf=43287.542503658085 dinf=0.0
EVENT correction_attempt count=1000 iter=31860 row=22186 entering=22773 pinf=60277.28816625476 dinf=0.0
EVENT correction_attempt count=1100 iter=32796 row=10992 entering=22868 pinf=2.0862054238670515e6 dinf=0.0
EVENT correction_attempt count=1200 iter=33790 row=9901 entering=19256 pinf=1.1560501990561178e8 dinf=0.0
EVENT correction_attempt count=1300 iter=34409 row=9786 entering=8506 pinf=1.1789665915728803e6 dinf=0.0
PROGRESS iter=35000 pinf=304358.6327391946 dinf=0.0 refs=438
EVENT correction_attempt count=1400 iter=35208 row=11573 entering=13026 pinf=270295.40488673555 dinf=0.0
EVENT refactor_residual count=1 iter=35375 row=7329 entering=27182 pinf=4.841345482402672e11 dinf=0.0
PIVOT stored_forward=-0.5898791203095562 stored_tableau=-0.5898791203095567 direction_norm=1.417858786992977e9 row_residual_ratio=0.04649484591934465
SNAPSHOT .superpowers/ft-recovery/ft-baseline.toml.refactor_residual.35375.bin
EVENT correction_attempt count=1500 iter=35444 row=10671 entering=8111 pinf=41938.73708649662 dinf=0.0
EVENT correction_attempt count=1600 iter=35960 row=25816 entering=3581 pinf=5.14007494822896e6 dinf=0.0
EVENT correction_attempt count=1700 iter=36743 row=13564 entering=52547 pinf=2.167852897416312e6 dinf=0.0
EVENT correction_attempt count=1800 iter=37645 row=24246 entering=7625 pinf=560191.6308801209 dinf=0.0
EVENT correction_attempt count=1900 iter=38143 row=11195 entering=11240 pinf=1.7200039332308094e6 dinf=0.0
EVENT correction_attempt count=2000 iter=38668 row=17713 entering=17666 pinf=335401.47468378954 dinf=0.0
EVENT correction_attempt count=2100 iter=39521 row=1526 entering=41695 pinf=39735.40678276 dinf=0.0
PROGRESS iter=40000 pinf=1.269068851851469e6 dinf=0.0 refs=500
EVENT correction_attempt count=2200 iter=40132 row=8035 entering=12866 pinf=1.1303778574684733e6 dinf=0.0
EVENT correction_attempt count=2300 iter=40764 row=17962 entering=51564 pinf=36359.27857840106 dinf=0.0
EVENT correction_attempt count=2400 iter=41438 row=7869 entering=45331 pinf=2.560070260220837e6 dinf=0.0
EVENT correction_attempt count=2500 iter=42520 row=7403 entering=8699 pinf=780046.1603607348 dinf=0.0
EVENT correction_attempt count=2600 iter=43511 row=18595 entering=28580 pinf=36605.077738553126 dinf=0.0
EVENT correction_attempt count=2700 iter=43938 row=3361 entering=4207 pinf=478332.78267713997 dinf=0.0
EVENT correction_attempt count=2800 iter=44336 row=25546 entering=24465 pinf=730090.5750718439 dinf=0.0
EVENT correction_attempt count=2900 iter=44743 row=24142 entering=15122 pinf=41273.82723601956 dinf=0.0
PROGRESS iter=45000 pinf=34831.35323892053 dinf=0.0 refs=563
EVENT correction_attempt count=3000 iter=46109 row=327 entering=28944 pinf=64968.35381506342 dinf=0.0
EVENT correction_attempt count=3100 iter=46846 row=4338 entering=2381 pinf=219213.37166474352 dinf=0.0
EVENT correction_attempt count=3200 iter=47304 row=23388 entering=6192 pinf=116180.36906315241 dinf=0.0
EVENT correction_attempt count=3300 iter=48293 row=20086 entering=37114 pinf=321003.21305017755 dinf=0.0
[ Info: iter=24577 obj=4.293456829853228e7 pinf=499706.53380115965 (5460) dinf=0.0 (0) time=162.319649375s
[ Info: iter=24657 obj=4.2969325475026295e7 pinf=68526.48960000237 (5338) dinf=0.0 (0) time=163.515749556s
[ Info: iter=24737 obj=4.298860272632819e7 pinf=238540.94342350037 (5268) dinf=0.0 (0) time=164.574734539s
[ Info: iter=24817 obj=4.299079633521423e7 pinf=275331.6364607843 (5307) dinf=0.0 (0) time=165.533989232s
[ Info: iter=24897 obj=4.300592743282814e7 pinf=123640.99374473873 (5215) dinf=0.0 (0) time=166.602141336s
[ Info: iter=24977 obj=4.302384949491873e7 pinf=548493.9972301049 (5240) dinf=0.0 (0) time=167.653795739s
[ Info: iter=25057 obj=4.302689343408066e7 pinf=237701.8295656262 (5279) dinf=0.0 (0) time=168.759972442s
[ Info: iter=25137 obj=4.3036861778420135e7 pinf=6.6925663176180415e7 (5595) dinf=0.0 (0) time=169.868255245s
[ Info: iter=25217 obj=4.304841618085861e7 pinf=1.135807435580615e9 (5598) dinf=0.0 (0) time=170.918364348s
[ Info: iter=25297 obj=4.312417660849516e7 pinf=57643.92289122917 (4974) dinf=0.0 (0) time=171.914588751s
[ Info: iter=25377 obj=4.3125651844559714e7 pinf=58462.08897465067 (5140) dinf=0.0 (0) time=172.873510854s
[ Info: iter=25457 obj=4.313154886432439e7 pinf=767173.5832992161 (5498) dinf=0.0 (0) time=173.83898756s
[ Info: iter=25537 obj=4.314148567326829e7 pinf=225670.8225532063 (5377) dinf=0.0 (0) time=174.749684915s
[ Info: iter=25617 obj=4.315059944339399e7 pinf=186813.98200607978 (5352) dinf=0.0 (0) time=175.731477943s
[ Info: iter=25697 obj=4.315416279392995e7 pinf=4.715344527779504e6 (5657) dinf=0.0 (0) time=176.776052847s
[ Info: iter=25777 obj=4.316207621264024e7 pinf=2.301975609602694e6 (5637) dinf=0.0 (0) time=177.815005553s
[ Info: iter=25857 obj=4.3251020214098185e7 pinf=673444.2516282103 (5512) dinf=0.0 (0) time=178.791680683s
[ Info: iter=25937 obj=4.325712948945314e7 pinf=2.4633611661987873e6 (5506) dinf=0.0 (0) time=179.864354376s
[ Info: iter=26017 obj=4.330159930890043e7 pinf=1.3644962565478417e6 (5473) dinf=0.0 (0) time=180.878323166s
[ Info: iter=26097 obj=4.3457125495576024e7 pinf=373473.93721279025 (5171) dinf=0.0 (0) time=181.952077936s
[ Info: iter=26177 obj=4.348564134342255e7 pinf=1.182353596900054e6 (5535) dinf=0.0 (0) time=183.157757701s
[ Info: iter=26257 obj=4.3492823814251274e7 pinf=7.252299188081074e7 (5690) dinf=0.0 (0) time=184.352296366s
[ Info: iter=26337 obj=4.349952805075798e7 pinf=5.832714581377264e6 (5587) dinf=0.0 (0) time=185.630344728s
[ Info: iter=26417 obj=4.3542974100321546e7 pinf=683104.680406452 (5364) dinf=0.0 (0) time=186.695969397s
[ Info: iter=26497 obj=4.357305338804742e7 pinf=469477.7124709755 (5275) dinf=0.0 (0) time=187.789107765s
[ Info: iter=26577 obj=4.358286258438134e7 pinf=328684.76030560146 (5233) dinf=0.0 (0) time=188.918153232s
[ Info: iter=26657 obj=4.358590220009641e7 pinf=2.573214703128394e6 (5258) dinf=0.0 (0) time=190.232547167s
[ Info: iter=26737 obj=4.3587217392501205e7 pinf=4.163043921810219e6 (5464) dinf=0.0 (0) time=191.762438687s
[ Info: iter=26817 obj=4.359673742706837e7 pinf=207196.4908620133 (5197) dinf=0.0 (0) time=193.060705019s
[ Info: iter=26897 obj=4.359837826062835e7 pinf=676028.3711567149 (5192) dinf=0.0 (0) time=194.389872849s
[ Info: iter=26977 obj=4.360525363722141e7 pinf=162244.55443174532 (5109) dinf=0.0 (0) time=195.671238682s
[ Info: iter=27057 obj=4.360656171667681e7 pinf=79069.80499413541 (5042) dinf=0.0 (0) time=197.21632412s
[ Info: iter=27137 obj=4.360836440817624e7 pinf=120163.65371137891 (5029) dinf=0.0 (0) time=199.251704333s
[ Info: iter=27217 obj=4.361354563591155e7 pinf=101836.16206544299 (5075) dinf=0.0 (0) time=201.074058225s
[ Info: iter=27297 obj=4.363610067213963e7 pinf=386395.36600974196 (5229) dinf=0.0 (0) time=203.087972136s
[ Info: iter=27377 obj=4.365767856870171e7 pinf=3.3581101991672874e6 (5577) dinf=0.0 (0) time=204.941601831s
[ Info: iter=27457 obj=4.373666128037514e7 pinf=753399.2641264382 (5248) dinf=0.0 (0) time=205.982406273s
[ Info: iter=27537 obj=4.374995341921492e7 pinf=57856.43459689101 (4938) dinf=0.0 (0) time=206.772696194s
[ Info: iter=27617 obj=4.375191127458477e7 pinf=312618.9881093436 (5101) dinf=0.0 (0) time=207.591437616s
[ Info: iter=27697 obj=4.377156779911337e7 pinf=3.4887003902836335e6 (5437) dinf=0.0 (0) time=208.589384743s
[ Info: iter=27777 obj=4.377360626317163e7 pinf=86111.44367905024 (4898) dinf=0.0 (0) time=209.458375466s
[ Info: iter=27857 obj=4.379697196732135e7 pinf=604275.8065700877 (5391) dinf=0.0 (0) time=210.242875287s
[ Info: iter=27937 obj=4.380079444071062e7 pinf=530906.9528561406 (5255) dinf=0.0 (0) time=211.021347008s
[ Info: iter=28017 obj=4.380492308126773e7 pinf=114478.87537139995 (4943) dinf=0.0 (0) time=211.750856328s
[ Info: iter=28097 obj=4.381040585531462e7 pinf=510493.04499631963 (5303) dinf=0.0 (0) time=212.511421748s
[ Info: iter=28177 obj=4.389774697505459e7 pinf=449565.8590135077 (5001) dinf=0.0 (0) time=213.194128766s
[ Info: iter=28257 obj=4.392041806349054e7 pinf=35599.1964309471 (4609) dinf=0.0 (0) time=213.898882677s
[ Info: iter=28337 obj=4.392230199003392e7 pinf=491061.74072290154 (5020) dinf=0.0 (0) time=214.567587387s
[ Info: iter=28417 obj=4.393234995421162e7 pinf=73453.67487142056 (4836) dinf=0.0 (0) time=215.299379799s
[ Info: iter=28497 obj=4.39608287724023e7 pinf=361313.1439216877 (5054) dinf=0.0 (0) time=215.99874891s
[ Info: iter=28577 obj=4.396453102688585e7 pinf=128906.40479827316 (4999) dinf=0.0 (0) time=216.67065862s
[ Info: iter=28657 obj=4.398436038777204e7 pinf=106417.19972847571 (4892) dinf=0.0 (0) time=217.443705332s
[ Info: iter=28737 obj=4.402172754043441e7 pinf=902598.5217613252 (5344) dinf=0.0 (0) time=218.133714943s
[ Info: iter=28817 obj=4.412863736918984e7 pinf=83645.7060732383 (4862) dinf=0.0 (0) time=218.802865853s
[ Info: iter=28897 obj=4.414942474314739e7 pinf=1.1003560133892854e6 (4903) dinf=0.0 (0) time=219.570293165s
[ Info: iter=28977 obj=4.418739030781338e7 pinf=70190.88344160625 (4632) dinf=0.0 (0) time=220.347811577s
[ Info: iter=29057 obj=4.421427545919189e7 pinf=333495.1606906777 (4732) dinf=0.0 (0) time=221.119165889s
[ Info: iter=29137 obj=4.424290374316509e7 pinf=2.362116702047652e6 (5443) dinf=0.0 (0) time=221.881641291s
[ Info: iter=29217 obj=4.4413724960344195e7 pinf=132477.09766123875 (4803) dinf=0.0 (0) time=222.563940192s
[ Info: iter=29297 obj=4.448291346220879e7 pinf=3.726006155438814e6 (5354) dinf=0.0 (0) time=223.340723093s
[ Info: iter=29377 obj=4.450741851352325e7 pinf=182174.21785734504 (5019) dinf=0.0 (0) time=223.978240794s
[ Info: iter=29457 obj=4.455737444151856e7 pinf=953546.7987022974 (5239) dinf=0.0 (0) time=224.715574295s
[ Info: iter=29537 obj=4.4645717994474806e7 pinf=65485.63982081787 (4840) dinf=0.0 (0) time=225.377261797s
[ Info: iter=29617 obj=4.480120940155739e7 pinf=1.4901897931625976e6 (5291) dinf=0.0 (0) time=226.061150698s
[ Info: iter=29697 obj=4.4809008366263196e7 pinf=116814.34369797354 (4840) dinf=0.0 (0) time=226.856831799s
[ Info: iter=29777 obj=4.4812725296205655e7 pinf=826582.393783193 (5102) dinf=0.0 (0) time=227.5197463s
[ Info: iter=29857 obj=4.481856896655451e7 pinf=1.2336988008094365e6 (5090) dinf=0.0 (0) time=228.215627901s
[ Info: iter=29937 obj=4.490691503518617e7 pinf=111888.55109212645 (4841) dinf=0.0 (0) time=228.909837202s
[ Info: iter=30017 obj=4.491494325378337e7 pinf=544129.3900821786 (5097) dinf=0.0 (0) time=229.648157744s
[ Info: iter=30097 obj=4.491657503345184e7 pinf=404596.42231204454 (4971) dinf=0.0 (0) time=230.463402044s
[ Info: iter=30177 obj=4.4919457622138575e7 pinf=105933.65990497997 (4761) dinf=0.0 (0) time=231.179221196s
[ Info: iter=30257 obj=4.4926752219268024e7 pinf=478443.4619904457 (4813) dinf=0.0 (0) time=231.884274743s
[ Info: iter=30337 obj=4.492923055085537e7 pinf=189656.89664954625 (4731) dinf=0.0 (0) time=232.731541359s
[ Info: iter=30417 obj=4.493275543928255e7 pinf=963950.5900522018 (4937) dinf=0.0 (0) time=233.389018783s
[ Info: iter=30497 obj=4.493687099314402e7 pinf=75604.15628238625 (4743) dinf=0.0 (0) time=234.168756384s
[ Info: iter=30577 obj=4.49419163322881e7 pinf=763641.1324252103 (4900) dinf=0.0 (0) time=234.958089891s
[ Info: iter=30657 obj=4.494586819439802e7 pinf=137069.0619874855 (4654) dinf=0.0 (0) time=235.722665699s
[ Info: iter=30737 obj=4.4947285318759955e7 pinf=139059.77154194316 (4649) dinf=0.0 (0) time=236.481487306s
[ Info: iter=30817 obj=4.495081885258855e7 pinf=420913.60780174716 (4802) dinf=0.0 (0) time=237.210928706s
[ Info: iter=30897 obj=4.505021786566561e7 pinf=55082.896061041414 (4550) dinf=0.0 (0) time=238.026890567s
[ Info: iter=30977 obj=4.50532634439152e7 pinf=31905.61725863755 (4648) dinf=0.0 (0) time=238.839736329s
[ Info: iter=31057 obj=4.50745953129274e7 pinf=223467.48561103834 (4766) dinf=0.0 (0) time=239.556527606s
[ Info: iter=31137 obj=4.507751977615773e7 pinf=195735.8911056472 (4897) dinf=0.0 (0) time=240.268321885s
[ Info: iter=31217 obj=4.508798219131866e7 pinf=84019.49363675814 (4795) dinf=0.0 (0) time=241.032023255s
[ Info: iter=31297 obj=4.509505547533304e7 pinf=7.311419157912888e6 (5240) dinf=0.0 (0) time=241.81844102s
[ Info: iter=31377 obj=4.510453792931679e7 pinf=138450.86423609828 (4810) dinf=0.0 (0) time=242.668576676s
[ Info: iter=31457 obj=4.510927609126658e7 pinf=116326.43491041174 (4830) dinf=0.0 (0) time=243.486605836s
[ Info: iter=31537 obj=4.511408195671877e7 pinf=3.8503005702654305e6 (5449) dinf=0.0 (0) time=244.305563896s
[ Info: iter=31617 obj=4.511677840181905e7 pinf=3.499464078923284e6 (5434) dinf=0.0 (0) time=245.090800462s
[ Info: iter=31697 obj=4.512038930915663e7 pinf=311337.82392711804 (5026) dinf=0.0 (0) time=245.931694227s
[ Info: iter=31777 obj=4.514063776048432e7 pinf=137472.4234346299 (4786) dinf=0.0 (0) time=246.740803807s
[ Info: iter=31857 obj=4.536505756095415e7 pinf=4.2563098960479805e6 (5330) dinf=0.0 (0) time=247.436146789s
[ Info: iter=31937 obj=4.536788174566002e7 pinf=189903.94621318692 (4806) dinf=0.0 (0) time=248.235208769s
[ Info: iter=32017 obj=4.5370552951901555e7 pinf=722717.3191037675 (5028) dinf=0.0 (0) time=249.007656149s
[ Info: iter=32097 obj=4.53719989846199e7 pinf=695657.6560747352 (5017) dinf=0.0 (0) time=249.77100883s
[ Info: iter=32177 obj=4.5396365909780666e7 pinf=380458.6662889183 (4966) dinf=0.0 (0) time=250.500255411s
[ Info: iter=32257 obj=4.543842781960956e7 pinf=350508.0237720727 (4989) dinf=0.0 (0) time=251.168482494s
[ Info: iter=32337 obj=4.54401024823369e7 pinf=284163.4353443231 (4862) dinf=0.0 (0) time=251.885293376s
[ Info: iter=32417 obj=4.54818298145527e7 pinf=93180.22763488855 (4687) dinf=0.0 (0) time=252.551754059s
[ Info: iter=32497 obj=4.5482354074712306e7 pinf=614773.4462558309 (4896) dinf=0.0 (0) time=253.310301212s
[ Info: iter=32577 obj=4.5482764738602936e7 pinf=472719.4069763983 (5043) dinf=0.0 (0) time=254.221307165s
[ Info: iter=32657 obj=4.548896939008623e7 pinf=6.317580032747227e6 (5306) dinf=0.0 (0) time=254.967853562s
[ Info: iter=32737 obj=4.550217429338072e7 pinf=2.3324896335509187e6 (5362) dinf=0.0 (0) time=255.742474651s
[ Info: iter=32817 obj=4.550598373970376e7 pinf=2.706298134552011e6 (5286) dinf=0.0 (0) time=256.523521039s
[ Info: iter=32897 obj=4.550830751263149e7 pinf=1.0557498493532292e6 (5024) dinf=0.0 (0) time=257.382067906s
[ Info: iter=32977 obj=4.55587790526763e7 pinf=367738.69538605167 (4897) dinf=0.0 (0) time=258.095007712s
[ Info: iter=33057 obj=4.5567694857787274e7 pinf=1.4939732918828646e7 (5344) dinf=0.0 (0) time=258.817686816s
[ Info: iter=33137 obj=4.557932984861818e7 pinf=315265.73053977074 (4886) dinf=0.0 (0) time=259.529055523s
[ Info: iter=33217 obj=4.559382222604503e7 pinf=3.951841360281353e7 (5510) dinf=0.0 (0) time=260.241464529s
[ Info: iter=33297 obj=4.56664493928569e7 pinf=109454.679363199 (4650) dinf=0.0 (0) time=260.903327049s
[ Info: iter=33377 obj=4.567949494587444e7 pinf=144498.28060277196 (4868) dinf=0.0 (0) time=261.615185554s
[ Info: iter=33457 obj=4.5694851216656044e7 pinf=464133.01313927054 (5007) dinf=0.0 (0) time=262.297880136s
[ Info: iter=33537 obj=4.5726398425445095e7 pinf=2.027671044728431e6 (5313) dinf=0.0 (0) time=263.035681017s
[ Info: iter=33617 obj=4.588552597437675e7 pinf=2.360263354939905e6 (5251) dinf=0.0 (0) time=263.714565099s
[ Info: iter=33697 obj=4.595621462267659e7 pinf=978263.4776530127 (5057) dinf=0.0 (0) time=264.42298938s
[ Info: iter=33777 obj=4.596016083243234e7 pinf=7.901046299848356e6 (5314) dinf=0.0 (0) time=265.147404061s
[ Info: iter=33857 obj=4.605466674124816e7 pinf=3.3911939536318933e6 (5118) dinf=0.0 (0) time=265.886254741s
[ Info: iter=33937 obj=4.607674916684107e7 pinf=5.351729176542651e6 (5324) dinf=0.0 (0) time=266.632065022s
[ Info: iter=34017 obj=4.62649985673861e7 pinf=34937.21393444258 (4573) dinf=0.0 (0) time=267.360796702s
[ Info: iter=34097 obj=4.6298079324207485e7 pinf=1.6929333384729822e6 (5109) dinf=0.0 (0) time=268.069765784s
[ Info: iter=34177 obj=4.629902432280316e7 pinf=118335.43047884104 (4684) dinf=0.0 (0) time=268.875611762s
[ Info: iter=34257 obj=4.630297214054027e7 pinf=810319.5745600982 (4851) dinf=0.0 (0) time=269.616212508s
[ Info: iter=34337 obj=4.6382282482947454e7 pinf=7.654456895538129e6 (5282) dinf=0.0 (0) time=270.334316009s
[ Info: iter=34417 obj=4.639795823751129e7 pinf=1.429682251864066e6 (4567) dinf=0.0 (0) time=271.203706431s
[ Info: iter=34497 obj=4.64146261879421e7 pinf=211926.19160192946 (4641) dinf=0.0 (0) time=271.898167129s
[ Info: iter=34577 obj=4.6416588869259894e7 pinf=67423.81166262481 (4596) dinf=0.0 (0) time=272.676522839s
[ Info: iter=34657 obj=4.641820582424282e7 pinf=559442.4867929141 (4799) dinf=0.0 (0) time=273.412832742s
[ Info: iter=34737 obj=4.641889484200829e7 pinf=260570.45961323363 (4591) dinf=0.0 (0) time=274.121506142s
[ Info: iter=34817 obj=4.641980997106372e7 pinf=34599.346001930986 (4357) dinf=0.0 (0) time=275.057781374s
[ Info: iter=34897 obj=4.6421150740971625e7 pinf=121829.13807812468 (4751) dinf=0.0 (0) time=275.849217086s
[ Info: iter=34977 obj=4.642274375959445e7 pinf=799229.8677462885 (5036) dinf=0.0 (0) time=276.637179097s
[ Info: iter=35057 obj=4.649733267471421e7 pinf=144723.7367539603 (4813) dinf=0.0 (0) time=277.502155176s
[ Info: iter=35137 obj=4.650088697191114e7 pinf=113116.22040755556 (4632) dinf=0.0 (0) time=278.282671659s
[ Info: iter=35217 obj=4.6501792224968314e7 pinf=529197.3411311989 (4855) dinf=0.0 (0) time=279.143937341s
[ Info: iter=35297 obj=4.650252289123514e7 pinf=305408.58505855425 (4764) dinf=0.0 (0) time=279.938764524s
[ Info: iter=35375 obj=4.649999402246094e7 pinf=4.841367147475041e11 (4593) dinf=0.0004935135163794957 (1) time=282.156405676s
[ Info: iter=35455 obj=4.6503454956419215e7 pinf=78761.52364786055 (4428) dinf=0.0 (0) time=285.060235914s
[ Info: iter=35535 obj=4.650427844061595e7 pinf=41002.22474617691 (4399) dinf=0.0 (0) time=286.014209787s
[ Info: iter=35615 obj=4.650532041838721e7 pinf=95304.42628967518 (4625) dinf=0.0 (0) time=286.859070462s
[ Info: iter=35695 obj=4.650656467391348e7 pinf=9.78175530572388e6 (5075) dinf=0.0 (0) time=287.638014339s
[ Info: iter=35775 obj=4.6655629876008704e7 pinf=6.0481388919956334e7 (5161) dinf=0.0 (0) time=288.503673613s
[ Info: iter=35855 obj=4.6687200394179255e7 pinf=3.940916046679198e6 (4957) dinf=0.0 (0) time=289.314584889s
[ Info: iter=35935 obj=4.6783329028343886e7 pinf=1.165770263331779e7 (5065) dinf=0.0 (0) time=290.105042866s
[ Info: iter=36015 obj=4.678649661684717e7 pinf=1.9251909729262656e6 (5045) dinf=0.0 (0) time=290.926164542s
[ Info: iter=36095 obj=4.679012211483426e7 pinf=2.31190304751098e6 (4953) dinf=0.0 (0) time=291.778498917s
[ Info: iter=36175 obj=4.679438082152244e7 pinf=68700.48577451681 (4536) dinf=0.0 (0) time=292.578380693s
[ Info: iter=36255 obj=4.679592178227441e7 pinf=75844.41490784682 (4459) dinf=0.0 (0) time=293.42861817s
[ Info: iter=36335 obj=4.679686943777539e7 pinf=524307.4897659256 (4874) dinf=0.0 (0) time=294.263890955s
[ Info: iter=36415 obj=4.6849395115031675e7 pinf=547590.3633399651 (4754) dinf=0.0 (0) time=295.020809342s
[ Info: iter=36495 obj=4.685154468864956e7 pinf=672249.1872361188 (4843) dinf=0.0 (0) time=295.858761227s
[ Info: iter=36575 obj=4.6857634445914775e7 pinf=810018.5787593932 (5039) dinf=0.0 (0) time=296.665160013s
[ Info: iter=36655 obj=4.68747529303409e7 pinf=798529.4752581969 (4906) dinf=0.0 (0) time=297.510376599s
[ Info: iter=36735 obj=4.687735130543533e7 pinf=4.253365153067513e6 (5252) dinf=0.0 (0) time=298.303443585s
[ Info: iter=36815 obj=4.690814741689393e7 pinf=1.0065182801093052e6 (4939) dinf=0.0 (0) time=299.074257072s
[ Info: iter=36895 obj=4.700124073228953e7 pinf=270823.3386857687 (4725) dinf=0.0 (0) time=299.876397858s
[ Info: iter=36975 obj=4.701683972282345e7 pinf=959006.2270933716 (4688) dinf=0.0 (0) time=300.686501644s
[ Info: iter=37055 obj=4.702844572532396e7 pinf=1.7052082091708125e6 (5050) dinf=0.0 (0) time=301.474140145s
[ Info: iter=37135 obj=4.709259039756879e7 pinf=2.1212367605158235e6 (5147) dinf=0.0 (0) time=302.271399591s
[ Info: iter=37215 obj=4.713114024144973e7 pinf=103712.11815397239 (4397) dinf=0.0 (0) time=303.088981138s
[ Info: iter=37295 obj=4.7140876102119796e7 pinf=150516.04665870618 (4492) dinf=0.0 (0) time=303.767143178s
[ Info: iter=37375 obj=4.714240947332558e7 pinf=359805.2729354389 (4652) dinf=0.0 (0) time=304.472285019s
[ Info: iter=37455 obj=4.7143461051109895e7 pinf=6.8035136254478e6 (5064) dinf=0.0 (0) time=305.132250657s
[ Info: iter=37535 obj=4.714633454008776e7 pinf=1.084565009319531e7 (5357) dinf=0.0 (0) time=305.886849501s
[ Info: iter=37615 obj=4.716290467370969e7 pinf=3.53622350421088e7 (5410) dinf=0.0 (0) time=307.691329606s
[ Info: iter=37695 obj=4.719751061077666e7 pinf=580868.8142831957 (4792) dinf=0.0 (0) time=308.441527749s
[ Info: iter=37775 obj=4.723462288205792e7 pinf=417068.2140074433 (4711) dinf=0.0 (0) time=309.184923592s
[ Info: iter=37855 obj=4.723928699348891e7 pinf=76839.18993776811 (4471) dinf=0.0 (0) time=309.917549518s
[ Info: iter=37935 obj=4.728405910799718e7 pinf=684756.103566773 (4801) dinf=0.0 (0) time=310.711730142s
[ Info: iter=38015 obj=4.7285970460334405e7 pinf=564657.5072496899 (4704) dinf=0.0 (0) time=311.442251365s
[ Info: iter=38095 obj=4.728777881639877e7 pinf=1.0442447739932535e6 (4924) dinf=0.0 (0) time=312.199991088s
[ Info: iter=38175 obj=4.733809078549246e7 pinf=1.5002158063452085e6 (5281) dinf=0.0 (0) time=312.89026761s
[ Info: iter=38255 obj=4.735724826667683e7 pinf=373903.98664896324 (4923) dinf=0.0 (0) time=313.587109531s
[ Info: iter=38335 obj=4.7358898918154806e7 pinf=384955.6984113749 (4945) dinf=0.0 (0) time=314.333381055s
[ Info: iter=38415 obj=4.736088179964504e7 pinf=91652.80892912221 (4419) dinf=0.0 (0) time=315.102493678s
[ Info: iter=38495 obj=4.7362370001582846e7 pinf=262888.1621968131 (4571) dinf=0.0 (0) time=315.879568702s
[ Info: iter=38575 obj=4.736538549596737e7 pinf=2.4508761946939705e6 (5034) dinf=0.0 (0) time=316.603044925s
[ Info: iter=38655 obj=4.737139565357179e7 pinf=339500.42260973353 (4484) dinf=0.0 (0) time=317.410216663s
[ Info: iter=38735 obj=4.737536167983568e7 pinf=132203.2113663258 (4375) dinf=0.0 (0) time=318.12514917s
[ Info: iter=38815 obj=4.737737567421147e7 pinf=308839.8082358982 (4544) dinf=0.0 (0) time=318.815119173s
[ Info: iter=38895 obj=4.737916688228891e7 pinf=100994.52990111202 (4289) dinf=0.0 (0) time=319.552899084s
[ Info: iter=38975 obj=4.738061736854042e7 pinf=151480.59997886384 (4363) dinf=0.0 (0) time=320.217031584s
[ Info: iter=39055 obj=4.738470691336586e7 pinf=559176.3474534773 (4755) dinf=0.0 (0) time=320.908148988s
[ Info: iter=39135 obj=4.738871557230237e7 pinf=128199.72759675313 (4394) dinf=0.0 (0) time=321.59307979s
[ Info: iter=39215 obj=4.743967612163496e7 pinf=63072.808416573855 (4179) dinf=0.0 (0) time=322.308911798s
[ Info: iter=39295 obj=4.7442016497107916e7 pinf=159581.61060724422 (4345) dinf=0.0 (0) time=322.965525197s
[ Info: iter=39375 obj=4.7443446523448884e7 pinf=1.0265382996707397e6 (4624) dinf=0.0 (0) time=323.627093996s
[ Info: iter=39455 obj=4.745346862002677e7 pinf=8.193013364167756e8 (5068) dinf=0.0 (0) time=324.299513097s
[ Info: iter=39535 obj=4.745872488207775e7 pinf=324528.9356789031 (4292) dinf=0.0 (0) time=325.18785333s
[ Info: iter=39615 obj=4.746282302787582e7 pinf=252366.93118495934 (4390) dinf=0.0 (0) time=325.91826865s
[ Info: iter=39695 obj=4.7465782205861025e7 pinf=420517.26518990647 (4463) dinf=0.0 (0) time=326.623453852s
[ Info: iter=39775 obj=4.746648606493008e7 pinf=144677.43184306193 (4328) dinf=0.0 (0) time=327.344776553s
[ Info: iter=39855 obj=4.746767951393041e7 pinf=237460.66680194152 (4484) dinf=0.0 (0) time=328.135443754s
[ Info: iter=39935 obj=4.746880899906954e7 pinf=12223.117366922874 (4022) dinf=0.0 (0) time=328.841647456s
[ Info: iter=40015 obj=4.7470892261256956e7 pinf=1.1733422222723654e6 (4607) dinf=0.0 (0) time=329.504469557s
[ Info: iter=40095 obj=4.747375233805171e7 pinf=1.9574509138639565e6 (4577) dinf=0.0 (0) time=330.160556758s
[ Info: iter=40175 obj=4.750018354999228e7 pinf=663024.4220486807 (4412) dinf=0.0 (0) time=330.931336859s
[ Info: iter=40255 obj=4.753530207373807e7 pinf=1.0700357521082261e8 (4736) dinf=0.0 (0) time=331.63445166s
[ Info: iter=40335 obj=4.7558821401600845e7 pinf=20206.32243321436 (3960) dinf=0.0 (0) time=332.459274262s
[ Info: iter=40415 obj=4.755938919874458e7 pinf=115638.23469810985 (4105) dinf=0.0 (0) time=333.100511463s
[ Info: iter=40495 obj=4.756032034668248e7 pinf=49855.720692370116 (3998) dinf=0.0 (0) time=333.799551764s
[ Info: iter=40575 obj=4.756108966780344e7 pinf=88143.8762476941 (4106) dinf=0.0 (0) time=334.517852965s
[ Info: iter=40655 obj=4.7603287705110155e7 pinf=2.7785002993557868e6 (4783) dinf=0.0 (0) time=335.159712666s
[ Info: iter=40735 obj=4.763918769194969e7 pinf=388584.99971549417 (4502) dinf=0.0 (0) time=335.877154767s
[ Info: iter=40815 obj=4.764086331576562e7 pinf=52973.27279785565 (3983) dinf=0.0 (0) time=336.654416168s
[ Info: iter=40895 obj=4.771485603350623e7 pinf=1.3488358993515118e6 (4702) dinf=0.0 (0) time=337.366373569s
[ Info: iter=40975 obj=4.789444297982416e7 pinf=18538.279282715925 (3954) dinf=0.0 (0) time=338.06191527s
[ Info: iter=41055 obj=4.80390358749556e7 pinf=232692.888127093 (4130) dinf=0.0 (0) time=338.676050371s
[ Info: iter=41135 obj=4.804108600494273e7 pinf=3.3013650592232007e6 (4413) dinf=0.0 (0) time=339.302013072s
[ Info: iter=41215 obj=4.806161303155578e7 pinf=42503.41339731366 (4056) dinf=0.0 (0) time=340.025812673s
[ Info: iter=41295 obj=4.815607562699695e7 pinf=141321.42360130078 (4196) dinf=0.0 (0) time=340.689147974s
[ Info: iter=41375 obj=4.816018937706111e7 pinf=692604.8893563414 (4485) dinf=0.0 (0) time=341.442720474s
[ Info: iter=41455 obj=4.823455634764698e7 pinf=1.2250539718416007e6 (4697) dinf=0.0 (0) time=342.184702464s
[ Info: iter=41535 obj=4.82435739405851e7 pinf=101126.9219438883 (4090) dinf=0.0 (0) time=342.870117256s
[ Info: iter=41615 obj=4.824656262815699e7 pinf=476793.3850762037 (4425) dinf=0.0 (0) time=343.570092847s
[ Info: iter=41695 obj=4.824818475560149e7 pinf=290751.5652329411 (4215) dinf=0.0 (0) time=344.252010539s
[ Info: iter=41775 obj=4.8333275368143044e7 pinf=11532.439230832453 (3796) dinf=0.0 (0) time=344.91351513s
[ Info: iter=41855 obj=4.834743740332011e7 pinf=106632.91438392218 (3992) dinf=0.0 (0) time=345.609920422s
[ Info: iter=41935 obj=4.83605289359614e7 pinf=117975.3647684942 (4090) dinf=0.0 (0) time=346.278300713s
[ Info: iter=42015 obj=4.84511965617268e7 pinf=1.639130853191437e6 (4577) dinf=0.0 (0) time=347.112662103s
[ Info: iter=42095 obj=4.845291165591486e7 pinf=1.1172751620800858e6 (4571) dinf=0.0 (0) time=347.853145894s
[ Info: iter=42175 obj=4.845654810317567e7 pinf=2.1644933300945153e6 (4686) dinf=0.0 (0) time=348.568526185s
[ Info: iter=42255 obj=4.8458793849545345e7 pinf=730236.9454664937 (4339) dinf=0.0 (0) time=349.285026376s
[ Info: iter=42335 obj=4.850326536854591e7 pinf=303943.4554964868 (4149) dinf=0.0 (0) time=349.955285972s
[ Info: iter=42415 obj=4.851825566136164e7 pinf=100647.95828889248 (3933) dinf=0.0 (0) time=350.723615567s
[ Info: iter=42495 obj=4.85198485533825e7 pinf=6.374827516905323e6 (4530) dinf=0.0 (0) time=351.482293963s
[ Info: iter=42575 obj=4.862184264626244e7 pinf=144206.41540852844 (3942) dinf=0.0 (0) time=352.200774259s
[ Info: iter=42655 obj=4.862431307328752e7 pinf=57706.13402669067 (3849) dinf=0.0 (0) time=352.931826255s
[ Info: iter=42735 obj=4.862533341272895e7 pinf=106560.09292455771 (3992) dinf=0.0 (0) time=353.677578851s
[ Info: iter=42815 obj=4.8627429962705985e7 pinf=151337.2444952989 (4004) dinf=0.0 (0) time=354.410336947s
[ Info: iter=42895 obj=4.862931705200906e7 pinf=34023.2943906064 (3754) dinf=0.0 (0) time=355.210785243s
[ Info: iter=42975 obj=4.863109234509301e7 pinf=1.0218063529096828e6 (3872) dinf=0.0 (0) time=355.955723938s
[ Info: iter=43055 obj=4.8633320679408595e7 pinf=21498.206449646947 (3739) dinf=0.0 (0) time=356.682675334s
[ Info: iter=43135 obj=4.8848635313100405e7 pinf=209285.88777143354 (4038) dinf=0.0 (0) time=357.430649531s
[ Info: iter=43215 obj=4.887818476799803e7 pinf=854839.3032124894 (4119) dinf=0.0 (0) time=358.122070031s
[ Info: iter=43295 obj=4.887932993769708e7 pinf=40982.36242765604 (3731) dinf=0.0 (0) time=358.835010831s
[ Info: iter=43375 obj=4.888031026199563e7 pinf=50430.99744605727 (3818) dinf=0.0 (0) time=359.563276631s
[ Info: iter=43455 obj=4.891501119688473e7 pinf=1.0314689349508816e7 (4840) dinf=0.0 (0) time=360.232039231s
[ Info: iter=43535 obj=4.895509187862687e7 pinf=395868.8306608395 (4340) dinf=0.0 (0) time=360.985429231s
[ Info: iter=43615 obj=4.895709826045175e7 pinf=619965.6971692803 (4373) dinf=0.0 (0) time=361.757594331s
[ Info: iter=43695 obj=4.89643481837877e7 pinf=1.9527474702008835e6 (4762) dinf=0.0 (0) time=362.452740032s
[ Info: iter=43775 obj=4.896950599842433e7 pinf=280763.2947580745 (4359) dinf=0.0 (0) time=363.224341632s
[ Info: iter=43855 obj=4.897136008969101e7 pinf=169247.86587684613 (4123) dinf=0.0 (0) time=363.938334832s
[ Info: iter=43935 obj=4.897351945140742e7 pinf=849758.769411496 (4348) dinf=0.0 (0) time=364.635285832s
[ Info: iter=44015 obj=4.8974622475161105e7 pinf=3.0661603885735427e6 (4464) dinf=0.0 (0) time=365.328415232s
[ Info: iter=44095 obj=4.897533606958965e7 pinf=715922.4015601223 (4100) dinf=0.0 (0) time=366.10235323s
[ Info: iter=44175 obj=4.8976552505472496e7 pinf=1.6400232887109625e6 (4098) dinf=0.0 (0) time=366.939651629s
[ Info: iter=44255 obj=4.8980799067445725e7 pinf=924509.4814392045 (4237) dinf=0.0 (0) time=367.781423227s
[ Info: iter=44335 obj=4.898415498181149e7 pinf=1.7169178443998364e6 (4362) dinf=0.0 (0) time=368.503903625s
[ Info: iter=44415 obj=4.901792938671146e7 pinf=66853.57128996287 (3649) dinf=0.0 (0) time=369.322209923s
[ Info: iter=44495 obj=4.9032213478668265e7 pinf=46653.3903657072 (3794) dinf=0.0 (0) time=370.071612222s
[ Info: iter=44575 obj=4.9045592516883336e7 pinf=219042.16538795066 (3924) dinf=0.0 (0) time=370.81545562s
[ Info: iter=44655 obj=4.904663253875384e7 pinf=1.8304824142474665e6 (4356) dinf=0.0 (0) time=371.564829018s
[ Info: iter=44735 obj=4.904770788550776e7 pinf=2.6605145411127647e6 (4168) dinf=0.0 (0) time=372.423718117s
[ Info: iter=44815 obj=4.904815476385637e7 pinf=30630.96407210362 (3629) dinf=0.0 (0) time=373.121514015s
[ Info: iter=44895 obj=4.9050396464564085e7 pinf=120243.32407063786 (3688) dinf=0.0 (0) time=373.810673012s
[ Info: iter=44975 obj=4.905147521524313e7 pinf=8.778998168147855e6 (4587) dinf=0.0 (0) time=374.521924008s
[ Info: iter=45055 obj=4.916220289736162e7 pinf=32476.976745447922 (3713) dinf=0.0 (0) time=375.208061604s
[ Info: iter=45135 obj=4.917645474301973e7 pinf=277659.5379320505 (3985) dinf=0.0 (0) time=375.9120953s
[ Info: iter=45215 obj=4.917804096506335e7 pinf=402600.32489857276 (3953) dinf=0.0 (0) time=376.686964995s
[ Info: iter=45295 obj=4.917971757057415e7 pinf=46169.162751248405 (3612) dinf=0.0 (0) time=377.411195891s
[ Info: iter=45375 obj=4.9180491909511864e7 pinf=29224.597748922904 (3530) dinf=0.0 (0) time=378.130313987s
[ Info: iter=45455 obj=4.918144792350677e7 pinf=257435.071984727 (3908) dinf=0.0 (0) time=378.856297282s
[ Info: iter=45535 obj=4.9183625779198036e7 pinf=275638.4758323819 (4016) dinf=0.0 (0) time=379.581233578s
[ Info: iter=45615 obj=4.918832370104948e7 pinf=140560.50407221928 (3783) dinf=0.0 (0) time=380.313696274s
[ Info: iter=45695 obj=4.9197999770311564e7 pinf=61645.51998833402 (3700) dinf=0.0 (0) time=381.05619157s
[ Info: iter=45775 obj=4.9202064198951244e7 pinf=379806.41534622083 (3896) dinf=0.0 (0) time=381.832130365s
[ Info: iter=45855 obj=4.921411430280995e7 pinf=236042.65977337994 (3756) dinf=0.0 (0) time=382.634362362s
[ Info: iter=45935 obj=4.92151939940722e7 pinf=64845.51171795595 (3565) dinf=0.0 (0) time=383.430724058s
[ Info: iter=46015 obj=4.921773593867966e7 pinf=111902.10386451786 (3739) dinf=0.0 (0) time=384.305571954s
[ Info: iter=46095 obj=4.9294602261845216e7 pinf=261418.59452415907 (3845) dinf=0.0 (0) time=385.21376545s
[ Info: iter=46175 obj=4.9300806125279695e7 pinf=360387.65123239264 (3735) dinf=0.0 (0) time=386.110205845s
[ Info: iter=46255 obj=4.930362236829089e7 pinf=31052.52101692101 (3511) dinf=0.0 (0) time=386.929002442s
[ Info: iter=46335 obj=4.930532949697192e7 pinf=914130.4128452224 (4038) dinf=0.0 (0) time=387.662833738s
[ Info: iter=46415 obj=4.931877800885407e7 pinf=451643.919401366 (4098) dinf=0.0 (0) time=388.384871035s
[ Info: iter=46495 obj=4.932243700138431e7 pinf=9.562974689286994e6 (4464) dinf=0.0 (0) time=389.108197831s
[ Info: iter=46575 obj=4.935859262632699e7 pinf=285210.6208843869 (3794) dinf=0.0 (0) time=389.833705125s
[ Info: iter=46655 obj=4.936099354530619e7 pinf=371162.2921060608 (3851) dinf=0.0 (0) time=390.538629417s
[ Info: iter=46735 obj=4.944542738724309e7 pinf=1.6651232675429455e6 (4181) dinf=0.0 (0) time=391.267950109s
[ Info: iter=46815 obj=4.944608208729257e7 pinf=362985.5792544324 (3771) dinf=0.0 (0) time=392.166838298s
[ Info: iter=46895 obj=4.944896598292914e7 pinf=96298.3043672567 (3417) dinf=0.0 (0) time=392.952976889s
[ Info: iter=46975 obj=4.944975150520605e7 pinf=45580.69723767771 (3475) dinf=0.0 (0) time=393.927513878s
[ Info: iter=47055 obj=4.945058605409474e7 pinf=336107.32583854854 (3945) dinf=0.0 (0) time=394.714774169s
[ Info: iter=47135 obj=4.945164607934408e7 pinf=51216.56514861593 (3523) dinf=0.0 (0) time=395.599631859s
[ Info: iter=47215 obj=4.945296363351488e7 pinf=283895.2570740553 (3612) dinf=0.0 (0) time=396.38089855s
[ Info: iter=47295 obj=4.945376911614062e7 pinf=50167.85109559676 (3374) dinf=0.0 (0) time=397.19835944s
[ Info: iter=47375 obj=4.949506614944045e7 pinf=173262.1435209745 (3526) dinf=0.0 (0) time=397.919374834s
[ Info: iter=47455 obj=4.952577177122686e7 pinf=120654.42111655862 (3531) dinf=0.0 (0) time=398.719742429s
[ Info: iter=47535 obj=4.955869921725744e7 pinf=54807.748831848556 (3506) dinf=0.0 (0) time=400.821508915s
[ Info: iter=47615 obj=4.960316225310697e7 pinf=27985.410058022353 (3270) dinf=0.0 (0) time=401.57887191s
[ Info: iter=47695 obj=4.961899661810696e7 pinf=54425.97383210747 (3378) dinf=0.0 (0) time=402.303085106s
[ Info: iter=47775 obj=4.9704083221740395e7 pinf=348283.04228648695 (3674) dinf=0.0 (0) time=403.1600213s
[ Info: iter=47855 obj=4.973129026267733e7 pinf=1.305295397999969e6 (3931) dinf=0.0 (0) time=404.319513992s
[ Info: iter=47935 obj=4.9744275155632704e7 pinf=69982.61719352817 (3551) dinf=0.0 (0) time=405.227613886s
[ Info: iter=48015 obj=4.974952611574516e7 pinf=49956.44698303066 (3607) dinf=0.0 (0) time=406.046687397s
[ Info: iter=48095 obj=4.975053901024394e7 pinf=171223.01452973066 (3858) dinf=0.0 (0) time=406.846451913s
[ Info: iter=48175 obj=4.9783842889024034e7 pinf=712752.8538790414 (3955) dinf=0.0 (0) time=407.766953632s
[ Info: iter=48255 obj=4.984484259211227e7 pinf=602110.9108161214 (3958) dinf=0.0 (0) time=408.566054549s
[ Info: iter=48335 obj=4.987024727478251e7 pinf=70366.50707010769 (3644) dinf=0.0 (0) time=409.738580873s
[ Info: iter=48415 obj=4.9873605982844755e7 pinf=153882.67664722016 (3718) dinf=0.0 (0) time=411.0634475s
[ Info: iter=48495 obj=4.987563125292648e7 pinf=63474.972586657146 (3439) dinf=0.0 (0) time=412.677204833s
[ Info: iter=48575 obj=4.9900559230673864e7 pinf=46883.90243391568 (3384) dinf=0.0 (0) time=414.455361758s
[ Info: iter=48655 obj=5.0045056126058154e7 pinf=36339.2937522941 (3350) dinf=0.0 (0) time=416.080636472s
[ Info: iter=48735 obj=5.005376374068566e7 pinf=305817.3161043256 (3751) dinf=0.0 (0) time=417.829689987s
[ Info: iter=48815 obj=5.005640340503098e7 pinf=706799.4593263968 (3728) dinf=0.0 (0) time=419.423123601s
[ Info: iter=48895 obj=5.005716494553738e7 pinf=37329.46746612243 (3436) dinf=0.0 (0) time=420.911332514s
[ Info: iter=48975 obj=5.006048670563491e7 pinf=71829.50206217848 (3434) dinf=0.0 (0) time=422.346416249s
EVENT correction_attempt count=3400 iter=49139 row=9909 entering=16319 pinf=37180.68204259473 dinf=0.0
PROGRESS iter=50000 pinf=133356.15873112815 dinf=0.0 refs=625
EVENT correction_attempt count=3500 iter=50260 row=2797 entering=7390 pinf=81258.49017720582 dinf=0.0
SMALL_ACCEPTED_PIVOT iter=50414 pivot=-0.038615891561834155 direction_norm=1.3287278619879363e6 relative_pivot=2.9062302873712718e-8 snapshot=.superpowers/ft-recovery/ft-baseline.toml.accepted_pivot.50414.bin
EVENT correction_attempt count=3600 iter=51200 row=11340 entering=58099 pinf=987351.0816281852 dinf=0.0
EVENT correction_attempt count=3700 iter=51546 row=12360 entering=18756 pinf=99068.16147431756 dinf=0.0
EVENT correction_attempt count=3800 iter=52182 row=15746 entering=18003 pinf=388223.41305467195 dinf=0.0
EVENT correction_attempt count=3900 iter=52867 row=9719 entering=39780 pinf=14487.062918100812 dinf=0.0
EVENT correction_attempt count=4000 iter=53569 row=14964 entering=8532 pinf=111085.7283652679 dinf=0.0
EVENT correction_attempt count=4100 iter=54263 row=25386 entering=14266 pinf=101760.46797234492 dinf=0.0
EVENT correction_attempt count=4200 iter=54840 row=2501 entering=55418 pinf=97621.45889983077 dinf=0.0
PROGRESS iter=55000 pinf=108304.85954975965 dinf=0.0 refs=688
EVENT correction_attempt count=4300 iter=55754 row=17564 entering=22892 pinf=31196.606085996358 dinf=0.0
EVENT correction_attempt count=4400 iter=56824 row=3333 entering=14341 pinf=4621.816373208856 dinf=0.0
EVENT correction_attempt count=4500 iter=57613 row=1746 entering=11261 pinf=1.9362071192262745e6 dinf=0.0
SMALL_ACCEPTED_PIVOT iter=58061 pivot=0.002722329104871702 direction_norm=64432.44537127471 relative_pivot=4.2250904636398784e-8 snapshot=.superpowers/ft-recovery/ft-baseline.toml.accepted_pivot.58061.bin
SMALL_ACCEPTED_PIVOT iter=58064 pivot=0.0014562004727017728 direction_norm=22380.815304206924 relative_pivot=6.506467494184855e-8 snapshot=.superpowers/ft-recovery/ft-baseline.toml.accepted_pivot.58064.bin
SMALL_ACCEPTED_PIVOT iter=58073 pivot=0.15385752264767985 direction_norm=1.8321776453408692e7 relative_pivot=8.397522098303699e-9 snapshot=.superpowers/ft-recovery/ft-baseline.toml.accepted_pivot.58073.bin
SMALL_ACCEPTED_PIVOT iter=58086 pivot=-2.8637397416456776 direction_norm=1.190886867682412e8 relative_pivot=2.4047118322992418e-8 snapshot=.superpowers/ft-recovery/ft-baseline.toml.accepted_pivot.58086.bin
SMALL_ACCEPTED_PIVOT iter=58570 pivot=-0.0003548204946019025 direction_norm=3800.0281709487094 relative_pivot=9.337312215591247e-8 snapshot=.superpowers/ft-recovery/ft-baseline.toml.accepted_pivot.58570.bin
EVENT correction_attempt count=4600 iter=58724 row=12109 entering=32594 pinf=13544.093663399903 dinf=0.0
PROGRESS iter=60000 pinf=28311.216394575604 dinf=0.0 refs=750
EVENT correction_attempt count=4700 iter=60325 row=11209 entering=47929 pinf=1.7331810801224723e6 dinf=0.0
EVENT phase_cleanup count=1 iter=61746 row=0 entering=0 pinf=0.0 dinf=1.6798093554383856e6
EVENT phase_primal count=1 iter=61746 row=0 entering=0 pinf=0.0 dinf=1.6798093554383856e6
[ Info: iter=49055 obj=5.00616581544445e7 pinf=1.4070296271397523e6 (4064) dinf=0.0 (0) time=423.784568801s
[ Info: iter=49135 obj=5.008862114485763e7 pinf=2.5497831065891944e6 (4028) dinf=0.0 (0) time=425.307268455s
[ Info: iter=49215 obj=5.017915265769039e7 pinf=14436.92747067825 (3245) dinf=0.0 (0) time=426.714135905s
[ Info: iter=49295 obj=5.0242514598675534e7 pinf=193762.79241438926 (3595) dinf=0.0 (0) time=428.108875255s
[ Info: iter=49375 obj=5.029882317760964e7 pinf=29429.134743550447 (3208) dinf=0.0 (0) time=429.505294005s
[ Info: iter=49455 obj=5.029983932332354e7 pinf=63279.2979459812 (3354) dinf=0.0 (0) time=430.886321623s
[ Info: iter=49535 obj=5.030067114363205e7 pinf=60913.35891790128 (3229) dinf=0.0 (0) time=432.291434142s
[ Info: iter=49615 obj=5.0301166729651034e7 pinf=73885.11584450142 (3289) dinf=0.0 (0) time=433.762733867s
[ Info: iter=49695 obj=5.030274343856348e7 pinf=202510.9384471092 (3466) dinf=0.0 (0) time=435.072801279s
[ Info: iter=49775 obj=5.030938287755805e7 pinf=176170.71552915924 (3511) dinf=0.0 (0) time=436.590068408s
[ Info: iter=49855 obj=5.031419887629434e7 pinf=26228.75375651053 (3154) dinf=0.0 (0) time=437.990217053s
[ Info: iter=49935 obj=5.031933295663688e7 pinf=5.239404087325091e6 (4107) dinf=0.0 (0) time=439.355726144s
[ Info: iter=50015 obj=5.035780565783703e7 pinf=233406.232478407 (3513) dinf=0.0 (0) time=440.76277984s
[ Info: iter=50095 obj=5.0361019252278745e7 pinf=770342.7050943436 (3586) dinf=0.0 (0) time=442.125014129s
[ Info: iter=50175 obj=5.036151203908634e7 pinf=117168.34330699098 (3193) dinf=0.0 (0) time=443.649969242s
[ Info: iter=50255 obj=5.036253645355562e7 pinf=179784.28055547868 (3480) dinf=0.0 (0) time=445.106410345s
[ Info: iter=50335 obj=5.038609666710086e7 pinf=74845.93678205287 (3304) dinf=0.0 (0) time=446.475779838s
[ Info: iter=50415 obj=5.0401962009611025e7 pinf=1.0151397641408853e8 (4185) dinf=0.0 (0) time=447.837027589s
[ Info: iter=50495 obj=5.042301305085498e7 pinf=107722.22602757798 (3038) dinf=0.0 (0) time=449.180966839s
[ Info: iter=50575 obj=5.0429600198159754e7 pinf=58098.2271321372 (3111) dinf=0.0 (0) time=450.53762549s
[ Info: iter=50655 obj=5.043066740673575e7 pinf=1.4062899596077802e6 (3600) dinf=0.0 (0) time=451.801326338s
[ Info: iter=50735 obj=5.046149502168713e7 pinf=2.8268681245603035e6 (3805) dinf=0.0 (0) time=453.170269289s
[ Info: iter=50815 obj=5.046592487856295e7 pinf=44661.336928699435 (2972) dinf=0.0 (0) time=454.585624275s
[ Info: iter=50895 obj=5.046945748401456e7 pinf=2.2883002943064854e6 (3514) dinf=0.0 (0) time=455.84324698s
[ Info: iter=50975 obj=5.047396995218629e7 pinf=120149.15960236649 (3253) dinf=0.0 (0) time=457.232191307s
[ Info: iter=51055 obj=5.047568718609998e7 pinf=507318.95074171183 (3445) dinf=0.0 (0) time=458.609283131s
[ Info: iter=51135 obj=5.047623567860219e7 pinf=20779.14686089768 (3113) dinf=0.0 (0) time=460.093229973s
[ Info: iter=51215 obj=5.047761978772136e7 pinf=2.301880116808953e6 (3824) dinf=0.0 (0) time=461.512361205s
[ Info: iter=51295 obj=5.048029809229717e7 pinf=2.472438313513975e6 (4247) dinf=0.0 (0) time=462.992637143s
[ Info: iter=51375 obj=5.048541095711915e7 pinf=73687.51148677662 (3249) dinf=0.0 (0) time=464.632144893s
[ Info: iter=51455 obj=5.048791330490196e7 pinf=264242.33941606845 (3445) dinf=0.0 (0) time=466.031553121s
[ Info: iter=51535 obj=5.049810759791654e7 pinf=1.2769027854774803e7 (4488) dinf=0.0 (0) time=467.535089058s
[ Info: iter=51615 obj=5.05478004410794e7 pinf=1.5161065724735497e6 (4003) dinf=0.0 (0) time=471.289540076s
[ Info: iter=51695 obj=5.057478381253577e7 pinf=174947.39694117263 (3366) dinf=0.0 (0) time=472.824776059s
[ Info: iter=51775 obj=5.0586596234281525e7 pinf=811276.4301246742 (3768) dinf=0.0 (0) time=474.132634785s
[ Info: iter=51855 obj=5.0617807891212136e7 pinf=99107.76215098811 (3309) dinf=0.0 (0) time=475.649193564s
[ Info: iter=51935 obj=5.061972482284537e7 pinf=58786.25857805642 (3185) dinf=0.0 (0) time=477.892909911s
[ Info: iter=52015 obj=5.062067322852707e7 pinf=115883.71512422108 (3057) dinf=0.0 (0) time=481.83403229s
[ Info: iter=52095 obj=5.062127217419682e7 pinf=90846.58892518425 (3085) dinf=0.0 (0) time=483.145462917s
[ Info: iter=52175 obj=5.062215412254902e7 pinf=99515.1088208032 (3030) dinf=0.0 (0) time=484.709942848s
[ Info: iter=52255 obj=5.066438847812238e7 pinf=8.937416459751958e6 (4099) dinf=0.0 (0) time=495.499156791s
[ Info: iter=52335 obj=5.0709104811688006e7 pinf=16115.332591554667 (2733) dinf=0.0 (0) time=496.620877927s
[ Info: iter=52415 obj=5.071027508996008e7 pinf=31752.55531762777 (2752) dinf=0.0 (0) time=497.600779158s
[ Info: iter=52495 obj=5.0711684267619625e7 pinf=11063.791569084777 (2674) dinf=0.0 (0) time=498.492039287s
[ Info: iter=52575 obj=5.07137448127997e7 pinf=54589.12562571704 (2997) dinf=0.0 (0) time=499.505759519s
[ Info: iter=52655 obj=5.071464478045294e7 pinf=5851.489840712957 (2575) dinf=0.0 (0) time=500.450842349s
[ Info: iter=52735 obj=5.071499207287861e7 pinf=189049.35043479933 (3165) dinf=0.0 (0) time=501.340317277s
[ Info: iter=52815 obj=5.076076842217387e7 pinf=25886.13713610713 (2710) dinf=0.0 (0) time=502.164175793s
[ Info: iter=52895 obj=5.07660195503488e7 pinf=12367.413057492515 (2682) dinf=0.0 (0) time=503.014831643s
[ Info: iter=52975 obj=5.077471927850056e7 pinf=65785.8349447123 (2891) dinf=0.0 (0) time=503.826327699s
[ Info: iter=53055 obj=5.078841582993777e7 pinf=36431.924053044575 (2913) dinf=0.0 (0) time=504.671438049s
[ Info: iter=53135 obj=5.081511768851817e7 pinf=18129.391768543886 (2711) dinf=0.0 (0) time=505.491271804s
[ Info: iter=53215 obj=5.081601975047274e7 pinf=60714.156744507796 (3107) dinf=0.0 (0) time=506.310494859s
[ Info: iter=53295 obj=5.0824555660934485e7 pinf=1.7321212444159423e6 (3589) dinf=0.0 (0) time=507.2071253s
[ Info: iter=53375 obj=5.082782245840219e7 pinf=5.937359486881469e6 (4272) dinf=0.0 (0) time=508.023647856s
[ Info: iter=53455 obj=5.085284356282551e7 pinf=132739.12576890166 (3206) dinf=0.0 (0) time=508.877329505s
[ Info: iter=53535 obj=5.08537591226391e7 pinf=333034.43255994684 (3374) dinf=0.0 (0) time=509.788968787s
[ Info: iter=53615 obj=5.0872912877314344e7 pinf=15265.630409884578 (2672) dinf=0.0 (0) time=510.602798495s
[ Info: iter=53695 obj=5.088295799083075e7 pinf=67605.87842407548 (2771) dinf=0.0 (0) time=511.449857703s
[ Info: iter=53775 obj=5.089720698208852e7 pinf=3.9023103792511956e6 (3609) dinf=0.0 (0) time=512.23879171s
[ Info: iter=53855 obj=5.089906828165598e7 pinf=6.136491251523498e6 (3691) dinf=0.0 (0) time=513.168719019s
[ Info: iter=53935 obj=5.092355548871275e7 pinf=968595.7558045302 (3539) dinf=0.0 (0) time=514.020052727s
[ Info: iter=54015 obj=5.093654109807086e7 pinf=13254.396765095713 (2513) dinf=0.0 (0) time=514.821375234s
[ Info: iter=54095 obj=5.093726567757262e7 pinf=116655.71270962116 (2941) dinf=0.0 (0) time=515.765741543s
[ Info: iter=54175 obj=5.093834614221993e7 pinf=2.428955106658949e6 (3663) dinf=0.0 (0) time=516.587942551s
[ Info: iter=54255 obj=5.093980842424363e7 pinf=122920.30071561672 (3181) dinf=0.0 (0) time=517.479822359s
[ Info: iter=54335 obj=5.0945112404079184e7 pinf=3.7785707075925027e6 (3760) dinf=0.0 (0) time=518.318305144s
[ Info: iter=54415 obj=5.094803391346175e7 pinf=184900.45373967686 (3034) dinf=0.0 (0) time=519.216687621s
[ Info: iter=54495 obj=5.0948149853753194e7 pinf=8618.827651842766 (2410) dinf=0.0 (0) time=520.556694087s
[ Info: iter=54575 obj=5.0948703282828264e7 pinf=312000.831194602 (3073) dinf=0.0 (0) time=521.393347966s
[ Info: iter=54655 obj=5.0949036146708295e7 pinf=78858.22925556776 (2662) dinf=0.0 (0) time=522.329196942s
[ Info: iter=54735 obj=5.094963937669291e7 pinf=34570.418386787576 (2477) dinf=0.0 (0) time=523.19444712s
[ Info: iter=54815 obj=5.095020658140889e7 pinf=50446.529723609696 (2594) dinf=0.0 (0) time=524.047468998s
[ Info: iter=54895 obj=5.0950342377732754e7 pinf=64351.717036959424 (2632) dinf=0.0 (0) time=524.904505777s
[ Info: iter=54975 obj=5.0952200287677094e7 pinf=1.3242585240099453e6 (3376) dinf=0.0 (0) time=525.719309055s
[ Info: iter=55055 obj=5.095568588583882e7 pinf=294310.0069416682 (2983) dinf=0.0 (0) time=526.566107419s
[ Info: iter=55135 obj=5.0956141126408905e7 pinf=3.0776280276008295e6 (3231) dinf=0.0 (0) time=527.383168684s
[ Info: iter=55215 obj=5.096799322457778e7 pinf=3.234816633719348e6 (3575) dinf=0.0 (0) time=528.239553747s
[ Info: iter=55295 obj=5.098390083404372e7 pinf=90930.15925974699 (2506) dinf=0.0 (0) time=529.037111313s
[ Info: iter=55375 obj=5.098544211090426e7 pinf=400634.25573345117 (2844) dinf=0.0 (0) time=529.842892678s
[ Info: iter=55455 obj=5.099081722677379e7 pinf=2.2779733719780403e6 (3476) dinf=0.0 (0) time=530.715815341s
[ Info: iter=55535 obj=5.1007063647715434e7 pinf=28205.677148584735 (2441) dinf=0.0 (0) time=531.594508403s
[ Info: iter=55615 obj=5.100760229242652e7 pinf=75177.99051388042 (2583) dinf=0.0 (0) time=532.415459868s
[ Info: iter=55695 obj=5.105006410253477e7 pinf=44570.34881212794 (2401) dinf=0.0 (0) time=533.212839834s
[ Info: iter=55775 obj=5.105057183048165e7 pinf=69073.4982192502 (2630) dinf=0.0 (0) time=534.062906304s
[ Info: iter=55855 obj=5.106714894945533e7 pinf=246626.15565371307 (2944) dinf=1.0004146133724134e-7 (1) time=534.866666684s
[ Info: iter=55935 obj=5.107207882039003e7 pinf=27428.297557782837 (2396) dinf=0.0 (0) time=535.731959762s
[ Info: iter=56015 obj=5.107297474701838e7 pinf=5390.901425240104 (2166) dinf=0.0 (0) time=536.676369438s
[ Info: iter=56095 obj=5.107308078312124e7 pinf=33843.03382321543 (2204) dinf=0.0 (0) time=537.545238417s
[ Info: iter=56175 obj=5.107431207667616e7 pinf=824472.4625510022 (2865) dinf=0.0 (0) time=538.458017694s
[ Info: iter=56255 obj=5.109583711765498e7 pinf=155742.03766468397 (2676) dinf=0.0 (0) time=539.253548274s
[ Info: iter=56335 obj=5.110274919088131e7 pinf=2177.258044963034 (1982) dinf=0.0 (0) time=540.060882554s
[ Info: iter=56415 obj=5.111104872665809e7 pinf=1.1203243639924303e7 (3491) dinf=0.0 (0) time=540.846400034s
[ Info: iter=56495 obj=5.1125586943130255e7 pinf=29053.68944268925 (2186) dinf=0.0 (0) time=541.641027714s
[ Info: iter=56575 obj=5.112609205258113e7 pinf=28645.782651749585 (2262) dinf=0.0 (0) time=542.434862127s
[ Info: iter=56655 obj=5.112772628510459e7 pinf=9956.888876644092 (2085) dinf=0.0 (0) time=543.223206479s
[ Info: iter=56735 obj=5.113034200998573e7 pinf=2.5566199657455096e6 (3438) dinf=0.0 (0) time=544.044529091s
[ Info: iter=56815 obj=5.1156911196797e7 pinf=3.5556861046472145e6 (3296) dinf=0.0 (0) time=544.949641803s
[ Info: iter=56895 obj=5.1186722548305295e7 pinf=83855.16612771069 (2402) dinf=0.0 (0) time=545.793334688s
[ Info: iter=56975 obj=5.120599310263915e7 pinf=12731.611083670421 (2105) dinf=0.0 (0) time=546.642425267s
[ Info: iter=57055 obj=5.121451653790985e7 pinf=181858.61478377692 (2521) dinf=0.0 (0) time=547.436084912s
[ Info: iter=57135 obj=5.121669936792927e7 pinf=39541.00900555382 (2189) dinf=0.0 (0) time=548.333868212s
[ Info: iter=57215 obj=5.12167792130859e7 pinf=11745.961197076995 (1932) dinf=0.0 (0) time=549.196728819s
[ Info: iter=57295 obj=5.1231344652900144e7 pinf=11936.756204060173 (1945) dinf=0.0 (0) time=549.950803222s
[ Info: iter=57375 obj=5.123778995665224e7 pinf=759.567272823231 (1768) dinf=0.0 (0) time=550.77775932s
[ Info: iter=57455 obj=5.123964592904396e7 pinf=23427.906686571332 (2042) dinf=0.0 (0) time=551.553389617s
[ Info: iter=57535 obj=5.1243287741251856e7 pinf=71218.6511502636 (1726) dinf=0.0 (0) time=552.355991915s
[ Info: iter=57615 obj=5.1247266721530095e7 pinf=2.1146522513761655e6 (2696) dinf=0.0 (0) time=553.125004212s
[ Info: iter=57695 obj=5.1265808931284904e7 pinf=494942.2875070057 (2370) dinf=0.0 (0) time=553.89848801s
[ Info: iter=57775 obj=5.126733760860276e7 pinf=27496.93461895128 (1830) dinf=0.0 (0) time=554.753193207s
[ Info: iter=57855 obj=5.1268881069491684e7 pinf=13752.067869581608 (1665) dinf=0.0 (0) time=555.525000104s
[ Info: iter=57935 obj=5.127017590530735e7 pinf=2.2005170566662424e6 (2917) dinf=0.0 (0) time=557.383632498s
[ Info: iter=58015 obj=5.127581204924704e7 pinf=354912.67460094043 (2294) dinf=0.0 (0) time=558.16509298s
[ Info: iter=58095 obj=5.128368941480095e7 pinf=1.835646078615538e7 (2560) dinf=0.0 (0) time=559.033049446s
[ Info: iter=58175 obj=5.128970322340644e7 pinf=7191.934654406496 (1604) dinf=0.0 (0) time=559.795332916s
[ Info: iter=58255 obj=5.129210722776732e7 pinf=167114.92317800346 (2255) dinf=0.0 (0) time=560.668956781s
[ Info: iter=58335 obj=5.129227821199765e7 pinf=6862.7981626705005 (1691) dinf=0.0 (0) time=561.493324849s
[ Info: iter=58415 obj=5.129294271475725e7 pinf=1775.1350807759682 (1514) dinf=0.0 (0) time=562.283093018s
[ Info: iter=58495 obj=5.1294316700879045e7 pinf=1123.126054052735 (1436) dinf=0.0 (0) time=563.092007686s
[ Info: iter=58575 obj=5.132357101498315e7 pinf=2.531741125483256e6 (2539) dinf=0.0 (0) time=563.871161855s
[ Info: iter=58655 obj=5.135387040085315e7 pinf=3734.0348517311077 (1520) dinf=0.0 (0) time=564.643514925s
[ Info: iter=58735 obj=5.13544572753572e7 pinf=4363.251105979513 (1468) dinf=0.0 (0) time=565.443318193s
[ Info: iter=58815 obj=5.135873714509721e7 pinf=3325.821150747057 (1418) dinf=0.0 (0) time=566.252595143s
[ Info: iter=58895 obj=5.135939730781689e7 pinf=34495.52563712917 (1866) dinf=0.0 (0) time=567.122920078s
[ Info: iter=58975 obj=5.136296646297677e7 pinf=7357.26921524764 (1461) dinf=0.0 (0) time=569.10491403s
[ Info: iter=59055 obj=5.136358603998166e7 pinf=5497.333573558479 (1506) dinf=0.0 (0) time=569.929209368s
[ Info: iter=59135 obj=5.1365555583634205e7 pinf=4152.84645875544 (1433) dinf=0.0 (0) time=570.749041907s
[ Info: iter=59215 obj=5.136852688459027e7 pinf=1256.4041874369645 (1338) dinf=0.0 (0) time=571.552401747s
[ Info: iter=59295 obj=5.137149682640814e7 pinf=4039.1430194612044 (1468) dinf=0.0 (0) time=572.385390485s
[ Info: iter=59375 obj=5.13778500033461e7 pinf=1234.925991023191 (1293) dinf=0.0 (0) time=573.222072722s
[ Info: iter=59455 obj=5.1381924023515925e7 pinf=34.75889516747747 (1113) dinf=0.0 (0) time=573.980884822s
[ Info: iter=59535 obj=5.138976051708937e7 pinf=95.43572908199218 (1100) dinf=0.0 (0) time=574.712422828s
[ Info: iter=59615 obj=5.139183790381116e7 pinf=3200.237838988876 (1243) dinf=0.0 (0) time=575.509307716s
[ Info: iter=59695 obj=5.1393181978703275e7 pinf=1187.563783308092 (1203) dinf=0.0 (0) time=576.309176803s
[ Info: iter=59775 obj=5.139636644342464e7 pinf=197997.170369564 (1865) dinf=0.0 (0) time=577.091302096s
[ Info: iter=59855 obj=5.140517981857455e7 pinf=1.0173706773830324e6 (2325) dinf=0.0 (0) time=577.955124566s
[ Info: iter=59935 obj=5.140584389226379e7 pinf=82898.07318366718 (1629) dinf=0.0 (0) time=578.827732434s
[ Info: iter=60015 obj=5.1405951786637515e7 pinf=37227.70343340324 (1641) dinf=0.0 (0) time=579.67185971s
[ Info: iter=60095 obj=5.140602818049911e7 pinf=3302.089536740665 (1188) dinf=0.0 (0) time=580.4648769s
[ Info: iter=60175 obj=5.1406137681401074e7 pinf=11029.89779777201 (1215) dinf=0.0 (0) time=581.276957784s
[ Info: iter=60255 obj=5.141079990462045e7 pinf=4044.7757001907657 (1143) dinf=0.0 (0) time=582.058084728s
[ Info: iter=60335 obj=5.141337094692063e7 pinf=136639.31032460686 (1463) dinf=0.0 (0) time=582.908433152s
[ Info: iter=60415 obj=5.141641814125786e7 pinf=533432.694284688 (1964) dinf=0.0 (0) time=583.743518078s
[ Info: iter=60495 obj=5.141654881856039e7 pinf=4748.327159449218 (1170) dinf=0.0 (0) time=584.547674207s
[ Info: iter=60575 obj=5.14167907846165e7 pinf=799.9603285991211 (980) dinf=0.0 (0) time=585.483456423s
[ Info: iter=60655 obj=5.1417592034745954e7 pinf=4161.989964500549 (1098) dinf=0.0 (0) time=586.326789949s
[ Info: iter=60735 obj=5.141805026671404e7 pinf=1.6593463257169428e6 (1630) dinf=0.0 (0) time=587.120397978s
[ Info: iter=60815 obj=5.1418220225428246e7 pinf=715.0880182525599 (897) dinf=0.0 (0) time=587.968699303s
[ Info: iter=60895 obj=5.141824677997712e7 pinf=855.6784916091317 (926) dinf=0.0 (0) time=588.777638831s
[ Info: iter=60975 obj=5.141837365561725e7 pinf=260.4692038348939 (820) dinf=0.0 (0) time=589.566084061s
[ Info: iter=61055 obj=5.141971295124139e7 pinf=80.80276183155053 (782) dinf=0.0 (0) time=590.345809858s
[ Info: iter=61135 obj=5.142299112654666e7 pinf=15.32858523642737 (710) dinf=0.0 (0) time=591.06700615s
[ Info: iter=61215 obj=5.142503923087831e7 pinf=0.17778968380995117 (655) dinf=0.0 (0) time=591.802106241s
[ Info: iter=61295 obj=5.142548532463852e7 pinf=0.08909428191592923 (587) dinf=0.0 (0) time=592.490089338s
[ Info: iter=61375 obj=5.142562763723638e7 pinf=0.027716367004524827 (528) dinf=0.0 (0) time=593.179491435s
[ Info: iter=61455 obj=5.1425688115079746e7 pinf=0.013719060946852255 (469) dinf=0.0 (0) time=593.859690634s
[ Info: iter=61615 obj=5.142569068090108e7 pinf=0.0032877719276345704 (275) dinf=0.0 (0) time=594.89168298s
[ Info: Starting postsolve cleanup on original LP
[ Info: iter=61746 obj=5.237164315910691e7 pinf=3.3721357543454044e6 (2302) dinf=1.9083564346115305e6 (1333) time=595.925265226s
[ Info: iter=61746 obj=5.1425691762104556e7 pinf=0.0 (0) dinf=1.6798093554383856e6 (1143) time=596.813871694s
[ Info: Projected postsolve basis: exchanges=363
[ Info: Starting primal postsolve cleanup from feasible basis
[ Info: iter=61826 obj=5.142569176210455e7 pinf=0.0 (0) dinf=1.4368230757249803e6 (1063) time=598.07833863s
[ Info: iter=61906 obj=5.142569176210454e7 pinf=0.0 (0) dinf=1.2845785761729234e6 (981) time=598.862260784s
[ Info: iter=61986 obj=5.142569176210455e7 pinf=0.0 (0) dinf=1.19587819819786e6 (914) time=599.902984922s
[ Info: iter=62066 obj=5.1425691762104556e7 pinf=0.0 (0) dinf=981791.2884403875 (835) time=600.903579262s
[ Info: iter=62146 obj=5.142569176210457e7 pinf=0.0 (0) dinf=843647.48353661 (750) time=601.912448002s
[ Info: iter=62226 obj=5.1425691762104556e7 pinf=0.0 (0) dinf=739870.0142312621 (690) time=602.867196045s
[ Info: iter=62306 obj=5.1425691762104556e7 pinf=0.0 (0) dinf=547374.9306164428 (603) time=603.840294387s
[ Info: iter=62386 obj=5.1425691762104556e7 pinf=0.0 (0) dinf=262394.97418532753 (534) time=604.867752126s
[ Info: iter=62466 obj=5.1425691762104556e7 pinf=0.0 (0) dinf=174477.30658577936 (463) time=605.988708779s
[ Info: iter=62546 obj=5.142569176210458e7 pinf=0.0 (0) dinf=110453.90904775742 (388) time=606.940671972s
[ Info: iter=62626 obj=5.142569176210457e7 pinf=0.0 (0) dinf=96319.25315116395 (335) time=607.93289259s
[ Info: iter=62706 obj=5.1425691762104556e7 pinf=0.0 (0) dinf=55594.006914927275 (250) time=608.934993015s
[ Info: iter=62786 obj=5.1425691762104556e7 pinf=0.0 (0) dinf=29545.574187389208 (178) time=609.884901806s
[ Info: iter=62866 obj=5.1425691762104556e7 pinf=0.0 (0) dinf=5535.174796279311 (95) time=610.8378918s
[ Info: Solve finished: status=OPTIMAL objective=5.142569176210457e7 iterations=62939 time=611.665085115s
Dict{String, Any}("kernel_seconds" => Dict("pricing" => 23.804921828, "refactorization" => 21.510473708, "ftran" => 50.225254417, "btran" => 98.184602447), "basis_update" => "forrest_tomlin", "peak_rss" => 0x00000001c45c2000, "counts" => Dict("certification" => 2, "refactor_residual" => 1, "phase_primal" => 1, "phase_dual" => 1, "correction_attempt" => 4777, "perturbation" => 1, "correction" => 4770, "phase_auxiliary" => 1, "pricing_scanned_entries" => 1864577630, "bound_flipped" => 24318, "refactor_other" => 3, "pivot_completed" => 62939, "pricing_full_scan" => 62942, "pricing" => 62942, "repair" => 1, "refactor_initial" => 2, "restore_perturbations" => 1, "pricing_scored_entries" => 265349260, "refactor_limit" => 782, "pivot_proposed" => 62941, "phase_cleanup" => 1), "input" => "/home/jspitz/mps/runtime.mps", "interval" => 80, "outer_seconds" => 611.703736332, "objective" => 5.142569176210457e7, "source_path" => "/home/jspitz/JSimplex.jl/.worktrees/precompile-workloads/src/JSimplex.jl", "input_sha256" => "d0ac16e1a52a7d3411cbac28616bba9d3beb0c0edbdb2d72ab0477ce075f6c68", "refactorizations" => 790, "seconds" => 611.665085115, "julia" => "1.13.0", "algorithm" => "dual", "iterations" => 62939, "original_primal_certified" => true, "status" => "OPTIMAL", "message" => "optimal solution found")
