┌ Info: Refined dual pivot row, direction, and prices
│   iteration = 0
│   leaving_row = 1
│   original_entering_index = 2
│   entering_index = 1
│   old_pivot = -0.4761904761904762
└   refined_pivot = -1.0
[ Info: iter=1 obj=0.0 pinf=9.99998999991e9 (1) dinf=0.0 (0) time=0.0050463s
[ Info: iter=2 obj=0.0 pinf=0.0 (0) dinf=0.0 (0) time=0.0098693s
[ Info: iter=1 obj=0.0 pinf=250.00000000000003 (1) dinf=0.0 (0) time=0.0216901s
[ Info: iter=2 obj=0.0 pinf=0.0 (0) dinf=0.0 (0) time=0.0238864s
[ Info: iter=2 obj=2.9999999999999996 pinf=0.0 (0) dinf=0.0 (0) time=0.0380086s
[ Info: iter=2 obj=2.9999999999999996 pinf=0.0 (0) dinf=0.0 (0) time=0.0076071s
[ Info: iter=1 obj=1.0 pinf=0.0 (0) dinf=0.0 (0) time=0.0029174s
[ Info: iter=1 obj=-3.0 pinf=0.0 (0) dinf=0.0 (0) time=0.0051819s
[ Info: iter=1 obj=1.0 pinf=0.0 (0) dinf=0.0 (0) time=0.0031917s
[ Info: iter=1 obj=-3.0 pinf=0.0 (0) dinf=0.0 (0) time=0.0171018s
[ Info: iter=0 obj=0.0 pinf=2.0 (1) dinf=0.0 (0) time=0.0024039s
[ Info: iter=0 obj=0.0 pinf=1.0 (1) dinf=0.0 (0) time=0.0022481s
[ Info: iter=0 obj=0.0 pinf=1.0 (1) dinf=0.0 (0) time=0.0027184s
[ Info: Loaded problem: rows=1 columns=1 nnz=1
[ Info: Starting presolve
[ Info: After presolve: rows=1 columns=1 nnz=1
[ Info: Solve finished: status=NUMERICAL_ERROR reason=original-objective optimality certificate is inconclusive iterations=1 time=0.033126999s
[ Info: Loaded problem: rows=1 columns=1 nnz=1
[ Info: Starting presolve
[ Info: After presolve: rows=1 columns=1 nnz=1
[ Info: Solve finished: status=NUMERICAL_ERROR reason=structural primal failed original-model feasibility checks iterations=1 time=0.0064323s
[ Info: Loaded problem: rows=1 columns=1 nnz=1
[ Info: Starting presolve
[ Info: After presolve: rows=1 columns=1 nnz=1
[ Info: Solve finished: status=NUMERICAL_ERROR reason=original-objective optimality certificate is inconclusive iterations=1 time=0.0073673s
[ Info: Loaded problem: rows=1 columns=1 nnz=1
[ Info: Starting presolve
[ Info: After presolve: rows=1 columns=1 nnz=1
[ Info: iter=1 obj=-1.0e13 pinf=0.0 (0) dinf=0.0 (0) time=0.0090221s
[ Info: Solve finished: status=NUMERICAL_ERROR reason=structural primal failed original-model feasibility checks iterations=1 time=0.0100754s
[ Info: Loaded problem: rows=1 columns=1 nnz=1
[ Info: Starting presolve
[ Info: After presolve: rows=1 columns=1 nnz=1
[ Info: iter=1 obj=-1.0e12 pinf=0.0 (0) dinf=0.0 (0) time=0.0081284s
[ Info: Solve finished: status=NUMERICAL_ERROR reason=original-objective optimality certificate is inconclusive iterations=1 time=0.0102411s
[ Info: Loaded problem: rows=1 columns=1 nnz=1
[ Info: Starting presolve
[ Info: After presolve: rows=1 columns=1 nnz=1
[ Info: iter=1 obj=-1.0e13 pinf=0.0 (0) dinf=0.0 (0) time=0.0077876s
[ Info: Solve finished: status=NUMERICAL_ERROR reason=structural primal failed original-model feasibility checks iterations=1 time=0.0088164s
[ Info: Loaded problem: rows=1 columns=1 nnz=1
[ Info: Starting presolve
[ Info: After presolve: rows=1 columns=1 nnz=1
[ Info: iter=1 obj=-1.0e13 pinf=0.0 (0) dinf=0.0 (0) time=0.0080139s
[ Info: Solve finished: status=NUMERICAL_ERROR reason=structural primal failed original-model feasibility checks iterations=1 time=0.00905s
[ Info: iter=0 obj=0.0 pinf=1.0 (1) dinf=0.0 (0) time=0.0022752s
[ Info: Loaded problem: rows=1 columns=1 nnz=0
[ Info: Starting presolve
[ Info: After presolve: rows=0 columns=0 nnz=0
[ Info: Solve finished: status=INFEASIBLE reason=empty row 1 is infeasible iterations=0 time=0.0012937s
[ Info: iter=0 obj=0.0 pinf=1.0 (1) dinf=0.0 (0) time=0.0023113s
[ Info: Loaded problem: rows=1 columns=1 nnz=1
[ Info: Starting presolve
[ Info: After presolve: rows=1 columns=1 nnz=1
[ Info: Solve finished: status=INFEASIBLE reason=row 1 contradicts current column bounds iterations=0 time=0.0031549s
[ Info: Loaded problem: rows=1 columns=1 nnz=0
[ Info: Starting presolve
[ Info: After presolve: rows=0 columns=1 nnz=0
[ Info: Restarting simplex on original LP after UNBOUNDED: unbounded improving direction; completed iterations=0
[ Info: Solve finished: status=UNBOUNDED reason=unbounded improving direction iterations=0 time=0.013246099s
[ Info: Loaded problem: rows=1 columns=1 nnz=1
[ Info: Starting presolve
[ Info: After presolve: rows=0 columns=1 nnz=0
[ Info: Restarting simplex on original LP after UNBOUNDED: unbounded improving direction; completed iterations=0
[ Info: Solve finished: status=UNBOUNDED reason=unbounded improving direction iterations=0 time=0.0081934s
[ Info: Loaded problem: rows=1 columns=1 nnz=1
[ Info: Starting presolve
[ Info: After presolve: rows=0 columns=1 nnz=0
[ Info: Restarting simplex on original LP after UNBOUNDED: unbounded improving direction; completed iterations=0
[ Info: Solve finished: status=UNBOUNDED reason=unbounded improving direction iterations=0 time=0.0066425s
[ Info: Loaded problem: rows=1 columns=1 nnz=1
[ Info: Starting presolve
[ Info: After presolve: rows=1 columns=1 nnz=1
[ Info: Solve finished: status=NUMERICAL_ERROR reason=eligible pivots are below the Harris safety cutoff iterations=0 time=0.0045045s
[ Info: Loaded problem: rows=1 columns=1 nnz=1
[ Info: Starting presolve
[ Info: After presolve: rows=1 columns=1 nnz=1
[ Info: Solve finished: status=OPTIMAL objective=0.0 iterations=1 time=0.0071865s
[ Info: iter=1 obj=-1.0 pinf=0.0 (0) dinf=0.0 (0) time=0.003785s
[ Info: Loaded problem: rows=1 columns=2 nnz=2
[ Info: Starting presolve
[ Info: After presolve: rows=0 columns=1 nnz=0
[ Info: Restarting simplex on original LP after UNBOUNDED: unbounded improving direction; completed iterations=0
[ Info: iter=1 obj=-1.0 pinf=0.0 (0) dinf=0.0 (0) time=0.0263468s
[ Info: Solve finished: status=NUMERICAL_ERROR reason=Original LP retry failed after UNBOUNDED (unbounded improving direction): auxiliary direction has uncertain feasibility or objective improvement iterations=1 time=0.026921s
[ Info: Loaded problem: rows=1 columns=2 nnz=2
[ Info: Starting presolve
[ Info: After presolve: rows=0 columns=1 nnz=0
[ Info: Restarting simplex on original LP after UNBOUNDED: unbounded improving direction; completed iterations=0
[ Info: Solve finished: status=NUMERICAL_ERROR reason=Original LP retry failed after UNBOUNDED (unbounded improving direction): auxiliary direction has uncertain feasibility or objective improvement iterations=1 time=0.009755899s
[ Info: iter=1 obj=-1.0 pinf=0.0 (0) dinf=0.0 (0) time=0.0038859s
[ Info: Loaded problem: rows=1 columns=2 nnz=2
[ Info: Starting presolve
[ Info: After presolve: rows=0 columns=1 nnz=0
[ Info: Restarting simplex on original LP after UNBOUNDED: unbounded improving direction; completed iterations=0
[ Info: iter=1 obj=-1.0 pinf=0.0 (0) dinf=0.0 (0) time=0.0094688s
[ Info: Solve finished: status=NUMERICAL_ERROR reason=Original LP retry failed after UNBOUNDED (unbounded improving direction): auxiliary direction has uncertain feasibility or objective improvement iterations=1 time=0.0100439s
[ Info: Loaded problem: rows=1 columns=2 nnz=2
[ Info: Starting presolve
[ Info: After presolve: rows=0 columns=1 nnz=0
[ Info: Restarting simplex on original LP after UNBOUNDED: unbounded improving direction; completed iterations=0
[ Info: Solve finished: status=NUMERICAL_ERROR reason=Original LP retry failed after UNBOUNDED (unbounded improving direction): auxiliary direction has uncertain feasibility or objective improvement iterations=1 time=0.0095805s
[ Info: iter=1 obj=-1.0 pinf=0.0 (0) dinf=0.0 (0) time=0.0035327s
[ Info: Loaded problem: rows=1 columns=2 nnz=2
[ Info: Starting presolve
[ Info: After presolve: rows=0 columns=1 nnz=0
[ Info: Restarting simplex on original LP after UNBOUNDED: unbounded improving direction; completed iterations=0
[ Info: iter=1 obj=-1.0 pinf=0.0 (0) dinf=0.0 (0) time=0.0089856s
[ Info: Solve finished: status=NUMERICAL_ERROR reason=Original LP retry failed after UNBOUNDED (unbounded improving direction): auxiliary direction has uncertain feasibility or objective improvement iterations=1 time=0.0095142s
[ Info: Loaded problem: rows=1 columns=2 nnz=2
[ Info: Starting presolve
[ Info: After presolve: rows=0 columns=1 nnz=0
[ Info: Restarting simplex on original LP after UNBOUNDED: unbounded improving direction; completed iterations=0
[ Info: Solve finished: status=NUMERICAL_ERROR reason=Original LP retry failed after UNBOUNDED (unbounded improving direction): auxiliary direction has uncertain feasibility or objective improvement iterations=1 time=0.0087103s
[ Info: iter=1 obj=-1.0 pinf=0.0 (0) dinf=0.0 (0) time=0.0036886s
[ Info: Loaded problem: rows=1 columns=2 nnz=2
[ Info: Starting presolve
[ Info: After presolve: rows=1 columns=2 nnz=2
[ Info: iter=1 obj=-2.0 pinf=0.0 (0) dinf=0.0 (0) time=0.0072595s
[ Info: Solve finished: status=NUMERICAL_ERROR reason=auxiliary direction has uncertain feasibility or objective improvement iterations=1 time=0.0077555s
[ Info: Loaded problem: rows=1 columns=2 nnz=2
[ Info: Starting presolve
[ Info: After presolve: rows=1 columns=2 nnz=2
[ Info: Solve finished: status=NUMERICAL_ERROR reason=auxiliary direction has uncertain feasibility or objective improvement iterations=1 time=0.0076906s
[ Info: iter=1 obj=-1.0 pinf=0.0 (0) dinf=0.0 (0) time=0.0036132s
[ Info: Loaded problem: rows=1 columns=2 nnz=2
[ Info: Starting presolve
[ Info: After presolve: rows=1 columns=2 nnz=2
[ Info: iter=1 obj=-2.0 pinf=0.0 (0) dinf=0.0 (0) time=0.0074534s
[ Info: Solve finished: status=NUMERICAL_ERROR reason=auxiliary direction has uncertain feasibility or objective improvement iterations=1 time=0.0079839s
[ Info: Loaded problem: rows=1 columns=2 nnz=2
[ Info: Starting presolve
[ Info: After presolve: rows=1 columns=2 nnz=2
[ Info: Solve finished: status=NUMERICAL_ERROR reason=auxiliary direction has uncertain feasibility or objective improvement iterations=1 time=0.007023399s
[ Info: iter=1 obj=-1.0 pinf=0.0 (0) dinf=0.0 (0) time=0.0038902s
[ Info: Loaded problem: rows=1 columns=2 nnz=2
[ Info: Starting presolve
[ Info: After presolve: rows=0 columns=1 nnz=0
[ Info: Restarting simplex on original LP after UNBOUNDED: unbounded improving direction; completed iterations=0
[ Info: iter=1 obj=-1.0 pinf=0.0 (0) dinf=0.0 (0) time=0.0105112s
[ Info: Solve finished: status=NUMERICAL_ERROR reason=Original LP retry failed after UNBOUNDED (unbounded improving direction): auxiliary direction has uncertain feasibility or objective improvement iterations=1 time=0.0113454s
[ Info: Loaded problem: rows=1 columns=2 nnz=2
[ Info: Starting presolve
[ Info: After presolve: rows=0 columns=1 nnz=0
[ Info: Restarting simplex on original LP after UNBOUNDED: unbounded improving direction; completed iterations=0
[ Info: Solve finished: status=NUMERICAL_ERROR reason=Original LP retry failed after UNBOUNDED (unbounded improving direction): auxiliary direction has uncertain feasibility or objective improvement iterations=1 time=0.009138s
[ Info: iter=1 obj=-1.0 pinf=1.0 (1) dinf=0.0 (0) time=0.0042499s
[ Info: iter=2 obj=-1.0 pinf=0.0 (0) dinf=0.0 (0) time=0.0064737s
[ Info: Loaded problem: rows=2 columns=3 nnz=4
[ Info: Starting presolve
[ Info: After presolve: rows=0 columns=1 nnz=0
[ Info: Restarting simplex on original LP after UNBOUNDED: unbounded improving direction; completed iterations=0
[ Info: iter=1 obj=-1.0 pinf=1.0 (1) dinf=0.0 (0) time=0.0122672s
[ Info: iter=2 obj=-1.0 pinf=0.0 (0) dinf=0.0 (0) time=0.0144326s
[ Info: Solve finished: status=NUMERICAL_ERROR reason=Original LP retry failed after UNBOUNDED (unbounded improving direction): auxiliary direction has uncertain feasibility or objective improvement iterations=2 time=0.0151063s
[ Info: Loaded problem: rows=2 columns=3 nnz=4
[ Info: Starting presolve
[ Info: After presolve: rows=0 columns=1 nnz=0
[ Info: Restarting simplex on original LP after UNBOUNDED: unbounded improving direction; completed iterations=0
[ Info: Solve finished: status=NUMERICAL_ERROR reason=Original LP retry failed after UNBOUNDED (unbounded improving direction): auxiliary direction has uncertain feasibility or objective improvement iterations=2 time=0.011594s
[ Info: Loaded problem: rows=1 columns=1 nnz=1
[ Info: Starting presolve
[ Info: After presolve: rows=1 columns=1 nnz=1
[ Info: iter=1 obj=1.0e13 pinf=0.0 (0) dinf=0.0 (0) time=0.0058826s
[ Info: Solve finished: status=NUMERICAL_ERROR reason=original-objective optimality certificate is inconclusive iterations=1 time=0.0069305s
[ Info: Loaded problem: rows=1 columns=1 nnz=1
[ Info: Starting presolve
[ Info: After presolve: rows=1 columns=1 nnz=1
[ Info: Solve finished: status=NUMERICAL_ERROR reason=original-objective optimality certificate is inconclusive iterations=1 time=0.0068334s
[ Info: Loaded problem: rows=1 columns=1 nnz=1
[ Info: Starting presolve
[ Info: After presolve: rows=1 columns=1 nnz=1
[ Info: iter=1 obj=0.0 pinf=0.0 (0) dinf=0.0 (0) time=0.0061997s
[ Info: iter=1 obj=-1.0e13 pinf=0.0 (0) dinf=0.0 (0) time=0.0087143s
[ Info: Solve finished: status=NUMERICAL_ERROR reason=structural primal failed original-model feasibility checks iterations=1 time=0.0097222s
[ Info: Loaded problem: rows=1 columns=1 nnz=1
[ Info: Starting presolve
[ Info: After presolve: rows=1 columns=1 nnz=1
[ Info: iter=1 obj=-1.0e13 pinf=0.0 (0) dinf=0.0 (0) time=0.009707599s
[ Info: Solve finished: status=NUMERICAL_ERROR reason=structural primal failed original-model feasibility checks iterations=1 time=0.010730199s
[ Info: iter=1 obj=-1.0 pinf=0.0 (0) dinf=0.0 (0) time=0.0187325s
[ Info: Loaded problem: rows=2 columns=2 nnz=3
[ Info: Starting presolve
[ Info: After presolve: rows=1 columns=1 nnz=1
[ Info: iter=1 obj=0.0 pinf=0.0 (0) dinf=0.0 (0) time=0.0108042s
[ Info: iter=1 obj=-1.0e13 pinf=0.0 (0) dinf=0.0 (0) time=0.0132516s
[ Info: Restarting simplex on original LP after NUMERICAL_ERROR: structural primal failed original-model feasibility checks; completed iterations=1
[ Info: iter=2 obj=-1.0 pinf=0.0 (0) dinf=0.0 (0) time=0.0186941s
[ Info: Solve finished: status=NUMERICAL_ERROR reason=Original LP retry failed after NUMERICAL_ERROR (structural primal failed original-model feasibility checks): auxiliary direction has uncertain feasibility or objective improvement iterations=2 time=0.0193117s
[ Info: Loaded problem: rows=2 columns=2 nnz=3
[ Info: Starting presolve
[ Info: After presolve: rows=1 columns=1 nnz=1
[ Info: iter=1 obj=-1.0e13 pinf=0.0 (0) dinf=0.0 (0) time=0.012424s
[ Info: Restarting simplex on original LP after NUMERICAL_ERROR: structural primal failed original-model feasibility checks; completed iterations=1
[ Info: Solve finished: status=NUMERICAL_ERROR reason=Original LP retry failed after NUMERICAL_ERROR (structural primal failed original-model feasibility checks): auxiliary direction has uncertain feasibility or objective improvement iterations=2 time=0.0173948s
[ Info: iter=1 obj=-1.0 pinf=0.0 (0) dinf=0.0 (0) time=0.003962s
[ Info: Loaded problem: rows=2 columns=2 nnz=3
[ Info: Starting presolve
[ Info: After presolve: rows=1 columns=1 nnz=1
[ Info: iter=1 obj=0.0 pinf=0.0 (0) dinf=0.0 (0) time=0.0111147s
[ Info: iter=1 obj=-1.0e13 pinf=0.0 (0) dinf=0.0 (0) time=0.0135248s
[ Info: Restarting simplex on original LP after NUMERICAL_ERROR: structural primal failed original-model feasibility checks; completed iterations=1
[ Info: iter=2 obj=-1.0 pinf=0.0 (0) dinf=0.0 (0) time=0.0188463s
[ Info: Solve finished: status=NUMERICAL_ERROR reason=Original LP retry failed after NUMERICAL_ERROR (structural primal failed original-model feasibility checks): auxiliary direction has uncertain feasibility or objective improvement iterations=2 time=0.0194543s
[ Info: Loaded problem: rows=2 columns=2 nnz=3
[ Info: Starting presolve
[ Info: After presolve: rows=1 columns=1 nnz=1
[ Info: iter=1 obj=-1.0e13 pinf=0.0 (0) dinf=0.0 (0) time=0.019179199s
[ Info: Restarting simplex on original LP after NUMERICAL_ERROR: structural primal failed original-model feasibility checks; completed iterations=1
[ Info: Solve finished: status=NUMERICAL_ERROR reason=Original LP retry failed after NUMERICAL_ERROR (structural primal failed original-model feasibility checks): auxiliary direction has uncertain feasibility or objective improvement iterations=2 time=0.024514799s
[ Info: Loaded problem: rows=1 columns=1 nnz=0
[ Info: Starting presolve
[ Info: After presolve: rows=0 columns=1 nnz=0
[ Info: Restarting simplex on original LP after UNBOUNDED: unbounded improving direction; completed iterations=0
[ Info: Solve finished: status=UNBOUNDED reason=unbounded improving direction iterations=0 time=0.007419s
[ Info: Loaded problem: rows=1 columns=1 nnz=0
[ Info: Starting presolve
[ Info: After presolve: rows=0 columns=1 nnz=0
[ Info: Restarting simplex on original LP after UNBOUNDED: unbounded improving direction; completed iterations=0
[ Info: Solve finished: status=UNBOUNDED reason=unbounded improving direction iterations=0 time=0.006368s
[ Info: Loaded problem: rows=0 columns=1 nnz=0
[ Info: Starting presolve
[ Info: After presolve: rows=0 columns=1 nnz=0
[ Info: Solve finished: status=UNBOUNDED reason=unbounded improving direction iterations=0 time=0.0032187s
[ Info: Loaded problem: rows=0 columns=1 nnz=0
[ Info: Starting presolve
[ Info: After presolve: rows=0 columns=1 nnz=0
[ Info: Solve finished: status=UNBOUNDED reason=unbounded improving direction iterations=0 time=0.0025521s
[ Info: iter=0 obj=-1.0 pinf=1.0 (1) dinf=0.0 (0) time=0.0036807s
[ Info: iter=1 obj=1.0 pinf=2.0 (1) dinf=0.0 (0) time=0.0035244s
[ Info: iter=1 obj=1.0 pinf=2.0 (1) dinf=0.0 (0) time=0.0033838s
[ Info: iter=2 obj=3.0 pinf=0.0 (0) dinf=0.0 (0) time=0.0055856s
[ Info: iter=2 obj=-3.0 pinf=0.0 (0) dinf=0.0 (0) time=0.008769s
[ Info: iter=0 obj=4.0 pinf=1.0 (1) dinf=0.0 (0) time=0.0020777s
[ Info: iter=0 obj=0.0 pinf=1.0 (1) dinf=0.0 (0) time=0.0024153s
[ Info: iter=1 obj=-3.0 pinf=0.0 (0) dinf=0.0 (0) time=0.0064715s
[ Info: iter=1 obj=-3.0 pinf=0.0 (0) dinf=0.0 (0) time=0.004906799s
[ Info: iter=1 obj=-3.0 pinf=0.0 (0) dinf=0.0 (0) time=0.0055443s
[ Info: iter=1 obj=-3.0 pinf=0.0 (0) dinf=0.0 (0) time=0.0047811s
[ Info: iter=1 obj=-6.0 pinf=0.0 (0) dinf=0.0 (0) time=0.0052622s
[ Info: iter=1 obj=-6.0 pinf=0.0 (0) dinf=0.0 (0) time=0.0050074s
[ Info: iter=1 obj=-8.0 pinf=0.0 (0) dinf=0.0 (0) time=0.004876s
[ Info: iter=1 obj=-8.0 pinf=0.0 (0) dinf=0.0 (0) time=0.0072562s
[ Info: iter=1 obj=1.0 pinf=1.0 (1) dinf=0.0 (0) time=0.0049895s
[ Info: iter=1 obj=1.0 pinf=1.0 (1) dinf=0.0 (0) time=0.0064269s
[ Info: iter=0 obj=0.0 pinf=1.0 (1) dinf=0.0 (0) time=0.0056042s
[ Info: iter=1 obj=0.0 pinf=0.0 (0) dinf=0.0 (0) time=0.0056986s
[ Info: Loaded problem: rows=1 columns=3 nnz=2
[ Info: Starting presolve
[ Info: After presolve: rows=1 columns=3 nnz=2
[ Info: Solve finished: status=INFEASIBLE reason=row 1 contradicts current column bounds iterations=0 time=0.0039462s
[ Info: Loaded problem: rows=1 columns=3 nnz=2
[ Info: Starting presolve
[ Info: After presolve: rows=1 columns=3 nnz=2
[ Info: Solve finished: status=INFEASIBLE reason=row 1 contradicts current column bounds iterations=0 time=0.003438s
[ Info: iter=1 obj=0.0 pinf=0.0 (0) dinf=0.0 (0) time=0.0058137s
[ Info: Loaded problem: rows=1 columns=3 nnz=2
[ Info: Starting presolve
[ Info: After presolve: rows=1 columns=3 nnz=2
[ Info: Solve finished: status=INFEASIBLE reason=row 1 contradicts current column bounds iterations=0 time=0.0032661s
[ Info: Loaded problem: rows=1 columns=3 nnz=2
[ Info: Starting presolve
[ Info: After presolve: rows=1 columns=3 nnz=2
[ Info: Solve finished: status=INFEASIBLE reason=row 1 contradicts current column bounds iterations=0 time=0.0033882s
[ Info: iter=1 obj=0.0 pinf=0.0 (0) dinf=0.0 (0) time=0.0052866s
[ Info: Loaded problem: rows=1 columns=3 nnz=2
[ Info: Starting presolve
[ Info: After presolve: rows=0 columns=1 nnz=0
[ Info: Restarting simplex on original LP after UNBOUNDED: unbounded improving direction; completed iterations=0
[ Info: iter=1 obj=0.0 pinf=0.0 (0) dinf=0.0 (0) time=0.0206673s
[ Info: Solve finished: status=UNBOUNDED reason=unbounded improving direction iterations=1 time=0.0211753s
[ Info: Loaded problem: rows=1 columns=3 nnz=2
[ Info: Starting presolve
[ Info: After presolve: rows=0 columns=1 nnz=0
[ Info: Restarting simplex on original LP after UNBOUNDED: unbounded improving direction; completed iterations=0
[ Info: Solve finished: status=UNBOUNDED reason=unbounded improving direction iterations=1 time=0.0102806s
[ Info: iter=1 obj=100.0 pinf=0.0 (0) dinf=1.0e-6 (1) time=0.0035145s
[ Info: Starting primal cleanup after restoring original costs
[ Info: iter=1 obj=4.0 pinf=0.0 (0) dinf=0.0 (0) time=0.003113s
[ Info: iter=0 obj=0.0 pinf=3.0 (1) dinf=0.0 (0) time=0.0028595s
[ Info: iter=2 obj=3.0 pinf=0.0 (0) dinf=0.0 (0) time=0.0062134s
[ Info: iter=1 obj=1.0 pinf=2.0 (1) dinf=0.0 (0) time=0.0044751s
[ Info: iter=2 obj=3.0 pinf=0.0 (0) dinf=0.0 (0) time=0.0068346s
[ Info: iter=1 obj=-3.0 pinf=0.0 (0) dinf=0.0 (0) time=0.0052725s
[ Info: iter=1 obj=-3.0 pinf=0.0 (0) dinf=0.0 (0) time=0.005584499s
[ Info: iter=1 obj=-6.0 pinf=0.0 (0) dinf=0.0 (0) time=0.0046025s
[ Info: iter=1 obj=1.0 pinf=1.0 (1) dinf=0.0 (0) time=0.0047778s
[ Info: iter=1 obj=1.0 pinf=1.0 (1) dinf=0.0 (0) time=0.0060717s
[ Info: iter=0 obj=0.0 pinf=1.0 (1) dinf=0.0 (0) time=0.0018017s
[ Info: iter=1 obj=1.0 pinf=2.0 (1) dinf=0.0 (0) time=0.0040472s
[ Info: iter=2 obj=3.0 pinf=0.0 (0) dinf=0.0 (0) time=0.0063622s
[ Info: iter=1 obj=-3.0 pinf=0.0 (0) dinf=0.0 (0) time=0.0053758s
[ Info: iter=1 obj=-3.0 pinf=0.0 (0) dinf=0.0 (0) time=0.0048105s
[ Info: iter=1 obj=-6.0 pinf=0.0 (0) dinf=0.0 (0) time=0.0049513s
[ Info: iter=1 obj=1.0 pinf=1.0 (1) dinf=0.0 (0) time=0.0049619s
[ Info: iter=1 obj=1.0 pinf=1.0 (1) dinf=0.0 (0) time=0.0064002s
[ Info: iter=0 obj=0.0 pinf=1.0 (1) dinf=0.0 (0) time=0.0020716s
[ Info: iter=1 obj=1.0 pinf=2.0 (1) dinf=0.0 (0) time=0.008540399s
[ Info: iter=2 obj=3.0 pinf=0.0 (0) dinf=0.0 (0) time=0.013125899s
[ Info: iter=1 obj=-3.0 pinf=0.0 (0) dinf=0.0 (0) time=0.0235306s
[ Info: iter=1 obj=-3.0 pinf=0.0 (0) dinf=0.0 (0) time=0.0091126s
[ Info: iter=1 obj=-6.0 pinf=0.0 (0) dinf=0.0 (0) time=0.0080361s
[ Info: iter=1 obj=1.0 pinf=1.0 (1) dinf=0.0 (0) time=0.0075295s
[ Info: iter=1 obj=1.0 pinf=1.0 (1) dinf=0.0 (0) time=0.0106678s
[ Info: iter=0 obj=0.0 pinf=1.0 (1) dinf=0.0 (0) time=0.0041907s
[ Info: iter=1 obj=1//1 pinf=2//1 (1) dinf=0//1 (0) time=0.0087735s
[ Info: iter=2 obj=3//1 pinf=0//1 (0) dinf=0//1 (0) time=0.013267299s
[ Info: iter=1 obj=-3//1 pinf=0//1 (0) dinf=0//1 (0) time=0.0163929s
[ Info: iter=1 obj=-3//1 pinf=0//1 (0) dinf=0//1 (0) time=0.0078585s
[ Info: iter=1 obj=-6//1 pinf=0//1 (0) dinf=0//1 (0) time=0.008436s
[ Info: iter=1 obj=1//1 pinf=1//1 (1) dinf=0//1 (0) time=0.0077743s
[ Info: iter=1 obj=-10000000000000//1 pinf=0//1 (0) dinf=0//1 (0) time=0.0084713s
[ Info: Loaded problem: rows=1 columns=1 nnz=1
[ Info: Starting presolve
[ Info: After presolve: rows=0 columns=0 nnz=0
[ Info: Starting postsolve cleanup on original LP
[ Info: iter=0 obj=1.7014117e38 pinf=0.0 (0) dinf=0.0 (0) time=0.0067994s
[ Info: Starting primal postsolve cleanup from feasible basis
[ Info: Solve finished: status=OPTIMAL objective=1.7014117e38 iterations=0 time=0.008328s
[ Info: Loaded problem: rows=1 columns=1 nnz=1
[ Info: Starting presolve
[ Info: After presolve: rows=1 columns=1 nnz=1
[ Info: Solve finished: status=NUMERICAL_ERROR reason=non-finite simplex iterate iterations=1 time=0.0134227s
[ Info: Loaded problem: rows=1 columns=1 nnz=1
[ Info: Starting presolve
[ Info: After presolve: rows=0 columns=0 nnz=0
[ Info: Starting postsolve cleanup on original LP
[ Info: iter=0 obj=8.988465674311579e307 pinf=0.0 (0) dinf=0.0 (0) time=0.0077648s
[ Info: Starting primal postsolve cleanup from feasible basis
[ Info: Solve finished: status=OPTIMAL objective=8.988465674311579e307 iterations=0 time=0.0092326s
[ Info: Loaded problem: rows=1 columns=1 nnz=1
[ Info: Starting presolve
[ Info: After presolve: rows=1 columns=1 nnz=1
[ Info: Solve finished: status=NUMERICAL_ERROR reason=non-finite simplex iterate iterations=1 time=0.0059482s
[ Info: iter=1 obj=1.0 pinf=0.0 (0) dinf=0.0 (0) time=0.0033585s
[ Info: iter=1 obj=1.0 pinf=0.0 (0) dinf=0.0 (0) time=0.003688s
[ Info: iter=0 obj=0.0 pinf=2.0 (1) dinf=0.0 (0) time=0.0023845s
[ Info: iter=0 obj=0.0 pinf=2.0 (1) dinf=0.0 (0) time=0.0025221s
[ Info: iter=0 obj=0.0 pinf=2.0 (1) dinf=0.0 (0) time=0.0045s
[ Info: iter=0 obj=0.0 pinf=0.0 (0) dinf=0.0 (0) time=0.0025357s
[ Info: iter=0 obj=0.0 pinf=0.0 (0) dinf=0.0 (0) time=0.003427099s
[ Info: iter=0 obj=1.0 pinf=0.0 (0) dinf=0.0 (0) time=0.0014422s
[ Info: iter=0 obj=1.0 pinf=0.0 (0) dinf=0.0 (0) time=0.0019089s
[ Info: iter=0 obj=1.0 pinf=0.0 (0) dinf=0.0 (0) time=0.0028853s
[ Info: iter=0 obj=1//1 pinf=0//1 (0) dinf=0//1 (0) time=0.0026762s
[ Info: iter=0 obj=0.0 pinf=0.0 (0) dinf=0.0 (0) time=0.0015122s
[ Info: iter=0 obj=0.0 pinf=0.0 (0) dinf=0.0 (0) time=0.0020314s
[ Info: iter=0 obj=0.0 pinf=0.0 (0) dinf=0.0 (0) time=0.002812s
[ Info: iter=0 obj=0//1 pinf=0//1 (0) dinf=0//1 (0) time=0.0024886s
Test Summary:                                              | Pass  Total  Time
Certified forward small-pivot prices drive the dual update |   48     48  0.2s
Test Summary:                                           | Pass  Total  Time
Certified small-pivot price with a preceding bound flip |   56     56  0.1s
Test Summary:                                                        | Pass  Total  Time
Dual pivot refreshes a stale floating basis before numerical failure |    8      8  0.0s
Test Summary:                                                   | Pass  Total  Time
Dual pivot rejects a false nonzero direction from stale factors |    6      6  0.0s
Test Summary:                                                        | Pass  Total  Time
Dual ratio test refreshes a row that native correction cannot repair |    3      3  0.0s
Test Summary:                                                        | Pass  Total  Time
A clean cycle promptly restores a shortened refactorization interval |   20     20  0.1s
Test Summary:                                                    | Pass  Total  Time
Clean productive dual pivots lengthen the factorization interval |   56     56  0.4s
Test Summary:                                               | Pass  Total  Time
One inaccurate updated row pauses growth without shortening |   22     22  0.2s
Test Summary:                                            | Pass  Total  Time
Repairs after growth use the actual failed update counts |  120    120  4.3s
Test Summary:                                             | Pass  Total  Time
Dual direction refinement repairs a failed floating solve |    4      4  0.0s
Test Summary:                                                        | Pass  Total  Time
Failed dual pivot can refine its row, direction, and prices together |   14     14  0.0s
Test Summary:                                                  | Pass  Total  Time
Small dual pivot checks the entering price before a cost shift |   13     13  0.0s
Test Summary:                                    | Pass  Total  Time
Dual pivot refreshes before applying bound flips |    6      6  0.0s
Test Summary:                                       | Pass  Total  Time
Dual price refinement releases a harmful cost shift |   30     30  0.0s
Test Summary:                                                    | Pass  Total  Time
Dual pivot keeps a full-sized pivot with harmless solve roundoff |    3      3  0.0s
Test Summary:                                             | Pass  Total  Time
Dual feasibility is checked against a fresh factorization |   14     14  0.0s
Test Summary:                                                  | Pass  Total  Time
Ill-conditioned fresh basis does not invent dual infeasibility |    8      8  0.0s
Test Summary:                                          | Pass  Total  Time
Optimal results certify the original structural primal |   41     41  0.1s
Test Summary:                                      | Pass  Total  Time
Caller callback exceptions retain their provenance |   30     30  0.1s
Test Summary:     | Pass  Total  Time
Dual simplex core |    5      5  0.0s
Test Summary:                                | Pass  Total  Time
Rejected small pivots are numerical failures |   12     12  0.0s
Test Summary:                                                      | Pass  Total  Time
An auxiliary bound violation cannot certify an improving direction |    3      3  0.0s
Test Summary:                                                    | Pass  Total  Time
Exact nonzero coefficients cannot certify impossible LP statuses |   72     72  0.2s
Test Summary:                                                        | Pass  Total  Time
Scaling certifies a feasible zero-cost model with a tiny coefficient |    6      6  0.0s
Test Summary:                                        | Pass  Total  Time
Auxiliary workspaces own their factorization backend |    1      1  0.0s
Test Summary:                                               | Pass  Total  Time
Recession certification rejects unresolved row dot products |  156    156  0.4s
Test Summary:                                                       | Pass  Total  Time
Recession roundoff bounds preserve ambiguous and invalid directions |    6      6  0.0s
Test Summary:                               | Pass  Total  Time
Phase I stops before either refactorization |   14     14  0.0s
Test Summary:                                              | Pass  Total  Time
Feasibility restoration detects overflow from a bound flip |    3      3  0.0s
Test Summary:                                         | Pass  Total  Time
Cost shifting respects upper, free, and fixed columns |   20     20  0.0s
Test Summary:                            | Pass  Total  Time
Iteration limits and deadline boundaries |   39     39  0.0s
Test Summary:                                             | Pass  Total  Time
Zero rows, zero variables, and objective result ownership |   39     39  0.0s
Test Summary:                    | Pass  Total  Time
Numerical failure classification |   22     22  0.0s
Test Summary:                              | Pass  Total  Time
Bound flips and auxiliary dual feasibility |  106    106  0.1s
Test Summary:                                   | Pass  Total  Time
Recession direction requires primal feasibility |   12     12  0.0s
Test Summary:                                            | Pass  Total  Time
Recession feasibility is certified in the original model |   36     36  0.1s
Test Summary:                                                              | Pass  Total  Time
Cost shifts preserve dual feasibility and are removed before certification |   13     13  0.0s
Test Summary:                                                       | Pass  Total  Time
Original costs are optimized from a perturbed primal-feasible basis |   16     16  0.0s
Test Summary:                        | Pass  Total  Time
Dual edge selection and full pricing |    7      7  0.0s
Test Summary:                                                    | Pass  Total  Time
Inaccurate dual steepest-edge weight restarts pricing with Devex |    8      8  0.0s
Test Summary:                                | Pass  Total  Time
Non-finite DSE weights recover through Devex |    5      5  0.0s
Test Summary:                                           | Pass  Total  Time
DSE update overflow includes the current pivot in Devex |    6      6  0.0s
Test Summary:                                                       | Pass  Total  Time
A prolonged dual zero-step stall perturbs costs and restores the LP |   15     15  0.1s
Test Summary:                                                      | Pass  Total  Time
Anti-degeneracy skips a cost shift larger than its tolerance scale |    4      4  0.0s
Test Summary:                                                           | Pass  Total  Time
Auxiliary dual iterations do not perturb costs across artificial bounds |    6      6  0.0s
Test Summary:                | Pass  Total  Time
Dual Devex reference weights |   10     10  0.0s
Test Summary:                                         | Pass  Total  Time
Pricing strategies update only their required weights |    8      8  0.0s
Test Summary:                                           | Pass  Total   Time
Every pricing strategy solves an LP across scalar types |   36     36  13.7s
Test Summary:     | Pass  Total  Time
Harris ratio test |    5      5  0.0s
Test Summary:                  | Pass  Total  Time
Bound-flipping dual ratio test |   41     41  0.1s
Test Summary:                                    | Pass  Total  Time
Exact pivot updates and periodic refactorization |   44     44  0.0s
Test Summary:                      | Pass  Total  Time
Parametric dual-simplex arithmetic |  192    192  2.4s
Test Summary:                                         | Pass  Total  Time
Rational pivots and feasibility use exact comparisons |   11     11  0.0s
Test Summary:                                                    | Pass  Total  Time
Overflowing Harris relaxation retains floating failure semantics |   16     16  0.0s
Test Summary:                                                        | Pass  Total  Time
Infeasibility verification preserves pivot counts and caller control |   33     33  0.0s
Test Summary:                                                 | Pass  Total  Time
Rounded ray objective improvement must exceed its uncertainty |    2      2  0.0s
Test Summary:                                           | Pass  Total  Time
Subnormal dot products cannot certify an increasing ray |   12     12  0.1s
Test Summary:                                                  | Pass  Total  Time
Floating row uncertainty is not a feasible recession direction |   24     24  0.1s
Test Summary:                                            | Pass  Total  Time
Conclusive recession signs respect row and column bounds |   48     48  0.2s
Test Summary:                                           | Pass  Total  Time
Primal certification checks exact stored row activities |   16     16  0.0s
Test Summary:                                                | Pass  Total  Time
Ambiguous floating row sums use a refined primal certificate |    8      8  0.0s
Test Summary:                                                        | Pass  Total  Time
Absolute primal tolerance cannot be enlarged by subtraction rounding |   24     24  0.0s
Test Summary:                                                            | Pass  Total  Time
Primal interval arithmetic encloses mixed precision and nonfinite inputs |    7      7  0.0s
Test Summary:                                                      | Pass  Total  Time
Optimality certification includes canceled and basic reduced costs |   14     14  0.0s
Test Summary:                                                   | Pass  Total  Time
Optimality uses original costs and actual bound complementarity |   60     60  0.1s
Test Summary:                                                  | Pass  Total  Time
Legacy dual retains a basis after marginal working-price drift |  160    160  0.1s
Test Summary:                                                          | Pass  Total  Time
Marginal price repair cannot hide larger errors or ignore cancellation |   11     11  0.0s
Test Summary:                                                 | Pass  Total  Time
Working-cost repair preserves an original unbounded direction |    3      3  0.0s
Test Summary:                                                            | Pass  Total  Time
Price repair excludes adaptive perturbation policies and active journals |    6      6  0.0s
Test Summary:                                                         | Pass  Total  Time
Cancellation inside native price repair cannot start higher precision |    4      4  0.0s
Test Summary:                                                   | Pass  Total  Time
Native price repair is atomic and excludes original-cost phases |    7      7  0.0s
Test Summary:                                                         | Pass  Total  Time
Legacy dual corrects mild updated solve errors before refactorization |   80     80  0.1s
Test Summary:                                                              | Pass  Total  Time
Native direction correction preserves a candidate when its pivot disagrees |    2      2  0.0s
Test Summary:                                                        | Pass  Total  Time
Legacy Harris selection tolerates each original row bound separately |   24     24  0.0s
Test Summary:                                                   | Pass  Total  Time
A corrected legacy cycle does not justify a longer update chain |   11     11  0.0s
Test Summary:                                                    | Pass  Total  Time
Legacy correction leaves explicit adaptive refactor policy alone |    2      2  0.0s
