[ Info: iter=0 obj=4.649999402246094e7 pinf=4.841367147475041e11 (4593) dinf=0.0004935135163794957 (1) time=0.162817363s
[ Info: iter=0 obj=5.040191385745422e7 pinf=6.593177430016647e6 (3981) dinf=0.0 (0) time=0.056397922s
[ Info: iter=0 obj=5.128317250942877e7 pinf=307443.8341203291 (1711) dinf=0.0 (0) time=0.090916135s
[ Info: iter=0 obj=5.1283188726639494e7 pinf=5.5646356439193465e7 (2960) dinf=0.0 (0) time=0.030259111s
[ Info: iter=0 obj=5.128324418341092e7 pinf=2.8858476493398953e7 (2648) dinf=0.0 (0) time=0.079367031s
[ Info: iter=0 obj=5.128339513978541e7 pinf=7.566413381216964e7 (2892) dinf=0.0 (0) time=0.034472014s
[ Info: iter=0 obj=5.13225281164937e7 pinf=17740.370997710106 (1621) dinf=0.0 (0) time=0.076089329s
SNAPSHOT .superpowers/ft-recovery/ft-baseline.toml.refactor_residual.35375.bin
iteration=35375 fresh_dinf=0.0004935135163794957 fresh_pinf=4.841367147475041e11
stored_forward_pivot=-0.5898791203095562 stored_row_pivot=-0.5898791203095567 fresh_forward_pivot=-0.5898798737088963 fresh_row_pivot=-0.589879873708896 stored_row_residual_ratio=0.04649484591934465 fresh_row_residual_ratio=0.03175237850427948 stored_direction_norm=1.417858786992977e9 fresh_direction_norm=1.4178651319271715e9
stored_forward_residual=2.996505260996246e-6 fresh_forward_residual=3.4438065417917965e-6
VIOLATION index=1681 state=AT_LOWER price=-0.0004935135163794957 refined_price=-5.095152269276837364354341599100977774542494899524238082264178858895059586934075e-17 original_cost=1.020896749 working_cost=1.020896749 cost_shift=0.0
SNAPSHOT .superpowers/ft-recovery/ft-baseline.toml.accepted_pivot.50414.bin
iteration=50414 fresh_dinf=0.0 fresh_pinf=6.593177430016647e6
stored_forward_pivot=-0.038615891561834155 stored_row_pivot=-0.03861589156183412 fresh_forward_pivot=-0.038615891562123285 fresh_row_pivot=-0.03861589156212427 stored_row_residual_ratio=0.0015144135945277526 fresh_row_residual_ratio=0.0024147350785597155 stored_direction_norm=1.3287278619879363e6 fresh_direction_norm=1.3287278619980419e6
stored_forward_residual=9.313225746154785e-10 fresh_forward_residual=4.656612873077393e-10
SNAPSHOT .superpowers/ft-recovery/ft-baseline.toml.accepted_pivot.58061.bin
iteration=58061 fresh_dinf=0.0 fresh_pinf=307443.8341203291
stored_forward_pivot=0.002722329104871702 stored_row_pivot=0.002722329104871478 fresh_forward_pivot=0.002722329104869304 fresh_row_pivot=0.0027223291048692885 stored_row_residual_ratio=0.13594121898564004 fresh_row_residual_ratio=0.0005551115123125783 stored_direction_norm=64432.44537127471 fresh_direction_norm=64432.44537127375
stored_forward_residual=4.3655745685100555e-11 fresh_forward_residual=7.275957614183426e-12
SNAPSHOT .superpowers/ft-recovery/ft-baseline.toml.accepted_pivot.58064.bin
iteration=58064 fresh_dinf=0.0 fresh_pinf=5.5646356439193465e7
stored_forward_pivot=0.0014562004727017728 stored_row_pivot=0.0014562004727025758 fresh_forward_pivot=0.001456200472703181 fresh_row_pivot=0.0014562004727031808 stored_row_residual_ratio=0.2084870100613383 fresh_row_residual_ratio=0.0026584366218801447 stored_direction_norm=22380.815304206924 fresh_direction_norm=22380.815304236312
stored_forward_residual=3.637978807091713e-12 fresh_forward_residual=7.275957614183426e-12
SNAPSHOT .superpowers/ft-recovery/ft-baseline.toml.accepted_pivot.58073.bin
iteration=58073 fresh_dinf=0.0 fresh_pinf=2.8858476493398953e7
stored_forward_pivot=0.15385752264767985 stored_row_pivot=0.15385752264767982 fresh_forward_pivot=0.15385752264767846 fresh_row_pivot=0.1538575226476786 stored_row_residual_ratio=0.00017170662009628523 fresh_row_residual_ratio=1.5985270300670935e-5 stored_direction_norm=1.8321776453408692e7 fresh_direction_norm=1.83217764534087e7
stored_forward_residual=1.1175870895385742e-8 fresh_forward_residual=7.450580596923828e-9
SNAPSHOT .superpowers/ft-recovery/ft-baseline.toml.accepted_pivot.58086.bin
iteration=58086 fresh_dinf=0.0 fresh_pinf=7.566413381216964e7
stored_forward_pivot=-2.8637397416456776 stored_row_pivot=-2.8637397416456762 fresh_forward_pivot=-2.8637397416455617 fresh_row_pivot=-2.86373974164556 stored_row_residual_ratio=0.0005536692554253653 fresh_row_residual_ratio=2.9749491173465537e-5 stored_direction_norm=1.190886867682412e8 fresh_direction_norm=1.1908868676824027e8
stored_forward_residual=8.195638656616211e-8 fresh_forward_residual=1.6391277313232422e-7
SNAPSHOT .superpowers/ft-recovery/ft-baseline.toml.accepted_pivot.58570.bin
iteration=58570 fresh_dinf=0.0 fresh_pinf=17740.370997710106
stored_forward_pivot=-0.0003548204946019025 stored_row_pivot=-0.0003548204946019025 fresh_forward_pivot=-0.0003548204946019026 fresh_row_pivot=-0.00035482049460190375 stored_row_residual_ratio=1.543483883139524e-5 fresh_row_residual_ratio=2.700849255615062e-5 stored_direction_norm=3800.0281709487094 fresh_direction_norm=3800.0281709487094
stored_forward_residual=1.8189894035458565e-12 fresh_forward_residual=5.002220859751105e-12
