CAPTURE_ENVIRONMENT Dict{String, Any}("package_git_revision" => "unavailable", "source_revision" => "e1b15678e86f6d1cf3b2343827bf6d4e25f6e54b", "architecture" => "aarch64", "blas_threads" => 1, "active_project" => "/home/jspitz/JSimplex.jl/.worktrees/precompile-workloads/Project.toml", "cpu_threads" => 18, "julia" => "1.13.0", "blas_config" => "LBTConfig([ILP64] libopenblas64_.so)", "warmup" => false, "package_tree_hash" => "unavailable", "run_id" => "266956198275441-10", "source_path" => "/home/jspitz/JSimplex.jl/.worktrees/precompile-workloads/src/JSimplex.jl", "julia_threads" => 1, "input_sha256" => "28c80012b6e7da7df5d2e1e7220ee26e4f684a34b6958f77b14f0277225d65fd", "package_version" => "0.5.0", "working_directory" => "/home/jspitz/JSimplex.jl/.worktrees/ft-numerical-recovery")
EVENT phase_dual count=1 iter=0 row=0 entering=0 pinf=0.0 dinf=52.28
EVENT phase_auxiliary count=1 iter=0 row=0 entering=0 pinf=27.845 dinf=0.0
EVENT phase_cleanup count=1 iter=9 row=0 entering=0 pinf=0.0 dinf=0.0
EVENT phase_primal count=1 iter=9 row=0 entering=0 pinf=0.0 dinf=0.0
Dict{String, Any}("kernel_seconds" => Dict("pricing" => 9.8e-6, "refactorization" => 3.08e-5, "ftran" => 3.54e-5, "btran" => 1.55e-5), "basis_update" => "forrest_tomlin", "peak_rss" => 0x0000000077ac8000, "time_limit" => 60.0, "source_revision" => "e1b15678e86f6d1cf3b2343827bf6d4e25f6e54b", "counts" => Dict("certification" => 2, "phase_primal" => 1, "phase_dual" => 1, "phase_auxiliary" => 1, "pricing_scanned_entries" => 239, "bound_flipped" => 7, "refactor_other" => 2, "pivot_completed" => 9, "pricing_full_scan" => 10, "pricing" => 10, "refactor_initial" => 2, "pricing_scored_entries" => 34, "pivot_proposed" => 9, "phase_cleanup" => 1), "input" => "/home/jspitz/JSimplex.jl/.worktrees/precompile-workloads/test/fixtures/solver/afiro.mps", "blas_config" => "LBTConfig([ILP64] libopenblas64_.so)", "interval" => 80, "warmup" => false, "outer_seconds" => 39.676126437, "objective" => -464.75314285714273, "source_path" => "/home/jspitz/JSimplex.jl/.worktrees/precompile-workloads/src/JSimplex.jl", "input_sha256" => "28c80012b6e7da7df5d2e1e7220ee26e4f684a34b6958f77b14f0277225d65fd", "julia_threads" => 1, "package_version" => "0.5.0", "refactorizations" => 2, "working_directory" => "/home/jspitz/JSimplex.jl/.worktrees/ft-numerical-recovery", "seconds" => 0.146894303, "iteration_limit" => 1000, "package_git_revision" => "unavailable", "architecture" => "aarch64", "blas_threads" => 1, "active_project" => "/home/jspitz/JSimplex.jl/.worktrees/precompile-workloads/Project.toml", "cpu_threads" => 18, "julia" => "1.13.0", "algorithm" => "dual", "iterations" => 9, "package_tree_hash" => "unavailable", "original_primal_certified" => true, "run_id" => "266956198275441-10", "status" => "OPTIMAL", "message" => "optimal solution found")
CAPTURE_ENVIRONMENT Dict{String, Any}("package_git_revision" => "unavailable", "source_revision" => "e1b15678e86f6d1cf3b2343827bf6d4e25f6e54b", "architecture" => "aarch64", "blas_threads" => 1, "active_project" => "/home/jspitz/JSimplex.jl/.worktrees/precompile-workloads/Project.toml", "cpu_threads" => 18, "julia" => "1.13.0", "blas_config" => "LBTConfig([ILP64] libopenblas64_.so)", "warmup" => true, "package_tree_hash" => "unavailable", "run_id" => "266996251910283-10", "source_path" => "/home/jspitz/JSimplex.jl/.worktrees/precompile-workloads/src/JSimplex.jl", "julia_threads" => 1, "input_sha256" => "28c80012b6e7da7df5d2e1e7220ee26e4f684a34b6958f77b14f0277225d65fd", "package_version" => "0.5.0", "working_directory" => "/home/jspitz/JSimplex.jl/.worktrees/ft-numerical-recovery")
EVENT phase_dual count=1 iter=0 row=0 entering=0 pinf=0.0 dinf=52.28
EVENT phase_auxiliary count=1 iter=0 row=0 entering=0 pinf=27.845 dinf=0.0
EVENT phase_cleanup count=1 iter=9 row=0 entering=0 pinf=0.0 dinf=0.0
EVENT phase_primal count=1 iter=9 row=0 entering=0 pinf=0.0 dinf=0.0
[ Info: Loaded problem: rows=27 columns=32 nnz=83
[ Info: Starting presolve
[ Info: After presolve: rows=20 columns=24 nnz=74
[ Info: iter=4 obj=-521.7142857142859 pinf=135.72285714285715 (3) dinf=0.0 (0) time=0.146612303s
[ Info: Starting postsolve cleanup on original LP
[ Info: iter=9 obj=-464.75314285714273 pinf=0.0 (0) dinf=0.0 (0) time=0.146820203s
[ Info: Starting primal postsolve cleanup from feasible basis
[ Info: Solve finished: status=OPTIMAL objective=-464.75314285714273 iterations=9 time=0.146894303s
[ Info: Loaded problem: rows=27 columns=32 nnz=83
[ Info: Starting presolve
[ Info: After presolve: rows=20 columns=24 nnz=74
[ Info: iter=4 obj=-521.7142857142859 pinf=135.72285714285715 (3) dinf=0.0 (0) time=0.0008316s
[ Info: Starting postsolve cleanup on original LP
[ Info: iter=9 obj=-464.75314285714273 pinf=0.0 (0) dinf=0.0 (0) time=0.0009422s
[ Info: Starting primal postsolve cleanup from feasible basis
[ Info: Solve finished: status=OPTIMAL objective=-464.75314285714273 iterations=9 time=0.000993s
Dict{String, Any}("kernel_seconds" => Dict("pricing" => 5.6e-6, "refactorization" => 1.65e-5, "ftran" => 2.04e-5, "btran" => 1.18e-5), "basis_update" => "forrest_tomlin", "peak_rss" => 0x0000000077c59000, "time_limit" => 60.0, "source_revision" => "e1b15678e86f6d1cf3b2343827bf6d4e25f6e54b", "counts" => Dict("certification" => 2, "phase_primal" => 1, "phase_dual" => 1, "phase_auxiliary" => 1, "pricing_scanned_entries" => 239, "bound_flipped" => 7, "refactor_other" => 2, "pivot_completed" => 9, "pricing_full_scan" => 10, "pricing" => 10, "refactor_initial" => 2, "pricing_scored_entries" => 34, "pivot_proposed" => 9, "phase_cleanup" => 1), "input" => "/home/jspitz/JSimplex.jl/.worktrees/precompile-workloads/test/fixtures/solver/afiro.mps", "blas_config" => "LBTConfig([ILP64] libopenblas64_.so)", "interval" => 80, "warmup" => true, "outer_seconds" => 0.0010152, "objective" => -464.75314285714273, "source_path" => "/home/jspitz/JSimplex.jl/.worktrees/precompile-workloads/src/JSimplex.jl", "input_sha256" => "28c80012b6e7da7df5d2e1e7220ee26e4f684a34b6958f77b14f0277225d65fd", "julia_threads" => 1, "package_version" => "0.5.0", "refactorizations" => 2, "working_directory" => "/home/jspitz/JSimplex.jl/.worktrees/ft-numerical-recovery", "seconds" => 0.000993, "iteration_limit" => 1000, "package_git_revision" => "unavailable", "architecture" => "aarch64", "blas_threads" => 1, "active_project" => "/home/jspitz/JSimplex.jl/.worktrees/precompile-workloads/Project.toml", "cpu_threads" => 18, "julia" => "1.13.0", "algorithm" => "dual", "iterations" => 9, "package_tree_hash" => "unavailable", "original_primal_certified" => true, "run_id" => "266996251910283-10", "status" => "OPTIMAL", "message" => "optimal solution found")
Test Summary:        | Pass  Total   Time
same-session capture |   18     18  40.1s
