Test Summary: | Pass  Total  Time
sc50a.mps pfi |    2      2  0.0s
MODEL sc50a.mps manager=pfi status=OPTIMAL iterations=34 seconds=1.222280301 objective=-64.57507705856449
Test Summary:           | Pass  Total  Time
sc50a.mps bartels_golub |    3      3  0.0s
MODEL sc50a.mps manager=bartels_golub status=OPTIMAL iterations=34 seconds=1.2497752 objective=-64.57507705856449
Test Summary:            | Pass  Total  Time
sc50a.mps forrest_tomlin |    3      3  0.0s
MODEL sc50a.mps manager=forrest_tomlin status=OPTIMAL iterations=34 seconds=1.201823801 objective=-64.57507705856449
Test Summary:       | Pass  Total  Time
sc50a.mps suhl_suhl |    3      3  0.0s
MODEL sc50a.mps manager=suhl_suhl status=OPTIMAL iterations=34 seconds=1.191807944 objective=-64.57507705856449
Test Summary: | Pass  Total  Time
pk1.mps pfi   |    2      2  0.0s
MODEL pk1.mps manager=pfi status=OPTIMAL iterations=1040 seconds=33.451910207 objective=0.0
Test Summary:         | Pass  Total  Time
pk1.mps bartels_golub |    3      3  0.0s
MODEL pk1.mps manager=bartels_golub status=OPTIMAL iterations=1040 seconds=35.196341896 objective=0.0
Test Summary:          | Pass  Total  Time
pk1.mps forrest_tomlin |    3      3  0.0s
MODEL pk1.mps manager=forrest_tomlin status=OPTIMAL iterations=1040 seconds=35.274629451 objective=0.0
Test Summary:     | Pass  Total  Time
pk1.mps suhl_suhl |    3      3  0.0s
MODEL pk1.mps manager=suhl_suhl status=OPTIMAL iterations=1040 seconds=36.441989663 objective=0.0
Test Summary:  | Pass  Total  Time
flugpl.mps pfi |    2      2  0.0s
MODEL flugpl.mps manager=pfi status=OPTIMAL iterations=12 seconds=0.22823916 objective=1.1671857255923203e6
Test Summary:            | Pass  Total  Time
flugpl.mps bartels_golub |    3      3  0.0s
MODEL flugpl.mps manager=bartels_golub status=OPTIMAL iterations=12 seconds=0.248523566 objective=1.1671857255923203e6
Test Summary:             | Pass  Total  Time
flugpl.mps forrest_tomlin |    3      3  0.0s
MODEL flugpl.mps manager=forrest_tomlin status=OPTIMAL iterations=12 seconds=0.252255567 objective=1.1671857255923203e6
Test Summary:        | Pass  Total  Time
flugpl.mps suhl_suhl |    3      3  0.0s
MODEL flugpl.mps manager=suhl_suhl status=OPTIMAL iterations=12 seconds=0.252418967 objective=1.1671857255923203e6
