ERROR: LoadError: Some tests did not pass: 40 passed, 8 failed, 0 errored, 0 broken.
in expression starting at /home/jspitz/JSimplex.jl/.worktrees/ft-numerical-recovery/test/dual_small_pivot_price_tests.jl:3

Certified forward small-pivot prices drive the dual update: Test Failed at /home/jspitz/JSimplex.jl/.worktrees/ft-numerical-recovery/test/dual_small_pivot_price_tests.jl:22
  Expression: isapprox(ws.reduced_costs[2], expected; atol = 1.0e-12, rtol = 1.0e-12)
   Evaluated: isapprox(0.001861912968635045, 0.001855356604452506; atol = 1.0e-12, rtol = 1.0e-12)
  Stacktrace:
   [1] top-level scope
     @ ~/JSimplex.jl/.worktrees/ft-numerical-recovery/test/dual_small_pivot_price_tests.jl:6
   [2] macro expansion
     @ ~/.julia/juliaup/julia-1.13.0+0.aarch64.linux.gnu/share/julia/stdlib/v1.13/Test/src/Test.jl:1962 [inlined]
   [3] macro expansion
     @ ~/JSimplex.jl/.worktrees/ft-numerical-recovery/test/dual_small_pivot_price_tests.jl:22 [inlined]
   [4] macro expansion
     @ ~/.julia/juliaup/julia-1.13.0+0.aarch64.linux.gnu/share/julia/stdlib/v1.13/Test/src/Test.jl:753 [inlined]

Certified forward small-pivot prices drive the dual update: Test Failed at /home/jspitz/JSimplex.jl/.worktrees/ft-numerical-recovery/test/dual_small_pivot_price_tests.jl:22
  Expression: isapprox(ws.reduced_costs[2], expected; atol = 1.0e-12, rtol = 1.0e-12)
   Evaluated: isapprox(-0.001861912968635045, -0.001855356604452506; atol = 1.0e-12, rtol = 1.0e-12)
  Stacktrace:
   [1] top-level scope
     @ ~/JSimplex.jl/.worktrees/ft-numerical-recovery/test/dual_small_pivot_price_tests.jl:6
   [2] macro expansion
     @ ~/.julia/juliaup/julia-1.13.0+0.aarch64.linux.gnu/share/julia/stdlib/v1.13/Test/src/Test.jl:1962 [inlined]
   [3] macro expansion
     @ ~/JSimplex.jl/.worktrees/ft-numerical-recovery/test/dual_small_pivot_price_tests.jl:22 [inlined]
   [4] macro expansion
     @ ~/.julia/juliaup/julia-1.13.0+0.aarch64.linux.gnu/share/julia/stdlib/v1.13/Test/src/Test.jl:753 [inlined]

Certified forward small-pivot prices drive the dual update: Test Failed at /home/jspitz/JSimplex.jl/.worktrees/ft-numerical-recovery/test/dual_small_pivot_price_tests.jl:22
  Expression: isapprox(ws.reduced_costs[2], expected; atol = 1.0e-12, rtol = 1.0e-12)
   Evaluated: isapprox(0.001861912968635045, 0.001855356604452506; atol = 1.0e-12, rtol = 1.0e-12)
  Stacktrace:
   [1] top-level scope
     @ ~/JSimplex.jl/.worktrees/ft-numerical-recovery/test/dual_small_pivot_price_tests.jl:6
   [2] macro expansion
     @ ~/.julia/juliaup/julia-1.13.0+0.aarch64.linux.gnu/share/julia/stdlib/v1.13/Test/src/Test.jl:1962 [inlined]
   [3] macro expansion
     @ ~/JSimplex.jl/.worktrees/ft-numerical-recovery/test/dual_small_pivot_price_tests.jl:22 [inlined]
   [4] macro expansion
     @ ~/.julia/juliaup/julia-1.13.0+0.aarch64.linux.gnu/share/julia/stdlib/v1.13/Test/src/Test.jl:753 [inlined]

Certified forward small-pivot prices drive the dual update: Test Failed at /home/jspitz/JSimplex.jl/.worktrees/ft-numerical-recovery/test/dual_small_pivot_price_tests.jl:22
  Expression: isapprox(ws.reduced_costs[2], expected; atol = 1.0e-12, rtol = 1.0e-12)
   Evaluated: isapprox(-0.001861912968635045, -0.001855356604452506; atol = 1.0e-12, rtol = 1.0e-12)
  Stacktrace:
   [1] top-level scope
     @ ~/JSimplex.jl/.worktrees/ft-numerical-recovery/test/dual_small_pivot_price_tests.jl:6
   [2] macro expansion
     @ ~/.julia/juliaup/julia-1.13.0+0.aarch64.linux.gnu/share/julia/stdlib/v1.13/Test/src/Test.jl:1962 [inlined]
   [3] macro expansion
     @ ~/JSimplex.jl/.worktrees/ft-numerical-recovery/test/dual_small_pivot_price_tests.jl:22 [inlined]
   [4] macro expansion
     @ ~/.julia/juliaup/julia-1.13.0+0.aarch64.linux.gnu/share/julia/stdlib/v1.13/Test/src/Test.jl:753 [inlined]

Certified forward small-pivot prices drive the dual update: Test Failed at /home/jspitz/JSimplex.jl/.worktrees/ft-numerical-recovery/test/dual_small_pivot_price_tests.jl:22
  Expression: isapprox(ws.reduced_costs[2], expected; atol = 1.0e-12, rtol = 1.0e-12)
   Evaluated: isapprox(0.001861912968635045, 0.001855356604452506; atol = 1.0e-12, rtol = 1.0e-12)
  Stacktrace:
   [1] top-level scope
     @ ~/JSimplex.jl/.worktrees/ft-numerical-recovery/test/dual_small_pivot_price_tests.jl:6
   [2] macro expansion
     @ ~/.julia/juliaup/julia-1.13.0+0.aarch64.linux.gnu/share/julia/stdlib/v1.13/Test/src/Test.jl:1962 [inlined]
   [3] macro expansion
     @ ~/JSimplex.jl/.worktrees/ft-numerical-recovery/test/dual_small_pivot_price_tests.jl:22 [inlined]
   [4] macro expansion
     @ ~/.julia/juliaup/julia-1.13.0+0.aarch64.linux.gnu/share/julia/stdlib/v1.13/Test/src/Test.jl:753 [inlined]

Certified forward small-pivot prices drive the dual update: Test Failed at /home/jspitz/JSimplex.jl/.worktrees/ft-numerical-recovery/test/dual_small_pivot_price_tests.jl:22
  Expression: isapprox(ws.reduced_costs[2], expected; atol = 1.0e-12, rtol = 1.0e-12)
   Evaluated: isapprox(-0.001861912968635045, -0.001855356604452506; atol = 1.0e-12, rtol = 1.0e-12)
  Stacktrace:
   [1] top-level scope
     @ ~/JSimplex.jl/.worktrees/ft-numerical-recovery/test/dual_small_pivot_price_tests.jl:6
   [2] macro expansion
     @ ~/.julia/juliaup/julia-1.13.0+0.aarch64.linux.gnu/share/julia/stdlib/v1.13/Test/src/Test.jl:1962 [inlined]
   [3] macro expansion
     @ ~/JSimplex.jl/.worktrees/ft-numerical-recovery/test/dual_small_pivot_price_tests.jl:22 [inlined]
   [4] macro expansion
     @ ~/.julia/juliaup/julia-1.13.0+0.aarch64.linux.gnu/share/julia/stdlib/v1.13/Test/src/Test.jl:753 [inlined]

Certified forward small-pivot prices drive the dual update: Test Failed at /home/jspitz/JSimplex.jl/.worktrees/ft-numerical-recovery/test/dual_small_pivot_price_tests.jl:22
  Expression: isapprox(ws.reduced_costs[2], expected; atol = 1.0e-12, rtol = 1.0e-12)
   Evaluated: isapprox(0.001861912968635045, 0.001855356604452506; atol = 1.0e-12, rtol = 1.0e-12)
  Stacktrace:
   [1] top-level scope
     @ ~/JSimplex.jl/.worktrees/ft-numerical-recovery/test/dual_small_pivot_price_tests.jl:6
   [2] macro expansion
     @ ~/.julia/juliaup/julia-1.13.0+0.aarch64.linux.gnu/share/julia/stdlib/v1.13/Test/src/Test.jl:1962 [inlined]
   [3] macro expansion
     @ ~/JSimplex.jl/.worktrees/ft-numerical-recovery/test/dual_small_pivot_price_tests.jl:22 [inlined]
   [4] macro expansion
     @ ~/.julia/juliaup/julia-1.13.0+0.aarch64.linux.gnu/share/julia/stdlib/v1.13/Test/src/Test.jl:753 [inlined]

Certified forward small-pivot prices drive the dual update: Test Failed at /home/jspitz/JSimplex.jl/.worktrees/ft-numerical-recovery/test/dual_small_pivot_price_tests.jl:22
  Expression: isapprox(ws.reduced_costs[2], expected; atol = 1.0e-12, rtol = 1.0e-12)
   Evaluated: isapprox(-0.001861912968635045, -0.001855356604452506; atol = 1.0e-12, rtol = 1.0e-12)
  Stacktrace:
   [1] top-level scope
     @ ~/JSimplex.jl/.worktrees/ft-numerical-recovery/test/dual_small_pivot_price_tests.jl:6
   [2] macro expansion
     @ ~/.julia/juliaup/julia-1.13.0+0.aarch64.linux.gnu/share/julia/stdlib/v1.13/Test/src/Test.jl:1962 [inlined]
   [3] macro expansion
     @ ~/JSimplex.jl/.worktrees/ft-numerical-recovery/test/dual_small_pivot_price_tests.jl:22 [inlined]
   [4] macro expansion
     @ ~/.julia/juliaup/julia-1.13.0+0.aarch64.linux.gnu/share/julia/stdlib/v1.13/Test/src/Test.jl:753 [inlined]
Test Summary:                                              | Pass  Fail  Total   Time
Certified forward small-pivot prices drive the dual update |   40     8     48  10.8s
RNG of the outermost testset: Random.Xoshiro(0x4b75b53b222bcd06, 0x2d022208b0d34bdd, 0xa4459174453653ef, 0x55082e38fe16b90c, 0x5b1136298154639c)
