POINT tag=before certified=true exact_bound_failures=0 model_row_failures=0 equation_failures=0
REPLAY terminal=JSimplex.DualTermination(NUMERICAL_ERROR, "primal point could not be certified") same_point=true same_basis=true
POINT tag=reconstructed certified=false exact_bound_failures=3 model_row_failures=2 equation_failures=0
BOUND Dict{String, Any}("exact_excess" => 1.0587911840678754e-22, "structural" => true, "basic" => true, "variable" => 2297, "upper" => "unbounded", "lower" => -1.6999999999999998e-6, "value" => -1.8e-6, "native_violation" => 1.000000000000001e-7)
BOUND Dict{String, Any}("exact_excess" => 1.0587911840678754e-22, "structural" => true, "basic" => true, "variable" => 15257, "upper" => "unbounded", "lower" => -1.6999999999999998e-6, "value" => -1.8e-6, "native_violation" => 1.000000000000001e-7)
BOUND Dict{String, Any}("exact_excess" => 1.0587911840678754e-22, "structural" => false, "basic" => true, "variable" => 60505, "upper" => "unbounded", "lower" => -1.6999999999999998e-6, "value" => -1.8e-6, "native_violation" => 1.000000000000001e-7)
ROW Dict{String, Any}("exact_bound_excess" => 9.424140103210371e-21, "activity_variable" => 57776, "exact_equation_error" => -9.635898340023946e-21, "values" => [1.9661756507897776e-5, -1.1e-6, 1.289433708856478e-6, 7.140703043652934e-7, 0.0, 1.8937765828010703e-5], "lower" => -8.0e-7, "coefficients" => [1.0, -1.036312528, -1.036312528, -1.036312528, -1.036312528, -1.036312528], "exact_activity" => -9.000000000000094e-7, "row" => 23590, "basic_columns" => [1312, 6404, 6405, 6407], "indices" => [1312, 6403, 6404, 6405, 6406, 6407], "equation_ok" => true, "model_ok" => false, "basic" => false, "upper" => "unbounded", "stored" => -8.999999999999997e-7)
ROW Dict{String, Any}("exact_bound_excess" => 9.086564924864158e-23, "activity_variable" => 60505, "exact_equation_error" => 1.5013469158145958e-23, "values" => [0.0, 0.0, 0.0, 1.5257939950526029e-6, 0.0, 0.0], "lower" => -1.6999999999999998e-6, "coefficients" => [1.0, -1.265646928, -1.228363048, -1.179713648, -1.147365664, -1.136982888], "exact_activity" => -1.8e-6, "row" => 26319, "basic_columns" => [9126], "indices" => [4060, 9124, 9125, 9126, 9127, 9128], "equation_ok" => true, "model_ok" => false, "basic" => true, "upper" => "unbounded", "stored" => -1.8e-6)
POINT tag=prediction certified=false exact_bound_failures=0 model_row_failures=1 equation_failures=0
ROW Dict{String, Any}("exact_bound_excess" => 7.36244361778856e-22, "activity_variable" => 57776, "exact_equation_error" => -9.48002598592431e-22, "values" => [1.966175650789076e-5, -1.1e-6, 1.289433708856478e-6, 7.140703043652937e-7, 0.0, 1.8937765828003923e-5], "lower" => -8.0e-7, "coefficients" => [1.0, -1.036312528, -1.036312528, -1.036312528, -1.036312528, -1.036312528], "exact_activity" => -9.000000000000007e-7, "row" => 23590, "basic_columns" => [1312, 6404, 6405, 6407], "indices" => [1312, 6403, 6404, 6405, 6406, 6407], "equation_ok" => true, "model_ok" => false, "basic" => false, "upper" => "unbounded", "stored" => -8.999999999999997e-7)
POINT tag=balanced certified=false exact_bound_failures=0 model_row_failures=1 equation_failures=0
ROW Dict{String, Any}("exact_bound_excess" => 4.96381448883715e-21, "activity_variable" => 57776, "exact_equation_error" => -5.1755727256507254e-21, "values" => [1.9661756507894265e-5, -1.1e-6, 1.289433708856478e-6, 7.140703043652935e-7, 0.0, 1.893776582800731e-5], "lower" => -8.0e-7, "coefficients" => [1.0, -1.036312528, -1.036312528, -1.036312528, -1.036312528, -1.036312528], "exact_activity" => -9.000000000000049e-7, "row" => 23590, "basic_columns" => [1312, 6404, 6405, 6407], "indices" => [1312, 6403, 6404, 6405, 6406, 6407], "equation_ok" => true, "model_ok" => false, "basic" => false, "upper" => "unbounded", "stored" => -8.999999999999997e-7)
POINT tag=correction certified=false exact_bound_failures=3 model_row_failures=1 equation_failures=0
BOUND Dict{String, Any}("exact_excess" => 1.0587911840678754e-22, "structural" => true, "basic" => true, "variable" => 2297, "upper" => "unbounded", "lower" => -1.6999999999999998e-6, "value" => -1.8e-6, "native_violation" => 1.000000000000001e-7)
BOUND Dict{String, Any}("exact_excess" => 1.0587911840678754e-22, "structural" => true, "basic" => true, "variable" => 15257, "upper" => "unbounded", "lower" => -1.6999999999999998e-6, "value" => -1.8e-6, "native_violation" => 1.000000000000001e-7)
BOUND Dict{String, Any}("exact_excess" => 1.0587911840678754e-22, "structural" => false, "basic" => true, "variable" => 60505, "upper" => "unbounded", "lower" => -1.6999999999999998e-6, "value" => -1.8e-6, "native_violation" => 1.000000000000001e-7)
ROW Dict{String, Any}("exact_bound_excess" => 9.086564924864158e-23, "activity_variable" => 60505, "exact_equation_error" => 1.5013469158145958e-23, "values" => [0.0, 0.0, 0.0, 1.5257939950526029e-6, 0.0, 0.0], "lower" => -1.6999999999999998e-6, "coefficients" => [1.0, -1.265646928, -1.228363048, -1.179713648, -1.147365664, -1.136982888], "exact_activity" => -1.8e-6, "row" => 26319, "basic_columns" => [9126], "indices" => [4060, 9124, 9125, 9126, 9127, 9128], "equation_ok" => true, "model_ok" => false, "basic" => true, "upper" => "unbounded", "stored" => -1.8e-6)
ROUNDING_REPLAY completed=true same_point=true
POINT tag=rounded certified=false exact_bound_failures=0 model_row_failures=1 equation_failures=0
ROW Dict{String, Any}("exact_bound_excess" => 9.086564924864158e-23, "activity_variable" => 60505, "exact_equation_error" => -1.9674476765542913e-22, "values" => [0.0, 0.0, 0.0, 1.5257939950526029e-6, 0.0, 0.0], "lower" => -1.6999999999999998e-6, "coefficients" => [1.0, -1.265646928, -1.228363048, -1.179713648, -1.147365664, -1.136982888], "exact_activity" => -1.8e-6, "row" => 26319, "basic_columns" => [9126], "indices" => [4060, 9124, 9125, 9126, 9127, 9128], "equation_ok" => true, "model_ok" => false, "basic" => true, "upper" => "unbounded", "stored" => -1.7999999999999997e-6)
