Test Summary:                                                       | Pass  Total  Time
Exact row feasibility preserves binary products and absolute bounds |   42     42  1.1s
Test Summary:                                                       | Pass  Total  Time
Exact row feasibility agrees with independent rational dot products |  300    300  0.4s
Test Summary:                                        | Pass  Total  Time
Moderate cancellation is decided in native precision |  640    640  0.4s
Test Summary:                                                | Pass  Total  Time
Exact fallback reads subnormal bits under flush-to-zero mode |    4      4  0.1s
Test Summary:                                         | Pass  Total  Time
Optimality certification avoids concatenation scratch |    3      3  1.6s
Test Summary:                                                   | Pass  Total  Time
Reduced-cost intervals own their arrays and retain slack values |   32     32  3.9s
Test Summary:                                                | Pass  Total  Time
Certificate reads original basic costs and actual row values |   24     24  0.3s
Test Summary:                                                   | Pass  Total  Time
Reduced-cost slack intervals preserve stored BigFloat precision |    2      2  0.0s
Test Summary:                                               | Pass  Total  Time
Exact row fallback does not allocate per matrix coefficient |    4      4  0.0s
Test Summary:                                                            | Pass  Total  Time
Conclusive native row checks do not allocate arbitrary-precision numbers |    4      4  0.1s
