rows=185 columns=420526 contributing_columns=26398
warm rss_kib=525056 vm_kib=793096 live=119499760
sample=50 result=false bytes=4701016 time=0.001344501 gc=9.95e-5
before_gc rss_kib=562044 vm_kib=829960 live=125452728
after_gc rss_kib=512996 vm_kib=789000 live=119511600
sample=100 result=false bytes=4701016 time=0.001287801 gc=0.0001006
before_gc rss_kib=553960 vm_kib=829960 live=124213864
after_gc rss_kib=513000 vm_kib=789000 live=119511600
sample=150 result=false bytes=4701016 time=0.001213 gc=0.0
before_gc rss_kib=562152 vm_kib=838152 live=128914880
after_gc rss_kib=517096 vm_kib=793096 live=119511600
sample=200 result=false bytes=4701016 time=0.001205301 gc=0.0
before_gc rss_kib=553960 vm_kib=829960 live=133615896
after_gc rss_kib=521192 vm_kib=797192 live=119511600
sample=250 result=false bytes=4701016 time=0.001167101 gc=0.0
before_gc rss_kib=558056 vm_kib=834056 live=152419928
after_gc rss_kib=525288 vm_kib=801288 live=119511600
sample=300 result=false bytes=4701016 time=0.001257701 gc=0.0
before_gc rss_kib=562152 vm_kib=838152 live=143017928
after_gc rss_kib=525288 vm_kib=801288 live=119511600
sample=350 result=false bytes=4701016 time=0.001205001 gc=0.0
before_gc rss_kib=566248 vm_kib=842248 live=128914880
after_gc rss_kib=517096 vm_kib=793096 live=119511600
sample=400 result=false bytes=4701016 time=0.001194101 gc=0.0
before_gc rss_kib=613352 vm_kib=889352 live=175925040
after_gc rss_kib=525288 vm_kib=801288 live=119511600
sample=450 result=false bytes=4701016 time=0.001143701 gc=0.0
before_gc rss_kib=617448 vm_kib=893448 live=171224024
after_gc rss_kib=525288 vm_kib=801288 live=119511600
sample=500 result=false bytes=4701016 time=0.0012438 gc=0.0
before_gc rss_kib=617448 vm_kib=893448 live=171224024
after_gc rss_kib=525288 vm_kib=801288 live=119511600
after_trim rss_kib=512996 vm_kib=789000 live=119514144
