[ Info: Loaded problem: rows=43021 columns=47148 nnz=277210
[ Info: Starting presolve
[ Info: After presolve: rows=28453 columns=31615 nnz=211789
EVENT phase_dual count=1 iter=0 row=0 entering=0 pinf=607635.5626467778 dinf=435433.7404844512
EVENT phase_auxiliary count=1 iter=0 row=0 entering=0 pinf=1549.1437325054662 dinf=0.0
[ Info: iter=80 obj=-77795.8076828801 pinf=246.1482611475381 (370) dinf=0.0 (0) time=4.0417054s
[ Info: iter=160 obj=-12567.36562365837 pinf=125.28552036200347 (292) dinf=0.0 (0) time=4.2878338s
[ Info: iter=240 obj=-817.3518407489893 pinf=22.679308522596607 (156) dinf=0.0 (0) time=4.5242684s
[ Info: iter=257 obj=-7.5095241887883935e6 pinf=383149.01107378054 (3089) dinf=36998.32632978309 (226) time=4.7017206s
[ Info: iter=337 obj=-7.8080279418388335e6 pinf=109599.0643979763 (3016) dinf=0.0 (0) time=4.9414142s
[ Info: iter=417 obj=-2.2853844035067055e6 pinf=60074.314304500804 (2933) dinf=0.0 (0) time=5.1749838s
[ Info: iter=497 obj=-535050.3445318128 pinf=52318.74765579776 (2940) dinf=0.0 (0) time=5.4268891s
[ Info: iter=577 obj=122084.0813395835 pinf=44372.84416298015 (2928) dinf=0.0 (0) time=5.6774763s
[ Info: iter=657 obj=665290.614742882 pinf=45840.522811359355 (3079) dinf=0.0 (0) time=5.9369023s
[ Info: iter=737 obj=1.8908270646782797e6 pinf=60594.25151593979 (3177) dinf=0.0 (0) time=6.1709172s
[ Info: iter=817 obj=2.600633961936228e6 pinf=250604.98091050948 (3268) dinf=0.0 (0) time=6.4470138s
EVENT correction_attempt count=1 iter=862 row=19216 entering=30678 pinf=56983.18298668216 dinf=0.0
[ Info: iter=897 obj=3.1056652271430716e6 pinf=1.5452618900441885e7 (3305) dinf=0.0 (0) time=6.794617s
[ Info: iter=977 obj=3.304762128348941e6 pinf=1.1625872576250844e7 (3379) dinf=0.0 (0) time=7.066743s
[ Info: iter=1057 obj=4.013195909713852e6 pinf=1.5415135535804698e7 (3472) dinf=0.0 (0) time=7.3545211s
[ Info: iter=1137 obj=4.291826210927482e6 pinf=6.960242769178918e7 (3512) dinf=0.0 (0) time=7.6199394s
EVENT correction_attempt count=2 iter=1148 row=8351 entering=24123 pinf=2.0773584763306715e7 dinf=0.0
EVENT correction_attempt count=3 iter=1162 row=6666 entering=26866 pinf=4.091505589826104e13 dinf=0.0
EVENT correction_attempt count=4 iter=1168 row=791 entering=29481 pinf=1.7790434330650166e7 dinf=0.0
EVENT correction_attempt count=5 iter=1171 row=8335 entering=28695 pinf=1.7507992183034567e6 dinf=0.0
EVENT correction_attempt count=6 iter=1172 row=8377 entering=39992 pinf=2.4746549314783486e6 dinf=0.0
EVENT correction_attempt count=7 iter=1203 row=8363 entering=39978 pinf=1.0082929505923096e7 dinf=0.0
EVENT correction_attempt count=8 iter=1204 row=880 entering=39964 pinf=1.3121198821928477e7 dinf=0.0
EVENT correction_attempt count=9 iter=1205 row=8349 entering=24121 pinf=1.2538296280225458e7 dinf=0.0
[ Info: iter=1217 obj=4.499001270298317e6 pinf=1.1508523887585658e6 (3567) dinf=0.0 (0) time=8.6132801s
[ Info: iter=1297 obj=5.209669464037774e6 pinf=1.3055362701056267e6 (3619) dinf=0.0 (0) time=8.9033923s
[ Info: iter=1377 obj=5.572191591886781e6 pinf=1.0308339924757545e6 (3674) dinf=0.0 (0) time=9.1960157s
[ Info: iter=1457 obj=5.7219341393340295e6 pinf=1.0314428227552526e6 (3713) dinf=0.0 (0) time=9.4992636s
[ Info: iter=1537 obj=6.014248104757896e6 pinf=1.0397948352260684e6 (3751) dinf=0.0 (0) time=9.7745505s
[ Info: iter=1617 obj=6.1504740102926325e6 pinf=1.049099170302931e6 (3772) dinf=0.0 (0) time=10.0775032s
[ Info: iter=1697 obj=6.16155597346762e6 pinf=1.3189586551222994e6 (3807) dinf=0.0 (0) time=10.3711461s
[ Info: iter=1777 obj=6.172808337724656e6 pinf=1.0797015814229487e6 (3819) dinf=0.0 (0) time=10.6971674s
[ Info: iter=1857 obj=6.556885252735183e6 pinf=1.0948780837426558e6 (3875) dinf=0.0 (0) time=11.0019062s
[ Info: iter=1937 obj=6.659012985291194e6 pinf=1.0528924983371154e6 (3888) dinf=0.0 (0) time=11.3090358s
[ Info: iter=2017 obj=6.70772655089972e6 pinf=897578.2700279733 (3895) dinf=0.0 (0) time=11.5853004s
[ Info: iter=2097 obj=6.73545068027843e6 pinf=1.1843396754014124e6 (3918) dinf=0.0 (0) time=11.9074597s
[ Info: iter=2177 obj=6.767495685355051e6 pinf=1.3448674281572984e6 (3948) dinf=0.0 (0) time=12.2348175s
[ Info: iter=2257 obj=6.927682548881706e6 pinf=1.075181723288842e6 (3938) dinf=0.0 (0) time=12.5399365s
EVENT correction_attempt count=10 iter=2292 row=19242 entering=50530 pinf=1.175836856596162e6 dinf=0.0
[ Info: iter=2337 obj=6.966405897340971e6 pinf=1.079060053550421e6 (3981) dinf=0.0 (0) time=12.8256365s
[ Info: iter=2417 obj=6.966405897340971e6 pinf=1.093368064139106e6 (4009) dinf=0.0 (0) time=13.1579339s
[ Info: iter=2497 obj=6.979786492244232e6 pinf=1.1637207280290239e6 (4052) dinf=0.0 (0) time=13.4642942s
[ Info: iter=2577 obj=7.084209436031687e6 pinf=1.2113562733545436e6 (4075) dinf=0.0 (0) time=13.776677s
[ Info: iter=2657 obj=7.258232212662144e6 pinf=1.1069341823074552e6 (4055) dinf=0.0 (0) time=14.0829717s
[ Info: iter=2737 obj=7.617410904789973e6 pinf=1.300560308354009e6 (4049) dinf=0.0 (0) time=15.2500905s
[ Info: iter=2817 obj=7.897646073056151e6 pinf=1.3207182647613278e6 (4077) dinf=0.0 (0) time=15.5932901s
[ Info: iter=2897 obj=8.052770962290285e6 pinf=1.3622431240921535e6 (4104) dinf=0.0 (0) time=15.9129058s
[ Info: iter=2977 obj=8.69669259696465e6 pinf=1.8031339413923689e6 (4112) dinf=0.0 (0) time=16.2283815s
[ Info: iter=3057 obj=1.027429157540722e7 pinf=644100.1951309528 (4126) dinf=0.0 (0) time=16.5889772s
[ Info: iter=3137 obj=1.0312708801265504e7 pinf=7.183407759744476e6 (4144) dinf=0.0 (0) time=16.9095405s
[ Info: iter=3217 obj=1.0377113417690162e7 pinf=1.8700531924955554e6 (4151) dinf=0.0 (0) time=17.2458029s
[ Info: iter=3297 obj=1.0857122553159997e7 pinf=1.519979018047253e6 (4187) dinf=0.0 (0) time=17.5706986s
[ Info: iter=3377 obj=1.0873172984273545e7 pinf=1.5316402621272486e6 (4200) dinf=0.0 (0) time=17.8987178s
[ Info: iter=3457 obj=1.0906128690885544e7 pinf=6.346332823787981e7 (4215) dinf=0.0 (0) time=18.2650705s
[ Info: iter=3537 obj=1.0999325822554588e7 pinf=6.34746790628838e7 (4246) dinf=0.0 (0) time=18.632479s
[ Info: iter=3617 obj=1.112472790134859e7 pinf=6.344775147280703e7 (4247) dinf=0.0 (0) time=18.9540044s
[ Info: iter=3697 obj=1.1145329873170376e7 pinf=6.345780827822138e7 (4258) dinf=0.0 (0) time=19.3182555s
[ Info: iter=3777 obj=1.1147052571594715e7 pinf=6.3474537064177535e7 (4282) dinf=0.0 (0) time=19.6905205s
[ Info: iter=3857 obj=1.1207352206182003e7 pinf=6.344936656499534e7 (4312) dinf=0.0 (0) time=20.0488112s
[ Info: iter=3937 obj=1.1225825291363716e7 pinf=6.350808805886601e7 (4320) dinf=0.0 (0) time=20.4194156s
[ Info: iter=4017 obj=1.1225825291363716e7 pinf=1.1908203593139125e8 (4318) dinf=0.0 (0) time=20.766438s
[ Info: iter=4097 obj=1.1770503070056915e7 pinf=1.1027886324878584e8 (4328) dinf=0.0 (0) time=21.1153669s
[ Info: iter=4177 obj=1.419875956947422e7 pinf=1.1020053359498502e8 (4354) dinf=0.0 (0) time=21.4513075s
[ Info: iter=4257 obj=1.451466081195736e7 pinf=1.1021774667159855e8 (4337) dinf=0.0 (0) time=21.7945239s
[ Info: iter=4337 obj=1.4538178613207817e7 pinf=1.102253518355981e8 (4357) dinf=0.0 (0) time=22.1702102s
[ Info: iter=4417 obj=1.4538178613207817e7 pinf=1.1023877405442192e8 (4370) dinf=0.0 (0) time=22.5527929s
[ Info: iter=4497 obj=1.4538178613207817e7 pinf=1.1023766682103316e8 (4386) dinf=0.0 (0) time=22.9130466s
[ Info: iter=4577 obj=1.4538178613206863e7 pinf=1.1033784993048681e8 (4418) dinf=0.0 (0) time=23.2812481s
[ Info: iter=4657 obj=1.4541402632258415e7 pinf=1.104738489944986e8 (4407) dinf=0.0 (0) time=23.6426316s
[ Info: iter=4737 obj=1.646330579842949e7 pinf=8.784791628634341e7 (4435) dinf=0.0 (0) time=23.993094s
[ Info: iter=4817 obj=1.7235982658109188e7 pinf=8.788277400083436e7 (4481) dinf=0.0 (0) time=24.3646743s
[ Info: iter=4897 obj=1.9356182035043e7 pinf=4.831752884769664e7 (4469) dinf=0.0 (0) time=24.7329013s
[ Info: iter=4977 obj=2.0503781201890945e7 pinf=5.940733047879219e7 (4471) dinf=0.0 (0) time=25.1102243s
PROGRESS iter=5000 pinf=9.353432379854885e7 dinf=0.0 refs=63
[ Info: iter=5057 obj=2.0614263107242107e7 pinf=4.9093694345225096e7 (4510) dinf=0.0 (0) time=25.5432516s
[ Info: iter=5137 obj=2.0643458742108107e7 pinf=4.946750201827193e7 (4517) dinf=0.0 (0) time=25.9229435s
[ Info: iter=5217 obj=2.0654743910079956e7 pinf=5.35436085808419e7 (4547) dinf=0.0 (0) time=26.3053098s
[ Info: iter=5297 obj=2.1680487557564497e7 pinf=5.6380943746788025e7 (4565) dinf=0.0 (0) time=26.6901168s
[ Info: iter=5377 obj=2.2209063469950914e7 pinf=5.63808927238431e7 (4605) dinf=0.0 (0) time=27.0849478s
[ Info: iter=5457 obj=2.2426193665446997e7 pinf=5.6377850662480466e7 (4640) dinf=0.0 (0) time=27.4979012s
[ Info: iter=5537 obj=2.2506042197006226e7 pinf=5.642644891651697e7 (4638) dinf=0.0 (0) time=27.870408s
[ Info: iter=5617 obj=2.3161843558611393e7 pinf=4.060691727050266e7 (4642) dinf=0.0 (0) time=28.3691039s
[ Info: iter=5697 obj=2.3299881014220238e7 pinf=3.6399772908913285e7 (4649) dinf=0.0 (0) time=28.831904s
[ Info: iter=5777 obj=2.331911413845396e7 pinf=3.63983151167123e7 (4660) dinf=0.0 (0) time=29.2109431s
[ Info: iter=5857 obj=2.334650833581972e7 pinf=3.475998377998448e7 (4698) dinf=0.0 (0) time=29.6197087s
[ Info: iter=5937 obj=2.335275878524947e7 pinf=3.495630347440309e7 (4747) dinf=0.0 (0) time=30.0465418s
[ Info: iter=6017 obj=2.3352758785249233e7 pinf=3.5982353217190795e7 (4771) dinf=0.0 (0) time=30.4773918s
[ Info: iter=6097 obj=2.3352758785249233e7 pinf=5.4125536983224705e7 (4800) dinf=0.0 (0) time=30.8884254s
[ Info: iter=6177 obj=2.3352758785249233e7 pinf=5.488876061298875e7 (4809) dinf=0.0 (0) time=31.3159073s
[ Info: iter=6257 obj=2.3352758785245657e7 pinf=5.5606590028270625e7 (4816) dinf=0.0 (0) time=31.7405233s
[ Info: iter=6337 obj=2.3352758778604984e7 pinf=5.296469336755775e7 (4843) dinf=0.0 (0) time=32.1645803s
[ Info: iter=6417 obj=2.335275878538704e7 pinf=4.7715745512101316e8 (4854) dinf=0.0 (0) time=32.6989176s
[ Info: iter=6497 obj=2.3380228232861698e7 pinf=1.8530113835030315e10 (4851) dinf=0.0 (0) time=33.2133819s
[ Info: iter=6577 obj=2.3385845593865633e7 pinf=5.843754085008107e9 (4843) dinf=0.0 (0) time=33.6912474s
[ Info: iter=6657 obj=2.3617106140240908e7 pinf=2.6880410090307283e9 (4900) dinf=0.0 (0) time=34.140067s
[ Info: iter=6737 obj=2.4099818925709486e7 pinf=2.699140461979521e9 (4908) dinf=0.0 (0) time=34.5763029s
[ Info: iter=6817 obj=2.4916141747229576e7 pinf=1.0974062310500193e9 (4892) dinf=0.0 (0) time=34.9849992s
[ Info: iter=6897 obj=2.4931476998680353e7 pinf=1.0975972669816432e9 (4901) dinf=0.0 (0) time=35.3992921s
[ Info: iter=6977 obj=2.4962845939838648e7 pinf=1.0974250583623424e9 (4946) dinf=0.0 (0) time=35.8676996s
EVENT refactor_residual count=1 iter=7011 row=993 entering=2313 pinf=5.1767147678205e11 dinf=0.0
PIVOT stored_forward=-0.02526594607477256 stored_tableau=-0.025265946074772585 direction_norm=5.375742894553005e7 row_residual_ratio=0.009769962616701378
SNAPSHOT .\ft-capture.toml.refactor_residual.7011.bin
[ Info: iter=7011 obj=2.493694257836914e7 pinf=5.176716619219481e11 (4950) dinf=1.2211147272842064e-5 (35) time=37.9005962s
EVENT correction_attempt count=100 iter=7027 row=24658 entering=7414 pinf=1.3255663234124595e12 dinf=0.0
[ Info: iter=7091 obj=2.5044780994981527e7 pinf=1.0254771245174214e9 (4938) dinf=0.0 (0) time=39.9656746s
[ Info: iter=7171 obj=2.5058723610534668e7 pinf=1.0254849317714064e9 (4976) dinf=0.0 (0) time=40.4240782s
[ Info: iter=7251 obj=2.5059834574564934e7 pinf=1.0254872743665552e9 (4952) dinf=0.0 (0) time=40.8831924s
[ Info: iter=7331 obj=2.5076100460170746e7 pinf=1.7576626726707904e9 (4995) dinf=0.0 (0) time=41.3335244s
EVENT correction_attempt count=200 iter=7395 row=25200 entering=2940 pinf=1.807815369018084e9 dinf=0.0
[ Info: iter=7411 obj=2.5131419353164434e7 pinf=1.625462661613947e9 (5088) dinf=0.0 (0) time=41.8527568s
[ Info: iter=7491 obj=2.517761887027645e7 pinf=1.3599645666093657e9 (5147) dinf=0.0 (0) time=42.2997334s
[ Info: iter=7571 obj=2.5418248989201784e7 pinf=1.3495747002489753e9 (5116) dinf=0.0 (0) time=42.7408004s
[ Info: iter=7651 obj=2.553762185266882e7 pinf=5.358903087336218e6 (5057) dinf=0.0 (0) time=43.2197303s
[ Info: iter=7731 obj=2.7198939219044764e7 pinf=139567.27936828238 (4936) dinf=0.0 (0) time=43.6702219s
EVENT refactor_residual count=2 iter=7799 row=19970 entering=41745 pinf=2.966724231990076e12 dinf=0.0
PIVOT stored_forward=-1.4742084041538055 stored_tableau=-1.4742084041538057 direction_norm=6.368193298900176e9 row_residual_ratio=0.0026202256231464037
[ Info: iter=7799 obj=2.724119024609375e7 pinf=2.9667227621205547e12 (5023) dinf=0.0 (0) time=44.080413s
[ Info: iter=7879 obj=2.759193684004582e7 pinf=193722.5515547836 (5042) dinf=0.0 (0) time=44.5368616s
[ Info: iter=7959 obj=2.764067776169109e7 pinf=231884.83024336494 (5103) dinf=0.0 (0) time=44.9873026s
[ Info: iter=8039 obj=2.769911990480405e7 pinf=261543.21514413506 (5140) dinf=0.0 (0) time=45.4664239s
[ Info: iter=8119 obj=2.7718529330626886e7 pinf=105165.10865004727 (5168) dinf=0.0 (0) time=45.9658557s
[ Info: iter=8199 obj=2.7753088486941993e7 pinf=156449.46219834773 (5193) dinf=0.0 (0) time=46.4323482s
[ Info: iter=8279 obj=2.7776155637512468e7 pinf=71490.30588287573 (5089) dinf=0.0 (0) time=46.8899943s
[ Info: iter=8359 obj=2.780220160504371e7 pinf=67116.17724343282 (5017) dinf=0.0 (0) time=47.3724957s
[ Info: iter=8439 obj=2.7952589805731002e7 pinf=111897.7117455518 (4972) dinf=0.0 (0) time=47.8418982s
[ Info: iter=8519 obj=2.800342442520899e7 pinf=133410.35719258635 (5023) dinf=0.0 (0) time=48.325103s
[ Info: iter=8599 obj=2.80504317973388e7 pinf=50738.20691287966 (5005) dinf=0.0 (0) time=48.7840939s
[ Info: iter=8679 obj=2.8093817977564678e7 pinf=86482.64585196853 (5092) dinf=0.0 (0) time=49.2947466s
[ Info: iter=8759 obj=2.8122314108086854e7 pinf=151944.95661010282 (5087) dinf=0.0 (0) time=49.750297s
[ Info: iter=8839 obj=2.8149565143674657e7 pinf=427305.99783823383 (5244) dinf=0.0 (0) time=50.2564646s
[ Info: iter=8919 obj=2.8169369069495775e7 pinf=430786.6881513785 (5174) dinf=0.0 (0) time=50.7690051s
[ Info: iter=8999 obj=2.82116198184334e7 pinf=85020.23675414392 (5303) dinf=0.0 (0) time=51.2946246s
[ Info: iter=9079 obj=2.8424139106792375e7 pinf=54348.30369430303 (5244) dinf=0.0 (0) time=51.7499687s
[ Info: iter=9159 obj=2.8492359040707618e7 pinf=384167.006054059 (5335) dinf=0.0 (0) time=52.2497977s
[ Info: iter=9239 obj=2.8545175677660316e7 pinf=103000.84688318953 (5226) dinf=0.0 (0) time=52.7465035s
[ Info: iter=9319 obj=2.8725428295948256e7 pinf=109071.99259405323 (5293) dinf=0.0 (0) time=53.262775s
[ Info: iter=9399 obj=2.8855644396452934e7 pinf=97949.78418829436 (5232) dinf=0.0 (0) time=53.7679374s
[ Info: iter=9479 obj=2.8982784538443826e7 pinf=44132.346513041666 (5225) dinf=0.0 (0) time=54.2611021s
[ Info: iter=9559 obj=2.9114346711669028e7 pinf=46165.50820032192 (5220) dinf=0.0 (0) time=54.7775362s
[ Info: iter=9639 obj=2.917098919653281e7 pinf=71203.79623428689 (5210) dinf=0.0 (0) time=55.2751669s
[ Info: iter=9719 obj=2.9295717200281292e7 pinf=65027.17177692318 (5274) dinf=0.0 (0) time=55.7649199s
[ Info: iter=9799 obj=2.9371390132849887e7 pinf=88330.86205904238 (5240) dinf=0.0 (0) time=56.2650512s
[ Info: iter=9879 obj=2.9465103453290515e7 pinf=188679.27966393885 (5221) dinf=0.0 (0) time=56.7907114s
[ Info: iter=9959 obj=2.9534986776337497e7 pinf=56318.99578383115 (5227) dinf=0.0 (0) time=57.3103288s
PROGRESS iter=10000 pinf=61588.61947266251 dinf=0.0 refs=126
[ Info: iter=10039 obj=2.9852470938149218e7 pinf=113704.30738887755 (5193) dinf=0.0 (0) time=57.8304312s
[ Info: iter=10119 obj=3.0045370930331558e7 pinf=46572.94465031274 (5230) dinf=0.0 (0) time=58.3743148s
[ Info: iter=10199 obj=3.016254424044813e7 pinf=75193.96353179679 (5229) dinf=0.0 (0) time=58.8965315s
[ Info: iter=10279 obj=3.021888937916776e7 pinf=30544.504538855745 (5190) dinf=0.0 (0) time=59.4289863s
[ Info: iter=10359 obj=3.0444979888830066e7 pinf=32860.632914958514 (5238) dinf=0.0 (0) time=59.9324935s
[ Info: iter=10439 obj=3.1356948858335193e7 pinf=31531.653996452027 (5205) dinf=0.0 (0) time=60.4711837s
[ Info: iter=10519 obj=3.159988931590443e7 pinf=31943.34803490306 (5168) dinf=0.0 (0) time=60.9790926s
[ Info: iter=10599 obj=3.1819779066944007e7 pinf=3.6396605637674816e6 (5210) dinf=0.0 (0) time=61.4962795s
[ Info: iter=10679 obj=3.2237002889691394e7 pinf=51290.194427666705 (5252) dinf=0.0 (0) time=62.0361326s
[ Info: iter=10759 obj=3.233378181833564e7 pinf=44205.96722836911 (5286) dinf=0.0 (0) time=62.5638411s
[ Info: iter=10839 obj=3.239588870234602e7 pinf=174394.98218152244 (5287) dinf=0.0 (0) time=63.0926264s
[ Info: iter=10919 obj=3.252450720557838e7 pinf=28499.14111839699 (5229) dinf=0.0 (0) time=63.6260193s
[ Info: iter=10999 obj=3.2631761793432076e7 pinf=479223.59309546946 (5303) dinf=0.0 (0) time=64.1479549s
[ Info: iter=11079 obj=3.2663370583839066e7 pinf=78156.88138066149 (5270) dinf=0.0 (0) time=64.6774103s
[ Info: iter=11159 obj=3.2687438667691637e7 pinf=364395.06376534945 (5332) dinf=0.0 (0) time=65.2059734s
[ Info: iter=11239 obj=3.2701442081509013e7 pinf=96908.08865817638 (5328) dinf=0.0 (0) time=65.743514s
[ Info: iter=11319 obj=3.2737038127826683e7 pinf=26153.469222758387 (5289) dinf=0.0 (0) time=66.2776887s
[ Info: iter=11399 obj=3.2933902505457632e7 pinf=63278.53943201207 (5352) dinf=0.0 (0) time=66.8251534s
[ Info: iter=11479 obj=3.2999212900820017e7 pinf=52361.97600588869 (5391) dinf=0.0 (0) time=67.3396938s
[ Info: iter=11559 obj=3.3126085973515116e7 pinf=91446.84407437129 (5449) dinf=0.0 (0) time=67.8711378s
[ Info: iter=11639 obj=3.3151845047606714e7 pinf=95686.08260111153 (5431) dinf=0.0 (0) time=68.3963491s
[ Info: iter=11719 obj=3.3173185040797308e7 pinf=427694.4581965957 (5358) dinf=0.0 (0) time=68.9515783s
[ Info: iter=11799 obj=3.3214011644340314e7 pinf=88284.18459897029 (5394) dinf=0.0 (0) time=69.4994298s
[ Info: iter=11879 obj=3.325209759208822e7 pinf=35413.70043258123 (5315) dinf=0.0 (0) time=70.0425075s
[ Info: iter=11959 obj=3.329344128751434e7 pinf=40091.20200835459 (5297) dinf=0.0 (0) time=70.5769816s
[ Info: iter=12039 obj=3.3305017352656268e7 pinf=55609.42203786433 (5306) dinf=0.0 (0) time=71.1220187s
[ Info: iter=12119 obj=3.3356899290826358e7 pinf=67563.44536030547 (5414) dinf=0.0 (0) time=71.6660119s
[ Info: iter=12199 obj=3.344745174371175e7 pinf=32819.08564545577 (5400) dinf=0.0 (0) time=72.2192743s
[ Info: iter=12279 obj=3.3463213430084914e7 pinf=55620.61776384942 (5435) dinf=0.0 (0) time=72.7759502s
[ Info: iter=12359 obj=3.3472020365092453e7 pinf=27712.73075570151 (5427) dinf=0.0 (0) time=73.3283074s
[ Info: iter=12439 obj=3.3481159772318315e7 pinf=36964.68268989811 (5452) dinf=0.0 (0) time=73.8770572s
[ Info: iter=12519 obj=3.3488140864519227e7 pinf=27053.82673710607 (5444) dinf=0.0 (0) time=74.4271132s
[ Info: iter=12599 obj=3.3496325874670394e7 pinf=70272.41872746471 (5527) dinf=0.0 (0) time=74.9522095s
[ Info: iter=12679 obj=3.3522304166180346e7 pinf=99008.05103951893 (5472) dinf=0.0 (0) time=75.4862532s
[ Info: iter=12759 obj=3.3553377064405058e7 pinf=131221.55432978494 (5604) dinf=0.0 (0) time=76.0405294s
[ Info: iter=12839 obj=3.361383216898398e7 pinf=211800.41487261234 (5503) dinf=0.0 (0) time=76.5808934s
[ Info: iter=12919 obj=3.363435463283716e7 pinf=57397.360861334106 (5501) dinf=0.0 (0) time=77.1207348s
[ Info: iter=12999 obj=3.364419542985574e7 pinf=35943.7088245635 (5520) dinf=0.0 (0) time=77.6583761s
[ Info: iter=13079 obj=3.367991876871526e7 pinf=29738.17857124293 (5539) dinf=0.0 (0) time=78.2124947s
[ Info: iter=13159 obj=3.370082438157977e7 pinf=65356.21816332332 (5629) dinf=0.0 (0) time=78.7739362s
[ Info: iter=13239 obj=3.371412654510736e7 pinf=34477.342595421906 (5586) dinf=0.0 (0) time=79.3543374s
[ Info: iter=13319 obj=3.373664552061933e7 pinf=66310.3030790688 (5641) dinf=0.0 (0) time=79.9581773s
[ Info: iter=13399 obj=3.375946224477832e7 pinf=154473.67072266218 (5716) dinf=0.0 (0) time=80.5274545s
[ Info: iter=13479 obj=3.377316490519904e7 pinf=34392.252005717026 (5627) dinf=0.0 (0) time=81.1388995s
[ Info: iter=13559 obj=3.3847832621181086e7 pinf=73737.28604236116 (5669) dinf=0.0 (0) time=81.6963406s
[ Info: iter=13639 obj=3.3918424126514226e7 pinf=54683.308868009284 (5645) dinf=0.0 (0) time=82.2463224s
[ Info: iter=13719 obj=3.4127678303227305e7 pinf=80490.7050123422 (5759) dinf=0.0 (0) time=82.7814945s
[ Info: iter=13879 obj=3.4628838924330086e7 pinf=255977.20265331597 (5780) dinf=0.0 (0) time=83.8683695s
[ Info: iter=14039 obj=3.4841536286781564e7 pinf=104196.51516308905 (5665) dinf=0.0 (0) time=85.0678617s
[ Info: iter=14199 obj=3.605251550453277e7 pinf=340788.9771398908 (5902) dinf=0.0 (0) time=86.2951164s
[ Info: iter=14359 obj=3.6143158044989154e7 pinf=131391.29725932216 (5891) dinf=0.0 (0) time=87.4549806s
[ Info: iter=14519 obj=3.6373188326959126e7 pinf=817821.4759219545 (5882) dinf=0.0 (0) time=88.5472462s
[ Info: iter=14679 obj=3.665074332501933e7 pinf=2.5043287286181822e6 (5893) dinf=0.0 (0) time=89.7693708s
[ Info: iter=14839 obj=3.680933404126404e7 pinf=313666.3330193269 (5760) dinf=0.0 (0) time=91.0043614s
[ Info: iter=14999 obj=3.720970702972317e7 pinf=113094.38683838914 (5721) dinf=0.0 (0) time=92.1954447s
PROGRESS iter=15000 pinf=75138.8114377731 dinf=0.0 refs=181
[ Info: iter=15159 obj=3.753763041860218e7 pinf=59459.37585313236 (5764) dinf=0.0 (0) time=93.5030262s
[ Info: iter=15319 obj=3.7849923595577136e7 pinf=70368.99292616913 (5824) dinf=0.0 (0) time=94.7361515s
[ Info: iter=15479 obj=3.831807365070023e7 pinf=56159.02252064922 (5761) dinf=0.0 (0) time=96.1023854s
[ Info: iter=15639 obj=3.849659503297283e7 pinf=96318.41354767955 (5784) dinf=0.0 (0) time=97.2857234s
[ Info: iter=15799 obj=3.8720317425541595e7 pinf=134779.73153445608 (5777) dinf=0.0 (0) time=98.613104s
[ Info: iter=15959 obj=3.8967021524264336e7 pinf=1.2983214443067536e6 (5833) dinf=0.0 (0) time=99.9810094s
[ Info: iter=16119 obj=3.921308142121204e7 pinf=2.475391745820248e6 (5968) dinf=0.0 (0) time=101.2189365s
[ Info: iter=16279 obj=3.990490120940417e7 pinf=270933.05559773074 (5859) dinf=0.0 (0) time=102.4798651s
[ Info: iter=16439 obj=3.997056598911032e7 pinf=5.198300221943406e6 (5996) dinf=0.0 (0) time=103.765338s
EVENT correction_attempt count=300 iter=16467 row=24872 entering=20402 pinf=117845.81815430641 dinf=0.0
[ Info: iter=16599 obj=4.015655488895166e7 pinf=205241.16755019818 (5847) dinf=0.0 (0) time=105.0815631s
[ Info: iter=16759 obj=4.0684989863106996e7 pinf=261024.17754528418 (5751) dinf=0.0 (0) time=106.4022076s
[ Info: iter=16919 obj=4.0996758034190744e7 pinf=156338.8515707243 (5746) dinf=0.0 (0) time=107.8013747s
[ Info: iter=17079 obj=4.109492484947671e7 pinf=3.8816594716225024e6 (6149) dinf=0.0 (0) time=109.2045012s
[ Info: iter=17239 obj=4.115933548182408e7 pinf=2.384936759571462e6 (6079) dinf=0.0 (0) time=110.678474s
EVENT correction_attempt count=400 iter=17373 row=6729 entering=16190 pinf=2.141677041528127e6 dinf=0.0
[ Info: iter=17399 obj=4.118550173694275e7 pinf=8.056837795582898e6 (6179) dinf=0.0 (0) time=112.5317899s
[ Info: iter=17559 obj=4.1230456896882504e7 pinf=4.4950149339320185e6 (5923) dinf=0.0 (0) time=114.1139415s
[ Info: iter=17719 obj=4.128113845407796e7 pinf=1.1990879232770793e7 (5930) dinf=0.0 (0) time=115.7723801s
[ Info: iter=17879 obj=4.143382657681297e7 pinf=1.2266845541422633e6 (6029) dinf=0.0 (0) time=117.1604788s
[ Info: iter=18039 obj=4.153680079393618e7 pinf=3.33900371112538e7 (6014) dinf=0.0 (0) time=118.6567275s
EVENT correction_attempt count=500 iter=18114 row=13150 entering=21975 pinf=1.0969643310619963e6 dinf=0.0
[ Info: iter=18199 obj=4.1579151001440905e7 pinf=647038.3718139363 (5835) dinf=0.0 (0) time=120.5454995s
[ Info: iter=18359 obj=4.161542572918258e7 pinf=102723.65608771873 (5547) dinf=0.0 (0) time=122.0575131s
[ Info: iter=18519 obj=4.1645364722634956e7 pinf=745692.9523671127 (5635) dinf=0.0 (0) time=123.5044054s
[ Info: iter=18679 obj=4.17772618043591e7 pinf=446940.8099069792 (5688) dinf=0.0 (0) time=124.7780318s
[ Info: iter=18839 obj=4.1876253363229685e7 pinf=2.4318671327521796e6 (5733) dinf=0.0 (0) time=126.0981168s
[ Info: iter=18999 obj=4.1911130994782835e7 pinf=2.8207543775663357e6 (5831) dinf=0.0 (0) time=127.4093816s
[ Info: iter=19159 obj=4.193473491565719e7 pinf=836121.2777503452 (5692) dinf=0.0 (0) time=128.7299536s
[ Info: iter=19319 obj=4.194337993237935e7 pinf=394704.34724161465 (5700) dinf=0.0 (0) time=130.080311s
[ Info: iter=19479 obj=4.195580329071371e7 pinf=1.2285948813676676e6 (5773) dinf=0.0 (0) time=131.3953103s
[ Info: iter=19639 obj=4.1975491801389605e7 pinf=1.338986838343068e6 (5752) dinf=0.0 (0) time=132.7658943s
[ Info: iter=19799 obj=4.20977427554518e7 pinf=358575.5954715956 (5543) dinf=0.0 (0) time=135.3807203s
[ Info: iter=19959 obj=4.2244653899941824e7 pinf=934930.9037016919 (5608) dinf=0.0 (0) time=136.8184147s
EVENT correction_attempt count=600 iter=19981 row=12695 entering=22970 pinf=95071.91210619139 dinf=0.0
PROGRESS iter=20000 pinf=90871.62147475228 dinf=0.0 refs=212
[ Info: iter=20119 obj=4.2489932904967204e7 pinf=1.2578314546495783e6 (5656) dinf=0.0 (0) time=138.209571s
[ Info: iter=20279 obj=4.2534257707933806e7 pinf=166461.13079387162 (5313) dinf=0.0 (0) time=139.672969s
[ Info: iter=20439 obj=4.2581130558763996e7 pinf=1.135988307314789e6 (5651) dinf=0.0 (0) time=141.0433424s
[ Info: iter=20599 obj=4.2615884527823776e7 pinf=1.213116292089381e6 (5540) dinf=0.0 (0) time=142.4759333s
[ Info: iter=20759 obj=4.2667804134264536e7 pinf=1.0914522009561015e6 (5704) dinf=0.0 (0) time=144.0028359s
[ Info: iter=20919 obj=4.2704438766938016e7 pinf=252290.98845607074 (5394) dinf=0.0 (0) time=145.5263136s
[ Info: iter=21079 obj=4.27270415954944e7 pinf=819331.300637282 (5452) dinf=0.0 (0) time=146.9355832s
[ Info: iter=21239 obj=4.280301728873675e7 pinf=175381.99231645357 (5327) dinf=0.0 (0) time=148.4469785s
[ Info: iter=21399 obj=4.286117045711361e7 pinf=3.9896500731006362e6 (5667) dinf=0.0 (0) time=149.9636164s
[ Info: iter=21559 obj=4.2922761138860196e7 pinf=1.724549192117964e6 (5552) dinf=0.0 (0) time=151.48992s
[ Info: iter=21719 obj=4.319169369437482e7 pinf=238105.5688255204 (5197) dinf=0.0 (0) time=153.2614909s
[ Info: iter=21879 obj=4.321741593224323e7 pinf=2.494120525678395e6 (5605) dinf=0.0 (0) time=154.8312018s
EVENT correction_attempt count=700 iter=21958 row=9602 entering=52553 pinf=5.881250879527992e7 dinf=0.0
[ Info: iter=22039 obj=4.324953000011933e7 pinf=4.22286731596163e6 (5429) dinf=0.0 (0) time=156.3963401s
[ Info: iter=22199 obj=4.329033598954465e7 pinf=1.8132685209347766e6 (5474) dinf=0.0 (0) time=157.8746731s
[ Info: iter=22359 obj=4.343797251913634e7 pinf=368082.5493247704 (5285) dinf=0.0 (0) time=159.335108s
[ Info: iter=22519 obj=4.3472648095063e7 pinf=3.3872123957232665e6 (5676) dinf=0.0 (0) time=160.8082091s
[ Info: iter=22679 obj=4.373388211238983e7 pinf=244061.72189804947 (5421) dinf=0.0 (0) time=162.3277177s
[ Info: iter=22839 obj=4.377904032008389e7 pinf=2.060883231229513e6 (5642) dinf=0.0 (0) time=163.848159s
[ Info: iter=22999 obj=4.3988614259399444e7 pinf=1.3024562170052286e6 (5214) dinf=0.0 (0) time=165.2773275s
[ Info: iter=23159 obj=4.404107423329864e7 pinf=194302.896398297 (5156) dinf=0.0 (0) time=166.732346s
[ Info: iter=23319 obj=4.4061727330808856e7 pinf=707455.5956716995 (5334) dinf=0.0 (0) time=168.2847756s
[ Info: iter=23479 obj=4.407213773562661e7 pinf=5.080364147633397e6 (5607) dinf=0.0 (0) time=169.839454s
[ Info: iter=23639 obj=4.411576450000273e7 pinf=799593.0199228271 (5275) dinf=0.0 (0) time=171.3620734s
EVENT correction_attempt count=800 iter=23785 row=1755 entering=36844 pinf=331482.3450461107 dinf=0.0
[ Info: iter=23799 obj=4.414268227496837e7 pinf=1.4488335780042945e6 (5377) dinf=0.0 (0) time=173.0048661s
[ Info: iter=23959 obj=4.4149326066279165e7 pinf=290164.637340185 (5248) dinf=0.0 (0) time=174.6460142s
[ Info: iter=24119 obj=4.4167742060671516e7 pinf=2.80868677079046e6 (5505) dinf=0.0 (0) time=176.185108s
[ Info: iter=24279 obj=4.418220799944583e7 pinf=1.4982811408022807e6 (5304) dinf=0.0 (0) time=177.8021391s
[ Info: iter=24439 obj=4.429792606185432e7 pinf=109171.0841715416 (5107) dinf=0.0 (0) time=179.4030921s
EVENT correction_attempt count=900 iter=24502 row=25794 entering=19291 pinf=1.1770167943778643e6 dinf=0.0
[ Info: iter=24599 obj=4.430862354935048e7 pinf=1.8882537149621213e6 (5389) dinf=0.0 (0) time=180.9852382s
[ Info: iter=24759 obj=4.431598775274662e7 pinf=3.9443066989313955e6 (5480) dinf=0.0 (0) time=182.6745713s
[ Info: iter=24919 obj=4.4338382496467836e7 pinf=1.6813975081872414e6 (5133) dinf=0.0 (0) time=184.2827161s
PROGRESS iter=25000 pinf=480445.99321334163 dinf=0.0 refs=243
[ Info: iter=25079 obj=4.4550802939815484e7 pinf=1.1296064694994618e6 (5015) dinf=0.0 (0) time=185.7503594s
[ Info: iter=25239 obj=4.465383350648188e7 pinf=8.50705077101022e6 (5204) dinf=0.0 (0) time=187.2304577s
[ Info: iter=25399 obj=4.4663074678905085e7 pinf=526538.4245917381 (4867) dinf=0.0 (0) time=188.7818378s
[ Info: iter=25559 obj=4.4678537612071194e7 pinf=9.668469691746324e6 (5179) dinf=0.0 (0) time=190.4042747s
EVENT correction_attempt count=1000 iter=25712 row=3421 entering=12572 pinf=1.313644889988855e7 dinf=0.0
[ Info: iter=25719 obj=4.468614627814404e7 pinf=1.3138851342891905e7 (5172) dinf=0.0 (0) time=192.1867465s
[ Info: iter=25879 obj=4.473241907438827e7 pinf=8.506543059051646e6 (5242) dinf=0.0 (0) time=193.8000447s
[ Info: iter=26039 obj=4.476948802690127e7 pinf=2.7182735785427433e6 (5109) dinf=0.0 (0) time=195.507223s
[ Info: iter=26199 obj=4.503436620343632e7 pinf=678837.0887728223 (5082) dinf=0.0 (0) time=197.0942981s
[ Info: iter=26359 obj=4.51124935253577e7 pinf=367569.22801465954 (4955) dinf=0.0 (0) time=198.7181953s
[ Info: iter=26519 obj=4.514177815030752e7 pinf=9.614022092266288e6 (5549) dinf=0.0 (0) time=200.3720878s
[ Info: iter=26679 obj=4.525356078246943e7 pinf=440324.7321472244 (5098) dinf=0.0 (0) time=202.2135302s
[ Info: iter=26839 obj=4.545027540086702e7 pinf=213809.13487208667 (5067) dinf=0.0 (0) time=203.7778094s
EVENT correction_attempt count=1100 iter=26903 row=7188 entering=12102 pinf=179858.82484738887 dinf=0.0
[ Info: iter=26999 obj=4.569425459700736e7 pinf=2.084708117458966e6 (5374) dinf=0.0 (0) time=205.4823109s
[ Info: iter=27159 obj=4.58096395133699e7 pinf=132394.75321374545 (4835) dinf=0.0 (0) time=207.189849s
[ Info: iter=27319 obj=4.5980261454367906e7 pinf=7.527174192999065e6 (5391) dinf=0.0 (0) time=208.7091881s
[ Info: iter=27479 obj=4.6075052459750965e7 pinf=265048.97187774227 (4838) dinf=0.0 (0) time=210.2861377s
[ Info: iter=27639 obj=4.6106946131572925e7 pinf=158249.01300146527 (4883) dinf=0.0 (0) time=211.9678721s
[ Info: iter=27799 obj=4.6119618150342934e7 pinf=803174.8414472603 (5044) dinf=0.0 (0) time=213.9344159s
[ Info: iter=27959 obj=4.6124791816738084e7 pinf=180869.63927759492 (4783) dinf=0.0 (0) time=215.7253465s
EVENT correction_attempt count=1200 iter=28117 row=20022 entering=22030 pinf=787524.5552326961 dinf=0.0
[ Info: iter=28119 obj=4.612924746704899e7 pinf=1.0313250633461659e6 (5258) dinf=0.0 (0) time=217.5002713s
[ Info: iter=28279 obj=4.6133074987907544e7 pinf=2.459495592253877e6 (5274) dinf=0.0 (0) time=219.4561078s
[ Info: iter=28439 obj=4.6143308479115374e7 pinf=2.161590371301888e7 (5498) dinf=0.0 (0) time=221.3378707s
EVENT correction_attempt count=1300 iter=28486 row=3064 entering=6744 pinf=1.6859859883416188e6 dinf=0.0
[ Info: iter=28599 obj=4.62779674871734e7 pinf=8.667513811539827e6 (5355) dinf=0.0 (0) time=223.1278556s
[ Info: iter=28759 obj=4.6451098145656e7 pinf=3.1723542037288137e6 (5243) dinf=0.0 (0) time=224.907774s
[ Info: iter=28919 obj=4.664846707199891e7 pinf=1.002348823396342e6 (4919) dinf=0.0 (0) time=226.6104598s
[ Info: iter=29079 obj=4.6680100668671995e7 pinf=2.8148321451436635e6 (5245) dinf=0.0 (0) time=228.5210278s
EVENT correction_attempt count=1400 iter=29124 row=7322 entering=8359 pinf=885859.7281583404 dinf=0.0
[ Info: iter=29239 obj=4.668338404103082e7 pinf=373127.8784077525 (4790) dinf=0.0 (0) time=230.5783699s
[ Info: iter=29399 obj=4.6832120656346306e7 pinf=364137.7145726661 (4838) dinf=0.0 (0) time=232.4509685s
EVENT correction_attempt count=1500 iter=29551 row=5337 entering=12142 pinf=1.7983759391070843e7 dinf=0.0
[ Info: iter=29559 obj=4.683680079661451e7 pinf=695370.7653477519 (4858) dinf=0.0 (0) time=234.3275567s
[ Info: iter=29719 obj=4.6843337657115415e7 pinf=3.8049539463749155e6 (5163) dinf=0.0 (0) time=236.3875609s
EVENT correction_attempt count=1600 iter=29744 row=3980 entering=52329 pinf=108294.27904060968 dinf=0.0
[ Info: iter=29879 obj=4.684985574651467e7 pinf=3.12540402777617e6 (5223) dinf=0.0 (0) time=238.5385267s
PROGRESS iter=30000 pinf=3.584482588680754e6 dinf=0.0 refs=274
[ Info: iter=30039 obj=4.7001889751670316e7 pinf=3.7154999420932163e6 (5138) dinf=0.0 (0) time=240.3360417s
[ Info: iter=30199 obj=4.708061870114881e7 pinf=452173.7123006471 (4719) dinf=0.0 (0) time=242.0798473s
[ Info: iter=30359 obj=4.7085711662979126e7 pinf=2.24402184709964e6 (5049) dinf=0.0 (0) time=243.9994333s
EVENT correction_attempt count=1700 iter=30371 row=20810 entering=55783 pinf=173887.84899161384 dinf=0.0
[ Info: iter=30519 obj=4.709182857695317e7 pinf=212715.24916575704 (4676) dinf=0.0 (0) time=245.8605268s
[ Info: iter=30679 obj=4.7099543939885095e7 pinf=554277.2133026235 (4828) dinf=0.0 (0) time=247.6436207s
[ Info: iter=30839 obj=4.710354313980773e7 pinf=320986.332750725 (4722) dinf=0.0 (0) time=249.8278477s
[ Info: iter=30999 obj=4.7141861975040145e7 pinf=105428.68097425243 (4527) dinf=0.0 (0) time=251.7493298s
[ Info: iter=31159 obj=4.715610365136206e7 pinf=133775.95940606674 (4587) dinf=0.0 (0) time=253.5804596s
[ Info: iter=31319 obj=4.721311226524282e7 pinf=594296.1969847813 (4775) dinf=0.0 (0) time=255.5493106s
[ Info: iter=31479 obj=4.730461613274664e7 pinf=736686.5922033255 (4780) dinf=0.0 (0) time=257.345566s
EVENT correction_attempt count=1800 iter=31557 row=6041 entering=7382 pinf=1.4669081003234506e7 dinf=0.0
[ Info: iter=31639 obj=4.740067922962406e7 pinf=2.929746074140645e6 (4928) dinf=0.0 (0) time=259.1726508s
[ Info: iter=31799 obj=4.753842241825059e7 pinf=448547.6165565163 (4700) dinf=0.0 (0) time=260.9811688s
[ Info: iter=31959 obj=4.7688382989269316e7 pinf=1.5586621658648508e7 (5281) dinf=0.0 (0) time=262.7477234s
[ Info: iter=32119 obj=4.7862926698328756e7 pinf=107462.9938117657 (4374) dinf=0.0 (0) time=264.7196831s
[ Info: iter=32279 obj=4.787576488652329e7 pinf=1.0147238148966637e6 (4852) dinf=0.0 (0) time=266.6917972s
[ Info: iter=32439 obj=4.8076318522146225e7 pinf=1.2308092955906e7 (5069) dinf=0.0 (0) time=268.5032045s
[ Info: iter=32599 obj=4.831011706330089e7 pinf=707995.8323763487 (4777) dinf=0.0 (0) time=270.2821229s
[ Info: iter=32759 obj=4.8439073997927144e7 pinf=74479.12406486223 (4370) dinf=0.0 (0) time=272.0788258s
EVENT correction_attempt count=1900 iter=32806 row=5925 entering=7741 pinf=222782.7897323732 dinf=0.0
[ Info: iter=32919 obj=4.846262128906523e7 pinf=371775.6511527449 (4441) dinf=0.0 (0) time=274.0007511s
[ Info: iter=33079 obj=4.84676658990375e7 pinf=285311.24625567533 (4673) dinf=0.0 (0) time=275.9529864s
[ Info: iter=33239 obj=4.8472937546648294e7 pinf=3.199773630195024e6 (5159) dinf=0.0 (0) time=278.0249215s
EVENT correction_attempt count=2000 iter=33282 row=2387 entering=41714 pinf=249447.58764264017 dinf=0.0
[ Info: iter=33399 obj=4.8616622361825794e7 pinf=6.5064317673177095e6 (5231) dinf=0.0 (0) time=280.0100265s
[ Info: iter=33559 obj=4.894340680768444e7 pinf=392415.45368840103 (4480) dinf=0.0 (0) time=281.8701006s
EVENT correction_attempt count=2100 iter=33693 row=22760 entering=59256 pinf=303060.1826660434 dinf=0.0
[ Info: iter=33719 obj=4.894694108037071e7 pinf=3.0354045557757444e6 (5108) dinf=0.0 (0) time=283.9742011s
[ Info: iter=33879 obj=4.896422180771476e7 pinf=9.570302297735646e7 (5151) dinf=0.0 (0) time=285.9485241s
[ Info: iter=34039 obj=4.900233757728885e7 pinf=74763.3632929228 (4159) dinf=0.0 (0) time=287.8612742s
[ Info: iter=34199 obj=4.9006640763949096e7 pinf=217568.10383457397 (4323) dinf=0.0 (0) time=290.0769816s
[ Info: iter=34359 obj=4.9014301662998185e7 pinf=1.169941369273967e6 (4302) dinf=0.0 (0) time=291.9760157s
[ Info: iter=34519 obj=4.907998756968191e7 pinf=4.708959393887854e7 (4881) dinf=0.0 (0) time=293.8715055s
EVENT correction_attempt count=2200 iter=34533 row=23922 entering=11287 pinf=1.2460779814422866e7 dinf=0.0
[ Info: iter=34679 obj=4.9097046517928526e7 pinf=844625.1584406508 (4439) dinf=0.0 (0) time=295.9874596s
[ Info: iter=34839 obj=4.910051351489794e7 pinf=294392.32079580677 (4598) dinf=0.0 (0) time=298.0007728s
[ Info: iter=34999 obj=4.911436919024144e7 pinf=1.940942095107333e6 (4839) dinf=0.0 (0) time=300.0397164s
PROGRESS iter=35000 pinf=384681.5415100986 dinf=0.0 refs=306
EVENT correction_attempt count=2300 iter=35051 row=14698 entering=14466 pinf=913991.9872555386 dinf=0.0
[ Info: iter=35159 obj=4.915997531907327e7 pinf=1.5792650421421625e7 (5185) dinf=0.0 (0) time=302.1039664s
EVENT correction_attempt count=2400 iter=35297 row=13055 entering=12100 pinf=1.1382055089449799e6 dinf=0.0
[ Info: iter=35319 obj=4.918850467197976e7 pinf=3.190726833351556e7 (5223) dinf=0.0 (0) time=304.3557493s
[ Info: iter=35479 obj=4.9193972580253884e7 pinf=664635.8205840705 (4649) dinf=0.0 (0) time=306.7010175s
[ Info: iter=35639 obj=4.921670725255841e7 pinf=1.6822887630340608e6 (4849) dinf=0.0 (0) time=308.6445416s
EVENT correction_attempt count=2500 iter=35666 row=26124 entering=47756 pinf=529917.3648702584 dinf=0.0
[ Info: iter=35799 obj=4.924290686614035e7 pinf=241260.7097818707 (4463) dinf=0.0 (0) time=310.5438866s
[ Info: iter=35959 obj=4.924724245101879e7 pinf=1.8462213001563984e6 (4894) dinf=0.0 (0) time=312.7592881s
[ Info: iter=36119 obj=4.9359641501870945e7 pinf=6.5076442064793155e7 (5256) dinf=0.0 (0) time=314.6467971s
[ Info: iter=36279 obj=4.952601887073501e7 pinf=210394.3127501625 (4313) dinf=0.0 (0) time=316.5504572s
[ Info: iter=36439 obj=4.954039983682796e7 pinf=1.1468997699253904e6 (4177) dinf=0.0 (0) time=318.5103756s
EVENT correction_attempt count=2600 iter=36597 row=11240 entering=23090 pinf=6.861158282199105e6 dinf=0.0
[ Info: iter=36599 obj=4.9543948173530065e7 pinf=6.857371147929061e6 (4877) dinf=0.0 (0) time=320.4185522s
[ Info: iter=36759 obj=4.955528252553922e7 pinf=119124.18817621528 (3880) dinf=0.0 (0) time=322.4184279s
[ Info: iter=36919 obj=4.956045473020464e7 pinf=237669.5001828074 (4193) dinf=0.0 (0) time=324.5481288s
[ Info: iter=37079 obj=4.956446862903337e7 pinf=2.2442483002458946e6 (4350) dinf=0.0 (0) time=326.530347s
[ Info: iter=37239 obj=4.956939024149103e7 pinf=8.399312692169645e7 (4923) dinf=0.0 (0) time=328.6726502s
EVENT correction_attempt count=2700 iter=37257 row=21128 entering=57359 pinf=269826.8287797976 dinf=0.0
[ Info: iter=37399 obj=4.958830888287208e7 pinf=1.2695760706285512e7 (4575) dinf=0.0 (0) time=332.3386112s
EVENT correction_attempt count=2800 iter=37439 row=18561 entering=10192 pinf=1.535838152105802e7 dinf=0.0
EVENT correction_attempt count=2900 iter=37547 row=4457 entering=15369 pinf=7.782198065083801e6 dinf=0.0
[ Info: iter=37559 obj=4.959334270498388e7 pinf=2.2337897702756226e6 (4190) dinf=0.0 (0) time=335.0065212s
[ Info: iter=37719 obj=4.9598163326615155e7 pinf=298432.3654250827 (3965) dinf=0.0 (0) time=337.2409089s
[ Info: iter=37879 obj=4.960303066192608e7 pinf=7.119859031028638e6 (4532) dinf=0.0 (0) time=339.4772281s
EVENT correction_attempt count=3000 iter=37889 row=12479 entering=22719 pinf=183676.48441339406 dinf=0.0
[ Info: iter=38039 obj=4.960519608304227e7 pinf=526718.1203193549 (4051) dinf=0.0 (0) time=341.7531706s
[ Info: iter=38199 obj=4.960792768397023e7 pinf=416875.47057845397 (4128) dinf=0.0 (0) time=343.7978944s
EVENT correction_attempt count=3100 iter=38277 row=557 entering=40859 pinf=583096.4880033447 dinf=0.0
[ Info: iter=38359 obj=4.9611702776943356e7 pinf=288061.82806634135 (3871) dinf=0.0 (0) time=346.1562613s
[ Info: iter=38519 obj=4.962038247571679e7 pinf=1.6195765118618878e6 (4355) dinf=0.0 (0) time=348.1694836s
[ Info: iter=38679 obj=4.974058959712865e7 pinf=104881.59837530927 (3818) dinf=0.0 (0) time=350.1367579s
EVENT correction_attempt count=3200 iter=38756 row=8155 entering=8235 pinf=306455.78214355354 dinf=0.0
[ Info: iter=38839 obj=4.9774417389613435e7 pinf=68121.09770526666 (3719) dinf=0.0 (0) time=353.6826921s
[ Info: iter=38999 obj=4.988515795521387e7 pinf=347210.6219500809 (4005) dinf=0.0 (0) time=355.6262414s
EVENT correction_attempt count=3300 iter=39078 row=10250 entering=45174 pinf=792533.8508131809 dinf=0.0
[ Info: iter=39159 obj=4.990592739464614e7 pinf=313692.6407244793 (4023) dinf=0.0 (0) time=357.8645494s
[ Info: iter=39319 obj=4.99128864710278e7 pinf=8.00931623347179e6 (4581) dinf=0.0 (0) time=359.956263s
[ Info: iter=39479 obj=4.993982126008345e7 pinf=59696.52078137174 (3552) dinf=0.0 (0) time=362.0735928s
[ Info: iter=39639 obj=5.001784351737957e7 pinf=1.3891415365907103e6 (4060) dinf=0.0 (0) time=364.0969454s
[ Info: iter=39799 obj=5.011044042567211e7 pinf=243959.4369303974 (3762) dinf=0.0 (0) time=366.0322299s
EVENT correction_attempt count=3400 iter=39820 row=4661 entering=14686 pinf=193707.64021504365 dinf=0.0
[ Info: iter=39959 obj=5.0196111321062155e7 pinf=1.5734534221778254e6 (4230) dinf=0.0 (0) time=368.1813559s
PROGRESS iter=40000 pinf=293702.38514187746 dinf=0.0 refs=337
[ Info: iter=40119 obj=5.028726817600657e7 pinf=56799.575727376556 (3520) dinf=0.0 (0) time=370.216899s
[ Info: iter=40279 obj=5.029267284496295e7 pinf=54443.686594556544 (3496) dinf=0.0 (0) time=372.3253163s
[ Info: iter=40439 obj=5.029403993979416e7 pinf=36574.11341765531 (3462) dinf=0.0 (0) time=374.4906194s
[ Info: iter=40599 obj=5.029687536349903e7 pinf=74157.40014004309 (3514) dinf=0.0 (0) time=376.4280998s
EVENT correction_attempt count=3500 iter=40612 row=2496 entering=52394 pinf=27170.20264983513 dinf=0.0
[ Info: iter=40759 obj=5.0335241886340454e7 pinf=1.2617934852600242e6 (4038) dinf=0.0 (0) time=378.2673756s
[ Info: iter=40919 obj=5.039696724671996e7 pinf=4.249019892886136e6 (4269) dinf=0.0 (0) time=380.2794543s
[ Info: iter=41079 obj=5.040261717340772e7 pinf=5.856841566108139e6 (4346) dinf=0.0 (0) time=382.4550212s
EVENT correction_attempt count=3600 iter=41160 row=4256 entering=48788 pinf=124708.76816751304 dinf=0.0
[ Info: iter=41239 obj=5.040992034999642e7 pinf=1.5426300815744281e6 (4168) dinf=0.0 (0) time=384.8781256s
[ Info: iter=41399 obj=5.045953410380519e7 pinf=1.2604096206764227e6 (4071) dinf=0.0 (0) time=386.8991566s
[ Info: iter=41559 obj=5.048857605720431e7 pinf=1.34960715544611e7 (4421) dinf=0.0 (0) time=389.0495756s
EVENT correction_attempt count=3700 iter=41568 row=11319 entering=8723 pinf=175761.7253831155 dinf=0.0
[ Info: iter=41719 obj=5.055505152936324e7 pinf=221025.5625854515 (3464) dinf=0.0 (0) time=391.2790884s
[ Info: iter=41879 obj=5.055866436370619e7 pinf=95760.81500332805 (3274) dinf=0.0 (0) time=393.2987105s
[ Info: iter=42039 obj=5.056581172815363e7 pinf=872794.395200281 (3554) dinf=0.0 (0) time=395.2989422s
[ Info: iter=42199 obj=5.0572079099455684e7 pinf=320612.7243024044 (3437) dinf=0.0 (0) time=397.7578619s
[ Info: iter=42359 obj=5.060174376170606e7 pinf=1.6779261556447379e6 (3908) dinf=0.0 (0) time=399.9185358s
EVENT correction_attempt count=3800 iter=42384 row=5910 entering=59905 pinf=113051.62271496157 dinf=0.0
[ Info: iter=42519 obj=5.063859297423877e7 pinf=106617.79104144438 (3251) dinf=0.0 (0) time=402.0959623s
[ Info: iter=42679 obj=5.06407531935433e7 pinf=127234.80396055183 (3239) dinf=0.0 (0) time=404.144476s
[ Info: iter=42839 obj=5.064252123030427e7 pinf=96684.0936439927 (3326) dinf=0.0 (0) time=406.3434729s
EVENT correction_attempt count=3900 iter=42923 row=18473 entering=13241 pinf=1.4762447926059936e6 dinf=0.0
[ Info: iter=42999 obj=5.064372374257096e7 pinf=27307.39390929628 (3168) dinf=0.0 (0) time=408.4763529s
[ Info: iter=43159 obj=5.064644236447792e7 pinf=9.598887316943064e6 (4242) dinf=0.0 (0) time=410.6843902s
[ Info: iter=43319 obj=5.068447967629528e7 pinf=364432.84830293094 (3476) dinf=0.0 (0) time=412.8761344s
[ Info: iter=43479 obj=5.0733969455190584e7 pinf=896151.7404285513 (3594) dinf=0.0 (0) time=414.971253s
EVENT correction_attempt count=4000 iter=43554 row=11524 entering=51301 pinf=789477.8338163629 dinf=0.0
[ Info: iter=43639 obj=5.074584171872386e7 pinf=91771.32454455062 (3150) dinf=0.0 (0) time=417.2405954s
[ Info: iter=43799 obj=5.07828534616039e7 pinf=1.0572552783381594e7 (3912) dinf=0.0 (0) time=419.2573579s
[ Info: iter=43959 obj=5.079958559558279e7 pinf=88912.61819408715 (3003) dinf=0.0 (0) time=421.4520689s
SMALL_ACCEPTED_PIVOT iter=44115 pivot=-0.007848745303367143 direction_norm=223951.6500022518 relative_pivot=3.5046606279919014e-8 snapshot=.\ft-capture.toml.accepted_pivot.44115.bin
[ Info: iter=44119 obj=5.081667095475819e7 pinf=202582.73651532704 (3134) dinf=0.0 (0) time=423.9140618s
EVENT correction_attempt count=4100 iter=44138 row=3948 entering=18280 pinf=159619.14645635156 dinf=0.0
[ Info: iter=44279 obj=5.082734492344777e7 pinf=2.6201068747507967e6 (3579) dinf=0.0 (0) time=426.139227s
[ Info: iter=44439 obj=5.082837957806317e7 pinf=168073.8033858294 (2835) dinf=0.0 (0) time=428.5047293s
[ Info: iter=44599 obj=5.083362510513551e7 pinf=282289.2151191462 (2949) dinf=0.0 (0) time=430.7662684s
EVENT correction_attempt count=4200 iter=44696 row=12883 entering=44425 pinf=419716.1866690434 dinf=0.0
[ Info: iter=44759 obj=5.083494874798812e7 pinf=294814.99115864845 (3084) dinf=0.0 (0) time=433.4417736s
[ Info: iter=44919 obj=5.086265780430568e7 pinf=100703.06684077112 (3048) dinf=0.0 (0) time=435.7721106s
PROGRESS iter=45000 pinf=128673.98706371782 dinf=0.0 refs=368
[ Info: iter=45079 obj=5.086446345547332e7 pinf=92264.13296470584 (3034) dinf=0.0 (0) time=438.2024143s
[ Info: iter=45239 obj=5.089776759640659e7 pinf=7.594474667144936e6 (3774) dinf=0.0 (0) time=440.4811807s
[ Info: iter=45399 obj=5.0967741069316484e7 pinf=70638.94280090682 (2608) dinf=0.0 (0) time=442.7364294s
EVENT correction_attempt count=4300 iter=45437 row=26147 entering=18272 pinf=360988.4843967181 dinf=0.0
[ Info: iter=45559 obj=5.097221205560231e7 pinf=1.1047091999314358e6 (3040) dinf=0.0 (0) time=445.0257739s
[ Info: iter=45719 obj=5.0973131633674726e7 pinf=299940.31930168037 (2876) dinf=0.0 (0) time=447.327226s
[ Info: iter=45879 obj=5.097468051037444e7 pinf=87952.48564513543 (2641) dinf=0.0 (0) time=449.734098s
[ Info: Solve finished: status=ITERATION_LIMIT reason=iteration limit reached iterations=46000 time=451.3076608s
Dict{String, Any}("kernel_seconds" => Dict("pricing" => 20.8037701, "refactorization" => 9.3030828, "ftran" => 39.687182, "btran" => 74.6518021), "basis_update" => "forrest_tomlin", "peak_rss" => 0x0000000110366000, "time_limit" => 900.0, "source_revision" => "e1b15678e86f6d1cf3b2343827bf6d4e25f6e54b", "counts" => Dict("refactor_residual" => 2, "phase_dual" => 1, "correction_attempt" => 4370, "checkpoint" => 1, "correction" => 4352, "phase_auxiliary" => 1, "pricing_scanned_entries" => 1308923359, "bound_flipped" => 18642, "refactor_other" => 1, "pivot_completed" => 46000, "pricing_full_scan" => 46003, "pricing" => 46003, "repair" => 2, "refactor_initial" => 1, "pricing_scored_entries" => 216458015, "refactor_limit" => 371, "pivot_proposed" => 46003), "input" => "C:\\tmp\\runtime.mps", "interval" => 80, "outer_seconds" => 451.3201839, "source_path" => "C:\\JSimplex\\src\\JSimplex.jl", "input_sha256" => "d0ac16e1a52a7d3411cbac28616bba9d3beb0c0edbdb2d72ab0477ce075f6c68", "julia_threads" => 1, "refactorizations" => 374, "seconds" => 451.3076608, "iteration_limit" => 46000, "architecture" => "x86_64", "blas_threads" => 1, "julia" => "1.13.0", "algorithm" => "dual", "iterations" => 46000, "run_id" => "56310620017900-18816", "status" => "ITERATION_LIMIT", "message" => "iteration limit reached")
