[ Info: Loaded problem: rows=586972 columns=420526 nnz=1446423
[ Info: Starting presolve
[ Info: After presolve: rows=360982 columns=186497 nnz=961843
[ Info: iter=80 obj=3.3418990000525117e12 pinf=202273.61111184946 (159362) dinf=0.0 (0) time=12.82011134s
[ Info: iter=160 obj=3.3418990000525117e12 pinf=201953.61111184946 (159202) dinf=0.0 (0) time=13.843773994s
[ Info: iter=240 obj=3.3418990000525117e12 pinf=201633.61111184946 (159042) dinf=0.0 (0) time=14.680074446s
[ Info: iter=320 obj=3.3418990000525117e12 pinf=201313.61111184946 (158882) dinf=0.0 (0) time=15.425208449s
[ Info: iter=400 obj=3.3418990000525117e12 pinf=200993.61111184946 (158722) dinf=0.0 (0) time=16.112336721s
[ Info: iter=480 obj=3.3418990000525117e12 pinf=200673.61111184946 (158562) dinf=0.0 (0) time=16.830302209s
[ Info: iter=560 obj=3.3418990000525117e12 pinf=200353.61111184946 (158402) dinf=0.0 (0) time=17.564249306s
[ Info: iter=640 obj=3.3418990000525117e12 pinf=200033.61111184946 (158242) dinf=0.0 (0) time=18.300781904s
[ Info: iter=720 obj=3.3418990000525117e12 pinf=199713.61111184946 (158082) dinf=0.0 (0) time=19.023003995s
[ Info: iter=800 obj=3.3418990000525117e12 pinf=199393.61111184946 (157922) dinf=0.0 (0) time=19.724666875s
[ Info: iter=880 obj=3.3418990000525117e12 pinf=199073.61111184946 (157762) dinf=0.0 (0) time=20.440546562s
[ Info: iter=960 obj=3.3418990000525117e12 pinf=198753.61111184946 (157602) dinf=0.0 (0) time=21.164389019s
[ Info: iter=1040 obj=3.3418990000525117e12 pinf=198433.61111184946 (157442) dinf=0.0 (0) time=21.879503461s
[ Info: iter=1120 obj=3.3418990000525117e12 pinf=198113.61111184946 (157282) dinf=0.0 (0) time=22.585834773s
[ Info: iter=1200 obj=3.3418990000525117e12 pinf=197793.61111184745 (157122) dinf=0.0 (0) time=23.31420806s
[ Info: iter=1280 obj=3.3418990000525117e12 pinf=197473.61111184515 (156962) dinf=0.0 (0) time=24.032038511s
[ Info: iter=1360 obj=3.3418990000525117e12 pinf=197153.61111184288 (156802) dinf=0.0 (0) time=24.772963141s
[ Info: iter=1440 obj=3.3418990000525117e12 pinf=196833.6111118406 (156642) dinf=0.0 (0) time=25.505330345s
[ Info: iter=1520 obj=3.3418990000525117e12 pinf=196513.6111118383 (156482) dinf=0.0 (0) time=26.233188706s
[ Info: iter=1600 obj=3.3418990000525117e12 pinf=196193.6111118359 (156322) dinf=0.0 (0) time=26.943741169s
[ Info: iter=1680 obj=3.3418990000525117e12 pinf=195873.6111118335 (156162) dinf=0.0 (0) time=27.676516831s
[ Info: iter=1760 obj=3.3418990000525117e12 pinf=195553.61111183107 (156002) dinf=0.0 (0) time=28.410687492s
[ Info: iter=1840 obj=3.3418990000525117e12 pinf=195233.6111118286 (155842) dinf=0.0 (0) time=29.118362297s
[ Info: iter=1920 obj=3.3418990000525117e12 pinf=194913.61111182612 (155682) dinf=0.0 (0) time=29.855996012s
[ Info: iter=2000 obj=3.3418990000525117e12 pinf=194593.61111182367 (155522) dinf=0.0 (0) time=30.595019927s
[ Info: iter=2080 obj=3.3418990000525117e12 pinf=194273.61111182123 (155362) dinf=0.0 (0) time=31.317501441s
[ Info: iter=2160 obj=3.3418990000525117e12 pinf=193953.61111181878 (155202) dinf=0.0 (0) time=32.032277855s
[ Info: iter=2240 obj=3.3418990000525117e12 pinf=193633.61111181628 (155042) dinf=0.0 (0) time=32.76314977s
[ Info: iter=2320 obj=3.3418990000525117e12 pinf=193313.61111181378 (154882) dinf=0.0 (0) time=33.489147584s
[ Info: iter=2400 obj=3.3418990000525117e12 pinf=192993.61111181127 (154722) dinf=0.0 (0) time=34.217711798s
[ Info: iter=2480 obj=3.3418990000525117e12 pinf=192673.61111180886 (154562) dinf=0.0 (0) time=34.941596013s
[ Info: iter=2560 obj=3.3418990000525117e12 pinf=192353.61111180653 (154402) dinf=0.0 (0) time=35.662752527s
[ Info: iter=2640 obj=3.3418990000525117e12 pinf=192033.61111180417 (154242) dinf=0.0 (0) time=36.384076641s
[ Info: iter=2720 obj=3.3418990000525117e12 pinf=191713.61111180187 (154082) dinf=0.0 (0) time=37.101751347s
[ Info: iter=2800 obj=3.3418990000525117e12 pinf=191393.6111117996 (153922) dinf=0.0 (0) time=37.829487283s
[ Info: iter=2880 obj=3.3418990000525117e12 pinf=191073.61111179733 (153762) dinf=0.0 (0) time=38.551545318s
[ Info: iter=2960 obj=3.3418990000525117e12 pinf=190753.61111179503 (153602) dinf=0.0 (0) time=39.287497055s
[ Info: iter=3040 obj=3.3418990000525117e12 pinf=190433.61111179276 (153442) dinf=0.0 (0) time=40.021983392s
[ Info: iter=3120 obj=3.3418990000525117e12 pinf=190113.6111117905 (153282) dinf=0.0 (0) time=40.748340427s
[ Info: iter=3200 obj=3.3418990000525117e12 pinf=189793.61111178822 (153122) dinf=0.0 (0) time=41.479859964s
[ Info: iter=3280 obj=3.3418990000525117e12 pinf=189473.61111178595 (152962) dinf=0.0 (0) time=42.214747001s
[ Info: iter=3360 obj=3.3418990000525117e12 pinf=189153.6111117839 (152802) dinf=0.0 (0) time=42.931614835s
[ Info: iter=3440 obj=3.3418990000525117e12 pinf=188833.61111178188 (152642) dinf=0.0 (0) time=43.637007266s
[ Info: iter=3520 obj=3.3418990000525117e12 pinf=188513.6111117799 (152482) dinf=0.0 (0) time=44.350105799s
[ Info: iter=3600 obj=3.3418990000525117e12 pinf=188193.6111117778 (152322) dinf=0.0 (0) time=45.089249517s
[ Info: iter=3680 obj=3.3418990000525117e12 pinf=187873.6111117757 (152162) dinf=0.0 (0) time=45.818844165s
[ Info: iter=3760 obj=3.3418990000525117e12 pinf=187553.6111117737 (152002) dinf=0.0 (0) time=46.571749221s
[ Info: iter=3840 obj=3.3418990000525117e12 pinf=187233.61111177146 (151842) dinf=0.0 (0) time=47.303620469s
[ Info: iter=3920 obj=3.3418990000525117e12 pinf=186913.61111176945 (151682) dinf=0.0 (0) time=48.079719033s
[ Info: iter=4000 obj=3.3418990000525117e12 pinf=186593.6111117672 (151522) dinf=0.0 (0) time=49.020546352s
[ Info: iter=4080 obj=3.3418990000525117e12 pinf=186273.61111176497 (151362) dinf=0.0 (0) time=49.763309004s
[ Info: iter=4160 obj=3.3418990000525117e12 pinf=185953.6111117626 (151202) dinf=0.0 (0) time=50.511244358s
[ Info: iter=4240 obj=3.3418990000525117e12 pinf=185633.61111176023 (151042) dinf=0.0 (0) time=51.254602311s
[ Info: iter=4320 obj=3.3418990000525117e12 pinf=185313.61111175787 (150882) dinf=0.0 (0) time=52.000494564s
[ Info: iter=4400 obj=3.3418990000525117e12 pinf=184993.61111175528 (150722) dinf=0.0 (0) time=52.743717404s
[ Info: iter=4480 obj=3.3418990000525117e12 pinf=184673.61111175272 (150562) dinf=0.0 (0) time=53.493426005s
[ Info: iter=4560 obj=3.3418990000525117e12 pinf=184353.61111175022 (150402) dinf=0.0 (0) time=54.254463908s
[ Info: iter=4640 obj=3.3418990000525117e12 pinf=184033.61111174765 (150242) dinf=0.0 (0) time=54.989810304s
[ Info: iter=4720 obj=3.3418990000525117e12 pinf=183713.61111174515 (150082) dinf=0.0 (0) time=55.734140803s
[ Info: iter=4800 obj=3.3418990000525117e12 pinf=183393.61111174276 (149922) dinf=0.0 (0) time=56.479295302s
[ Info: iter=4880 obj=3.3418990000525117e12 pinf=183073.61111174044 (149762) dinf=0.0 (0) time=57.224553101s
[ Info: iter=4960 obj=3.3418990000525117e12 pinf=182753.61111173808 (149602) dinf=0.0 (0) time=57.975437902s
[ Info: iter=5040 obj=3.3418990000525117e12 pinf=182433.61111173587 (149442) dinf=0.0 (0) time=58.740719506s
[ Info: iter=5120 obj=3.3418990000525117e12 pinf=182113.61111173365 (149282) dinf=0.0 (0) time=59.481536204s
[ Info: iter=5200 obj=3.3418990000525117e12 pinf=181793.61111173156 (149122) dinf=0.0 (0) time=60.221993901s
[ Info: iter=5280 obj=3.3418990000525117e12 pinf=181473.61111172943 (148962) dinf=0.0 (0) time=60.98281602s
[ Info: iter=5360 obj=3.3418990000525117e12 pinf=181153.6111117274 (148802) dinf=0.0 (0) time=61.735390746s
[ Info: iter=5440 obj=3.3418990000525117e12 pinf=180833.6111117253 (148642) dinf=0.0 (0) time=62.491973361s
[ Info: iter=5520 obj=3.3418990000525117e12 pinf=180513.61111172335 (148482) dinf=0.0 (0) time=63.242495093s
[ Info: iter=5600 obj=3.3418990000525117e12 pinf=180193.61111172134 (148322) dinf=0.0 (0) time=64.005389689s
[ Info: iter=5680 obj=3.3418990000525117e12 pinf=179873.61111171934 (148162) dinf=0.0 (0) time=64.756475689s
[ Info: iter=5760 obj=3.3418990000525117e12 pinf=179553.6111117172 (148002) dinf=0.0 (0) time=65.508261157s
[ Info: iter=5840 obj=3.3418990000525117e12 pinf=179233.61111171517 (147842) dinf=0.0 (0) time=66.266456025s
[ Info: iter=5920 obj=3.3418990000525117e12 pinf=178913.61111171302 (147682) dinf=0.0 (0) time=67.021931293s
[ Info: iter=6000 obj=3.3418990000525117e12 pinf=178593.61111171087 (147522) dinf=0.0 (0) time=67.778024161s
[ Info: iter=6080 obj=3.3418990000525117e12 pinf=178273.61111170865 (147362) dinf=0.0 (0) time=68.529493629s
[ Info: iter=6160 obj=3.3418990000525117e12 pinf=177953.61111170644 (147202) dinf=0.0 (0) time=69.277371524s
[ Info: iter=6240 obj=3.3418990000525117e12 pinf=177633.61111170417 (147042) dinf=0.0 (0) time=70.032022424s
[ Info: iter=6320 obj=3.3418990000525117e12 pinf=177313.61111170173 (146882) dinf=0.0 (0) time=70.800240325s
[ Info: iter=6400 obj=3.3418990000525117e12 pinf=176993.61111169928 (146722) dinf=0.0 (0) time=71.560076425s
[ Info: iter=6480 obj=3.3418990000525117e12 pinf=176673.61111169672 (146562) dinf=0.0 (0) time=72.301813423s
[ Info: iter=6560 obj=3.3418990000525117e12 pinf=176353.61111169425 (146402) dinf=0.0 (0) time=73.060869823s
[ Info: iter=6640 obj=3.3418990000525117e12 pinf=176033.61111169177 (146242) dinf=0.0 (0) time=73.849576527s
[ Info: iter=6720 obj=3.3418990000525117e12 pinf=175713.61111168916 (146082) dinf=0.0 (0) time=74.632745331s
[ Info: iter=6800 obj=3.3418990000525117e12 pinf=175393.61111168654 (145922) dinf=0.0 (0) time=75.403766732s
[ Info: iter=6880 obj=3.3418990000525117e12 pinf=175073.61111168397 (145762) dinf=0.0 (0) time=76.183049935s
[ Info: iter=6960 obj=3.3418990000525117e12 pinf=174753.6111116816 (145602) dinf=0.0 (0) time=76.960715431s
[ Info: iter=7040 obj=3.3418990000525117e12 pinf=174433.61111167909 (145442) dinf=0.0 (0) time=77.721518718s
[ Info: iter=7120 obj=3.3418990000525117e12 pinf=174113.61111167673 (145282) dinf=0.0 (0) time=78.497668206s
[ Info: iter=7200 obj=3.3418990000525117e12 pinf=173793.6111116743 (145122) dinf=0.0 (0) time=79.274030794s
[ Info: iter=7280 obj=3.3418990000525117e12 pinf=173473.61111167213 (144962) dinf=0.0 (0) time=80.043075581s
[ Info: iter=7360 obj=3.3418990000525117e12 pinf=173153.61111166998 (144802) dinf=0.0 (0) time=80.810689168s
[ Info: iter=7440 obj=3.3418990000525117e12 pinf=172833.61111166785 (144642) dinf=0.0 (0) time=81.590021156s
[ Info: iter=7520 obj=3.3418990000525117e12 pinf=172513.61111166584 (144482) dinf=0.0 (0) time=82.362909844s
[ Info: iter=7600 obj=3.3418990000525117e12 pinf=172193.61111166386 (144322) dinf=0.0 (0) time=83.131373931s
[ Info: iter=7680 obj=3.3418990000525117e12 pinf=171873.61111166186 (144162) dinf=0.0 (0) time=83.922462321s
[ Info: iter=7760 obj=3.3418990000525117e12 pinf=171553.61111165988 (144002) dinf=0.0 (0) time=84.700337226s
[ Info: iter=7840 obj=3.3418990000525117e12 pinf=171233.61111165804 (143842) dinf=0.0 (0) time=85.481457607s
[ Info: iter=7920 obj=3.3418990000525117e12 pinf=170913.61111165636 (143682) dinf=0.0 (0) time=86.242612881s
[ Info: iter=8000 obj=3.3418990000525117e12 pinf=170593.6111116547 (143522) dinf=0.0 (0) time=87.01982306s
[ Info: iter=8080 obj=3.3418990000525117e12 pinf=170273.611111653 (143362) dinf=0.0 (0) time=87.810824144s
[ Info: iter=8160 obj=3.3418990000525117e12 pinf=169953.61111165132 (143202) dinf=0.0 (0) time=88.601427129s
[ Info: iter=8240 obj=3.3418990000525117e12 pinf=169633.61111164966 (143042) dinf=0.0 (0) time=89.403018917s
[ Info: iter=8320 obj=3.3418990000525117e12 pinf=169313.61111164797 (142882) dinf=0.0 (0) time=90.200412804s
[ Info: iter=8400 obj=3.3418990000525117e12 pinf=168993.6111116463 (142722) dinf=0.0 (0) time=90.999416191s
[ Info: iter=8480 obj=3.3418990000525117e12 pinf=168673.61111164463 (142562) dinf=0.0 (0) time=91.770259868s
[ Info: iter=8560 obj=3.3418990000525117e12 pinf=168353.61111164294 (142402) dinf=0.0 (0) time=92.55321025s
[ Info: iter=8640 obj=3.3418990000525117e12 pinf=168033.61111164128 (142242) dinf=0.0 (0) time=93.344537682s
[ Info: iter=8720 obj=3.3418990000525117e12 pinf=167713.6111116396 (142082) dinf=0.0 (0) time=94.119206169s
[ Info: iter=8800 obj=3.3418990000525117e12 pinf=167534.61111163866 (142016) dinf=0.0 (0) time=94.893188456s
[ Info: iter=8880 obj=3.3418990000525117e12 pinf=167454.61111163822 (142016) dinf=0.0 (0) time=95.69242534s
[ Info: iter=8960 obj=3.3418990000525117e12 pinf=167374.61111163782 (142016) dinf=0.0 (0) time=96.478810225s
[ Info: iter=9040 obj=3.3418990000525117e12 pinf=167294.6111116374 (142016) dinf=0.0 (0) time=97.26601241s
[ Info: iter=9120 obj=3.3418990000525117e12 pinf=167214.611111637 (142016) dinf=0.0 (0) time=98.047727196s
[ Info: iter=9200 obj=3.3418990000525117e12 pinf=167134.61111163656 (142016) dinf=0.0 (0) time=98.855763579s
[ Info: iter=9280 obj=3.3418990000525117e12 pinf=167054.61111163613 (142016) dinf=0.0 (0) time=99.634376165s
[ Info: iter=9360 obj=3.3418990000525117e12 pinf=166974.61111163572 (142016) dinf=0.0 (0) time=100.42190135s
[ Info: iter=9440 obj=3.3418990000525117e12 pinf=166894.6111116353 (142016) dinf=0.0 (0) time=101.198204186s
[ Info: iter=9520 obj=3.3418990000525117e12 pinf=166814.6111116349 (142016) dinf=0.0 (0) time=101.998313496s
[ Info: iter=9600 obj=3.3418990000525117e12 pinf=166734.61111163447 (142016) dinf=0.0 (0) time=102.755786432s
[ Info: iter=9680 obj=3.3418990000525117e12 pinf=166654.61111163403 (142016) dinf=0.0 (0) time=103.524521561s
[ Info: iter=9760 obj=3.3418990000525117e12 pinf=166574.61111163363 (142016) dinf=0.0 (0) time=104.290463192s
[ Info: iter=9840 obj=3.3418990000525117e12 pinf=166494.61111163322 (142016) dinf=0.0 (0) time=105.096127899s
[ Info: iter=9920 obj=3.3418990000525117e12 pinf=166414.6111116328 (142016) dinf=0.0 (0) time=105.887191814s
[ Info: iter=10000 obj=3.3418990000525117e12 pinf=166334.61111163237 (142016) dinf=0.0 (0) time=106.687553724s
[ Info: iter=10080 obj=3.3418990000525117e12 pinf=166254.61111163194 (142016) dinf=0.0 (0) time=107.454444862s
[ Info: iter=10160 obj=3.3418990000525117e12 pinf=166174.61111163153 (142016) dinf=0.0 (0) time=108.241349542s
[ Info: iter=10240 obj=3.3418990000525117e12 pinf=166094.61111163112 (142016) dinf=0.0 (0) time=109.038423292s
[ Info: iter=10320 obj=3.3418990000525117e12 pinf=166014.61111163071 (142016) dinf=0.0 (0) time=109.838080383s
[ Info: iter=10400 obj=3.3418990000525117e12 pinf=165934.61111163028 (142016) dinf=0.0 (0) time=110.644990281s
[ Info: iter=10480 obj=3.3418990000525117e12 pinf=165854.61111162984 (142016) dinf=0.0 (0) time=111.445831873s
[ Info: iter=10560 obj=3.3418990000525117e12 pinf=165774.61111162943 (142016) dinf=0.0 (0) time=112.242421261s
[ Info: iter=10640 obj=3.3418990000525117e12 pinf=165694.61111162903 (142016) dinf=0.0 (0) time=113.061417671s
[ Info: iter=10720 obj=3.3418990000525117e12 pinf=165614.61111162862 (142016) dinf=0.0 (0) time=113.853413255s
[ Info: iter=10800 obj=3.3418990000525117e12 pinf=165534.61111162818 (142016) dinf=0.0 (0) time=114.647644822s
[ Info: iter=10880 obj=3.3418990000525117e12 pinf=165454.61111162775 (142016) dinf=0.0 (0) time=115.455883955s
[ Info: iter=10960 obj=3.3418990000525117e12 pinf=165374.61111162734 (142016) dinf=0.0 (0) time=116.252245987s
[ Info: iter=11040 obj=3.3418990000525117e12 pinf=165294.611111627 (142016) dinf=0.0 (0) time=117.049666979s
[ Info: iter=11120 obj=3.3418990000525117e12 pinf=165214.61111162681 (142016) dinf=0.0 (0) time=117.857788046s
[ Info: iter=11200 obj=3.3418990000525117e12 pinf=165134.6111116267 (142016) dinf=0.0 (0) time=118.65480641s
[ Info: iter=11280 obj=3.3418990000525117e12 pinf=165054.61111162658 (142016) dinf=0.0 (0) time=119.452644275s
[ Info: iter=11360 obj=3.3418990000525117e12 pinf=164974.61111162644 (142016) dinf=0.0 (0) time=120.25396814s
[ Info: iter=11440 obj=3.3418990000525117e12 pinf=164894.6111116263 (142016) dinf=0.0 (0) time=121.052610105s
[ Info: iter=11520 obj=3.3418990000525117e12 pinf=164814.61111162617 (142016) dinf=0.0 (0) time=121.836358167s
[ Info: iter=11600 obj=3.3418990000525117e12 pinf=164734.61111162606 (142016) dinf=0.0 (0) time=122.613996927s
[ Info: iter=11680 obj=3.3418990000525117e12 pinf=164654.61111162588 (142016) dinf=0.0 (0) time=123.390765888s
[ Info: iter=11760 obj=3.3418990000525117e12 pinf=164574.61111162577 (142016) dinf=0.0 (0) time=124.159523946s
[ Info: iter=11840 obj=3.3418990000525117e12 pinf=164494.61111162565 (142016) dinf=0.0 (0) time=124.945859359s
[ Info: iter=11920 obj=3.3418990000525117e12 pinf=164414.6111116255 (142016) dinf=0.0 (0) time=125.714852863s
[ Info: iter=12000 obj=3.3418990000525117e12 pinf=164334.61111162536 (142016) dinf=0.0 (0) time=126.488630666s
[ Info: iter=12080 obj=3.3418990000525117e12 pinf=164254.6111116252 (142016) dinf=0.0 (0) time=127.269531169s
[ Info: iter=12160 obj=3.3418990000525117e12 pinf=164174.6111116251 (142016) dinf=0.0 (0) time=128.039059573s
[ Info: iter=12240 obj=3.3418990000525117e12 pinf=164094.61111162495 (142016) dinf=0.0 (0) time=128.816205676s
[ Info: iter=12320 obj=3.3418990000525117e12 pinf=164014.61111162484 (142016) dinf=0.0 (0) time=129.59992958s
[ Info: iter=12400 obj=3.3418990000525117e12 pinf=163934.61111162466 (142016) dinf=0.0 (0) time=130.365307183s
[ Info: iter=12480 obj=3.3418990000525117e12 pinf=163854.61111162457 (142016) dinf=0.0 (0) time=131.138456887s
[ Info: iter=12560 obj=3.3418990000525117e12 pinf=163774.61111162443 (142016) dinf=0.0 (0) time=131.91897739s
[ Info: iter=12640 obj=3.3418990000525117e12 pinf=163694.6111116243 (142016) dinf=0.0 (0) time=132.695095493s
[ Info: iter=12720 obj=3.3418990000525117e12 pinf=163614.6111116242 (142016) dinf=0.0 (0) time=133.482826517s
[ Info: iter=12800 obj=3.3418990000525117e12 pinf=163534.61111162408 (142016) dinf=0.0 (0) time=134.263487224s
[ Info: iter=12880 obj=3.3418990000525117e12 pinf=163454.61111162396 (142016) dinf=0.0 (0) time=135.079264387s
[ Info: iter=12960 obj=3.3418990000525117e12 pinf=163374.61111162385 (142016) dinf=0.0 (0) time=135.851217505s
[ Info: iter=13040 obj=3.3418990000525117e12 pinf=163294.61111162373 (142016) dinf=0.0 (0) time=136.644323897s
[ Info: iter=13120 obj=3.3418990000525117e12 pinf=163214.61111162358 (142016) dinf=0.0 (0) time=137.42242562s
[ Info: iter=13200 obj=3.3418990000525117e12 pinf=163134.61111162344 (142016) dinf=0.0 (0) time=138.200795818s
[ Info: iter=13280 obj=3.3418990000525117e12 pinf=163054.61111162335 (142016) dinf=0.0 (0) time=138.982099316s
[ Info: iter=13360 obj=3.3418990000525117e12 pinf=162974.6111116232 (142016) dinf=0.0 (0) time=139.760296113s
[ Info: iter=13440 obj=3.3418990000525117e12 pinf=162894.61111162312 (142016) dinf=0.0 (0) time=140.529206711s
[ Info: iter=13520 obj=3.3418990000525117e12 pinf=162814.611111623 (142016) dinf=0.0 (0) time=141.319474176s
[ Info: iter=13600 obj=3.3418990000525117e12 pinf=162734.61111162291 (142016) dinf=0.0 (0) time=142.096768726s
[ Info: iter=13680 obj=3.3418990000525117e12 pinf=162654.61111162277 (142016) dinf=0.0 (0) time=142.868246772s
[ Info: iter=13760 obj=3.3418990000525117e12 pinf=162574.61111162268 (142016) dinf=0.0 (0) time=143.664977231s
[ Info: iter=13840 obj=3.3418990000525117e12 pinf=162494.61111162257 (142016) dinf=0.0 (0) time=144.467237291s
[ Info: iter=13920 obj=3.3418990000525117e12 pinf=162414.61111162245 (142016) dinf=0.0 (0) time=145.255257746s
[ Info: iter=14000 obj=3.3418990000525117e12 pinf=162334.61111162236 (142016) dinf=0.0 (0) time=146.052792204s
[ Info: iter=14080 obj=3.3418990000525117e12 pinf=162254.61111162225 (142016) dinf=0.0 (0) time=146.824469851s
[ Info: iter=14160 obj=3.3418990000525117e12 pinf=162174.61111162216 (142016) dinf=0.0 (0) time=147.597025099s
[ Info: iter=14240 obj=3.3418990000525117e12 pinf=162094.61111162204 (142016) dinf=0.0 (0) time=148.386987435s
[ Info: iter=14320 obj=3.3418990000525117e12 pinf=162014.61111162193 (142016) dinf=0.0 (0) time=149.17197435s
[ Info: iter=14400 obj=3.3418990000525117e12 pinf=161934.6111116218 (142016) dinf=0.0 (0) time=149.952556681s
[ Info: iter=14480 obj=3.3418990000525117e12 pinf=161854.6111116217 (142016) dinf=0.0 (0) time=150.735281512s
[ Info: iter=14560 obj=3.3418990000525117e12 pinf=161774.61111162158 (142016) dinf=0.0 (0) time=151.517892642s
[ Info: iter=14640 obj=3.3418990000525117e12 pinf=161694.61111162146 (142016) dinf=0.0 (0) time=152.304810171s
[ Info: iter=14720 obj=3.3418990000525117e12 pinf=161614.61111162134 (142016) dinf=0.0 (0) time=153.0935818s
[ Info: iter=14800 obj=3.3418990000525117e12 pinf=161534.61111162123 (142016) dinf=0.0 (0) time=153.873679631s
[ Info: iter=14880 obj=3.3418990000525117e12 pinf=161454.6111116211 (142016) dinf=0.0 (0) time=154.651145863s
[ Info: iter=14960 obj=3.3418990000525117e12 pinf=161374.611111621 (142016) dinf=0.0 (0) time=155.436592493s
[ Info: iter=15040 obj=3.3418990000525117e12 pinf=161294.61111162088 (142016) dinf=0.0 (0) time=156.218682723s
[ Info: iter=15120 obj=3.3418990000525117e12 pinf=161214.6111116208 (142016) dinf=0.0 (0) time=157.003798395s
[ Info: iter=15200 obj=3.3418990000525117e12 pinf=161134.61111162067 (142016) dinf=0.0 (0) time=157.800843656s
[ Info: iter=15280 obj=3.3418990000525117e12 pinf=161054.6111116206 (142016) dinf=0.0 (0) time=158.577973517s
[ Info: iter=15360 obj=3.3418990000525117e12 pinf=160974.61111162047 (142016) dinf=0.0 (0) time=159.378010478s
[ Info: iter=15440 obj=3.3418990000525117e12 pinf=160894.61111162035 (142016) dinf=0.0 (0) time=160.15739024s
[ Info: iter=15520 obj=3.3418990000525117e12 pinf=160814.61111162024 (142016) dinf=0.0 (0) time=160.952311801s
[ Info: iter=15600 obj=3.3418990000525117e12 pinf=160734.61111162012 (142016) dinf=0.0 (0) time=161.745137162s
[ Info: iter=15680 obj=3.3418990000525117e12 pinf=160654.61111162003 (142016) dinf=0.0 (0) time=162.539998623s
[ Info: iter=15760 obj=3.3418990000525117e12 pinf=160574.61111161992 (142016) dinf=0.0 (0) time=163.337763984s
[ Info: iter=15840 obj=3.3418990000525117e12 pinf=160494.61111161983 (142016) dinf=0.0 (0) time=164.128397145s
[ Info: iter=15920 obj=3.3418990000525117e12 pinf=160414.6111116197 (142016) dinf=0.0 (0) time=164.927768736s
[ Info: iter=16000 obj=3.3418990000525117e12 pinf=160334.6111116196 (142016) dinf=0.0 (0) time=165.733262647s
[ Info: iter=16080 obj=3.3418990000525117e12 pinf=160254.6111116195 (142016) dinf=0.0 (0) time=166.517038756s
[ Info: iter=16160 obj=3.3418990000525117e12 pinf=160174.61111161936 (142016) dinf=0.0 (0) time=167.310967065s
[ Info: iter=16240 obj=3.3418990000525117e12 pinf=160094.61111161925 (142016) dinf=0.0 (0) time=168.099889575s
[ Info: iter=16320 obj=3.3418990000525117e12 pinf=160014.61111161913 (142016) dinf=0.0 (0) time=168.884775383s
[ Info: iter=16400 obj=3.3418990000525117e12 pinf=159934.61111161901 (142016) dinf=0.0 (0) time=169.679253793s
[ Info: iter=16480 obj=3.3418990000525117e12 pinf=159854.6111116189 (142016) dinf=0.0 (0) time=170.462522902s
[ Info: iter=16560 obj=3.3418990000525117e12 pinf=159774.61111161878 (142016) dinf=0.0 (0) time=171.24929481s
[ Info: iter=16640 obj=3.3418990000525117e12 pinf=159694.61111161867 (142016) dinf=0.0 (0) time=172.04454032s
[ Info: iter=16720 obj=3.3418990000525117e12 pinf=159614.61111161855 (142016) dinf=0.0 (0) time=172.829233816s
[ Info: iter=16800 obj=3.3418990000525117e12 pinf=159534.61111161837 (142016) dinf=0.0 (0) time=173.62095159s
[ Info: iter=16880 obj=3.3418990000525117e12 pinf=159454.6111116183 (142016) dinf=0.0 (0) time=174.415190764s
[ Info: iter=16960 obj=3.3418990000525117e12 pinf=159374.61111161814 (142016) dinf=0.0 (0) time=175.208498237s
[ Info: iter=17040 obj=3.3418990000525117e12 pinf=159294.61111161803 (142016) dinf=0.0 (0) time=176.00731741s
[ Info: iter=17120 obj=3.3418990000525117e12 pinf=159214.6111116179 (142016) dinf=0.0 (0) time=176.795966585s
[ Info: iter=17200 obj=3.3418990000525117e12 pinf=159134.6111116178 (142016) dinf=0.0 (0) time=177.590038459s
[ Info: iter=17280 obj=3.3418990000525117e12 pinf=159054.61111161768 (142016) dinf=0.0 (0) time=178.380555933s
[ Info: iter=17360 obj=3.3418990000525117e12 pinf=158974.6111116175 (142016) dinf=0.0 (0) time=179.185048005s
[ Info: iter=17440 obj=3.3418990000525117e12 pinf=158894.61111161736 (142016) dinf=0.0 (0) time=179.977874879s
[ Info: iter=17520 obj=3.3419200000524697e12 pinf=158685.6111116164 (141885) dinf=0.0 (0) time=180.769735753s
[ Info: iter=17600 obj=3.34204000005223e12 pinf=158003.3888893915 (141285) dinf=0.0 (0) time=181.580070255s
[ Info: iter=17680 obj=3.3421600000519897e12 pinf=157290.94444494395 (140651) dinf=0.0 (0) time=182.376316933s
[ Info: iter=17760 obj=3.34228000005175e12 pinf=156576.7222227185 (140015) dinf=0.0 (0) time=183.174487308s
[ Info: iter=17840 obj=3.34240000005151e12 pinf=155887.38888938373 (139407) dinf=0.0 (0) time=183.969016588s
[ Info: iter=17920 obj=3.34252000005127e12 pinf=155167.8333338265 (138765) dinf=0.0 (0) time=184.752737786s
[ Info: iter=18000 obj=3.34264000005103e12 pinf=154439.38888938027 (138113) dinf=0.0 (0) time=185.561179145s
[ Info: iter=18080 obj=3.34276000005079e12 pinf=153751.8333338235 (137507) dinf=0.0 (0) time=186.367807705s
[ Info: iter=18160 obj=3.34288000005055e12 pinf=153032.2777782663 (136865) dinf=0.0 (0) time=187.169655773s
[ Info: iter=18240 obj=3.34300000005031e12 pinf=152321.61111159806 (136233) dinf=0.0 (0) time=187.970018842s
[ Info: iter=18320 obj=3.34312000005007e12 pinf=151634.0555560413 (135627) dinf=0.0 (0) time=188.76725041s
[ Info: iter=18400 obj=3.34324000004983e12 pinf=150910.94444492846 (134981) dinf=0.0 (0) time=189.565345333s
[ Info: iter=18480 obj=3.34336000004959e12 pinf=150186.0555560378 (134333) dinf=0.0 (0) time=190.361081853s
[ Info: iter=18560 obj=3.34348000004935e12 pinf=149502.05555603668 (133731) dinf=0.0 (0) time=191.167181671s
[ Info: iter=18640 obj=3.34360000004911e12 pinf=148784.27777825718 (133091) dinf=0.0 (0) time=191.969630791s
[ Info: iter=18720 obj=3.34372000004887e12 pinf=148075.3888893667 (132461) dinf=0.0 (0) time=192.773088309s
[ Info: iter=18800 obj=3.34384000004863e12 pinf=147386.05555603214 (131853) dinf=0.0 (0) time=193.595640627s
[ Info: iter=18880 obj=3.34396000004839e12 pinf=146668.27777825267 (131213) dinf=0.0 (0) time=194.400114745s
[ Info: iter=18960 obj=3.34408000004815e12 pinf=145946.94444491758 (130569) dinf=0.0 (0) time=195.291875355s
[ Info: iter=19040 obj=3.34420000004791e12 pinf=145255.83333380515 (129959) dinf=0.0 (0) time=196.34034165s
[ Info: iter=19120 obj=3.34432000004767e12 pinf=144534.50000047009 (129315) dinf=0.0 (0) time=197.163884513s
[ Info: iter=19200 obj=3.34444000004743e12 pinf=143813.16666713505 (128671) dinf=0.0 (0) time=198.010948058s
[ Info: iter=19280 obj=3.34456000004719e12 pinf=143125.61111157824 (128065) dinf=0.0 (0) time=198.874094513s
[ Info: iter=19360 obj=3.34468000004695e12 pinf=142414.94444490995 (127433) dinf=0.0 (0) time=199.84741034s
[ Info: iter=19440 obj=3.34480000004671e12 pinf=141682.9444449081 (126777) dinf=0.0 (0) time=200.829258472s
[ Info: iter=19520 obj=3.34492000004647e12 pinf=140988.27777824015 (126163) dinf=0.0 (0) time=201.82062171s
[ Info: iter=19600 obj=3.34504000004623e12 pinf=140261.6111115717 (125513) dinf=0.0 (0) time=202.789207133s
[ Info: iter=19680 obj=3.34516000004599e12 pinf=139540.27777823672 (124869) dinf=0.0 (0) time=203.788547814s
[ Info: iter=19760 obj=3.3452800000457505e12 pinf=138849.16666712443 (124259) dinf=0.0 (0) time=204.777198443s
[ Info: iter=19840 obj=3.3454000000455103e12 pinf=138131.38888934505 (123619) dinf=0.0 (0) time=205.781347265s
[ Info: iter=19920 obj=3.3455200000452705e12 pinf=137402.9444448988 (122967) dinf=0.0 (0) time=206.745615493s
[ Info: iter=20000 obj=3.3456400000450303e12 pinf=136710.05555600877 (122355) dinf=0.0 (0) time=207.718034922s
[ Info: iter=20080 obj=3.3457600000447905e12 pinf=135995.83333378503 (121719) dinf=0.0 (0) time=208.719096151s
[ Info: iter=20160 obj=3.3458800000445503e12 pinf=135269.16666711666 (121069) dinf=0.0 (0) time=209.68814988s
[ Info: iter=20240 obj=3.3460000000443105e12 pinf=134574.50000044884 (120455) dinf=0.0 (0) time=210.660141208s
[ Info: iter=20320 obj=3.3461200000440703e12 pinf=133846.05555600268 (119803) dinf=0.0 (0) time=211.638546937s
[ Info: iter=20400 obj=3.3462400000438306e12 pinf=133128.27777822333 (119163) dinf=0.0 (0) time=212.620962365s
[ Info: iter=20480 obj=3.3463600000435903e12 pinf=132437.1666671111 (118553) dinf=0.0 (0) time=213.598511947s
[ Info: iter=20560 obj=3.3464800000433506e12 pinf=131714.05555599835 (117907) dinf=0.0 (0) time=214.572177078s
[ Info: iter=20640 obj=3.3466000000431104e12 pinf=130985.61111155213 (117255) dinf=0.0 (0) time=215.550924107s
[ Info: iter=20720 obj=3.3467200000428706e12 pinf=130290.94444488424 (116641) dinf=0.0 (0) time=216.543061527s
[ Info: iter=20800 obj=3.3468400000426304e12 pinf=129555.38888932677 (115981) dinf=0.0 (0) time=217.519190157s
[ Info: iter=20880 obj=3.3469600000423906e12 pinf=128830.50000043615 (115333) dinf=0.0 (0) time=218.497162485s
[ Info: iter=20960 obj=3.3470800000421504e12 pinf=128128.722222657 (114711) dinf=0.0 (0) time=219.466851219s
[ Info: iter=21040 obj=3.3472000000419106e12 pinf=127394.94444487733 (114053) dinf=0.0 (0) time=220.446162847s
[ Info: iter=21120 obj=3.3473200000416704e12 pinf=126655.8333337642 (113389) dinf=0.0 (0) time=221.420977527s
[ Info: iter=21200 obj=3.3474400000414307e12 pinf=125952.27777820725 (112765) dinf=0.0 (0) time=222.411256179s
[ Info: iter=21280 obj=3.3475600000411904e12 pinf=125216.72222264973 (112105) dinf=0.0 (0) time=223.400224632s
[ Info: iter=21360 obj=3.3476800000409507e12 pinf=124477.61111153661 (111441) dinf=0.0 (0) time=224.402843181s
[ Info: iter=21440 obj=3.3478000000407104e12 pinf=123774.05555597958 (110817) dinf=0.0 (0) time=225.41069113s
[ Info: iter=21520 obj=3.3479200000404707e12 pinf=123034.94444486639 (110153) dinf=0.0 (0) time=226.386430486s
[ Info: iter=21600 obj=3.3480400000402305e12 pinf=122299.38888930887 (109493) dinf=0.0 (0) time=227.372592139s
[ Info: iter=21680 obj=3.3481600000399907e12 pinf=121601.16666708524 (108875) dinf=0.0 (0) time=228.353499594s
[ Info: iter=21760 obj=3.3482800000397505e12 pinf=120865.61111152772 (108215) dinf=0.0 (0) time=229.335091194s
[ Info: iter=21840 obj=3.3484000000395107e12 pinf=120154.94444485943 (107583) dinf=0.0 (0) time=230.314709954s
[ Info: iter=21920 obj=3.3485200000392705e12 pinf=119474.50000041383 (106985) dinf=0.0 (0) time=231.301995512s
[ Info: iter=22000 obj=3.348640000039031e12 pinf=118747.83333374542 (106335) dinf=0.0 (0) time=232.309101167s
[ Info: iter=22080 obj=3.3487600000387905e12 pinf=118003.38888929898 (105665) dinf=0.0 (0) time=233.313062823s
[ Info: iter=22160 obj=3.348880000038551e12 pinf=117303.38888929773 (105045) dinf=0.0 (0) time=234.296688781s
[ Info: iter=22240 obj=3.3490000000383105e12 pinf=116574.94444485151 (104393) dinf=0.0 (0) time=235.297397538s
[ Info: iter=22320 obj=3.349120000038071e12 pinf=115823.38888929391 (103715) dinf=0.0 (0) time=236.285401396s
[ Info: iter=22400 obj=3.349240000037831e12 pinf=115109.16666707018 (103079) dinf=0.0 (0) time=237.272445493s
[ Info: iter=22480 obj=3.349360000037591e12 pinf=114364.72222262376 (102409) dinf=0.0 (0) time=238.274422103s
[ Info: iter=22560 obj=3.349480000037351e12 pinf=113625.61111151078 (101745) dinf=0.0 (0) time=239.256570131s
[ Info: iter=22640 obj=3.349600000037111e12 pinf=112922.05555595396 (101121) dinf=0.0 (0) time=240.27137233s
[ Info: iter=22720 obj=3.349720000036871e12 pinf=112174.05555595193 (100447) dinf=0.0 (0) time=241.24011387s
[ Info: iter=22800 obj=3.349840000036631e12 pinf=111427.83333372776 (99775) dinf=0.0 (0) time=242.243206179s
[ Info: iter=22880 obj=3.349960000036391e12 pinf=110713.61111150404 (99139) dinf=0.0 (0) time=243.238910022s
[ Info: iter=22960 obj=3.350080000036151e12 pinf=109974.50000039101 (98475) dinf=0.0 (0) time=244.229679534s
[ Info: iter=23040 obj=3.350200000035911e12 pinf=109221.16666705554 (97795) dinf=0.0 (0) time=245.237276191s
[ Info: iter=23120 obj=3.350320000035671e12 pinf=108501.6111114984 (97153) dinf=0.0 (0) time=246.239618492s
[ Info: iter=23200 obj=3.350440000035431e12 pinf=107757.16666705193 (96483) dinf=0.0 (0) time=247.23188579s
[ Info: iter=23280 obj=3.350560000035191e12 pinf=107010.94444482768 (95811) dinf=0.0 (0) time=248.22928599s
[ Info: iter=23360 obj=3.350680000034951e12 pinf=106294.94444482605 (95173) dinf=0.0 (0) time=249.234796492s
[ Info: iter=23440 obj=3.350800000034711e12 pinf=105552.2777781573 (94505) dinf=0.0 (0) time=250.242170294s
[ Info: iter=23520 obj=3.350920000034471e12 pinf=104800.7222225995 (93827) dinf=0.0 (0) time=251.237883194s
[ Info: iter=23600 obj=3.351040000034231e12 pinf=104082.94444482007 (93187) dinf=0.0 (0) time=252.241989395s
[ Info: iter=23680 obj=3.351160000033991e12 pinf=103333.16666704003 (92511) dinf=0.0 (0) time=253.245811335s
[ Info: iter=23760 obj=3.351280000033751e12 pinf=102578.05555592658 (91829) dinf=0.0 (0) time=254.257441456s
SNAPSHOT .superpowers/dual-medium/pfi-baseline.iteration_35040.bin
SNAPSHOT .superpowers/dual-medium/pfi-baseline.auxiliary_before_handoff.bin
SNAPSHOT .superpowers/dual-medium/pfi-baseline.original_bounds_first_pricing.bin
SNAPSHOT .superpowers/dual-medium/pfi-baseline.original_bounds_after_2000.bin
[ Info: iter=23840 obj=3.351400000033511e12 pinf=101856.72222259147 (91185) dinf=0.0 (0) time=255.276628382s
[ Info: iter=23920 obj=3.351520000033271e12 pinf=101110.50000036706 (90513) dinf=0.0 (0) time=256.289835305s
[ Info: iter=24000 obj=3.3516400000330312e12 pinf=100351.83333369801 (89827) dinf=0.0 (0) time=257.293676521s
[ Info: iter=24080 obj=3.351760000032791e12 pinf=99628.72222258506 (89181) dinf=0.0 (0) time=258.259664315s
[ Info: iter=24160 obj=3.3518800000325513e12 pinf=98875.38888924921 (88501) dinf=0.0 (0) time=259.205680296s
[ Info: iter=24240 obj=3.352000000032311e12 pinf=98125.61111146884 (87825) dinf=0.0 (0) time=260.175132152s
[ Info: iter=24320 obj=3.3521200000320713e12 pinf=97406.05555591118 (87183) dinf=0.0 (0) time=261.144463685s
[ Info: iter=24400 obj=3.352240000031831e12 pinf=96650.9444447974 (86501) dinf=0.0 (0) time=262.11107576s
[ Info: iter=24480 obj=3.3523600000315913e12 pinf=95901.16666701704 (85825) dinf=0.0 (0) time=263.067367112s
[ Info: iter=24560 obj=3.352480000031351e12 pinf=95179.83333368154 (85181) dinf=0.0 (0) time=264.025268168s
[ Info: iter=24640 obj=3.3526000000311113e12 pinf=94446.05555590143 (84523) dinf=0.0 (0) time=264.988607614s
[ Info: iter=24720 obj=3.352720000030871e12 pinf=93714.0555558991 (83867) dinf=0.0 (0) time=265.944821597s
[ Info: iter=24800 obj=3.3528400000306313e12 pinf=93003.38888923045 (83235) dinf=0.0 (0) time=266.898140979s
[ Info: iter=24880 obj=3.3529600000303916e12 pinf=92260.72222256131 (82567) dinf=0.0 (0) time=267.864083661s
[ Info: iter=24960 obj=3.3530800000301514e12 pinf=91498.5000003363 (81877) dinf=0.0 (0) time=268.831639644s
[ Info: iter=25040 obj=3.3532000000299116e12 pinf=90773.6111114452 (81229) dinf=0.0 (0) time=269.793332248s
[ Info: iter=25120 obj=3.3533200000296714e12 pinf=90018.50000033143 (80547) dinf=0.0 (0) time=270.747194344s
[ Info: iter=25200 obj=3.3534400000294316e12 pinf=89259.83333366204 (79861) dinf=0.0 (0) time=271.705277744s
[ Info: iter=25280 obj=3.3535600000291914e12 pinf=88540.27777810436 (79219) dinf=0.0 (0) time=272.671401548s
[ Info: iter=25360 obj=3.3536800000289517e12 pinf=87792.27777810182 (78545) dinf=0.0 (0) time=273.627700246s
[ Info: iter=25440 obj=3.3538000000287114e12 pinf=87031.83333365463 (77857) dinf=0.0 (0) time=274.585982245s
[ Info: iter=25520 obj=3.3539200000284717e12 pinf=86303.38888920794 (77205) dinf=0.0 (0) time=275.547735746s
[ Info: iter=25600 obj=3.3540400000282314e12 pinf=85546.50000031637 (76521) dinf=0.0 (0) time=276.520062354s
[ Info: iter=25680 obj=3.3541600000279917e12 pinf=84784.2777780914 (75831) dinf=0.0 (0) time=277.482369312s
[ Info: iter=25760 obj=3.3542800000277515e12 pinf=84057.61111142254 (75181) dinf=0.0 (0) time=278.441377228s
[ Info: iter=25840 obj=3.3544000000275117e12 pinf=83311.3888891978 (74509) dinf=0.0 (0) time=279.401240644s
[ Info: iter=25920 obj=3.3545200000272715e12 pinf=82545.61111141721 (73815) dinf=0.0 (0) time=280.378783663s
[ Info: iter=26000 obj=3.3546400000270317e12 pinf=81818.94444474833 (73165) dinf=0.0 (0) time=281.339934479s
[ Info: iter=26080 obj=3.3547600000267915e12 pinf=81065.61111141238 (72485) dinf=0.0 (0) time=282.311455397s
[ Info: iter=26160 obj=3.354880000026552e12 pinf=80305.1666669652 (71797) dinf=0.0 (0) time=283.309707318s
[ Info: iter=26240 obj=3.3550000000263115e12 pinf=79576.72222251853 (71145) dinf=0.0 (0) time=284.31857854s
[ Info: iter=26320 obj=3.355120000026072e12 pinf=78819.83333362694 (70461) dinf=0.0 (0) time=285.323250437s
[ Info: iter=26400 obj=3.3552400000258315e12 pinf=78064.72222251308 (69779) dinf=0.0 (0) time=286.295080388s
[ Info: iter=26480 obj=3.355360000025592e12 pinf=77338.0555558434 (69129) dinf=0.0 (0) time=287.27111558s
[ Info: iter=26560 obj=3.3554800000253516e12 pinf=76584.72222250664 (68449) dinf=0.0 (0) time=288.228987758s
[ Info: iter=26640 obj=3.355600000025112e12 pinf=75822.50000028085 (67759) dinf=0.0 (0) time=289.193751036s
[ Info: iter=26720 obj=3.3557200000248716e12 pinf=75094.05555583336 (67107) dinf=0.0 (0) time=290.159610113s
[ Info: iter=26800 obj=3.355840000024632e12 pinf=74337.16666694099 (66423) dinf=0.0 (0) time=291.120731391s
[ Info: iter=26880 obj=3.3559600000243916e12 pinf=73578.5000002708 (65737) dinf=0.0 (0) time=292.086339569s
[ Info: iter=26960 obj=3.356080000024152e12 pinf=72855.38888915667 (65091) dinf=0.0 (0) time=293.060214947s
[ Info: iter=27040 obj=3.3562000000239116e12 pinf=72098.50000026428 (64407) dinf=0.0 (0) time=294.059443324s
[ Info: iter=27120 obj=3.356320000023672e12 pinf=71334.50000026045 (63715) dinf=0.0 (0) time=295.043564202s
[ Info: iter=27200 obj=3.3564400000234316e12 pinf=70606.05555580946 (63063) dinf=0.0 (0) time=296.01492158s
[ Info: iter=27280 obj=3.356560000023192e12 pinf=69850.94444469137 (62381) dinf=0.0 (0) time=296.986266258s
[ Info: iter=27360 obj=3.3566800000229517e12 pinf=69086.94444468424 (61689) dinf=0.0 (0) time=297.953554236s
[ Info: iter=27440 obj=3.356800000022712e12 pinf=68362.0555557889 (61041) dinf=0.0 (0) time=298.926133314s
[ Info: iter=27520 obj=3.356920000022472e12 pinf=67608.72222244863 (60361) dinf=0.0 (0) time=299.896505692s
[ Info: iter=27600 obj=3.357040000022232e12 pinf=66846.50000021933 (59671) dinf=0.0 (0) time=300.88228407s
[ Info: iter=27680 obj=3.357160000021992e12 pinf=66121.61111132397 (59023) dinf=0.0 (0) time=301.844980044s
[ Info: iter=27760 obj=3.357280000021752e12 pinf=65364.722222428994 (58339) dinf=0.0 (0) time=302.806672492s
[ Info: iter=27840 obj=3.357400000021512e12 pinf=64598.9444446481 (57645) dinf=0.0 (0) time=303.814758676s
[ Info: iter=27920 obj=3.357520000021272e12 pinf=63879.38888908995 (57003) dinf=0.0 (0) time=304.805991083s
[ Info: iter=28000 obj=3.357640000021032e12 pinf=63131.388889087066 (56329) dinf=0.0 (0) time=305.785078284s
[ Info: iter=28080 obj=3.357760000020792e12 pinf=62376.27777797296 (55647) dinf=0.0 (0) time=306.773637673s
[ Info: iter=28160 obj=3.3578800000205522e12 pinf=61669.16666685945 (55019) dinf=0.0 (0) time=307.741853764s
[ Info: iter=28240 obj=3.358000000020312e12 pinf=60922.94444463435 (54347) dinf=0.0 (0) time=308.699157156s
[ Info: iter=28320 obj=3.3581200000200723e12 pinf=60164.27777796468 (53661) dinf=0.0 (0) time=309.663264022s
[ Info: iter=28400 obj=3.358240000019832e12 pinf=59444.722222406555 (53019) dinf=0.0 (0) time=310.64334097s
[ Info: iter=28480 obj=3.3583600000195923e12 pinf=58696.72222240368 (52345) dinf=0.0 (0) time=311.61121182s
[ Info: iter=28560 obj=3.358480000019352e12 pinf=57945.166666845216 (51667) dinf=0.0 (0) time=312.610768465s
[ Info: iter=28640 obj=3.3586000000191123e12 pinf=57225.61111128705 (51025) dinf=0.0 (0) time=313.611229411s
[ Info: iter=28720 obj=3.358720000018872e12 pinf=56474.055555728504 (50347) dinf=0.0 (0) time=314.630637553s
[ Info: iter=28800 obj=3.3588400000186323e12 pinf=55720.72222239217 (49667) dinf=0.0 (0) time=315.646420196s
[ Info: iter=28880 obj=3.358960000018392e12 pinf=55006.5000001674 (49031) dinf=0.0 (0) time=316.617244145s
[ Info: iter=28960 obj=3.3590800000181523e12 pinf=54260.277777942254 (48359) dinf=0.0 (0) time=317.587547662s
[ Info: iter=29040 obj=3.359200000017912e12 pinf=53514.05555571717 (47687) dinf=0.0 (0) time=318.575250744s
[ Info: iter=29120 obj=3.3593200000176724e12 pinf=52801.611111270235 (47053) dinf=0.0 (0) time=319.548168129s
[ Info: iter=29200 obj=3.359440000017432e12 pinf=52055.38888904514 (46381) dinf=0.0 (0) time=320.518104615s
[ Info: iter=29280 obj=3.3595600000171924e12 pinf=51309.16666682005 (45709) dinf=0.0 (0) time=321.488987001s
[ Info: iter=29360 obj=3.359680000016952e12 pinf=50596.722222373144 (45075) dinf=0.0 (0) time=322.463461286s
[ Info: iter=29440 obj=3.3598000000167124e12 pinf=49850.50000014808 (44403) dinf=0.0 (0) time=323.44467787s
[ Info: iter=29520 obj=3.359920000016472e12 pinf=49109.61111125641 (43737) dinf=0.0 (0) time=324.418094455s
[ Info: iter=29600 obj=3.3600400000162324e12 pinf=48395.38888903169 (43101) dinf=0.0 (0) time=325.38945158s
[ Info: iter=29680 obj=3.360160000015992e12 pinf=47650.94444458443 (42431) dinf=0.0 (0) time=326.38098969s
[ Info: iter=29760 obj=3.3602800000157524e12 pinf=46897.611111248196 (41751) dinf=0.0 (0) time=327.357455603s
[ Info: iter=29840 obj=3.360400000015512e12 pinf=46183.38888902355 (41115) dinf=0.0 (0) time=328.354105713s
[ Info: iter=29920 obj=3.3605200000152725e12 pinf=45460.27777790991 (40469) dinf=0.0 (0) time=329.333255325s
[ Info: iter=30000 obj=3.360640000015032e12 pinf=44714.0555556849 (39797) dinf=0.0 (0) time=330.318746736s
[ Info: iter=30080 obj=3.360760000014792e12 pinf=44003.38888901584 (39165) dinf=0.0 (0) time=331.289189749s
[ Info: iter=30160 obj=3.3608800000145522e12 pinf=43260.722222346434 (38497) dinf=0.0 (0) time=332.264676361s
[ Info: iter=30240 obj=3.361000000014312e12 pinf=42516.277777899224 (37827) dinf=0.0 (0) time=333.237090458s
[ Info: iter=30320 obj=3.3611200000140723e12 pinf=41809.166666785764 (37199) dinf=0.0 (0) time=334.216268948s
[ Info: iter=30400 obj=3.361240000013832e12 pinf=41068.27777789415 (36533) dinf=0.0 (0) time=335.197838238s
[ Info: iter=30480 obj=3.3613600000135923e12 pinf=40327.388889002534 (35867) dinf=0.0 (0) time=336.16628883s
[ Info: iter=30560 obj=3.361480000013352e12 pinf=39622.05555566688 (35241) dinf=0.0 (0) time=337.14396962s
[ Info: iter=30640 obj=3.3616000000131123e12 pinf=38900.72222233104 (34597) dinf=0.0 (0) time=338.134502708s
[ Info: iter=30720 obj=3.361720000012872e12 pinf=38161.61111121752 (33933) dinf=0.0 (0) time=339.122660196s
[ Info: iter=30800 obj=3.3618400000126323e12 pinf=37450.94444454886 (33301) dinf=0.0 (0) time=340.093384587s
[ Info: iter=30880 obj=3.361960000012392e12 pinf=36713.61111121324 (32639) dinf=0.0 (0) time=341.064397379s
[ Info: iter=30960 obj=3.362080000012152e12 pinf=35972.72222232203 (31973) dinf=0.0 (0) time=342.054801354s
[ Info: iter=31040 obj=3.362200000011912e12 pinf=35274.500000097956 (31355) dinf=0.0 (0) time=343.079119463s
[ Info: iter=31120 obj=3.362320000011672e12 pinf=34562.05555565301 (30721) dinf=0.0 (0) time=344.097968964s
[ Info: iter=31200 obj=3.362440000011432e12 pinf=33824.722222319135 (30059) dinf=0.0 (0) time=345.131987285s
[ Info: iter=31280 obj=3.362560000011192e12 pinf=33131.83333343017 (29447) dinf=0.0 (0) time=346.120932848s
[ Info: iter=31360 obj=3.362680000010952e12 pinf=32415.833333428942 (28809) dinf=0.0 (0) time=347.1045395s
[ Info: iter=31440 obj=3.362800000010712e12 pinf=31690.944444537745 (28161) dinf=0.0 (0) time=348.078286893s
[ Info: iter=31520 obj=3.362920000010472e12 pinf=30989.16666675796 (27539) dinf=0.0 (0) time=348.967831296s
[ Info: iter=31600 obj=3.363040000010232e12 pinf=30266.05555564456 (26893) dinf=0.0 (0) time=349.786409603s
[ Info: iter=31680 obj=3.363160000009992e12 pinf=29530.500000086562 (26233) dinf=0.0 (0) time=350.624242553s
[ Info: iter=31760 obj=3.363280000009752e12 pinf=28834.05555564018 (25617) dinf=0.0 (0) time=351.455750498s
[ Info: iter=31840 obj=3.3634000000095117e12 pinf=28105.61111119338 (24965) dinf=0.0 (0) time=352.28116784s
[ Info: iter=31920 obj=3.363520000009272e12 pinf=27373.611111190978 (24309) dinf=0.0 (0) time=353.11834519s
[ Info: iter=32000 obj=3.3636400000090317e12 pinf=26677.166666744597 (23693) dinf=0.0 (0) time=353.955632839s
[ Info: iter=32080 obj=3.363760000008792e12 pinf=25954.055555631203 (23047) dinf=0.0 (0) time=354.808686499s
[ Info: iter=32160 obj=3.363880000008552e12 pinf=25214.944444517598 (22383) dinf=0.0 (0) time=355.625950836s
[ Info: iter=32240 obj=3.364000000008312e12 pinf=24538.055555627026 (21789) dinf=0.0 (0) time=356.45501618s
[ Info: iter=32320 obj=3.364120000008072e12 pinf=23818.50000006925 (21147) dinf=0.0 (0) time=357.284873293s
[ Info: iter=32400 obj=3.364240000007832e12 pinf=23093.611111178103 (20499) dinf=0.0 (0) time=358.121186039s
[ Info: iter=32480 obj=3.364360000007592e12 pinf=22397.166666731777 (19883) dinf=0.0 (0) time=358.949233284s
[ Info: iter=32560 obj=3.364480000007352e12 pinf=21665.16666672943 (19227) dinf=0.0 (0) time=359.79175103s
[ Info: iter=32640 obj=3.364600000007112e12 pinf=20934.94444450488 (18573) dinf=0.0 (0) time=360.616673075s
[ Info: iter=32720 obj=3.364720000006872e12 pinf=20249.16666672536 (17969) dinf=0.0 (0) time=361.443198421s
[ Info: iter=32800 obj=3.364840000006632e12 pinf=19542.055555612227 (17341) dinf=0.0 (0) time=362.296129467s
[ Info: iter=32880 obj=3.364960000006392e12 pinf=18817.16666672108 (16693) dinf=0.0 (0) time=363.146621514s
[ Info: iter=32960 obj=3.365080000006152e12 pinf=18138.50000005277 (16097) dinf=0.0 (0) time=364.020959362s
[ Info: iter=33040 obj=3.365200000005912e12 pinf=17429.611111161743 (15467) dinf=0.0 (0) time=364.89492341s
[ Info: iter=33120 obj=3.365320000005672e12 pinf=16713.611111158727 (14829) dinf=0.0 (0) time=365.73275195s
[ Info: iter=33200 obj=3.365440000005432e12 pinf=16031.388888934405 (14229) dinf=0.0 (0) time=366.575831287s
[ Info: iter=33280 obj=3.365560000005192e12 pinf=15326.055555599129 (13603) dinf=0.0 (0) time=367.404236324s
[ Info: iter=33360 obj=3.365680000004952e12 pinf=14601.166666708052 (12955) dinf=0.0 (0) time=368.236603961s
[ Info: iter=33440 obj=3.365800000004712e12 pinf=13913.611111150762 (12349) dinf=0.0 (0) time=369.064832198s
[ Info: iter=33520 obj=3.365920000004472e12 pinf=13195.833333370883 (11709) dinf=0.0 (0) time=369.914767636s
[ Info: iter=33600 obj=3.366040000004232e12 pinf=12478.055555591007 (11069) dinf=0.0 (0) time=370.755927573s
[ Info: iter=33680 obj=3.366160000003992e12 pinf=11788.722222255921 (10461) dinf=0.0 (0) time=371.594232011s
[ Info: iter=33760 obj=3.366280000003752e12 pinf=11078.05555558723 (9829) dinf=0.0 (0) time=372.438995348s
[ Info: iter=33840 obj=3.366400000003512e12 pinf=10354.944444473937 (9183) dinf=0.0 (0) time=373.289643822s
[ Info: iter=33920 obj=3.366520000003272e12 pinf=9667.388888916636 (8577) dinf=0.0 (0) time=374.134556843s
[ Info: iter=34000 obj=3.366640000003032e12 pinf=8947.833333358847 (7935) dinf=0.0 (0) time=374.982555066s
[ Info: iter=34080 obj=3.366760000002792e12 pinf=8224.722222245457 (7289) dinf=0.0 (0) time=375.835928091s
[ Info: iter=34160 obj=3.366880000002552e12 pinf=7533.611111132458 (6679) dinf=0.0 (0) time=376.691542416s
[ Info: iter=34240 obj=3.367000000002312e12 pinf=6819.3888889080645 (6043) dinf=0.0 (0) time=377.528281635s
[ Info: iter=34320 obj=3.367120000002072e12 pinf=6101.611111128072 (5403) dinf=0.0 (0) time=378.365008553s
[ Info: iter=34400 obj=3.367240000001832e12 pinf=5421.166666681871 (4805) dinf=0.0 (0) time=379.288821704s
[ Info: iter=34480 obj=3.367360000001592e12 pinf=4726.500000013274 (4191) dinf=0.0 (0) time=380.274124179s
[ Info: iter=34560 obj=3.367480000001352e12 pinf=4003.388888899955 (3545) dinf=0.0 (0) time=381.28388944s
[ Info: iter=34640 obj=3.367600000001112e12 pinf=3321.166666675946 (2945) dinf=0.0 (0) time=382.27571315s
[ Info: iter=34720 obj=3.367720000000872e12 pinf=2612.277777784933 (2315) dinf=0.0 (0) time=383.26126366s
[ Info: iter=34800 obj=3.367840000000632e12 pinf=1910.5000000051168 (1693) dinf=0.0 (0) time=384.244914869s
[ Info: iter=34880 obj=3.367960000000392e12 pinf=1235.3888888923034 (1101) dinf=0.0 (0) time=385.246344679s
[ Info: iter=34960 obj=3.368080000000152e12 pinf=522.9444444457005 (467) dinf=0.0 (0) time=386.24242449s
[ Info: iter=35040 obj=3.368154516897366e12 pinf=132.7388271199528 (1492) dinf=0.0 (0) time=387.202282196s
[ Info: iter=35051 obj=-7.0335414146415234e13 pinf=2.3543447352577157e9 (102890) dinf=332.5380015322007 (8751) time=388.398893629s
[ Info: iter=35131 obj=-7.033538214117597e13 pinf=1.4039123668077035e9 (102501) dinf=0.0 (0) time=389.553503353s
[ Info: iter=35211 obj=-7.033538038457969e13 pinf=1.2984867777129998e9 (108273) dinf=0.0 (0) time=390.427906422s
[ Info: iter=35291 obj=-7.033538036329497e13 pinf=1.2970873519153438e9 (108259) dinf=0.0 (0) time=391.300127492s
[ Info: iter=35371 obj=-7.033538034328033e13 pinf=1.2958581376940794e9 (108250) dinf=0.0 (0) time=392.162319668s
[ Info: iter=35451 obj=-7.033538032793533e13 pinf=1.2948519213978646e9 (108238) dinf=0.0 (0) time=393.045760232s
[ Info: iter=35531 obj=-7.033538031270545e13 pinf=1.2938954200892437e9 (108227) dinf=0.0 (0) time=393.930353996s
[ Info: iter=35611 obj=-7.033538029857934e13 pinf=1.29282328557283e9 (108213) dinf=0.0 (0) time=394.780104178s
[ Info: iter=35691 obj=-7.0335380286626e13 pinf=1.2922817679177136e9 (108200) dinf=0.0 (0) time=395.629496559s
[ Info: iter=35771 obj=-7.033538027157267e13 pinf=1.2907412036675217e9 (108177) dinf=0.0 (0) time=396.475662842s
[ Info: iter=35851 obj=-7.033538025344831e13 pinf=1.2893592742446404e9 (108159) dinf=0.0 (0) time=397.339860576s
[ Info: iter=35931 obj=-7.033538023650297e13 pinf=1.288040585642449e9 (108138) dinf=0.0 (0) time=398.209616426s
[ Info: iter=36011 obj=-7.033538022165572e13 pinf=1.287006395578065e9 (108122) dinf=0.0 (0) time=399.069988575s
[ Info: iter=36091 obj=-7.033538020476625e13 pinf=1.2858195924923825e9 (108116) dinf=0.0 (0) time=399.927190424s
[ Info: iter=36171 obj=-7.0335380191050375e13 pinf=1.2847088510055532e9 (108099) dinf=0.0 (0) time=400.778306873s
[ Info: iter=36251 obj=-7.033538017743131e13 pinf=1.2833731248235242e9 (108067) dinf=0.0 (0) time=401.649012523s
[ Info: iter=36331 obj=-7.033538016377631e13 pinf=1.2825270242254121e9 (108062) dinf=0.0 (0) time=402.537376974s
[ Info: iter=36411 obj=-7.033538014912575e13 pinf=1.281220907956344e9 (108039) dinf=0.0 (0) time=403.431922125s
[ Info: iter=36491 obj=-7.033538013455003e13 pinf=1.2797509608140907e9 (108014) dinf=0.0 (0) time=404.326689977s
[ Info: iter=36571 obj=-7.0335380115929625e13 pinf=1.2783420050945747e9 (107988) dinf=0.0 (0) time=405.247357129s
[ Info: iter=36651 obj=-7.033538010137753e13 pinf=1.277236272514268e9 (107972) dinf=0.0 (0) time=406.124178866s
[ Info: iter=36731 obj=-7.033538008787461e13 pinf=1.2760849629543805e9 (107965) dinf=0.0 (0) time=407.055279606s
[ Info: iter=36811 obj=-7.033538007042372e13 pinf=1.274436841951177e9 (107935) dinf=0.0 (0) time=407.985109145s
[ Info: iter=36891 obj=-7.033538005501028e13 pinf=1.2729118764470866e9 (107904) dinf=0.0 (0) time=408.919699984s
[ Info: iter=36971 obj=-7.033538005397081e13 pinf=1.2736334849403389e9 (108007) dinf=0.0 (0) time=409.827227322s
[ Info: iter=37051 obj=-7.033538004882575e13 pinf=1.2736117229871595e9 (107994) dinf=0.0 (0) time=410.73658636s
FINAL status=DIAGNOSTIC_STOP handoff_iteration=35051
