baseline Dict{String, Any}("iteration" => 0, "wall_seconds" => 1.764809721, "event" => "phase_dual", "refactorizations" => 0)
baseline Dict{String, Any}("iteration" => 5000, "wall_seconds" => 13.657427279, "event" => "pivot_completed", "refactorizations" => 63)
baseline Dict{String, Any}("iteration" => 10000, "wall_seconds" => 28.414106719, "event" => "pivot_completed", "refactorizations" => 111)
baseline Dict{String, Any}("iteration" => 15000, "wall_seconds" => 51.073068246, "event" => "pivot_completed", "refactorizations" => 142)
baseline Dict{String, Any}("iteration" => 20000, "wall_seconds" => 86.687094783, "event" => "pivot_completed", "refactorizations" => 173)
baseline Dict{String, Any}("iteration" => 25000, "wall_seconds" => 133.816763051, "event" => "pivot_completed", "refactorizations" => 205)
baseline Dict{String, Any}("iteration" => 30000, "wall_seconds" => 192.854902761, "event" => "pivot_completed", "refactorizations" => 236)
baseline Dict{String, Any}("iteration" => 35000, "wall_seconds" => 259.416149119, "event" => "pivot_completed", "refactorizations" => 267)
baseline Dict{String, Any}("iteration" => 40000, "wall_seconds" => 327.571773459, "event" => "pivot_completed", "refactorizations" => 298)
baseline Dict{String, Any}("iteration" => 45000, "wall_seconds" => 387.843243857, "event" => "pivot_completed", "refactorizations" => 330)
baseline Dict{String, Any}("iteration" => 50000, "wall_seconds" => 449.891013334, "event" => "pivot_completed", "refactorizations" => 361)
baseline Dict{String, Any}("iteration" => 54690, "wall_seconds" => 511.696995959, "event" => "phase_cleanup", "refactorizations" => 396)
baseline Dict{String, Any}("iteration" => 54690, "wall_seconds" => 511.697873859, "event" => "phase_primal", "refactorizations" => 396)
baseline Dict{String, Any}("iteration" => 55000, "wall_seconds" => 515.902211725, "event" => "pivot_completed", "refactorizations" => 399)
baseline FINAL OPTIMAL iterations=55855 seconds=527.90882444 certified=true
current Dict{String, Any}("iteration" => 0, "wall_seconds" => 2.017723295, "event" => "phase_dual", "refactorizations" => 0)
current Dict{String, Any}("iteration" => 5000, "wall_seconds" => 13.217613229, "event" => "pivot_completed", "refactorizations" => 63)
current Dict{String, Any}("iteration" => 10000, "wall_seconds" => 26.855404192, "event" => "pivot_completed", "refactorizations" => 111)
current Dict{String, Any}("iteration" => 15000, "wall_seconds" => 47.378815874, "event" => "pivot_completed", "refactorizations" => 142)
current Dict{String, Any}("iteration" => 20000, "wall_seconds" => 79.744338093, "event" => "pivot_completed", "refactorizations" => 173)
current Dict{String, Any}("iteration" => 25000, "wall_seconds" => 116.656068926, "event" => "pivot_completed", "refactorizations" => 205)
current Dict{String, Any}("iteration" => 30000, "wall_seconds" => 158.04245169, "event" => "pivot_completed", "refactorizations" => 236)
current Dict{String, Any}("iteration" => 35000, "wall_seconds" => 204.63128112, "event" => "pivot_completed", "refactorizations" => 267)
current Dict{String, Any}("iteration" => 40000, "wall_seconds" => 260.333945628, "event" => "pivot_completed", "refactorizations" => 298)
current Dict{String, Any}("iteration" => 45000, "wall_seconds" => 321.842456089, "event" => "pivot_completed", "refactorizations" => 330)
current Dict{String, Any}("iteration" => 50000, "wall_seconds" => 383.276010814, "event" => "pivot_completed", "refactorizations" => 361)
current Dict{String, Any}("iteration" => 54690, "wall_seconds" => 436.109618171, "event" => "phase_cleanup", "refactorizations" => 396)
current Dict{String, Any}("iteration" => 54690, "wall_seconds" => 436.110315171, "event" => "phase_primal", "refactorizations" => 396)
current Dict{String, Any}("iteration" => 55000, "wall_seconds" => 439.368476737, "event" => "pivot_completed", "refactorizations" => 399)
current FINAL OPTIMAL iterations=55855 seconds=448.870713998 certified=true
