START 1/30 Dict{String, Any}("job_index" => 1, "seconds" => 90, "reader" => "permuted", "algorithm" => "primal", "id" => "miplib/mod010", "manager" => "pfi", "seed" => 1)
DONE 1 miplib/mod010 permuted OPTIMAL passed=true iterations=598 coverage=Dict("component_proposals" => 0, "original_retry_blocked" => 0, "export_attempts" => 2, "component_certified" => 0, "component_attempts" => 0, "local_attempts" => 0)
START 2/30 Dict{String, Any}("job_index" => 2, "seconds" => 90, "reader" => "permuted", "algorithm" => "primal", "id" => "miplib/mod010", "manager" => "forrest_tomlin", "seed" => 1)
DONE 2 miplib/mod010 permuted NUMERICAL_ERROR passed=false iterations=266 coverage=Dict("component_proposals" => 0, "original_retry_blocked" => 1, "export_attempts" => 0, "component_certified" => 0, "component_attempts" => 0, "local_attempts" => 0)
START 3/30 Dict{String, Any}("job_index" => 3, "seconds" => 90, "reader" => "permuted", "algorithm" => "primal", "id" => "miplib/mod010", "manager" => "suhl_suhl", "seed" => 1)
DONE 3 miplib/mod010 permuted NUMERICAL_ERROR passed=false iterations=265 coverage=Dict("component_proposals" => 0, "original_retry_blocked" => 1, "export_attempts" => 0, "component_certified" => 0, "component_attempts" => 0, "local_attempts" => 0)
START 4/30 Dict{String, Any}("job_index" => 4, "seconds" => 90, "reader" => "permuted", "algorithm" => "primal", "id" => "miplib/mod010", "manager" => "bartels_golub", "seed" => 1)
DONE 4 miplib/mod010 permuted OPTIMAL passed=true iterations=615 coverage=Dict("component_proposals" => 0, "original_retry_blocked" => 0, "export_attempts" => 1, "component_certified" => 0, "component_attempts" => 0, "local_attempts" => 0)
START 5/30 Dict{String, Any}("job_index" => 5, "seconds" => 90, "reader" => "permuted", "algorithm" => "primal", "id" => "miplib/mod010", "manager" => "pfi", "seed" => 17)
DONE 5 miplib/mod010 permuted OPTIMAL passed=true iterations=679 coverage=Dict("component_proposals" => 0, "original_retry_blocked" => 0, "export_attempts" => 2, "component_certified" => 0, "component_attempts" => 0, "local_attempts" => 2)
START 6/30 Dict{String, Any}("job_index" => 6, "seconds" => 90, "reader" => "permuted", "algorithm" => "primal", "id" => "miplib/mod010", "manager" => "pfi", "seed" => 2)
DONE 6 miplib/mod010 permuted OPTIMAL passed=true iterations=619 coverage=Dict("component_proposals" => 0, "original_retry_blocked" => 0, "export_attempts" => 1, "component_certified" => 0, "component_attempts" => 0, "local_attempts" => 0)
START 7/30 Dict{String, Any}("job_index" => 7, "seconds" => 90, "reader" => "permuted", "algorithm" => "primal", "id" => "miplib/mod010", "manager" => "pfi", "seed" => 29)
DONE 7 miplib/mod010 permuted OPTIMAL passed=true iterations=586 coverage=Dict("component_proposals" => 0, "original_retry_blocked" => 0, "export_attempts" => 2, "component_certified" => 0, "component_attempts" => 0, "local_attempts" => 2)
START 8/30 Dict{String, Any}("job_index" => 8, "seconds" => 90, "reader" => "native", "algorithm" => "primal", "id" => "miplib/mod010", "manager" => "pfi")
DONE 8 miplib/mod010 native OPTIMAL passed=true iterations=532 coverage=Dict("component_proposals" => 1, "original_retry_blocked" => 0, "export_attempts" => 1, "component_certified" => 1, "component_attempts" => 1, "local_attempts" => 1)
START 9/30 Dict{String, Any}("job_index" => 9, "seconds" => 90, "reader" => "jump", "algorithm" => "primal", "id" => "miplib/mod010", "manager" => "pfi")
DONE 9 miplib/mod010 jump OPTIMAL passed=true iterations=595 coverage=Dict("component_proposals" => 0, "original_retry_blocked" => 0, "export_attempts" => 1, "component_certified" => 0, "component_attempts" => 0, "local_attempts" => 0)
START 10/30 Dict{String, Any}("job_index" => 10, "seconds" => 90, "reader" => "native", "algorithm" => "primal", "id" => "netlib/degen2", "manager" => "pfi")
DONE 10 netlib/degen2 native OPTIMAL passed=true iterations=1034 coverage=Dict("component_proposals" => 0, "original_retry_blocked" => 0, "export_attempts" => 4, "component_certified" => 0, "component_attempts" => 0, "local_attempts" => 4)
START 11/30 Dict{String, Any}("job_index" => 11, "seconds" => 90, "reader" => "jump", "algorithm" => "primal", "id" => "netlib/degen2", "manager" => "pfi")
DONE 11 netlib/degen2 jump OPTIMAL passed=true iterations=1031 coverage=Dict("component_proposals" => 0, "original_retry_blocked" => 0, "export_attempts" => 3, "component_certified" => 0, "component_attempts" => 0, "local_attempts" => 3)
START 12/30 Dict{String, Any}("job_index" => 12, "seconds" => 90, "reader" => "native", "algorithm" => "primal", "id" => "netlib/boeing1", "manager" => "pfi")
DONE 12 netlib/boeing1 native NUMERICAL_ERROR passed=false iterations=202 coverage=Dict("component_proposals" => 0, "original_retry_blocked" => 1, "export_attempts" => 0, "component_certified" => 0, "component_attempts" => 0, "local_attempts" => 0)
START 13/30 Dict{String, Any}("job_index" => 13, "seconds" => 90, "reader" => "jump", "algorithm" => "primal", "id" => "netlib/boeing1", "manager" => "pfi")
DONE 13 netlib/boeing1 jump OPTIMAL passed=true iterations=559 coverage=Dict("component_proposals" => 0, "original_retry_blocked" => 0, "export_attempts" => 1, "component_certified" => 0, "component_attempts" => 0, "local_attempts" => 0)
START 14/30 Dict{String, Any}("job_index" => 14, "seconds" => 90, "reader" => "native", "algorithm" => "primal", "id" => "miplib/p0201", "manager" => "pfi")
DONE 14 miplib/p0201 native NUMERICAL_ERROR passed=false iterations=110 coverage=Dict("component_proposals" => 0, "original_retry_blocked" => 1, "export_attempts" => 0, "component_certified" => 0, "component_attempts" => 0, "local_attempts" => 0)
START 15/30 Dict{String, Any}("job_index" => 15, "seconds" => 90, "reader" => "jump", "algorithm" => "primal", "id" => "miplib/p0201", "manager" => "pfi")
DONE 15 miplib/p0201 jump NUMERICAL_ERROR passed=false iterations=110 coverage=Dict("component_proposals" => 0, "original_retry_blocked" => 1, "export_attempts" => 0, "component_certified" => 0, "component_attempts" => 0, "local_attempts" => 0)
START 16/30 Dict{String, Any}("job_index" => 16, "seconds" => 90, "reader" => "native", "algorithm" => "primal", "id" => "miplib/misc07", "manager" => "pfi")
DONE 16 miplib/misc07 native OPTIMAL passed=true iterations=263 coverage=Dict("component_proposals" => 0, "original_retry_blocked" => 0, "export_attempts" => 5, "component_certified" => 0, "component_attempts" => 0, "local_attempts" => 0)
START 17/30 Dict{String, Any}("job_index" => 17, "seconds" => 90, "reader" => "jump", "algorithm" => "primal", "id" => "miplib/misc07", "manager" => "pfi")
DONE 17 miplib/misc07 jump OPTIMAL passed=true iterations=284 coverage=Dict("component_proposals" => 0, "original_retry_blocked" => 0, "export_attempts" => 1, "component_certified" => 0, "component_attempts" => 0, "local_attempts" => 0)
START 18/30 Dict{String, Any}("job_index" => 18, "seconds" => 90, "reader" => "native", "algorithm" => "primal", "id" => "netlib/scsd6", "manager" => "pfi")
DONE 18 netlib/scsd6 native OPTIMAL passed=true iterations=340 coverage=Dict("component_proposals" => 1, "original_retry_blocked" => 0, "export_attempts" => 1, "component_certified" => 1, "component_attempts" => 1, "local_attempts" => 1)
START 19/30 Dict{String, Any}("job_index" => 19, "seconds" => 90, "reader" => "native", "algorithm" => "primal", "id" => "netlib/scsd6", "manager" => "forrest_tomlin")
DONE 19 netlib/scsd6 native OPTIMAL passed=true iterations=326 coverage=Dict("component_proposals" => 1, "original_retry_blocked" => 0, "export_attempts" => 1, "component_certified" => 1, "component_attempts" => 1, "local_attempts" => 1)
START 20/30 Dict{String, Any}("job_index" => 20, "seconds" => 90, "reader" => "native", "algorithm" => "primal", "id" => "netlib/scsd6", "manager" => "suhl_suhl")
DONE 20 netlib/scsd6 native OPTIMAL passed=true iterations=329 coverage=Dict("component_proposals" => 1, "original_retry_blocked" => 0, "export_attempts" => 1, "component_certified" => 1, "component_attempts" => 1, "local_attempts" => 1)
START 21/30 Dict{String, Any}("job_index" => 21, "seconds" => 90, "reader" => "native", "algorithm" => "primal", "id" => "netlib/scsd6", "manager" => "bartels_golub")
DONE 21 netlib/scsd6 native OPTIMAL passed=true iterations=337 coverage=Dict("component_proposals" => 1, "original_retry_blocked" => 0, "export_attempts" => 1, "component_certified" => 1, "component_attempts" => 1, "local_attempts" => 1)
START 22/30 Dict{String, Any}("job_index" => 22, "seconds" => 90, "reader" => "jump", "algorithm" => "primal", "id" => "netlib/scsd6", "manager" => "pfi")
DONE 22 netlib/scsd6 jump OPTIMAL passed=true iterations=340 coverage=Dict("component_proposals" => 1, "original_retry_blocked" => 0, "export_attempts" => 1, "component_certified" => 1, "component_attempts" => 1, "local_attempts" => 1)
START 23/30 Dict{String, Any}("job_index" => 23, "seconds" => 90, "reader" => "native", "algorithm" => "primal", "id" => "netlib/cycle", "manager" => "pfi")
DONE 23 netlib/cycle native NUMERICAL_ERROR passed=false iterations=868 coverage=Dict("component_proposals" => 0, "original_retry_blocked" => 1, "export_attempts" => 0, "component_certified" => 0, "component_attempts" => 0, "local_attempts" => 0)
START 24/30 Dict{String, Any}("job_index" => 24, "seconds" => 90, "reader" => "jump", "algorithm" => "primal", "id" => "netlib/cycle", "manager" => "pfi")
DONE 24 netlib/cycle jump OPTIMAL passed=true iterations=1291 coverage=Dict("component_proposals" => 0, "original_retry_blocked" => 0, "export_attempts" => 0, "component_certified" => 0, "component_attempts" => 0, "local_attempts" => 0)
START 25/30 Dict{String, Any}("job_index" => 25, "seconds" => 90, "reader" => "native", "algorithm" => "primal", "id" => "netlib/stocfor2", "manager" => "pfi")
DONE 25 netlib/stocfor2 native OPTIMAL passed=true iterations=1970 coverage=Dict("component_proposals" => 0, "original_retry_blocked" => 0, "export_attempts" => 1, "component_certified" => 0, "component_attempts" => 0, "local_attempts" => 0)
START 26/30 Dict{String, Any}("job_index" => 26, "seconds" => 90, "reader" => "jump", "algorithm" => "primal", "id" => "netlib/stocfor2", "manager" => "pfi")
DONE 26 netlib/stocfor2 jump NUMERICAL_ERROR passed=false iterations=1957 coverage=Dict("component_proposals" => 0, "original_retry_blocked" => 1, "export_attempts" => 1, "component_certified" => 0, "component_attempts" => 0, "local_attempts" => 0)
START 27/30 Dict{String, Any}("job_index" => 27, "seconds" => 90, "reader" => "native", "algorithm" => "dual", "id" => "miplib/mod010", "manager" => "pfi")
DONE 27 miplib/mod010 native OPTIMAL passed=true iterations=679 coverage=Dict("component_proposals" => 0, "original_retry_blocked" => 0, "export_attempts" => 0, "component_certified" => 0, "component_attempts" => 0, "local_attempts" => 0)
START 28/30 Dict{String, Any}("job_index" => 28, "seconds" => 90, "reader" => "jump", "algorithm" => "dual", "id" => "miplib/mod010", "manager" => "pfi")
DONE 28 miplib/mod010 jump OPTIMAL passed=true iterations=712 coverage=Dict("component_proposals" => 0, "original_retry_blocked" => 0, "export_attempts" => 0, "component_certified" => 0, "component_attempts" => 0, "local_attempts" => 0)
START 29/30 Dict{String, Any}("job_index" => 29, "seconds" => 90, "reader" => "native", "algorithm" => "primal", "id" => "netlib/degen3", "manager" => "pfi")
DONE 29 netlib/degen3 native NUMERICAL_ERROR passed=false iterations=2367 coverage=Dict("component_proposals" => 0, "original_retry_blocked" => 1, "export_attempts" => 22, "component_certified" => 0, "component_attempts" => 0, "local_attempts" => 22)
START 30/30 Dict{String, Any}("job_index" => 30, "seconds" => 90, "reader" => "jump", "algorithm" => "primal", "id" => "netlib/degen3", "manager" => "pfi")
DONE 30 netlib/degen3 jump NUMERICAL_ERROR passed=false iterations=2894 coverage=Dict("component_proposals" => 0, "original_retry_blocked" => 1, "export_attempts" => 3, "component_certified" => 0, "component_attempts" => 0, "local_attempts" => 3)
