ERROR: LoadError: Some tests did not pass: 6 passed, 6 failed, 0 errored, 0 broken.
in expression starting at /home/jspitz/JSimplex.jl/.worktrees/simplex-basis-cleanup-performance/test/triangular_active_upper_tests.jl:3
in expression starting at /home/jspitz/JSimplex.jl/.worktrees/simplex-basis-cleanup-performance/.superpowers/performance/run-active-upper-tests.jl:2

Dense upper identity cache: Test Failed at /home/jspitz/JSimplex.jl/.worktrees/simplex-basis-cleanup-performance/test/triangular_active_upper_tests.jl:10
  Expression: available
  Stacktrace:
   [1] macro expansion
     @ ~/.julia/juliaup/julia-1.13.0+0.aarch64.linux.gnu/share/julia/stdlib/v1.13/Test/src/Test.jl:753 [inlined]
   [2] macro expansion
     @ ~/JSimplex.jl/.worktrees/simplex-basis-cleanup-performance/test/triangular_active_upper_tests.jl:10 [inlined]
   [3] macro expansion
     @ ~/.julia/juliaup/julia-1.13.0+0.aarch64.linux.gnu/share/julia/stdlib/v1.13/Test/src/Test.jl:1962 [inlined]
   [4] top-level scope
     @ ~/JSimplex.jl/.worktrees/simplex-basis-cleanup-performance/test/triangular_active_upper_tests.jl:4

Dense upper identity cache: Test Failed at /home/jspitz/JSimplex.jl/.worktrees/simplex-basis-cleanup-performance/test/triangular_active_upper_tests.jl:10
  Expression: available
  Stacktrace:
   [1] macro expansion
     @ ~/.julia/juliaup/julia-1.13.0+0.aarch64.linux.gnu/share/julia/stdlib/v1.13/Test/src/Test.jl:753 [inlined]
   [2] macro expansion
     @ ~/JSimplex.jl/.worktrees/simplex-basis-cleanup-performance/test/triangular_active_upper_tests.jl:10 [inlined]
   [3] macro expansion
     @ ~/.julia/juliaup/julia-1.13.0+0.aarch64.linux.gnu/share/julia/stdlib/v1.13/Test/src/Test.jl:1962 [inlined]
   [4] top-level scope
     @ ~/JSimplex.jl/.worktrees/simplex-basis-cleanup-performance/test/triangular_active_upper_tests.jl:4

Dense upper identity cache: Test Failed at /home/jspitz/JSimplex.jl/.worktrees/simplex-basis-cleanup-performance/test/triangular_active_upper_tests.jl:10
  Expression: available
  Stacktrace:
   [1] macro expansion
     @ ~/.julia/juliaup/julia-1.13.0+0.aarch64.linux.gnu/share/julia/stdlib/v1.13/Test/src/Test.jl:753 [inlined]
   [2] macro expansion
     @ ~/JSimplex.jl/.worktrees/simplex-basis-cleanup-performance/test/triangular_active_upper_tests.jl:10 [inlined]
   [3] macro expansion
     @ ~/.julia/juliaup/julia-1.13.0+0.aarch64.linux.gnu/share/julia/stdlib/v1.13/Test/src/Test.jl:1962 [inlined]
   [4] top-level scope
     @ ~/JSimplex.jl/.worktrees/simplex-basis-cleanup-performance/test/triangular_active_upper_tests.jl:4

Dense upper identity cache: Test Failed at /home/jspitz/JSimplex.jl/.worktrees/simplex-basis-cleanup-performance/test/triangular_active_upper_tests.jl:10
  Expression: available
  Stacktrace:
   [1] macro expansion
     @ ~/.julia/juliaup/julia-1.13.0+0.aarch64.linux.gnu/share/julia/stdlib/v1.13/Test/src/Test.jl:753 [inlined]
   [2] macro expansion
     @ ~/JSimplex.jl/.worktrees/simplex-basis-cleanup-performance/test/triangular_active_upper_tests.jl:10 [inlined]
   [3] macro expansion
     @ ~/.julia/juliaup/julia-1.13.0+0.aarch64.linux.gnu/share/julia/stdlib/v1.13/Test/src/Test.jl:1962 [inlined]
   [4] top-level scope
     @ ~/JSimplex.jl/.worktrees/simplex-basis-cleanup-performance/test/triangular_active_upper_tests.jl:4

Dense upper identity cache: Test Failed at /home/jspitz/JSimplex.jl/.worktrees/simplex-basis-cleanup-performance/test/triangular_active_upper_tests.jl:10
  Expression: available
  Stacktrace:
   [1] macro expansion
     @ ~/.julia/juliaup/julia-1.13.0+0.aarch64.linux.gnu/share/julia/stdlib/v1.13/Test/src/Test.jl:753 [inlined]
   [2] macro expansion
     @ ~/JSimplex.jl/.worktrees/simplex-basis-cleanup-performance/test/triangular_active_upper_tests.jl:10 [inlined]
   [3] macro expansion
     @ ~/.julia/juliaup/julia-1.13.0+0.aarch64.linux.gnu/share/julia/stdlib/v1.13/Test/src/Test.jl:1962 [inlined]
   [4] top-level scope
     @ ~/JSimplex.jl/.worktrees/simplex-basis-cleanup-performance/test/triangular_active_upper_tests.jl:4

Dense upper identity cache: Test Failed at /home/jspitz/JSimplex.jl/.worktrees/simplex-basis-cleanup-performance/test/triangular_active_upper_tests.jl:10
  Expression: available
  Stacktrace:
   [1] macro expansion
     @ ~/.julia/juliaup/julia-1.13.0+0.aarch64.linux.gnu/share/julia/stdlib/v1.13/Test/src/Test.jl:753 [inlined]
   [2] macro expansion
     @ ~/JSimplex.jl/.worktrees/simplex-basis-cleanup-performance/test/triangular_active_upper_tests.jl:10 [inlined]
   [3] macro expansion
     @ ~/.julia/juliaup/julia-1.13.0+0.aarch64.linux.gnu/share/julia/stdlib/v1.13/Test/src/Test.jl:1962 [inlined]
   [4] top-level scope
     @ ~/JSimplex.jl/.worktrees/simplex-basis-cleanup-performance/test/triangular_active_upper_tests.jl:4
Test Summary:              | Pass  Fail  Total  Time
Dense upper identity cache |    6     6     12  1.2s
RNG of the outermost testset: Random.Xoshiro(0xba8d6dc09c878877, 0x8f2ace4ba1f58472, 0xae99741b7e192d44, 0xda3f5c41341774b4, 0xc8c8a2f5658a290d)
