PFIFactorization coupled=true n=100 updates=10 update_us=0.330 forward_us=8.600 transpose_us=1.500
PFIFactorization coupled=false n=28000 updates=20 update_us=16.330 forward_us=46.944 transpose_us=44.666
PFIFactorization coupled=false n=28000 updates=80 update_us=16.005 forward_us=45.178 transpose_us=49.168
PFIFactorization coupled=false n=28000 updates=320 update_us=20.376 forward_us=49.057 transpose_us=44.203
PFIFactorization coupled=true n=28000 updates=20 update_us=18.370 forward_us=43.744 transpose_us=44.974
PFIFactorization coupled=true n=28000 updates=80 update_us=16.860 forward_us=42.897 transpose_us=73.780
PFIFactorization coupled=true n=28000 updates=320 update_us=16.879 forward_us=44.868 transpose_us=46.549
ForrestTomlinFactorization coupled=true n=100 updates=10 update_us=1.220 forward_us=10.100 transpose_us=2.800
ForrestTomlinFactorization coupled=false n=28000 updates=20 update_us=274.115 forward_us=149.678 transpose_us=148.191
ForrestTomlinFactorization coupled=false n=28000 updates=80 update_us=290.123 forward_us=142.012 transpose_us=141.349
ForrestTomlinFactorization coupled=false n=28000 updates=320 update_us=385.703 forward_us=171.723 transpose_us=126.236
ForrestTomlinFactorization coupled=true n=28000 updates=20 update_us=296.210 forward_us=152.064 transpose_us=150.376
ForrestTomlinFactorization coupled=true n=28000 updates=80 update_us=292.001 forward_us=146.735 transpose_us=140.784
ForrestTomlinFactorization coupled=true n=28000 updates=320 update_us=291.638 forward_us=145.443 transpose_us=135.876
SuhlSuhlFactorization coupled=true n=100 updates=10 update_us=1.430 forward_us=10.700 transpose_us=2.800
SuhlSuhlFactorization coupled=false n=28000 updates=20 update_us=146.855 forward_us=118.716 transpose_us=124.615
SuhlSuhlFactorization coupled=false n=28000 updates=80 update_us=181.055 forward_us=126.175 transpose_us=124.281
SuhlSuhlFactorization coupled=false n=28000 updates=320 update_us=154.091 forward_us=132.929 transpose_us=113.788
SuhlSuhlFactorization coupled=true n=28000 updates=20 update_us=304.615 forward_us=138.448 transpose_us=139.004
SuhlSuhlFactorization coupled=true n=28000 updates=80 update_us=292.426 forward_us=142.826 transpose_us=141.300
SuhlSuhlFactorization coupled=true n=28000 updates=320 update_us=308.008 forward_us=142.917 transpose_us=132.581
BartelsGolubFactorization coupled=true n=100 updates=10 update_us=1.800 forward_us=10.600 transpose_us=2.500
BartelsGolubFactorization coupled=false n=28000 updates=20 update_us=537.605 forward_us=141.972 transpose_us=127.469
BartelsGolubFactorization coupled=false n=28000 updates=80 update_us=470.655 forward_us=148.387 transpose_us=149.262
BartelsGolubFactorization coupled=false n=28000 updates=320 update_us=428.351 forward_us=149.331 transpose_us=142.209
BartelsGolubFactorization coupled=true n=28000 updates=20 update_us=466.530 forward_us=149.443 transpose_us=142.817
BartelsGolubFactorization coupled=true n=28000 updates=80 update_us=437.235 forward_us=196.300 transpose_us=135.574
BartelsGolubFactorization coupled=true n=28000 updates=320 update_us=429.500 forward_us=154.368 transpose_us=143.829
