PFIFactorization coupled=true n=100 updates=10 update_us=0.360 forward_us=11.400 transpose_us=1.600
PFIFactorization coupled=false n=28000 updates=20 update_us=16.525 forward_us=43.062 transpose_us=70.173
PFIFactorization coupled=false n=28000 updates=80 update_us=15.969 forward_us=44.005 transpose_us=45.636
PFIFactorization coupled=false n=28000 updates=320 update_us=17.081 forward_us=56.447 transpose_us=43.862
PFIFactorization coupled=true n=28000 updates=20 update_us=16.920 forward_us=57.625 transpose_us=47.505
PFIFactorization coupled=true n=28000 updates=80 update_us=15.988 forward_us=44.324 transpose_us=48.662
PFIFactorization coupled=true n=28000 updates=320 update_us=16.358 forward_us=59.987 transpose_us=44.265
ForrestTomlinFactorization coupled=true n=100 updates=10 update_us=1.310 forward_us=11.700 transpose_us=3.700
ForrestTomlinFactorization coupled=false n=28000 updates=20 update_us=280.780 forward_us=179.891 transpose_us=345.867
ForrestTomlinFactorization coupled=false n=28000 updates=80 update_us=281.809 forward_us=340.817 transpose_us=1034.152
ForrestTomlinFactorization coupled=false n=28000 updates=320 update_us=260.998 forward_us=913.126 transpose_us=3665.941
ForrestTomlinFactorization coupled=true n=28000 updates=20 update_us=333.595 forward_us=178.566 transpose_us=339.219
ForrestTomlinFactorization coupled=true n=28000 updates=80 update_us=331.996 forward_us=309.652 transpose_us=980.445
ForrestTomlinFactorization coupled=true n=28000 updates=320 update_us=270.371 forward_us=948.787 transpose_us=3671.355
SuhlSuhlFactorization coupled=true n=100 updates=10 update_us=1.470 forward_us=9.900 transpose_us=2.700
SuhlSuhlFactorization coupled=false n=28000 updates=20 update_us=151.090 forward_us=120.196 transpose_us=126.269
SuhlSuhlFactorization coupled=false n=28000 updates=80 update_us=158.130 forward_us=122.752 transpose_us=109.529
SuhlSuhlFactorization coupled=false n=28000 updates=320 update_us=137.129 forward_us=134.815 transpose_us=121.131
SuhlSuhlFactorization coupled=true n=28000 updates=20 update_us=296.370 forward_us=175.632 transpose_us=349.163
SuhlSuhlFactorization coupled=true n=28000 updates=80 update_us=286.202 forward_us=340.950 transpose_us=966.338
SuhlSuhlFactorization coupled=true n=28000 updates=320 update_us=276.892 forward_us=940.519 transpose_us=3389.723
BartelsGolubFactorization coupled=true n=100 updates=10 update_us=1.940 forward_us=10.500 transpose_us=3.500
BartelsGolubFactorization coupled=false n=28000 updates=20 update_us=562.180 forward_us=139.781 transpose_us=119.825
BartelsGolubFactorization coupled=false n=28000 updates=80 update_us=481.432 forward_us=144.633 transpose_us=121.555
BartelsGolubFactorization coupled=false n=28000 updates=320 update_us=383.684 forward_us=138.847 transpose_us=118.969
BartelsGolubFactorization coupled=true n=28000 updates=20 update_us=462.085 forward_us=147.894 transpose_us=141.102
BartelsGolubFactorization coupled=true n=28000 updates=80 update_us=424.772 forward_us=137.234 transpose_us=132.551
BartelsGolubFactorization coupled=true n=28000 updates=320 update_us=406.115 forward_us=150.674 transpose_us=134.921
