[ Info: Starting postsolve cleanup on original LP
[ Info: iter=0 obj=5.2482807188149884e7 pinf=3.457246064780216e6 (2141) dinf=1.9634937700917248e6 (1320) time=14.288243018s
[ Info: iter=0 obj=5.14256917621028e7 pinf=0.0 (0) dinf=1.7852123789365308e6 (1115) time=15.887885526s
[ Info: Projected postsolve basis: exchanges=317
[ Info: iter=80 obj=-1.3072486706273481e6 pinf=4.763696362365026e6 (10864) dinf=0.0 (0) time=16.76425843s
[ Info: iter=160 obj=-1.2062356928291577e6 pinf=2.8625296488253158e6 (10761) dinf=0.0 (0) time=17.822795135s
[ Info: iter=240 obj=-1.0885582645170647e6 pinf=1.2846523870175625e6 (10549) dinf=0.0 (0) time=18.719451739s
[ Info: iter=320 obj=-1.049730575780747e6 pinf=1.459598602831079e6 (10923) dinf=0.0 (0) time=19.759541544s
[ Info: iter=400 obj=-995181.364121872 pinf=2.5340310923750777e7 (11408) dinf=0.0 (0) time=20.795028046s
[ Info: iter=480 obj=-948051.4477307084 pinf=784522.6739734298 (11355) dinf=0.0 (0) time=21.806622446s
[ Info: iter=560 obj=-910497.3220032579 pinf=1.32150726991647e6 (11630) dinf=0.0 (0) time=22.760975546s
[ Info: iter=640 obj=-879636.406373102 pinf=3.267784397497342e6 (11795) dinf=0.0 (0) time=23.749168845s
[ Info: iter=720 obj=-819523.0736932559 pinf=865634.1905532161 (11530) dinf=0.0 (0) time=24.839982245s
[ Info: iter=800 obj=-766875.663510055 pinf=6.183471550186436e6 (12237) dinf=0.0 (0) time=25.841091045s
[ Info: iter=880 obj=-681448.5039161054 pinf=613388.7686919111 (12319) dinf=0.0 (0) time=26.860129545s
[ Info: iter=960 obj=-568178.1197689318 pinf=6.390750760401864e6 (12744) dinf=0.0 (0) time=28.083125344s
[ Info: iter=1040 obj=-528538.4060427203 pinf=1.0332382904275836e6 (12243) dinf=0.0 (0) time=29.057801742s
[ Info: iter=1120 obj=-470718.90267692786 pinf=971578.0335030659 (12274) dinf=0.0 (0) time=30.094010039s
[ Info: iter=1200 obj=-420623.1626374181 pinf=514595.97546743095 (12430) dinf=0.0 (0) time=31.135303436s
[ Info: iter=1280 obj=-397512.90483666665 pinf=455139.58412616217 (12402) dinf=0.0 (0) time=32.119677733s
[ Info: iter=1360 obj=-371221.18145429017 pinf=5.027656288046987e6 (12533) dinf=0.0 (0) time=33.125847931s
[ Info: iter=1440 obj=-359478.86572470487 pinf=247517.53621585935 (12178) dinf=0.0 (0) time=34.065207128s
[ Info: iter=1520 obj=-337030.5587589942 pinf=556234.9045490567 (12633) dinf=0.0 (0) time=35.023868525s
[ Info: iter=1600 obj=-325043.07643123134 pinf=114419.9115408082 (12487) dinf=0.0 (0) time=36.118452322s
[ Info: iter=1680 obj=-300473.4585819162 pinf=158195.07901682626 (12566) dinf=0.0 (0) time=37.308653719s
[ Info: iter=1760 obj=-284917.4929322312 pinf=133480.8685429343 (12566) dinf=0.0 (0) time=38.346424015s
[ Info: iter=1840 obj=-268858.24164619995 pinf=51455.28340947467 (12544) dinf=0.0 (0) time=39.417530012s
[ Info: iter=1920 obj=-258981.1487826809 pinf=26463.54699172087 (12511) dinf=0.0 (0) time=40.383995009s
[ Info: iter=2000 obj=-246227.2960945045 pinf=41194.2710239309 (12477) dinf=0.0 (0) time=41.364463006s
[ Info: iter=2080 obj=-242708.06654958328 pinf=18740.725912253354 (12274) dinf=0.0 (0) time=42.216373403s
[ Info: iter=2160 obj=-236693.00258978954 pinf=19660.843314098478 (12447) dinf=0.0 (0) time=43.055487601s
[ Info: iter=2240 obj=-235156.5459646229 pinf=18518.54168049732 (12324) dinf=0.0 (0) time=43.783143898s
[ Info: iter=2320 obj=-231526.13506864794 pinf=17952.887715423964 (12282) dinf=0.0 (0) time=44.548732996s
[ Info: iter=2400 obj=-230916.29978920962 pinf=13924.691260296926 (12234) dinf=0.0 (0) time=45.171742296s
[ Info: iter=2480 obj=-228371.7765167429 pinf=14134.289871404957 (12139) dinf=0.0 (0) time=45.859024395s
[ Info: iter=2560 obj=-222534.58900479245 pinf=13407.060192229626 (12056) dinf=0.0 (0) time=46.591862193s
[ Info: iter=2640 obj=-221423.76095868798 pinf=11754.908093962698 (11993) dinf=0.0 (0) time=47.193152893s
[ Info: iter=2720 obj=-220757.99563946688 pinf=11176.544799070774 (11922) dinf=0.0 (0) time=47.857934492s
[ Info: iter=2800 obj=-216630.69821260317 pinf=10633.106714932095 (11866) dinf=0.0 (0) time=48.608551791s
[ Info: iter=2880 obj=-204824.66631527018 pinf=12633.601906674072 (11872) dinf=0.0 (0) time=49.30428449s
[ Info: iter=2960 obj=-201143.04476034277 pinf=11218.060725313206 (11751) dinf=0.0 (0) time=50.063721889s
[ Info: iter=3040 obj=-193800.24758063557 pinf=15117.05412168089 (11787) dinf=0.0 (0) time=50.741206288s
[ Info: iter=3120 obj=-188164.5484490235 pinf=9311.73318731373 (11593) dinf=0.0 (0) time=51.447643887s
[ Info: iter=3200 obj=-182125.75543005957 pinf=12646.427969881765 (11502) dinf=0.0 (0) time=52.041301786s
[ Info: iter=3280 obj=-171508.40229017663 pinf=9728.307532227467 (11443) dinf=0.0 (0) time=52.761410088s
[ Info: iter=3360 obj=-170195.31416448217 pinf=8655.10653554751 (11378) dinf=0.0 (0) time=53.437667092s
[ Info: iter=3440 obj=-167425.5104002344 pinf=8507.543219325687 (11425) dinf=0.0 (0) time=54.145968296s
[ Info: iter=3520 obj=-163380.77868038177 pinf=8775.072726345255 (11292) dinf=0.0 (0) time=54.8962642s
[ Info: iter=3600 obj=-158969.5548487605 pinf=19665.042619229967 (11160) dinf=0.0 (0) time=55.614873904s
[ Info: iter=3680 obj=-150682.36212201315 pinf=11505.647349645562 (11217) dinf=0.0 (0) time=56.348609608s
[ Info: iter=3760 obj=-144674.83825508214 pinf=7484.348118392438 (11087) dinf=0.0 (0) time=57.112524513s
[ Info: iter=3840 obj=-136844.05845203807 pinf=7239.3983229547985 (10905) dinf=0.0 (0) time=57.860856117s
[ Info: iter=3920 obj=-134044.56842046572 pinf=7320.18016239691 (10918) dinf=0.0 (0) time=58.586383121s
[ Info: iter=4000 obj=-130848.64988290807 pinf=7488.992625816581 (10753) dinf=0.0 (0) time=59.358306326s
[ Info: iter=4080 obj=-125959.92068952374 pinf=7233.1257955438805 (10599) dinf=0.0 (0) time=60.13147923s
[ Info: iter=4160 obj=-124237.73370273918 pinf=6233.278965906229 (10585) dinf=0.0 (0) time=60.956205134s
[ Info: iter=4240 obj=-121821.62862047007 pinf=7432.591846558669 (10597) dinf=0.0 (0) time=61.762744437s
[ Info: iter=4320 obj=-121232.89344467301 pinf=15950.761268129329 (10558) dinf=0.0 (0) time=62.532897941s
[ Info: iter=4400 obj=-119166.48239992966 pinf=19081.407424251607 (10662) dinf=0.0 (0) time=63.382390145s
[ Info: iter=4480 obj=-117846.44158129187 pinf=6284.654458014589 (10317) dinf=0.0 (0) time=64.143049648s
[ Info: iter=4560 obj=-116341.50606168051 pinf=12080.453779313702 (10339) dinf=0.0 (0) time=64.892115351s
[ Info: iter=4640 obj=-115398.63769798265 pinf=6085.790834228566 (10146) dinf=0.0 (0) time=65.619668554s
[ Info: iter=4720 obj=-108620.95715478866 pinf=5872.306987751799 (9995) dinf=0.0 (0) time=66.370329858s
[ Info: iter=4800 obj=-107829.15305319856 pinf=6658.322929580187 (10021) dinf=0.0 (0) time=67.173788961s
[ Info: iter=4880 obj=-107197.40338150244 pinf=6199.2015259842965 (9984) dinf=0.0 (0) time=67.970559565s
[ Info: iter=4960 obj=-104775.56206441793 pinf=5670.010901399284 (9918) dinf=0.0 (0) time=68.658451469s
Dict{String, Any}("source" => "/home/jspitz/JSimplex.jl/.worktrees/simplex-basis-cleanup-performance/src/JSimplex.jl", "seconds" => 68.968533871, "iterations" => 5000, "peak_rss" => 0x000000006e185000, "iteration_limit" => 5000, "status" => "ITERATION_LIMIT", "time_limit" => 360.0, "message" => "iteration limit reached", "refactorizations" => 67)
