[ Info: Starting postsolve cleanup on original LP
[ Info: iter=0 obj=5.2482807188149884e7 pinf=3.457246064780216e6 (2141) dinf=1.9634937700917248e6 (1320) time=14.549833585s
[ Info: iter=0 obj=5.14256917621028e7 pinf=0.0 (0) dinf=1.7852123789365308e6 (1115) time=16.167668895s
[ Info: Projected postsolve basis: exchanges=317
[ Info: Starting primal postsolve cleanup from feasible basis
[ Info: iter=80 obj=5.142569176210281e7 pinf=0.0 (0) dinf=1.5573707063680068e6 (1035) time=17.549454203s
[ Info: iter=160 obj=5.142569176210281e7 pinf=0.0 (0) dinf=1.3874674256711975e6 (958) time=18.518587509s
[ Info: iter=240 obj=5.142569176210281e7 pinf=0.0 (0) dinf=1.305889429539821e6 (894) time=19.518853215s
[ Info: iter=320 obj=5.1425691762102805e7 pinf=0.0 (0) dinf=1.0961141069826942e6 (817) time=20.79338312s
[ Info: iter=400 obj=5.14256917621028e7 pinf=0.0 (0) dinf=959487.609773208 (734) time=22.031206122s
[ Info: iter=480 obj=5.1425691762102805e7 pinf=0.0 (0) dinf=833236.6559033054 (673) time=23.187904625s
[ Info: iter=560 obj=5.142569176210281e7 pinf=0.0 (0) dinf=665914.3177468356 (586) time=24.365612328s
[ Info: iter=640 obj=5.1425691762102835e7 pinf=0.0 (0) dinf=255779.28682352515 (507) time=25.54508803s
[ Info: iter=720 obj=5.14256917621028e7 pinf=0.0 (0) dinf=167909.05297077185 (438) time=26.712544133s
[ Info: iter=800 obj=5.14256917621028e7 pinf=0.0 (0) dinf=120480.83254760165 (364) time=27.874890036s
[ Info: iter=880 obj=5.1425691762102835e7 pinf=0.0 (0) dinf=94044.32214092334 (314) time=28.980795436s
[ Info: iter=960 obj=5.14256917621028e7 pinf=0.0 (0) dinf=55087.129662366424 (228) time=30.203252836s
[ Info: iter=1040 obj=5.14256917621028e7 pinf=0.0 (0) dinf=24832.26194025895 (155) time=31.429224736s
[ Info: iter=1120 obj=5.14256917621028e7 pinf=0.0 (0) dinf=3913.1288228769904 (69) time=32.607665736s
Dict{String, Any}("source" => "/home/jspitz/JSimplex.jl/.worktrees/simplex-basis-cleanup-performance/src/JSimplex.jl", "peak_rss" => 0x00000000459df000, "time_limit" => 360.0, "objective" => 5.14256917621028e7, "refactorizations" => 19, "seconds" => 33.505984235, "iteration_limit" => 5000, "original_primal_certified" => true, "iterations" => 1185, "status" => "OPTIMAL", "message" => "optimal solution found")
