ERROR: LoadError: Some tests did not pass: 24 passed, 24 failed, 0 errored, 0 broken.
in expression starting at /home/jspitz/JSimplex.jl/.worktrees/simplex-basis-cleanup-performance/test/legacy_primal_roundoff_pivot_tests.jl:3

Refresh an unresolved pivot before updating a legacy basis: Test Failed at /home/jspitz/JSimplex.jl/.worktrees/simplex-basis-cleanup-performance/test/legacy_primal_roundoff_pivot_tests.jl:18
  Expression: ws.primal[1] ≈ one(T)
   Evaluated: 0.0f0 ≈ 1.0f0
  Stacktrace:
   [1] top-level scope
     @ ~/JSimplex.jl/.worktrees/simplex-basis-cleanup-performance/test/legacy_primal_roundoff_pivot_tests.jl:4
   [2] macro expansion
     @ ~/.julia/juliaup/julia-1.13.0+0.aarch64.linux.gnu/share/julia/stdlib/v1.13/Test/src/Test.jl:1962 [inlined]
   [3] macro expansion
     @ ~/JSimplex.jl/.worktrees/simplex-basis-cleanup-performance/test/legacy_primal_roundoff_pivot_tests.jl:18 [inlined]
   [4] macro expansion
     @ ~/.julia/juliaup/julia-1.13.0+0.aarch64.linux.gnu/share/julia/stdlib/v1.13/Test/src/Test.jl:753 [inlined]

Refresh an unresolved pivot before updating a legacy basis: Test Failed at /home/jspitz/JSimplex.jl/.worktrees/simplex-basis-cleanup-performance/test/legacy_primal_roundoff_pivot_tests.jl:19
  Expression: ws.refactorizations == 1
   Evaluated: 0 == 1
  Stacktrace:
   [1] top-level scope
     @ ~/JSimplex.jl/.worktrees/simplex-basis-cleanup-performance/test/legacy_primal_roundoff_pivot_tests.jl:4
   [2] macro expansion
     @ ~/.julia/juliaup/julia-1.13.0+0.aarch64.linux.gnu/share/julia/stdlib/v1.13/Test/src/Test.jl:1962 [inlined]
   [3] macro expansion
     @ ~/JSimplex.jl/.worktrees/simplex-basis-cleanup-performance/test/legacy_primal_roundoff_pivot_tests.jl:19 [inlined]
   [4] macro expansion
     @ ~/.julia/juliaup/julia-1.13.0+0.aarch64.linux.gnu/share/julia/stdlib/v1.13/Test/src/Test.jl:753 [inlined]

Refresh an unresolved pivot before updating a legacy basis: Test Failed at /home/jspitz/JSimplex.jl/.worktrees/simplex-basis-cleanup-performance/test/legacy_primal_roundoff_pivot_tests.jl:20
  Expression: ws.basis.basic_indices == [2, 3]
   Evaluated: [1, 3] == [2, 3]
  Stacktrace:
   [1] top-level scope
     @ ~/JSimplex.jl/.worktrees/simplex-basis-cleanup-performance/test/legacy_primal_roundoff_pivot_tests.jl:4
   [2] macro expansion
     @ ~/.julia/juliaup/julia-1.13.0+0.aarch64.linux.gnu/share/julia/stdlib/v1.13/Test/src/Test.jl:1962 [inlined]
   [3] macro expansion
     @ ~/JSimplex.jl/.worktrees/simplex-basis-cleanup-performance/test/legacy_primal_roundoff_pivot_tests.jl:20 [inlined]
   [4] macro expansion
     @ ~/.julia/juliaup/julia-1.13.0+0.aarch64.linux.gnu/share/julia/stdlib/v1.13/Test/src/Test.jl:753 [inlined]

Refresh an unresolved pivot before updating a legacy basis: Test Failed at /home/jspitz/JSimplex.jl/.worktrees/simplex-basis-cleanup-performance/test/legacy_primal_roundoff_pivot_tests.jl:18
  Expression: ws.primal[1] ≈ one(T)
   Evaluated: 0.0f0 ≈ 1.0f0
  Stacktrace:
   [1] top-level scope
     @ ~/JSimplex.jl/.worktrees/simplex-basis-cleanup-performance/test/legacy_primal_roundoff_pivot_tests.jl:4
   [2] macro expansion
     @ ~/.julia/juliaup/julia-1.13.0+0.aarch64.linux.gnu/share/julia/stdlib/v1.13/Test/src/Test.jl:1962 [inlined]
   [3] macro expansion
     @ ~/JSimplex.jl/.worktrees/simplex-basis-cleanup-performance/test/legacy_primal_roundoff_pivot_tests.jl:18 [inlined]
   [4] macro expansion
     @ ~/.julia/juliaup/julia-1.13.0+0.aarch64.linux.gnu/share/julia/stdlib/v1.13/Test/src/Test.jl:753 [inlined]

Refresh an unresolved pivot before updating a legacy basis: Test Failed at /home/jspitz/JSimplex.jl/.worktrees/simplex-basis-cleanup-performance/test/legacy_primal_roundoff_pivot_tests.jl:19
  Expression: ws.refactorizations == 1
   Evaluated: 0 == 1
  Stacktrace:
   [1] top-level scope
     @ ~/JSimplex.jl/.worktrees/simplex-basis-cleanup-performance/test/legacy_primal_roundoff_pivot_tests.jl:4
   [2] macro expansion
     @ ~/.julia/juliaup/julia-1.13.0+0.aarch64.linux.gnu/share/julia/stdlib/v1.13/Test/src/Test.jl:1962 [inlined]
   [3] macro expansion
     @ ~/JSimplex.jl/.worktrees/simplex-basis-cleanup-performance/test/legacy_primal_roundoff_pivot_tests.jl:19 [inlined]
   [4] macro expansion
     @ ~/.julia/juliaup/julia-1.13.0+0.aarch64.linux.gnu/share/julia/stdlib/v1.13/Test/src/Test.jl:753 [inlined]

Refresh an unresolved pivot before updating a legacy basis: Test Failed at /home/jspitz/JSimplex.jl/.worktrees/simplex-basis-cleanup-performance/test/legacy_primal_roundoff_pivot_tests.jl:20
  Expression: ws.basis.basic_indices == [2, 3]
   Evaluated: [1, 3] == [2, 3]
  Stacktrace:
   [1] top-level scope
     @ ~/JSimplex.jl/.worktrees/simplex-basis-cleanup-performance/test/legacy_primal_roundoff_pivot_tests.jl:4
   [2] macro expansion
     @ ~/.julia/juliaup/julia-1.13.0+0.aarch64.linux.gnu/share/julia/stdlib/v1.13/Test/src/Test.jl:1962 [inlined]
   [3] macro expansion
     @ ~/JSimplex.jl/.worktrees/simplex-basis-cleanup-performance/test/legacy_primal_roundoff_pivot_tests.jl:20 [inlined]
   [4] macro expansion
     @ ~/.julia/juliaup/julia-1.13.0+0.aarch64.linux.gnu/share/julia/stdlib/v1.13/Test/src/Test.jl:753 [inlined]

Refresh an unresolved pivot before updating a legacy basis: Test Failed at /home/jspitz/JSimplex.jl/.worktrees/simplex-basis-cleanup-performance/test/legacy_primal_roundoff_pivot_tests.jl:18
  Expression: ws.primal[1] ≈ one(T)
   Evaluated: 0.0f0 ≈ 1.0f0
  Stacktrace:
   [1] top-level scope
     @ ~/JSimplex.jl/.worktrees/simplex-basis-cleanup-performance/test/legacy_primal_roundoff_pivot_tests.jl:4
   [2] macro expansion
     @ ~/.julia/juliaup/julia-1.13.0+0.aarch64.linux.gnu/share/julia/stdlib/v1.13/Test/src/Test.jl:1962 [inlined]
   [3] macro expansion
     @ ~/JSimplex.jl/.worktrees/simplex-basis-cleanup-performance/test/legacy_primal_roundoff_pivot_tests.jl:18 [inlined]
   [4] macro expansion
     @ ~/.julia/juliaup/julia-1.13.0+0.aarch64.linux.gnu/share/julia/stdlib/v1.13/Test/src/Test.jl:753 [inlined]

Refresh an unresolved pivot before updating a legacy basis: Test Failed at /home/jspitz/JSimplex.jl/.worktrees/simplex-basis-cleanup-performance/test/legacy_primal_roundoff_pivot_tests.jl:19
  Expression: ws.refactorizations == 1
   Evaluated: 0 == 1
  Stacktrace:
   [1] top-level scope
     @ ~/JSimplex.jl/.worktrees/simplex-basis-cleanup-performance/test/legacy_primal_roundoff_pivot_tests.jl:4
   [2] macro expansion
     @ ~/.julia/juliaup/julia-1.13.0+0.aarch64.linux.gnu/share/julia/stdlib/v1.13/Test/src/Test.jl:1962 [inlined]
   [3] macro expansion
     @ ~/JSimplex.jl/.worktrees/simplex-basis-cleanup-performance/test/legacy_primal_roundoff_pivot_tests.jl:19 [inlined]
   [4] macro expansion
     @ ~/.julia/juliaup/julia-1.13.0+0.aarch64.linux.gnu/share/julia/stdlib/v1.13/Test/src/Test.jl:753 [inlined]

Refresh an unresolved pivot before updating a legacy basis: Test Failed at /home/jspitz/JSimplex.jl/.worktrees/simplex-basis-cleanup-performance/test/legacy_primal_roundoff_pivot_tests.jl:20
  Expression: ws.basis.basic_indices == [2, 3]
   Evaluated: [1, 3] == [2, 3]
  Stacktrace:
   [1] top-level scope
     @ ~/JSimplex.jl/.worktrees/simplex-basis-cleanup-performance/test/legacy_primal_roundoff_pivot_tests.jl:4
   [2] macro expansion
     @ ~/.julia/juliaup/julia-1.13.0+0.aarch64.linux.gnu/share/julia/stdlib/v1.13/Test/src/Test.jl:1962 [inlined]
   [3] macro expansion
     @ ~/JSimplex.jl/.worktrees/simplex-basis-cleanup-performance/test/legacy_primal_roundoff_pivot_tests.jl:20 [inlined]
   [4] macro expansion
     @ ~/.julia/juliaup/julia-1.13.0+0.aarch64.linux.gnu/share/julia/stdlib/v1.13/Test/src/Test.jl:753 [inlined]

Refresh an unresolved pivot before updating a legacy basis: Test Failed at /home/jspitz/JSimplex.jl/.worktrees/simplex-basis-cleanup-performance/test/legacy_primal_roundoff_pivot_tests.jl:18
  Expression: ws.primal[1] ≈ one(T)
   Evaluated: 0.0f0 ≈ 1.0f0
  Stacktrace:
   [1] top-level scope
     @ ~/JSimplex.jl/.worktrees/simplex-basis-cleanup-performance/test/legacy_primal_roundoff_pivot_tests.jl:4
   [2] macro expansion
     @ ~/.julia/juliaup/julia-1.13.0+0.aarch64.linux.gnu/share/julia/stdlib/v1.13/Test/src/Test.jl:1962 [inlined]
   [3] macro expansion
     @ ~/JSimplex.jl/.worktrees/simplex-basis-cleanup-performance/test/legacy_primal_roundoff_pivot_tests.jl:18 [inlined]
   [4] macro expansion
     @ ~/.julia/juliaup/julia-1.13.0+0.aarch64.linux.gnu/share/julia/stdlib/v1.13/Test/src/Test.jl:753 [inlined]

Refresh an unresolved pivot before updating a legacy basis: Test Failed at /home/jspitz/JSimplex.jl/.worktrees/simplex-basis-cleanup-performance/test/legacy_primal_roundoff_pivot_tests.jl:19
  Expression: ws.refactorizations == 1
   Evaluated: 0 == 1
  Stacktrace:
   [1] top-level scope
     @ ~/JSimplex.jl/.worktrees/simplex-basis-cleanup-performance/test/legacy_primal_roundoff_pivot_tests.jl:4
   [2] macro expansion
     @ ~/.julia/juliaup/julia-1.13.0+0.aarch64.linux.gnu/share/julia/stdlib/v1.13/Test/src/Test.jl:1962 [inlined]
   [3] macro expansion
     @ ~/JSimplex.jl/.worktrees/simplex-basis-cleanup-performance/test/legacy_primal_roundoff_pivot_tests.jl:19 [inlined]
   [4] macro expansion
     @ ~/.julia/juliaup/julia-1.13.0+0.aarch64.linux.gnu/share/julia/stdlib/v1.13/Test/src/Test.jl:753 [inlined]

Refresh an unresolved pivot before updating a legacy basis: Test Failed at /home/jspitz/JSimplex.jl/.worktrees/simplex-basis-cleanup-performance/test/legacy_primal_roundoff_pivot_tests.jl:20
  Expression: ws.basis.basic_indices == [2, 3]
   Evaluated: [1, 3] == [2, 3]
  Stacktrace:
   [1] top-level scope
     @ ~/JSimplex.jl/.worktrees/simplex-basis-cleanup-performance/test/legacy_primal_roundoff_pivot_tests.jl:4
   [2] macro expansion
     @ ~/.julia/juliaup/julia-1.13.0+0.aarch64.linux.gnu/share/julia/stdlib/v1.13/Test/src/Test.jl:1962 [inlined]
   [3] macro expansion
     @ ~/JSimplex.jl/.worktrees/simplex-basis-cleanup-performance/test/legacy_primal_roundoff_pivot_tests.jl:20 [inlined]
   [4] macro expansion
     @ ~/.julia/juliaup/julia-1.13.0+0.aarch64.linux.gnu/share/julia/stdlib/v1.13/Test/src/Test.jl:753 [inlined]

Refresh an unresolved pivot before updating a legacy basis: Test Failed at /home/jspitz/JSimplex.jl/.worktrees/simplex-basis-cleanup-performance/test/legacy_primal_roundoff_pivot_tests.jl:18
  Expression: ws.primal[1] ≈ one(T)
   Evaluated: 0.0 ≈ 1.0
  Stacktrace:
   [1] top-level scope
     @ ~/JSimplex.jl/.worktrees/simplex-basis-cleanup-performance/test/legacy_primal_roundoff_pivot_tests.jl:4
   [2] macro expansion
     @ ~/.julia/juliaup/julia-1.13.0+0.aarch64.linux.gnu/share/julia/stdlib/v1.13/Test/src/Test.jl:1962 [inlined]
   [3] macro expansion
     @ ~/JSimplex.jl/.worktrees/simplex-basis-cleanup-performance/test/legacy_primal_roundoff_pivot_tests.jl:18 [inlined]
   [4] macro expansion
     @ ~/.julia/juliaup/julia-1.13.0+0.aarch64.linux.gnu/share/julia/stdlib/v1.13/Test/src/Test.jl:753 [inlined]

Refresh an unresolved pivot before updating a legacy basis: Test Failed at /home/jspitz/JSimplex.jl/.worktrees/simplex-basis-cleanup-performance/test/legacy_primal_roundoff_pivot_tests.jl:19
  Expression: ws.refactorizations == 1
   Evaluated: 0 == 1
  Stacktrace:
   [1] top-level scope
     @ ~/JSimplex.jl/.worktrees/simplex-basis-cleanup-performance/test/legacy_primal_roundoff_pivot_tests.jl:4
   [2] macro expansion
     @ ~/.julia/juliaup/julia-1.13.0+0.aarch64.linux.gnu/share/julia/stdlib/v1.13/Test/src/Test.jl:1962 [inlined]
   [3] macro expansion
     @ ~/JSimplex.jl/.worktrees/simplex-basis-cleanup-performance/test/legacy_primal_roundoff_pivot_tests.jl:19 [inlined]
   [4] macro expansion
     @ ~/.julia/juliaup/julia-1.13.0+0.aarch64.linux.gnu/share/julia/stdlib/v1.13/Test/src/Test.jl:753 [inlined]

Refresh an unresolved pivot before updating a legacy basis: Test Failed at /home/jspitz/JSimplex.jl/.worktrees/simplex-basis-cleanup-performance/test/legacy_primal_roundoff_pivot_tests.jl:20
  Expression: ws.basis.basic_indices == [2, 3]
   Evaluated: [1, 3] == [2, 3]
  Stacktrace:
   [1] top-level scope
     @ ~/JSimplex.jl/.worktrees/simplex-basis-cleanup-performance/test/legacy_primal_roundoff_pivot_tests.jl:4
   [2] macro expansion
     @ ~/.julia/juliaup/julia-1.13.0+0.aarch64.linux.gnu/share/julia/stdlib/v1.13/Test/src/Test.jl:1962 [inlined]
   [3] macro expansion
     @ ~/JSimplex.jl/.worktrees/simplex-basis-cleanup-performance/test/legacy_primal_roundoff_pivot_tests.jl:20 [inlined]
   [4] macro expansion
     @ ~/.julia/juliaup/julia-1.13.0+0.aarch64.linux.gnu/share/julia/stdlib/v1.13/Test/src/Test.jl:753 [inlined]

Refresh an unresolved pivot before updating a legacy basis: Test Failed at /home/jspitz/JSimplex.jl/.worktrees/simplex-basis-cleanup-performance/test/legacy_primal_roundoff_pivot_tests.jl:18
  Expression: ws.primal[1] ≈ one(T)
   Evaluated: 0.0 ≈ 1.0
  Stacktrace:
   [1] top-level scope
     @ ~/JSimplex.jl/.worktrees/simplex-basis-cleanup-performance/test/legacy_primal_roundoff_pivot_tests.jl:4
   [2] macro expansion
     @ ~/.julia/juliaup/julia-1.13.0+0.aarch64.linux.gnu/share/julia/stdlib/v1.13/Test/src/Test.jl:1962 [inlined]
   [3] macro expansion
     @ ~/JSimplex.jl/.worktrees/simplex-basis-cleanup-performance/test/legacy_primal_roundoff_pivot_tests.jl:18 [inlined]
   [4] macro expansion
     @ ~/.julia/juliaup/julia-1.13.0+0.aarch64.linux.gnu/share/julia/stdlib/v1.13/Test/src/Test.jl:753 [inlined]

Refresh an unresolved pivot before updating a legacy basis: Test Failed at /home/jspitz/JSimplex.jl/.worktrees/simplex-basis-cleanup-performance/test/legacy_primal_roundoff_pivot_tests.jl:19
  Expression: ws.refactorizations == 1
   Evaluated: 0 == 1
  Stacktrace:
   [1] top-level scope
     @ ~/JSimplex.jl/.worktrees/simplex-basis-cleanup-performance/test/legacy_primal_roundoff_pivot_tests.jl:4
   [2] macro expansion
     @ ~/.julia/juliaup/julia-1.13.0+0.aarch64.linux.gnu/share/julia/stdlib/v1.13/Test/src/Test.jl:1962 [inlined]
   [3] macro expansion
     @ ~/JSimplex.jl/.worktrees/simplex-basis-cleanup-performance/test/legacy_primal_roundoff_pivot_tests.jl:19 [inlined]
   [4] macro expansion
     @ ~/.julia/juliaup/julia-1.13.0+0.aarch64.linux.gnu/share/julia/stdlib/v1.13/Test/src/Test.jl:753 [inlined]

Refresh an unresolved pivot before updating a legacy basis: Test Failed at /home/jspitz/JSimplex.jl/.worktrees/simplex-basis-cleanup-performance/test/legacy_primal_roundoff_pivot_tests.jl:20
  Expression: ws.basis.basic_indices == [2, 3]
   Evaluated: [1, 3] == [2, 3]
  Stacktrace:
   [1] top-level scope
     @ ~/JSimplex.jl/.worktrees/simplex-basis-cleanup-performance/test/legacy_primal_roundoff_pivot_tests.jl:4
   [2] macro expansion
     @ ~/.julia/juliaup/julia-1.13.0+0.aarch64.linux.gnu/share/julia/stdlib/v1.13/Test/src/Test.jl:1962 [inlined]
   [3] macro expansion
     @ ~/JSimplex.jl/.worktrees/simplex-basis-cleanup-performance/test/legacy_primal_roundoff_pivot_tests.jl:20 [inlined]
   [4] macro expansion
     @ ~/.julia/juliaup/julia-1.13.0+0.aarch64.linux.gnu/share/julia/stdlib/v1.13/Test/src/Test.jl:753 [inlined]

Refresh an unresolved pivot before updating a legacy basis: Test Failed at /home/jspitz/JSimplex.jl/.worktrees/simplex-basis-cleanup-performance/test/legacy_primal_roundoff_pivot_tests.jl:18
  Expression: ws.primal[1] ≈ one(T)
   Evaluated: 0.0 ≈ 1.0
  Stacktrace:
   [1] top-level scope
     @ ~/JSimplex.jl/.worktrees/simplex-basis-cleanup-performance/test/legacy_primal_roundoff_pivot_tests.jl:4
   [2] macro expansion
     @ ~/.julia/juliaup/julia-1.13.0+0.aarch64.linux.gnu/share/julia/stdlib/v1.13/Test/src/Test.jl:1962 [inlined]
   [3] macro expansion
     @ ~/JSimplex.jl/.worktrees/simplex-basis-cleanup-performance/test/legacy_primal_roundoff_pivot_tests.jl:18 [inlined]
   [4] macro expansion
     @ ~/.julia/juliaup/julia-1.13.0+0.aarch64.linux.gnu/share/julia/stdlib/v1.13/Test/src/Test.jl:753 [inlined]

Refresh an unresolved pivot before updating a legacy basis: Test Failed at /home/jspitz/JSimplex.jl/.worktrees/simplex-basis-cleanup-performance/test/legacy_primal_roundoff_pivot_tests.jl:19
  Expression: ws.refactorizations == 1
   Evaluated: 0 == 1
  Stacktrace:
   [1] top-level scope
     @ ~/JSimplex.jl/.worktrees/simplex-basis-cleanup-performance/test/legacy_primal_roundoff_pivot_tests.jl:4
   [2] macro expansion
     @ ~/.julia/juliaup/julia-1.13.0+0.aarch64.linux.gnu/share/julia/stdlib/v1.13/Test/src/Test.jl:1962 [inlined]
   [3] macro expansion
     @ ~/JSimplex.jl/.worktrees/simplex-basis-cleanup-performance/test/legacy_primal_roundoff_pivot_tests.jl:19 [inlined]
   [4] macro expansion
     @ ~/.julia/juliaup/julia-1.13.0+0.aarch64.linux.gnu/share/julia/stdlib/v1.13/Test/src/Test.jl:753 [inlined]

Refresh an unresolved pivot before updating a legacy basis: Test Failed at /home/jspitz/JSimplex.jl/.worktrees/simplex-basis-cleanup-performance/test/legacy_primal_roundoff_pivot_tests.jl:20
  Expression: ws.basis.basic_indices == [2, 3]
   Evaluated: [1, 3] == [2, 3]
  Stacktrace:
   [1] top-level scope
     @ ~/JSimplex.jl/.worktrees/simplex-basis-cleanup-performance/test/legacy_primal_roundoff_pivot_tests.jl:4
   [2] macro expansion
     @ ~/.julia/juliaup/julia-1.13.0+0.aarch64.linux.gnu/share/julia/stdlib/v1.13/Test/src/Test.jl:1962 [inlined]
   [3] macro expansion
     @ ~/JSimplex.jl/.worktrees/simplex-basis-cleanup-performance/test/legacy_primal_roundoff_pivot_tests.jl:20 [inlined]
   [4] macro expansion
     @ ~/.julia/juliaup/julia-1.13.0+0.aarch64.linux.gnu/share/julia/stdlib/v1.13/Test/src/Test.jl:753 [inlined]

Refresh an unresolved pivot before updating a legacy basis: Test Failed at /home/jspitz/JSimplex.jl/.worktrees/simplex-basis-cleanup-performance/test/legacy_primal_roundoff_pivot_tests.jl:18
  Expression: ws.primal[1] ≈ one(T)
   Evaluated: 0.0 ≈ 1.0
  Stacktrace:
   [1] top-level scope
     @ ~/JSimplex.jl/.worktrees/simplex-basis-cleanup-performance/test/legacy_primal_roundoff_pivot_tests.jl:4
   [2] macro expansion
     @ ~/.julia/juliaup/julia-1.13.0+0.aarch64.linux.gnu/share/julia/stdlib/v1.13/Test/src/Test.jl:1962 [inlined]
   [3] macro expansion
     @ ~/JSimplex.jl/.worktrees/simplex-basis-cleanup-performance/test/legacy_primal_roundoff_pivot_tests.jl:18 [inlined]
   [4] macro expansion
     @ ~/.julia/juliaup/julia-1.13.0+0.aarch64.linux.gnu/share/julia/stdlib/v1.13/Test/src/Test.jl:753 [inlined]

Refresh an unresolved pivot before updating a legacy basis: Test Failed at /home/jspitz/JSimplex.jl/.worktrees/simplex-basis-cleanup-performance/test/legacy_primal_roundoff_pivot_tests.jl:19
  Expression: ws.refactorizations == 1
   Evaluated: 0 == 1
  Stacktrace:
   [1] top-level scope
     @ ~/JSimplex.jl/.worktrees/simplex-basis-cleanup-performance/test/legacy_primal_roundoff_pivot_tests.jl:4
   [2] macro expansion
     @ ~/.julia/juliaup/julia-1.13.0+0.aarch64.linux.gnu/share/julia/stdlib/v1.13/Test/src/Test.jl:1962 [inlined]
   [3] macro expansion
     @ ~/JSimplex.jl/.worktrees/simplex-basis-cleanup-performance/test/legacy_primal_roundoff_pivot_tests.jl:19 [inlined]
   [4] macro expansion
     @ ~/.julia/juliaup/julia-1.13.0+0.aarch64.linux.gnu/share/julia/stdlib/v1.13/Test/src/Test.jl:753 [inlined]

Refresh an unresolved pivot before updating a legacy basis: Test Failed at /home/jspitz/JSimplex.jl/.worktrees/simplex-basis-cleanup-performance/test/legacy_primal_roundoff_pivot_tests.jl:20
  Expression: ws.basis.basic_indices == [2, 3]
   Evaluated: [1, 3] == [2, 3]
  Stacktrace:
   [1] top-level scope
     @ ~/JSimplex.jl/.worktrees/simplex-basis-cleanup-performance/test/legacy_primal_roundoff_pivot_tests.jl:4
   [2] macro expansion
     @ ~/.julia/juliaup/julia-1.13.0+0.aarch64.linux.gnu/share/julia/stdlib/v1.13/Test/src/Test.jl:1962 [inlined]
   [3] macro expansion
     @ ~/JSimplex.jl/.worktrees/simplex-basis-cleanup-performance/test/legacy_primal_roundoff_pivot_tests.jl:20 [inlined]
   [4] macro expansion
     @ ~/.julia/juliaup/julia-1.13.0+0.aarch64.linux.gnu/share/julia/stdlib/v1.13/Test/src/Test.jl:753 [inlined]
Test Summary:                                              | Pass  Fail  Total   Time
Refresh an unresolved pivot before updating a legacy basis |   24    24     48  38.5s
RNG of the outermost testset: Random.Xoshiro(0x10a771c65af3eaa6, 0x69b6cf2e680bc64d, 0xcbe489df0e5f93a1, 0x8bc3848dc86cb6ce, 0x1b9b308d55ee1f54)
