Test Summary:                                                                | Pass  Total   Time
A legacy primal zero step preserves a certified point across refactorization |   64     64  32.3s
Test Summary:                                                          | Pass  Total  Time
Zero-step preservation rejects a point that violates the original rows |    3      3  1.2s
Test Summary:                                                       | Pass  Total  Time
Cancelled zero-step certification restores the reconstructed values |    5      5  0.1s
Test Summary:                                            | Pass  Total  Time
Zero-step preservation requires a consistent basis point |    4      4  1.2s
Test Summary:                                                        | Pass  Total  Time
A nonzero legacy primal step preserves its certified predicted point |   56     56  7.4s
Test Summary:                                               | Pass  Total  Time
Primal point fallback leaves other numerical policies alone |    8      8  0.1s
Test Summary:                                                    | Pass  Total  Time
Row consistency certifies cancellation against stored activities |    2      2  0.1s
Test Summary:                                                     | Pass  Total  Time
Certified primal predictions cover negative steps and bound flips |   24     24  1.2s

A sub-tolerance pivot retry preserves a certified current point: Test Failed at /home/jspitz/JSimplex.jl/.worktrees/simplex-basis-cleanup-performance/test/legacy_primal_point_tests.jl:155
  Expression: isnothing(terminal)
   Evaluated: isnothing(JSimplex.DualTermination(NUMERICAL_ERROR, "primal feasibility lost"))
  Stacktrace:
   [1] top-level scope
     @ ~/JSimplex.jl/.worktrees/simplex-basis-cleanup-performance/test/legacy_primal_point_tests.jl:148
   [2] macro expansion
     @ ~/.julia/juliaup/julia-1.13.0+0.aarch64.linux.gnu/share/julia/stdlib/v1.13/Test/src/Test.jl:1962 [inlined]
   [3] macro expansion
     @ ~/JSimplex.jl/.worktrees/simplex-basis-cleanup-performance/test/legacy_primal_point_tests.jl:155 [inlined]
   [4] macro expansion
     @ ~/.julia/juliaup/julia-1.13.0+0.aarch64.linux.gnu/share/julia/stdlib/v1.13/Test/src/Test.jl:753 [inlined]

A sub-tolerance pivot retry preserves a certified current point: Test Failed at /home/jspitz/JSimplex.jl/.worktrees/simplex-basis-cleanup-performance/test/legacy_primal_point_tests.jl:156
  Expression: workspace.iterations == 1
   Evaluated: 0 == 1
  Stacktrace:
   [1] top-level scope
     @ ~/JSimplex.jl/.worktrees/simplex-basis-cleanup-performance/test/legacy_primal_point_tests.jl:148
   [2] macro expansion
     @ ~/.julia/juliaup/julia-1.13.0+0.aarch64.linux.gnu/share/julia/stdlib/v1.13/Test/src/Test.jl:1962 [inlined]
   [3] macro expansion
     @ ~/JSimplex.jl/.worktrees/simplex-basis-cleanup-performance/test/legacy_primal_point_tests.jl:156 [inlined]
   [4] macro expansion
     @ ~/.julia/juliaup/julia-1.13.0+0.aarch64.linux.gnu/share/julia/stdlib/v1.13/Test/src/Test.jl:753 [inlined]

A sub-tolerance pivot retry preserves a certified current point: Test Failed at /home/jspitz/JSimplex.jl/.worktrees/simplex-basis-cleanup-performance/test/legacy_primal_point_tests.jl:157
  Expression: workspace.basis.basic_indices == [4, 2]
   Evaluated: [1, 2] == [4, 2]
  Stacktrace:
   [1] top-level scope
     @ ~/JSimplex.jl/.worktrees/simplex-basis-cleanup-performance/test/legacy_primal_point_tests.jl:148
   [2] macro expansion
     @ ~/.julia/juliaup/julia-1.13.0+0.aarch64.linux.gnu/share/julia/stdlib/v1.13/Test/src/Test.jl:1962 [inlined]
   [3] macro expansion
     @ ~/JSimplex.jl/.worktrees/simplex-basis-cleanup-performance/test/legacy_primal_point_tests.jl:157 [inlined]
   [4] macro expansion
     @ ~/.julia/juliaup/julia-1.13.0+0.aarch64.linux.gnu/share/julia/stdlib/v1.13/Test/src/Test.jl:753 [inlined]

A sub-tolerance pivot retry preserves a certified current point: Test Failed at /home/jspitz/JSimplex.jl/.worktrees/simplex-basis-cleanup-performance/test/legacy_primal_point_tests.jl:158
  Expression: JSimplex.primal_infeasibility(workspace) <= workspace.options.primal_tolerance
   Evaluated: 1.0f0 <= 0.0001f0
  Stacktrace:
   [1] top-level scope
     @ ~/JSimplex.jl/.worktrees/simplex-basis-cleanup-performance/test/legacy_primal_point_tests.jl:148
   [2] macro expansion
     @ ~/.julia/juliaup/julia-1.13.0+0.aarch64.linux.gnu/share/julia/stdlib/v1.13/Test/src/Test.jl:1962 [inlined]
   [3] macro expansion
     @ ~/JSimplex.jl/.worktrees/simplex-basis-cleanup-performance/test/legacy_primal_point_tests.jl:158 [inlined]
   [4] macro expansion
     @ ~/.julia/juliaup/julia-1.13.0+0.aarch64.linux.gnu/share/julia/stdlib/v1.13/Test/src/Test.jl:753 [inlined]

A sub-tolerance pivot retry preserves a certified current point: Test Failed at /home/jspitz/JSimplex.jl/.worktrees/simplex-basis-cleanup-performance/test/legacy_primal_point_tests.jl:159
  Expression: JSimplex._original_primal_feasible(workspace.problem, workspace.primal[1:5], workspace.options.primal_tolerance)
   Evaluated: JSimplex._original_primal_feasible(LinearProblem{Float32}(sparse([1, 2, 1, 2, 1, 2, 1, 2, 2], [1, 1, 2, 2, 3, 3, 4, 4, 5], Float32[1.0, 1.0, 1.0, 1.00001, -1.0, -1.00002, 1.0, 1.0, 1.0f-5], 2, 5), Float32[0.0, 0.0, 0.0, -1.0, 0.0], 0.0f0, MIN_SENSE, Bound{Float32}[Bound{Float32}(0.0f0, true), Bound{Float32}(0.0f0, true)], Bound{Float32}[Bound{Float32}(0.0f0, true), Bound{Float32}(0.0f0, true)], Bound{Float32}[Bound{Float32}(0.0f0, true), Bound{Float32}(0.0f0, true), Bound{Float32}(1.0f0, true), Bound{Float32}(0.0f0, true), Bound{Float32}(0.0f0, true)], Bound{Float32}[Bound{Float32}(0.0f0, false), Bound{Float32}(0.0f0, false), Bound{Float32}(1.0f0, true), Bound{Float32}(0.0f0, false), Bound{Float32}(0.0f0, false)], VariableDomain[CONTINUOUS, CONTINUOUS, CONTINUOUS, CONTINUOUS, CONTINUOUS], "", String[], String[]), Float32[-1.0, 2.0, 1.0, 0.0, 0.0], 0.0001f0)
  Stacktrace:
   [1] top-level scope
     @ ~/JSimplex.jl/.worktrees/simplex-basis-cleanup-performance/test/legacy_primal_point_tests.jl:148
   [2] macro expansion
     @ ~/.julia/juliaup/julia-1.13.0+0.aarch64.linux.gnu/share/julia/stdlib/v1.13/Test/src/Test.jl:1962 [inlined]
   [3] macro expansion
     @ ~/JSimplex.jl/.worktrees/simplex-basis-cleanup-performance/test/legacy_primal_point_tests.jl:159 [inlined]
   [4] macro expansion
     @ ~/.julia/juliaup/julia-1.13.0+0.aarch64.linux.gnu/share/julia/stdlib/v1.13/Test/src/Test.jl:753 [inlined]

A sub-tolerance pivot retry preserves a certified current point: Test Failed at /home/jspitz/JSimplex.jl/.worktrees/simplex-basis-cleanup-performance/test/legacy_primal_point_tests.jl:155
  Expression: isnothing(terminal)
   Evaluated: isnothing(JSimplex.DualTermination(NUMERICAL_ERROR, "primal feasibility lost"))
  Stacktrace:
   [1] top-level scope
     @ ~/JSimplex.jl/.worktrees/simplex-basis-cleanup-performance/test/legacy_primal_point_tests.jl:148
   [2] macro expansion
     @ ~/.julia/juliaup/julia-1.13.0+0.aarch64.linux.gnu/share/julia/stdlib/v1.13/Test/src/Test.jl:1962 [inlined]
   [3] macro expansion
     @ ~/JSimplex.jl/.worktrees/simplex-basis-cleanup-performance/test/legacy_primal_point_tests.jl:155 [inlined]
   [4] macro expansion
     @ ~/.julia/juliaup/julia-1.13.0+0.aarch64.linux.gnu/share/julia/stdlib/v1.13/Test/src/Test.jl:753 [inlined]

A sub-tolerance pivot retry preserves a certified current point: Test Failed at /home/jspitz/JSimplex.jl/.worktrees/simplex-basis-cleanup-performance/test/legacy_primal_point_tests.jl:156
  Expression: workspace.iterations == 1
   Evaluated: 0 == 1
  Stacktrace:
   [1] top-level scope
     @ ~/JSimplex.jl/.worktrees/simplex-basis-cleanup-performance/test/legacy_primal_point_tests.jl:148
   [2] macro expansion
     @ ~/.julia/juliaup/julia-1.13.0+0.aarch64.linux.gnu/share/julia/stdlib/v1.13/Test/src/Test.jl:1962 [inlined]
   [3] macro expansion
     @ ~/JSimplex.jl/.worktrees/simplex-basis-cleanup-performance/test/legacy_primal_point_tests.jl:156 [inlined]
   [4] macro expansion
     @ ~/.julia/juliaup/julia-1.13.0+0.aarch64.linux.gnu/share/julia/stdlib/v1.13/Test/src/Test.jl:753 [inlined]

A sub-tolerance pivot retry preserves a certified current point: Test Failed at /home/jspitz/JSimplex.jl/.worktrees/simplex-basis-cleanup-performance/test/legacy_primal_point_tests.jl:157
  Expression: workspace.basis.basic_indices == [4, 2]
   Evaluated: [1, 2] == [4, 2]
  Stacktrace:
   [1] top-level scope
     @ ~/JSimplex.jl/.worktrees/simplex-basis-cleanup-performance/test/legacy_primal_point_tests.jl:148
   [2] macro expansion
     @ ~/.julia/juliaup/julia-1.13.0+0.aarch64.linux.gnu/share/julia/stdlib/v1.13/Test/src/Test.jl:1962 [inlined]
   [3] macro expansion
     @ ~/JSimplex.jl/.worktrees/simplex-basis-cleanup-performance/test/legacy_primal_point_tests.jl:157 [inlined]
   [4] macro expansion
     @ ~/.julia/juliaup/julia-1.13.0+0.aarch64.linux.gnu/share/julia/stdlib/v1.13/Test/src/Test.jl:753 [inlined]

A sub-tolerance pivot retry preserves a certified current point: Test Failed at /home/jspitz/JSimplex.jl/.worktrees/simplex-basis-cleanup-performance/test/legacy_primal_point_tests.jl:158
  Expression: JSimplex.primal_infeasibility(workspace) <= workspace.options.primal_tolerance
   Evaluated: 1.0f0 <= 0.0001f0
  Stacktrace:
   [1] top-level scope
     @ ~/JSimplex.jl/.worktrees/simplex-basis-cleanup-performance/test/legacy_primal_point_tests.jl:148
   [2] macro expansion
     @ ~/.julia/juliaup/julia-1.13.0+0.aarch64.linux.gnu/share/julia/stdlib/v1.13/Test/src/Test.jl:1962 [inlined]
   [3] macro expansion
     @ ~/JSimplex.jl/.worktrees/simplex-basis-cleanup-performance/test/legacy_primal_point_tests.jl:158 [inlined]
   [4] macro expansion
     @ ~/.julia/juliaup/julia-1.13.0+0.aarch64.linux.gnu/share/julia/stdlib/v1.13/Test/src/Test.jl:753 [inlined]

A sub-tolerance pivot retry preserves a certified current point: Test Failed at /home/jspitz/JSimplex.jl/.worktrees/simplex-basis-cleanup-performance/test/legacy_primal_point_tests.jl:159
  Expression: JSimplex._original_primal_feasible(workspace.problem, workspace.primal[1:5], workspace.options.primal_tolerance)
   Evaluated: JSimplex._original_primal_feasible(LinearProblem{Float32}(sparse([1, 2, 1, 2, 1, 2, 1, 2, 2], [1, 1, 2, 2, 3, 3, 4, 4, 5], Float32[1.0, 1.0, 1.0, 1.00001, -1.0, -1.00002, 1.0, 1.0, 1.0f-5], 2, 5), Float32[0.0, 0.0, 0.0, -1.0, 0.0], 0.0f0, MIN_SENSE, Bound{Float32}[Bound{Float32}(0.0f0, true), Bound{Float32}(0.0f0, true)], Bound{Float32}[Bound{Float32}(0.0f0, true), Bound{Float32}(0.0f0, true)], Bound{Float32}[Bound{Float32}(0.0f0, true), Bound{Float32}(0.0f0, true), Bound{Float32}(1.0f0, true), Bound{Float32}(0.0f0, true), Bound{Float32}(0.0f0, true)], Bound{Float32}[Bound{Float32}(0.0f0, false), Bound{Float32}(0.0f0, false), Bound{Float32}(1.0f0, true), Bound{Float32}(0.0f0, false), Bound{Float32}(0.0f0, false)], VariableDomain[CONTINUOUS, CONTINUOUS, CONTINUOUS, CONTINUOUS, CONTINUOUS], "", String[], String[]), Float32[-1.0, 2.0, 1.0, 0.0, 0.0], 0.0001f0)
  Stacktrace:
   [1] top-level scope
     @ ~/JSimplex.jl/.worktrees/simplex-basis-cleanup-performance/test/legacy_primal_point_tests.jl:148
   [2] macro expansion
     @ ~/.julia/juliaup/julia-1.13.0+0.aarch64.linux.gnu/share/julia/stdlib/v1.13/Test/src/Test.jl:1962 [inlined]
   [3] macro expansion
     @ ~/JSimplex.jl/.worktrees/simplex-basis-cleanup-performance/test/legacy_primal_point_tests.jl:159 [inlined]
   [4] macro expansion
     @ ~/.julia/juliaup/julia-1.13.0+0.aarch64.linux.gnu/share/julia/stdlib/v1.13/Test/src/Test.jl:753 [inlined]

A sub-tolerance pivot retry preserves a certified current point: Test Failed at /home/jspitz/JSimplex.jl/.worktrees/simplex-basis-cleanup-performance/test/legacy_primal_point_tests.jl:155
  Expression: isnothing(terminal)
   Evaluated: isnothing(JSimplex.DualTermination(NUMERICAL_ERROR, "primal feasibility lost"))
  Stacktrace:
   [1] top-level scope
     @ ~/JSimplex.jl/.worktrees/simplex-basis-cleanup-performance/test/legacy_primal_point_tests.jl:148
   [2] macro expansion
     @ ~/.julia/juliaup/julia-1.13.0+0.aarch64.linux.gnu/share/julia/stdlib/v1.13/Test/src/Test.jl:1962 [inlined]
   [3] macro expansion
     @ ~/JSimplex.jl/.worktrees/simplex-basis-cleanup-performance/test/legacy_primal_point_tests.jl:155 [inlined]
   [4] macro expansion
     @ ~/.julia/juliaup/julia-1.13.0+0.aarch64.linux.gnu/share/julia/stdlib/v1.13/Test/src/Test.jl:753 [inlined]

A sub-tolerance pivot retry preserves a certified current point: Test Failed at /home/jspitz/JSimplex.jl/.worktrees/simplex-basis-cleanup-performance/test/legacy_primal_point_tests.jl:156
  Expression: workspace.iterations == 1
   Evaluated: 0 == 1
  Stacktrace:
   [1] top-level scope
     @ ~/JSimplex.jl/.worktrees/simplex-basis-cleanup-performance/test/legacy_primal_point_tests.jl:148
   [2] macro expansion
     @ ~/.julia/juliaup/julia-1.13.0+0.aarch64.linux.gnu/share/julia/stdlib/v1.13/Test/src/Test.jl:1962 [inlined]
   [3] macro expansion
     @ ~/JSimplex.jl/.worktrees/simplex-basis-cleanup-performance/test/legacy_primal_point_tests.jl:156 [inlined]
   [4] macro expansion
     @ ~/.julia/juliaup/julia-1.13.0+0.aarch64.linux.gnu/share/julia/stdlib/v1.13/Test/src/Test.jl:753 [inlined]

A sub-tolerance pivot retry preserves a certified current point: Test Failed at /home/jspitz/JSimplex.jl/.worktrees/simplex-basis-cleanup-performance/test/legacy_primal_point_tests.jl:157
  Expression: workspace.basis.basic_indices == [4, 2]
   Evaluated: [1, 2] == [4, 2]
  Stacktrace:
   [1] top-level scope
     @ ~/JSimplex.jl/.worktrees/simplex-basis-cleanup-performance/test/legacy_primal_point_tests.jl:148
   [2] macro expansion
     @ ~/.julia/juliaup/julia-1.13.0+0.aarch64.linux.gnu/share/julia/stdlib/v1.13/Test/src/Test.jl:1962 [inlined]
   [3] macro expansion
     @ ~/JSimplex.jl/.worktrees/simplex-basis-cleanup-performance/test/legacy_primal_point_tests.jl:157 [inlined]
   [4] macro expansion
     @ ~/.julia/juliaup/julia-1.13.0+0.aarch64.linux.gnu/share/julia/stdlib/v1.13/Test/src/Test.jl:753 [inlined]

A sub-tolerance pivot retry preserves a certified current point: Test Failed at /home/jspitz/JSimplex.jl/.worktrees/simplex-basis-cleanup-performance/test/legacy_primal_point_tests.jl:158
  Expression: JSimplex.primal_infeasibility(workspace) <= workspace.options.primal_tolerance
   Evaluated: 1.0f0 <= 0.0001f0
  Stacktrace:
   [1] top-level scope
     @ ~/JSimplex.jl/.worktrees/simplex-basis-cleanup-performance/test/legacy_primal_point_tests.jl:148
   [2] macro expansion
     @ ~/.julia/juliaup/julia-1.13.0+0.aarch64.linux.gnu/share/julia/stdlib/v1.13/Test/src/Test.jl:1962 [inlined]
   [3] macro expansion
     @ ~/JSimplex.jl/.worktrees/simplex-basis-cleanup-performance/test/legacy_primal_point_tests.jl:158 [inlined]
   [4] macro expansion
     @ ~/.julia/juliaup/julia-1.13.0+0.aarch64.linux.gnu/share/julia/stdlib/v1.13/Test/src/Test.jl:753 [inlined]

A sub-tolerance pivot retry preserves a certified current point: Test Failed at /home/jspitz/JSimplex.jl/.worktrees/simplex-basis-cleanup-performance/test/legacy_primal_point_tests.jl:159
  Expression: JSimplex._original_primal_feasible(workspace.problem, workspace.primal[1:5], workspace.options.primal_tolerance)
   Evaluated: JSimplex._original_primal_feasible(LinearProblem{Float32}(sparse([1, 2, 1, 2, 1, 2, 1, 2, 2], [1, 1, 2, 2, 3, 3, 4, 4, 5], Float32[1.0, 1.0, 1.0, 1.00001, -1.0, -1.00002, 1.0, 1.0, 1.0f-5], 2, 5), Float32[0.0, 0.0, 0.0, -1.0, 0.0], 0.0f0, MIN_SENSE, Bound{Float32}[Bound{Float32}(0.0f0, true), Bound{Float32}(0.0f0, true)], Bound{Float32}[Bound{Float32}(0.0f0, true), Bound{Float32}(0.0f0, true)], Bound{Float32}[Bound{Float32}(0.0f0, true), Bound{Float32}(0.0f0, true), Bound{Float32}(1.0f0, true), Bound{Float32}(0.0f0, true), Bound{Float32}(0.0f0, true)], Bound{Float32}[Bound{Float32}(0.0f0, false), Bound{Float32}(0.0f0, false), Bound{Float32}(1.0f0, true), Bound{Float32}(0.0f0, false), Bound{Float32}(0.0f0, false)], VariableDomain[CONTINUOUS, CONTINUOUS, CONTINUOUS, CONTINUOUS, CONTINUOUS], "", String[], String[]), Float32[-1.0, 2.0, 1.0, 0.0, 0.0], 0.0001f0)
  Stacktrace:
   [1] top-level scope
     @ ~/JSimplex.jl/.worktrees/simplex-basis-cleanup-performance/test/legacy_primal_point_tests.jl:148
   [2] macro expansion
     @ ~/.julia/juliaup/julia-1.13.0+0.aarch64.linux.gnu/share/julia/stdlib/v1.13/Test/src/Test.jl:1962 [inlined]
   [3] macro expansion
     @ ~/JSimplex.jl/.worktrees/simplex-basis-cleanup-performance/test/legacy_primal_point_tests.jl:159 [inlined]
   [4] macro expansion
     @ ~/.julia/juliaup/julia-1.13.0+0.aarch64.linux.gnu/share/julia/stdlib/v1.13/Test/src/Test.jl:753 [inlined]

A sub-tolerance pivot retry preserves a certified current point: Test Failed at /home/jspitz/JSimplex.jl/.worktrees/simplex-basis-cleanup-performance/test/legacy_primal_point_tests.jl:155
  Expression: isnothing(terminal)
   Evaluated: isnothing(JSimplex.DualTermination(NUMERICAL_ERROR, "primal feasibility lost"))
  Stacktrace:
   [1] top-level scope
     @ ~/JSimplex.jl/.worktrees/simplex-basis-cleanup-performance/test/legacy_primal_point_tests.jl:148
   [2] macro expansion
     @ ~/.julia/juliaup/julia-1.13.0+0.aarch64.linux.gnu/share/julia/stdlib/v1.13/Test/src/Test.jl:1962 [inlined]
   [3] macro expansion
     @ ~/JSimplex.jl/.worktrees/simplex-basis-cleanup-performance/test/legacy_primal_point_tests.jl:155 [inlined]
   [4] macro expansion
     @ ~/.julia/juliaup/julia-1.13.0+0.aarch64.linux.gnu/share/julia/stdlib/v1.13/Test/src/Test.jl:753 [inlined]

A sub-tolerance pivot retry preserves a certified current point: Test Failed at /home/jspitz/JSimplex.jl/.worktrees/simplex-basis-cleanup-performance/test/legacy_primal_point_tests.jl:156
  Expression: workspace.iterations == 1
   Evaluated: 0 == 1
  Stacktrace:
   [1] top-level scope
     @ ~/JSimplex.jl/.worktrees/simplex-basis-cleanup-performance/test/legacy_primal_point_tests.jl:148
   [2] macro expansion
     @ ~/.julia/juliaup/julia-1.13.0+0.aarch64.linux.gnu/share/julia/stdlib/v1.13/Test/src/Test.jl:1962 [inlined]
   [3] macro expansion
     @ ~/JSimplex.jl/.worktrees/simplex-basis-cleanup-performance/test/legacy_primal_point_tests.jl:156 [inlined]
   [4] macro expansion
     @ ~/.julia/juliaup/julia-1.13.0+0.aarch64.linux.gnu/share/julia/stdlib/v1.13/Test/src/Test.jl:753 [inlined]

A sub-tolerance pivot retry preserves a certified current point: Test Failed at /home/jspitz/JSimplex.jl/.worktrees/simplex-basis-cleanup-performance/test/legacy_primal_point_tests.jl:157
  Expression: workspace.basis.basic_indices == [4, 2]
   Evaluated: [1, 2] == [4, 2]
  Stacktrace:
   [1] top-level scope
     @ ~/JSimplex.jl/.worktrees/simplex-basis-cleanup-performance/test/legacy_primal_point_tests.jl:148
   [2] macro expansion
     @ ~/.julia/juliaup/julia-1.13.0+0.aarch64.linux.gnu/share/julia/stdlib/v1.13/Test/src/Test.jl:1962 [inlined]
   [3] macro expansion
     @ ~/JSimplex.jl/.worktrees/simplex-basis-cleanup-performance/test/legacy_primal_point_tests.jl:157 [inlined]
   [4] macro expansion
     @ ~/.julia/juliaup/julia-1.13.0+0.aarch64.linux.gnu/share/julia/stdlib/v1.13/Test/src/Test.jl:753 [inlined]

A sub-tolerance pivot retry preserves a certified current point: Test Failed at /home/jspitz/JSimplex.jl/.worktrees/simplex-basis-cleanup-performance/test/legacy_primal_point_tests.jl:158
  Expression: JSimplex.primal_infeasibility(workspace) <= workspace.options.primal_tolerance
   Evaluated: 1.0f0 <= 0.0001f0
  Stacktrace:
   [1] top-level scope
     @ ~/JSimplex.jl/.worktrees/simplex-basis-cleanup-performance/test/legacy_primal_point_tests.jl:148
   [2] macro expansion
     @ ~/.julia/juliaup/julia-1.13.0+0.aarch64.linux.gnu/share/julia/stdlib/v1.13/Test/src/Test.jl:1962 [inlined]
   [3] macro expansion
     @ ~/JSimplex.jl/.worktrees/simplex-basis-cleanup-performance/test/legacy_primal_point_tests.jl:158 [inlined]
   [4] macro expansion
     @ ~/.julia/juliaup/julia-1.13.0+0.aarch64.linux.gnu/share/julia/stdlib/v1.13/Test/src/Test.jl:753 [inlined]

A sub-tolerance pivot retry preserves a certified current point: Test Failed at /home/jspitz/JSimplex.jl/.worktrees/simplex-basis-cleanup-performance/test/legacy_primal_point_tests.jl:159
  Expression: JSimplex._original_primal_feasible(workspace.problem, workspace.primal[1:5], workspace.options.primal_tolerance)
   Evaluated: JSimplex._original_primal_feasible(LinearProblem{Float32}(sparse([1, 2, 1, 2, 1, 2, 1, 2, 2], [1, 1, 2, 2, 3, 3, 4, 4, 5], Float32[1.0, 1.0, 1.0, 1.00001, -1.0, -1.00002, 1.0, 1.0, 1.0f-5], 2, 5), Float32[0.0, 0.0, 0.0, -1.0, 0.0], 0.0f0, MIN_SENSE, Bound{Float32}[Bound{Float32}(0.0f0, true), Bound{Float32}(0.0f0, true)], Bound{Float32}[Bound{Float32}(0.0f0, true), Bound{Float32}(0.0f0, true)], Bound{Float32}[Bound{Float32}(0.0f0, true), Bound{Float32}(0.0f0, true), Bound{Float32}(1.0f0, true), Bound{Float32}(0.0f0, true), Bound{Float32}(0.0f0, true)], Bound{Float32}[Bound{Float32}(0.0f0, false), Bound{Float32}(0.0f0, false), Bound{Float32}(1.0f0, true), Bound{Float32}(0.0f0, false), Bound{Float32}(0.0f0, false)], VariableDomain[CONTINUOUS, CONTINUOUS, CONTINUOUS, CONTINUOUS, CONTINUOUS], "", String[], String[]), Float32[-1.0, 2.0, 1.0, 0.0, 0.0], 0.0001f0)
  Stacktrace:
   [1] top-level scope
     @ ~/JSimplex.jl/.worktrees/simplex-basis-cleanup-performance/test/legacy_primal_point_tests.jl:148
   [2] macro expansion
     @ ~/.julia/juliaup/julia-1.13.0+0.aarch64.linux.gnu/share/julia/stdlib/v1.13/Test/src/Test.jl:1962 [inlined]
   [3] macro expansion
     @ ~/JSimplex.jl/.worktrees/simplex-basis-cleanup-performance/test/legacy_primal_point_tests.jl:159 [inlined]
   [4] macro expansion
     @ ~/.julia/juliaup/julia-1.13.0+0.aarch64.linux.gnu/share/julia/stdlib/v1.13/Test/src/Test.jl:753 [inlined]

A sub-tolerance pivot retry preserves a certified current point: Test Failed at /home/jspitz/JSimplex.jl/.worktrees/simplex-basis-cleanup-performance/test/legacy_primal_point_tests.jl:155
  Expression: isnothing(terminal)
   Evaluated: isnothing(JSimplex.DualTermination(NUMERICAL_ERROR, "primal feasibility lost"))
  Stacktrace:
   [1] top-level scope
     @ ~/JSimplex.jl/.worktrees/simplex-basis-cleanup-performance/test/legacy_primal_point_tests.jl:148
   [2] macro expansion
     @ ~/.julia/juliaup/julia-1.13.0+0.aarch64.linux.gnu/share/julia/stdlib/v1.13/Test/src/Test.jl:1962 [inlined]
   [3] macro expansion
     @ ~/JSimplex.jl/.worktrees/simplex-basis-cleanup-performance/test/legacy_primal_point_tests.jl:155 [inlined]
   [4] macro expansion
     @ ~/.julia/juliaup/julia-1.13.0+0.aarch64.linux.gnu/share/julia/stdlib/v1.13/Test/src/Test.jl:753 [inlined]

A sub-tolerance pivot retry preserves a certified current point: Test Failed at /home/jspitz/JSimplex.jl/.worktrees/simplex-basis-cleanup-performance/test/legacy_primal_point_tests.jl:156
  Expression: workspace.iterations == 1
   Evaluated: 0 == 1
  Stacktrace:
   [1] top-level scope
     @ ~/JSimplex.jl/.worktrees/simplex-basis-cleanup-performance/test/legacy_primal_point_tests.jl:148
   [2] macro expansion
     @ ~/.julia/juliaup/julia-1.13.0+0.aarch64.linux.gnu/share/julia/stdlib/v1.13/Test/src/Test.jl:1962 [inlined]
   [3] macro expansion
     @ ~/JSimplex.jl/.worktrees/simplex-basis-cleanup-performance/test/legacy_primal_point_tests.jl:156 [inlined]
   [4] macro expansion
     @ ~/.julia/juliaup/julia-1.13.0+0.aarch64.linux.gnu/share/julia/stdlib/v1.13/Test/src/Test.jl:753 [inlined]

A sub-tolerance pivot retry preserves a certified current point: Test Failed at /home/jspitz/JSimplex.jl/.worktrees/simplex-basis-cleanup-performance/test/legacy_primal_point_tests.jl:157
  Expression: workspace.basis.basic_indices == [4, 2]
   Evaluated: [1, 2] == [4, 2]
  Stacktrace:
   [1] top-level scope
     @ ~/JSimplex.jl/.worktrees/simplex-basis-cleanup-performance/test/legacy_primal_point_tests.jl:148
   [2] macro expansion
     @ ~/.julia/juliaup/julia-1.13.0+0.aarch64.linux.gnu/share/julia/stdlib/v1.13/Test/src/Test.jl:1962 [inlined]
   [3] macro expansion
     @ ~/JSimplex.jl/.worktrees/simplex-basis-cleanup-performance/test/legacy_primal_point_tests.jl:157 [inlined]
   [4] macro expansion
     @ ~/.julia/juliaup/julia-1.13.0+0.aarch64.linux.gnu/share/julia/stdlib/v1.13/Test/src/Test.jl:753 [inlined]

A sub-tolerance pivot retry preserves a certified current point: Test Failed at /home/jspitz/JSimplex.jl/.worktrees/simplex-basis-cleanup-performance/test/legacy_primal_point_tests.jl:158
  Expression: JSimplex.primal_infeasibility(workspace) <= workspace.options.primal_tolerance
   Evaluated: 1.0 <= 1.0e-7
  Stacktrace:
   [1] top-level scope
     @ ~/JSimplex.jl/.worktrees/simplex-basis-cleanup-performance/test/legacy_primal_point_tests.jl:148
   [2] macro expansion
     @ ~/.julia/juliaup/julia-1.13.0+0.aarch64.linux.gnu/share/julia/stdlib/v1.13/Test/src/Test.jl:1962 [inlined]
   [3] macro expansion
     @ ~/JSimplex.jl/.worktrees/simplex-basis-cleanup-performance/test/legacy_primal_point_tests.jl:158 [inlined]
   [4] macro expansion
     @ ~/.julia/juliaup/julia-1.13.0+0.aarch64.linux.gnu/share/julia/stdlib/v1.13/Test/src/Test.jl:753 [inlined]

A sub-tolerance pivot retry preserves a certified current point: Test Failed at /home/jspitz/JSimplex.jl/.worktrees/simplex-basis-cleanup-performance/test/legacy_primal_point_tests.jl:159
  Expression: JSimplex._original_primal_feasible(workspace.problem, workspace.primal[1:5], workspace.options.primal_tolerance)
   Evaluated: JSimplex._original_primal_feasible(LinearProblem{Float64}(sparse([1, 2, 1, 2, 1, 2, 1, 2, 2], [1, 1, 2, 2, 3, 3, 4, 4, 5], [1.0, 1.0, 1.0, 1.0000000001, -1.0, -1.0000000002, 1.0, 1.0, 1.0e-10], 2, 5), [0.0, 0.0, 0.0, -1.0, 0.0], 0.0, MIN_SENSE, Bound{Float64}[Bound{Float64}(0.0, true), Bound{Float64}(0.0, true)], Bound{Float64}[Bound{Float64}(0.0, true), Bound{Float64}(0.0, true)], Bound{Float64}[Bound{Float64}(0.0, true), Bound{Float64}(0.0, true), Bound{Float64}(1.0, true), Bound{Float64}(0.0, true), Bound{Float64}(0.0, true)], Bound{Float64}[Bound{Float64}(0.0, false), Bound{Float64}(0.0, false), Bound{Float64}(1.0, true), Bound{Float64}(0.0, false), Bound{Float64}(0.0, false)], VariableDomain[CONTINUOUS, CONTINUOUS, CONTINUOUS, CONTINUOUS, CONTINUOUS], "", String[], String[]), [-1.0, 2.0, 1.0, 0.0, 0.0], 1.0e-7)
  Stacktrace:
   [1] top-level scope
     @ ~/JSimplex.jl/.worktrees/simplex-basis-cleanup-performance/test/legacy_primal_point_tests.jl:148
   [2] macro expansion
     @ ~/.julia/juliaup/julia-1.13.0+0.aarch64.linux.gnu/share/julia/stdlib/v1.13/Test/src/Test.jl:1962 [inlined]
   [3] macro expansion
     @ ~/JSimplex.jl/.worktrees/simplex-basis-cleanup-performance/test/legacy_primal_point_tests.jl:159 [inlined]
   [4] macro expansion
     @ ~/.julia/juliaup/julia-1.13.0+0.aarch64.linux.gnu/share/julia/stdlib/v1.13/Test/src/Test.jl:753 [inlined]

A sub-tolerance pivot retry preserves a certified current point: Test Failed at /home/jspitz/JSimplex.jl/.worktrees/simplex-basis-cleanup-performance/test/legacy_primal_point_tests.jl:155
  Expression: isnothing(terminal)
   Evaluated: isnothing(JSimplex.DualTermination(NUMERICAL_ERROR, "primal feasibility lost"))
  Stacktrace:
   [1] top-level scope
     @ ~/JSimplex.jl/.worktrees/simplex-basis-cleanup-performance/test/legacy_primal_point_tests.jl:148
   [2] macro expansion
     @ ~/.julia/juliaup/julia-1.13.0+0.aarch64.linux.gnu/share/julia/stdlib/v1.13/Test/src/Test.jl:1962 [inlined]
   [3] macro expansion
     @ ~/JSimplex.jl/.worktrees/simplex-basis-cleanup-performance/test/legacy_primal_point_tests.jl:155 [inlined]
   [4] macro expansion
     @ ~/.julia/juliaup/julia-1.13.0+0.aarch64.linux.gnu/share/julia/stdlib/v1.13/Test/src/Test.jl:753 [inlined]

A sub-tolerance pivot retry preserves a certified current point: Test Failed at /home/jspitz/JSimplex.jl/.worktrees/simplex-basis-cleanup-performance/test/legacy_primal_point_tests.jl:156
  Expression: workspace.iterations == 1
   Evaluated: 0 == 1
  Stacktrace:
   [1] top-level scope
     @ ~/JSimplex.jl/.worktrees/simplex-basis-cleanup-performance/test/legacy_primal_point_tests.jl:148
   [2] macro expansion
     @ ~/.julia/juliaup/julia-1.13.0+0.aarch64.linux.gnu/share/julia/stdlib/v1.13/Test/src/Test.jl:1962 [inlined]
   [3] macro expansion
     @ ~/JSimplex.jl/.worktrees/simplex-basis-cleanup-performance/test/legacy_primal_point_tests.jl:156 [inlined]
   [4] macro expansion
     @ ~/.julia/juliaup/julia-1.13.0+0.aarch64.linux.gnu/share/julia/stdlib/v1.13/Test/src/Test.jl:753 [inlined]

A sub-tolerance pivot retry preserves a certified current point: Test Failed at /home/jspitz/JSimplex.jl/.worktrees/simplex-basis-cleanup-performance/test/legacy_primal_point_tests.jl:157
  Expression: workspace.basis.basic_indices == [4, 2]
   Evaluated: [1, 2] == [4, 2]
  Stacktrace:
   [1] top-level scope
     @ ~/JSimplex.jl/.worktrees/simplex-basis-cleanup-performance/test/legacy_primal_point_tests.jl:148
   [2] macro expansion
     @ ~/.julia/juliaup/julia-1.13.0+0.aarch64.linux.gnu/share/julia/stdlib/v1.13/Test/src/Test.jl:1962 [inlined]
   [3] macro expansion
     @ ~/JSimplex.jl/.worktrees/simplex-basis-cleanup-performance/test/legacy_primal_point_tests.jl:157 [inlined]
   [4] macro expansion
     @ ~/.julia/juliaup/julia-1.13.0+0.aarch64.linux.gnu/share/julia/stdlib/v1.13/Test/src/Test.jl:753 [inlined]

A sub-tolerance pivot retry preserves a certified current point: Test Failed at /home/jspitz/JSimplex.jl/.worktrees/simplex-basis-cleanup-performance/test/legacy_primal_point_tests.jl:158
  Expression: JSimplex.primal_infeasibility(workspace) <= workspace.options.primal_tolerance
   Evaluated: 1.0 <= 1.0e-7
  Stacktrace:
   [1] top-level scope
     @ ~/JSimplex.jl/.worktrees/simplex-basis-cleanup-performance/test/legacy_primal_point_tests.jl:148
   [2] macro expansion
     @ ~/.julia/juliaup/julia-1.13.0+0.aarch64.linux.gnu/share/julia/stdlib/v1.13/Test/src/Test.jl:1962 [inlined]
   [3] macro expansion
     @ ~/JSimplex.jl/.worktrees/simplex-basis-cleanup-performance/test/legacy_primal_point_tests.jl:158 [inlined]
   [4] macro expansion
     @ ~/.julia/juliaup/julia-1.13.0+0.aarch64.linux.gnu/share/julia/stdlib/v1.13/Test/src/Test.jl:753 [inlined]

A sub-tolerance pivot retry preserves a certified current point: Test Failed at /home/jspitz/JSimplex.jl/.worktrees/simplex-basis-cleanup-performance/test/legacy_primal_point_tests.jl:159
  Expression: JSimplex._original_primal_feasible(workspace.problem, workspace.primal[1:5], workspace.options.primal_tolerance)
   Evaluated: JSimplex._original_primal_feasible(LinearProblem{Float64}(sparse([1, 2, 1, 2, 1, 2, 1, 2, 2], [1, 1, 2, 2, 3, 3, 4, 4, 5], [1.0, 1.0, 1.0, 1.0000000001, -1.0, -1.0000000002, 1.0, 1.0, 1.0e-10], 2, 5), [0.0, 0.0, 0.0, -1.0, 0.0], 0.0, MIN_SENSE, Bound{Float64}[Bound{Float64}(0.0, true), Bound{Float64}(0.0, true)], Bound{Float64}[Bound{Float64}(0.0, true), Bound{Float64}(0.0, true)], Bound{Float64}[Bound{Float64}(0.0, true), Bound{Float64}(0.0, true), Bound{Float64}(1.0, true), Bound{Float64}(0.0, true), Bound{Float64}(0.0, true)], Bound{Float64}[Bound{Float64}(0.0, false), Bound{Float64}(0.0, false), Bound{Float64}(1.0, true), Bound{Float64}(0.0, false), Bound{Float64}(0.0, false)], VariableDomain[CONTINUOUS, CONTINUOUS, CONTINUOUS, CONTINUOUS, CONTINUOUS], "", String[], String[]), [-1.0, 2.0, 1.0, 0.0, 0.0], 1.0e-7)
  Stacktrace:
   [1] top-level scope
     @ ~/JSimplex.jl/.worktrees/simplex-basis-cleanup-performance/test/legacy_primal_point_tests.jl:148
   [2] macro expansion
     @ ~/.julia/juliaup/julia-1.13.0+0.aarch64.linux.gnu/share/julia/stdlib/v1.13/Test/src/Test.jl:1962 [inlined]
   [3] macro expansion
     @ ~/JSimplex.jl/.worktrees/simplex-basis-cleanup-performance/test/legacy_primal_point_tests.jl:159 [inlined]
   [4] macro expansion
     @ ~/.julia/juliaup/julia-1.13.0+0.aarch64.linux.gnu/share/julia/stdlib/v1.13/Test/src/Test.jl:753 [inlined]

A sub-tolerance pivot retry preserves a certified current point: Test Failed at /home/jspitz/JSimplex.jl/.worktrees/simplex-basis-cleanup-performance/test/legacy_primal_point_tests.jl:155
  Expression: isnothing(terminal)
   Evaluated: isnothing(JSimplex.DualTermination(NUMERICAL_ERROR, "primal feasibility lost"))
  Stacktrace:
   [1] top-level scope
     @ ~/JSimplex.jl/.worktrees/simplex-basis-cleanup-performance/test/legacy_primal_point_tests.jl:148
   [2] macro expansion
     @ ~/.julia/juliaup/julia-1.13.0+0.aarch64.linux.gnu/share/julia/stdlib/v1.13/Test/src/Test.jl:1962 [inlined]
   [3] macro expansion
     @ ~/JSimplex.jl/.worktrees/simplex-basis-cleanup-performance/test/legacy_primal_point_tests.jl:155 [inlined]
   [4] macro expansion
     @ ERROR: LoadError: Some tests did not pass: 0 passed, 40 failed, 0 errored, 0 broken.
in expression starting at /home/jspitz/JSimplex.jl/.worktrees/simplex-basis-cleanup-performance/test/legacy_primal_point_tests.jl:147
in expression starting at /home/jspitz/JSimplex.jl/.worktrees/simplex-basis-cleanup-performance/.superpowers/performance/run-primal-zero-point-tests.jl:2
~/.julia/juliaup/julia-1.13.0+0.aarch64.linux.gnu/share/julia/stdlib/v1.13/Test/src/Test.jl:753 [inlined]

A sub-tolerance pivot retry preserves a certified current point: Test Failed at /home/jspitz/JSimplex.jl/.worktrees/simplex-basis-cleanup-performance/test/legacy_primal_point_tests.jl:156
  Expression: workspace.iterations == 1
   Evaluated: 0 == 1
  Stacktrace:
   [1] top-level scope
     @ ~/JSimplex.jl/.worktrees/simplex-basis-cleanup-performance/test/legacy_primal_point_tests.jl:148
   [2] macro expansion
     @ ~/.julia/juliaup/julia-1.13.0+0.aarch64.linux.gnu/share/julia/stdlib/v1.13/Test/src/Test.jl:1962 [inlined]
   [3] macro expansion
     @ ~/JSimplex.jl/.worktrees/simplex-basis-cleanup-performance/test/legacy_primal_point_tests.jl:156 [inlined]
   [4] macro expansion
     @ ~/.julia/juliaup/julia-1.13.0+0.aarch64.linux.gnu/share/julia/stdlib/v1.13/Test/src/Test.jl:753 [inlined]

A sub-tolerance pivot retry preserves a certified current point: Test Failed at /home/jspitz/JSimplex.jl/.worktrees/simplex-basis-cleanup-performance/test/legacy_primal_point_tests.jl:157
  Expression: workspace.basis.basic_indices == [4, 2]
   Evaluated: [1, 2] == [4, 2]
  Stacktrace:
   [1] top-level scope
     @ ~/JSimplex.jl/.worktrees/simplex-basis-cleanup-performance/test/legacy_primal_point_tests.jl:148
   [2] macro expansion
     @ ~/.julia/juliaup/julia-1.13.0+0.aarch64.linux.gnu/share/julia/stdlib/v1.13/Test/src/Test.jl:1962 [inlined]
   [3] macro expansion
     @ ~/JSimplex.jl/.worktrees/simplex-basis-cleanup-performance/test/legacy_primal_point_tests.jl:157 [inlined]
   [4] macro expansion
     @ ~/.julia/juliaup/julia-1.13.0+0.aarch64.linux.gnu/share/julia/stdlib/v1.13/Test/src/Test.jl:753 [inlined]

A sub-tolerance pivot retry preserves a certified current point: Test Failed at /home/jspitz/JSimplex.jl/.worktrees/simplex-basis-cleanup-performance/test/legacy_primal_point_tests.jl:158
  Expression: JSimplex.primal_infeasibility(workspace) <= workspace.options.primal_tolerance
   Evaluated: 1.0 <= 1.0e-7
  Stacktrace:
   [1] top-level scope
     @ ~/JSimplex.jl/.worktrees/simplex-basis-cleanup-performance/test/legacy_primal_point_tests.jl:148
   [2] macro expansion
     @ ~/.julia/juliaup/julia-1.13.0+0.aarch64.linux.gnu/share/julia/stdlib/v1.13/Test/src/Test.jl:1962 [inlined]
   [3] macro expansion
     @ ~/JSimplex.jl/.worktrees/simplex-basis-cleanup-performance/test/legacy_primal_point_tests.jl:158 [inlined]
   [4] macro expansion
     @ ~/.julia/juliaup/julia-1.13.0+0.aarch64.linux.gnu/share/julia/stdlib/v1.13/Test/src/Test.jl:753 [inlined]

A sub-tolerance pivot retry preserves a certified current point: Test Failed at /home/jspitz/JSimplex.jl/.worktrees/simplex-basis-cleanup-performance/test/legacy_primal_point_tests.jl:159
  Expression: JSimplex._original_primal_feasible(workspace.problem, workspace.primal[1:5], workspace.options.primal_tolerance)
   Evaluated: JSimplex._original_primal_feasible(LinearProblem{Float64}(sparse([1, 2, 1, 2, 1, 2, 1, 2, 2], [1, 1, 2, 2, 3, 3, 4, 4, 5], [1.0, 1.0, 1.0, 1.0000000001, -1.0, -1.0000000002, 1.0, 1.0, 1.0e-10], 2, 5), [0.0, 0.0, 0.0, -1.0, 0.0], 0.0, MIN_SENSE, Bound{Float64}[Bound{Float64}(0.0, true), Bound{Float64}(0.0, true)], Bound{Float64}[Bound{Float64}(0.0, true), Bound{Float64}(0.0, true)], Bound{Float64}[Bound{Float64}(0.0, true), Bound{Float64}(0.0, true), Bound{Float64}(1.0, true), Bound{Float64}(0.0, true), Bound{Float64}(0.0, true)], Bound{Float64}[Bound{Float64}(0.0, false), Bound{Float64}(0.0, false), Bound{Float64}(1.0, true), Bound{Float64}(0.0, false), Bound{Float64}(0.0, false)], VariableDomain[CONTINUOUS, CONTINUOUS, CONTINUOUS, CONTINUOUS, CONTINUOUS], "", String[], String[]), [-1.0, 2.0, 1.0, 0.0, 0.0], 1.0e-7)
  Stacktrace:
   [1] top-level scope
     @ ~/JSimplex.jl/.worktrees/simplex-basis-cleanup-performance/test/legacy_primal_point_tests.jl:148
   [2] macro expansion
     @ ~/.julia/juliaup/julia-1.13.0+0.aarch64.linux.gnu/share/julia/stdlib/v1.13/Test/src/Test.jl:1962 [inlined]
   [3] macro expansion
     @ ~/JSimplex.jl/.worktrees/simplex-basis-cleanup-performance/test/legacy_primal_point_tests.jl:159 [inlined]
   [4] macro expansion
     @ ~/.julia/juliaup/julia-1.13.0+0.aarch64.linux.gnu/share/julia/stdlib/v1.13/Test/src/Test.jl:753 [inlined]

A sub-tolerance pivot retry preserves a certified current point: Test Failed at /home/jspitz/JSimplex.jl/.worktrees/simplex-basis-cleanup-performance/test/legacy_primal_point_tests.jl:155
  Expression: isnothing(terminal)
   Evaluated: isnothing(JSimplex.DualTermination(NUMERICAL_ERROR, "primal feasibility lost"))
  Stacktrace:
   [1] top-level scope
     @ ~/JSimplex.jl/.worktrees/simplex-basis-cleanup-performance/test/legacy_primal_point_tests.jl:148
   [2] macro expansion
     @ ~/.julia/juliaup/julia-1.13.0+0.aarch64.linux.gnu/share/julia/stdlib/v1.13/Test/src/Test.jl:1962 [inlined]
   [3] macro expansion
     @ ~/JSimplex.jl/.worktrees/simplex-basis-cleanup-performance/test/legacy_primal_point_tests.jl:155 [inlined]
   [4] macro expansion
     @ ~/.julia/juliaup/julia-1.13.0+0.aarch64.linux.gnu/share/julia/stdlib/v1.13/Test/src/Test.jl:753 [inlined]

A sub-tolerance pivot retry preserves a certified current point: Test Failed at /home/jspitz/JSimplex.jl/.worktrees/simplex-basis-cleanup-performance/test/legacy_primal_point_tests.jl:156
  Expression: workspace.iterations == 1
   Evaluated: 0 == 1
  Stacktrace:
   [1] top-level scope
     @ ~/JSimplex.jl/.worktrees/simplex-basis-cleanup-performance/test/legacy_primal_point_tests.jl:148
   [2] macro expansion
     @ ~/.julia/juliaup/julia-1.13.0+0.aarch64.linux.gnu/share/julia/stdlib/v1.13/Test/src/Test.jl:1962 [inlined]
   [3] macro expansion
     @ ~/JSimplex.jl/.worktrees/simplex-basis-cleanup-performance/test/legacy_primal_point_tests.jl:156 [inlined]
   [4] macro expansion
     @ ~/.julia/juliaup/julia-1.13.0+0.aarch64.linux.gnu/share/julia/stdlib/v1.13/Test/src/Test.jl:753 [inlined]

A sub-tolerance pivot retry preserves a certified current point: Test Failed at /home/jspitz/JSimplex.jl/.worktrees/simplex-basis-cleanup-performance/test/legacy_primal_point_tests.jl:157
  Expression: workspace.basis.basic_indices == [4, 2]
   Evaluated: [1, 2] == [4, 2]
  Stacktrace:
   [1] top-level scope
     @ ~/JSimplex.jl/.worktrees/simplex-basis-cleanup-performance/test/legacy_primal_point_tests.jl:148
   [2] macro expansion
     @ ~/.julia/juliaup/julia-1.13.0+0.aarch64.linux.gnu/share/julia/stdlib/v1.13/Test/src/Test.jl:1962 [inlined]
   [3] macro expansion
     @ ~/JSimplex.jl/.worktrees/simplex-basis-cleanup-performance/test/legacy_primal_point_tests.jl:157 [inlined]
   [4] macro expansion
     @ ~/.julia/juliaup/julia-1.13.0+0.aarch64.linux.gnu/share/julia/stdlib/v1.13/Test/src/Test.jl:753 [inlined]

A sub-tolerance pivot retry preserves a certified current point: Test Failed at /home/jspitz/JSimplex.jl/.worktrees/simplex-basis-cleanup-performance/test/legacy_primal_point_tests.jl:158
  Expression: JSimplex.primal_infeasibility(workspace) <= workspace.options.primal_tolerance
   Evaluated: 1.0 <= 1.0e-7
  Stacktrace:
   [1] top-level scope
     @ ~/JSimplex.jl/.worktrees/simplex-basis-cleanup-performance/test/legacy_primal_point_tests.jl:148
   [2] macro expansion
     @ ~/.julia/juliaup/julia-1.13.0+0.aarch64.linux.gnu/share/julia/stdlib/v1.13/Test/src/Test.jl:1962 [inlined]
   [3] macro expansion
     @ ~/JSimplex.jl/.worktrees/simplex-basis-cleanup-performance/test/legacy_primal_point_tests.jl:158 [inlined]
   [4] macro expansion
     @ ~/.julia/juliaup/julia-1.13.0+0.aarch64.linux.gnu/share/julia/stdlib/v1.13/Test/src/Test.jl:753 [inlined]

A sub-tolerance pivot retry preserves a certified current point: Test Failed at /home/jspitz/JSimplex.jl/.worktrees/simplex-basis-cleanup-performance/test/legacy_primal_point_tests.jl:159
  Expression: JSimplex._original_primal_feasible(workspace.problem, workspace.primal[1:5], workspace.options.primal_tolerance)
   Evaluated: JSimplex._original_primal_feasible(LinearProblem{Float64}(sparse([1, 2, 1, 2, 1, 2, 1, 2, 2], [1, 1, 2, 2, 3, 3, 4, 4, 5], [1.0, 1.0, 1.0, 1.0000000001, -1.0, -1.0000000002, 1.0, 1.0, 1.0e-10], 2, 5), [0.0, 0.0, 0.0, -1.0, 0.0], 0.0, MIN_SENSE, Bound{Float64}[Bound{Float64}(0.0, true), Bound{Float64}(0.0, true)], Bound{Float64}[Bound{Float64}(0.0, true), Bound{Float64}(0.0, true)], Bound{Float64}[Bound{Float64}(0.0, true), Bound{Float64}(0.0, true), Bound{Float64}(1.0, true), Bound{Float64}(0.0, true), Bound{Float64}(0.0, true)], Bound{Float64}[Bound{Float64}(0.0, false), Bound{Float64}(0.0, false), Bound{Float64}(1.0, true), Bound{Float64}(0.0, false), Bound{Float64}(0.0, false)], VariableDomain[CONTINUOUS, CONTINUOUS, CONTINUOUS, CONTINUOUS, CONTINUOUS], "", String[], String[]), [-1.0, 2.0, 1.0, 0.0, 0.0], 1.0e-7)
  Stacktrace:
   [1] top-level scope
     @ ~/JSimplex.jl/.worktrees/simplex-basis-cleanup-performance/test/legacy_primal_point_tests.jl:148
   [2] macro expansion
     @ ~/.julia/juliaup/julia-1.13.0+0.aarch64.linux.gnu/share/julia/stdlib/v1.13/Test/src/Test.jl:1962 [inlined]
   [3] macro expansion
     @ ~/JSimplex.jl/.worktrees/simplex-basis-cleanup-performance/test/legacy_primal_point_tests.jl:159 [inlined]
   [4] macro expansion
     @ ~/.julia/juliaup/julia-1.13.0+0.aarch64.linux.gnu/share/julia/stdlib/v1.13/Test/src/Test.jl:753 [inlined]
Test Summary:                                                   | Fail  Total  Time
A sub-tolerance pivot retry preserves a certified current point |   40     40  8.7s
RNG of the outermost testset: Random.Xoshiro(0x96b2ab5ebebd5da4, 0x55a5970fa34661df, 0x7a24a26461092f6b, 0x377de157319f382a, 0x7ecbc5e5e918f97e)
