[ Info: iter=0 obj=605736.105500083 pinf=0.2718422440221243 (2) dinf=2.2158645180656946e8 (10928) time=0.164214902s
[ Info: iter=0 obj=605736.105500083 pinf=0.2718422440221243 (2) dinf=9.901866875553895e8 (10917) time=0.0390102s
[ Info: iter=0 obj=605736.105500083 pinf=0.2718422440221243 (2) dinf=1.695352903238317e9 (10917) time=0.055143701s
[ Info: iter=0 obj=605736.105500083 pinf=0.2718422440221243 (2) dinf=3.6905838571446136e22 (10917) time=0.020194s
SNAPSHOT .superpowers/performance/runtime-primal-pivot-prefix.toml.accepted_pivot.1076.bin
iteration=1076 fresh_dinf=2.2158645180656946e8 fresh_pinf=0.2718422440221243
stored_forward_pivot=0.23041538141562845 stored_row_pivot=0.23041538141562848 fresh_forward_pivot=0.23041538141562806 fresh_row_pivot=0.23041538141562806 stored_row_residual_ratio=4.163336342344337e-5 fresh_row_residual_ratio=1.214410012416045e-5 stored_direction_norm=5.2797841900247924e7 fresh_direction_norm=5.279784190024794e7
stored_forward_residual=7.450580596923828e-9 fresh_forward_residual=7.450580596923828e-9
SNAPSHOT .superpowers/performance/runtime-primal-pivot-prefix.toml.accepted_pivot.1077.bin
iteration=1077 fresh_dinf=9.901866875553895e8 fresh_pinf=0.2718422440221243
stored_forward_pivot=0.5713265090860381 stored_row_pivot=0.5713265090860381 fresh_forward_pivot=0.5713265090860382 fresh_row_pivot=0.5713265090860381 stored_row_residual_ratio=1.0900399999952737e-5 fresh_row_residual_ratio=0.0 stored_direction_norm=2.2914200248207384e8 fresh_direction_norm=2.291420024820742e8
stored_forward_residual=5.960464477539063e-8 fresh_forward_residual=2.9802322387695312e-8
SNAPSHOT .superpowers/performance/runtime-primal-pivot-prefix.toml.accepted_pivot.1078.bin
iteration=1078 fresh_dinf=1.695352903238317e9 fresh_pinf=0.2718422440221243
stored_forward_pivot=-0.2847731751907288 stored_row_pivot=-0.28477317519072864 fresh_forward_pivot=-0.28477317519072926 fresh_row_pivot=-0.2847731751907294 stored_row_residual_ratio=2.7755575615628914e-5 fresh_row_residual_ratio=0.00023863289816405953 stored_direction_norm=4.01070139119987e8 fresh_direction_norm=4.010701391199876e8
stored_forward_residual=1.1920928955078125e-7 fresh_forward_residual=5.960464477539063e-8
SNAPSHOT .superpowers/performance/runtime-primal-before.toml.refactor_residual.1079.bin
iteration=1079 fresh_dinf=3.6905838571446136e22 fresh_pinf=0.2718422440221243
stored_forward_pivot=1.0 stored_row_pivot=-1.2874316997095579e-16 fresh_forward_pivot=1.0 fresh_row_pivot=0.9999999999999999 stored_row_residual_ratio=1.1699162405200438e11 fresh_row_residual_ratio=3.3998499347954334e10 stored_direction_norm=1.8250000000013666 fresh_direction_norm=1.825
stored_forward_residual=1.5054352639708667e-11 fresh_forward_residual=0.0
