
Tiny primal pivots require relative transpose agreement: Test Failed at /home/jspitz/JSimplex.jl/.worktrees/simplex-basis-cleanup-performance/test/legacy_primal_relative_pivot_tests.jl:15
  Expression: !(JSimplex._legacy_primal_pivot_row_ok!(ws, 1, 1, inaccurate, (()->begin
                #= /home/jspitz/JSimplex.jl/.worktrees/simplex-basis-cleanup-performance/test/legacy_primal_relative_pivot_tests.jl:15 =#
                false
            end)))
   Evaluated: !(JSimplex._legacy_primal_pivot_row_ok!(JSimplex.SimplexWorkspace{Float32, JSimplex.PFIFactorization{Float32, JSimplex.Float32LUBackend{LinearAlgebra.LU{Float32, Matrix{Float32}, Vector{Int64}}}}, :pfi, :native, Nothing}(LinearProblem{Float32}(sparse([1, 2], [1, 1], Float32[-2.0f-12, 1.0], 2, 1), Float32[-1.0], 0.0f0, MIN_SENSE, Bound{Float32}[Bound{Float32}(0.0f0, false), Bound{Float32}(0.0f0, false)], Bound{Float32}[Bound{Float32}(0.0f0, true), Bound{Float32}(0.0f0, false)], Bound{Float32}[Bound{Float32}(0.0f0, true)], Bound{Float32}[Bound{Float32}(0.0f0, false)], VariableDomain[CONTINUOUS], "", String[], String[]), SolverOptions{Float32, :pfi, :native}(1.0f-7, 1.0f-7, 1.0f-12, 100000, Inf, 20, false, Debug, :primal, :steepest_edge, :pfi, :native, :auto, true, :legacy), JSimplex.SimplexProgressContext{Float32, Nothing}(0x0000ceefa5d0a8d0, Float32[-1.0], 0.0f0, JSimplex.Scaling{Float32}(Float32[1.0, 1.0], Float32[1.0]), 0, 0, nothing, JSimplex.NumericalPolicy{Float32}(3.0517578f-5, 0.00034526698f0, 3, 8, 2, 64, 512, 1073741824, 8, false, false, false, false, false, false, false, false, true, false, false, false, false, false, false, false, false, false, false, false)), Float32[-1.0, 0.0, 0.0], Bound{Float32}[Bound{Float32}(0.0f0, true), Bound{Float32}(0.0f0, false), Bound{Float32}(0.0f0, false)], Bound{Float32}[Bound{Float32}(0.0f0, false), Bound{Float32}(0.0f0, true), Bound{Float32}(0.0f0, false)], JSimplex.Basis([2, 3], JSimplex.VariableState[JSimplex.AT_LOWER, JSimplex.BASIC, JSimplex.BASIC]), Float32[0.0, -0.0, -0.0], Float32[-1.0, 0.0, 0.0], Float32[1.0, 1.0, 1.0], Bool[0, 1, 1], JSimplex.PFIFactorization{Float32, JSimplex.Float32LUBackend{LinearAlgebra.LU{Float32, Matrix{Float32}, Vector{Int64}}}}(JSimplex.Float32LUBackend{LinearAlgebra.LU{Float32, Matrix{Float32}, Vector{Int64}}}(LinearAlgebra.LU{Float32, Matrix{Float32}, Vector{Int64}}(Float32[-1.0 0.0; -0.0 -1.0], [1, 2], 0), LinearAlgebra.LU{Float32, Matrix{Float32}, Vector{Int64}}(Float32[-1.0 0.0; -0.0 -1.0], [1, 2], 0), false, false), JSimplex.PackedEta{Float32}[], Float32[1.0, 0.0], JSimplex.PackedEta{Float32}[], 0, nothing), JSimplex.SimplexScratch{Float32}(Bool[0, 1, 1], Float32[1.0, 0.0], Float32[-0.0, -0.0], Float32[-1.0, -0.0], Float32[0.0, 0.0], Float32[2.0f-12, 1.0, 0.0], Float32[0.0, 0.0, 0.0], Bool[0, 0, 0], false, Int64[], Int64[], Float32[], Float32[], Int64[], nothing, nothing, false, Int64[], Int64[], 0, 0, nothing, :none, 0.0f0, false, false, false, :limit, JSimplex.RefactorizationState{Float32}(0, 0, 20, 20, 512, false, false, false, nothing, 1.0, 1.0f0, 0, 1.0e8, 4, 4, 8.0, 0.0, 0.0, 0.0, 0, 0, 0, 0.0, 0.0, 0, 0, 9223372036854775807, 0, 0, 0, 0.0, :none), nothing, nothing, nothing, nothing, nothing, 0.0f0, 0.0f0, nothing, true, true, sparse([1, 2], [1, 2], Float32[-1.0, -1.0], 2, 2), JSimplex.BasisCheckpoint{Float32}[], 0x0000000000000000, Tuple{Int64, Int64}[], 0x0000000000000000, false, false, nothing), 0, 0, false, 0, false, false, 20, 0, 9223372036854775807, 0, 0), 1, 1, 1.5f-12, var"#4#5"()))
  Stacktrace:
   [1] top-level scope
     @ ~/JSimplex.jl/.worktrees/simplex-basis-cleanup-performance/test/legacy_primal_relative_pivot_tests.jl:4
   [2] macro expansion
     @ ~/.julia/juliaup/julia-1.13.0+0.aarch64.linux.gnu/share/julia/stdlib/v1.13/Test/src/Test.jl:1962 [inlined]
   [3] macro expansion
     @ ~/JSimplex.jl/.worktrees/simplex-basis-cleanup-performance/test/legacy_primal_relative_pivot_tests.jl:15 [inlined]
   [4] macro expansion
     @ ~/.julia/juliaup/julia-1.13.0+0.aarch64.linux.gnu/share/julia/stdlib/v1.13/Test/src/Test.jl:753 [inlined]

Tiny primal pivots require relative transpose agreement: Test Failed at /home/jspitz/JSimplex.jl/.worktrees/simplex-basis-cleanup-performance/test/legacy_primal_relative_pivot_tests.jl:15
  Expression: !(JSimplex._legacy_primal_pivot_row_ok!(ws, 1, 1, inaccurate, (()->begin
                #= /home/jspitz/JSimplex.jl/.worktrees/simplex-basis-cleanup-performance/test/legacy_primal_relative_pivot_tests.jl:15 =#
                false
            end)))
   Evaluated: !(JSimplex._legacy_primal_pivot_row_ok!(JSimplex.SimplexWorkspace{Float32, JSimplex.PFIFactorization{Float32, JSimplex.Float32LUBackend{LinearAlgebra.LU{Float32, Matrix{Float32}, Vector{Int64}}}}, :pfi, :native, Nothing}(LinearProblem{Float32}(sparse([1, 2], [1, 1], Float32[2.0f-12, 1.0], 2, 1), Float32[-1.0], 0.0f0, MIN_SENSE, Bound{Float32}[Bound{Float32}(0.0f0, false), Bound{Float32}(0.0f0, false)], Bound{Float32}[Bound{Float32}(0.0f0, true), Bound{Float32}(0.0f0, false)], Bound{Float32}[Bound{Float32}(0.0f0, true)], Bound{Float32}[Bound{Float32}(0.0f0, false)], VariableDomain[CONTINUOUS], "", String[], String[]), SolverOptions{Float32, :pfi, :native}(1.0f-7, 1.0f-7, 1.0f-12, 100000, Inf, 20, false, Debug, :primal, :steepest_edge, :pfi, :native, :auto, true, :legacy), JSimplex.SimplexProgressContext{Float32, Nothing}(0x0000ceefef6212ec, Float32[-1.0], 0.0f0, JSimplex.Scaling{Float32}(Float32[1.0, 1.0], Float32[1.0]), 0, 0, nothing, JSimplex.NumericalPolicy{Float32}(3.0517578f-5, 0.00034526698f0, 3, 8, 2, 64, 512, 1073741824, 8, false, false, false, false, false, false, false, false, true, false, false, false, false, false, false, false, false, false, false, false)), Float32[-1.0, 0.0, 0.0], Bound{Float32}[Bound{Float32}(0.0f0, true), Bound{Float32}(0.0f0, false), Bound{Float32}(0.0f0, false)], Bound{Float32}[Bound{Float32}(0.0f0, false), Bound{Float32}(0.0f0, true), Bound{Float32}(0.0f0, false)], JSimplex.Basis([2, 3], JSimplex.VariableState[JSimplex.AT_LOWER, JSimplex.BASIC, JSimplex.BASIC]), Float32[0.0, -0.0, -0.0], Float32[-1.0, 0.0, 0.0], Float32[1.0, 1.0, 1.0], Bool[0, 1, 1], JSimplex.PFIFactorization{Float32, JSimplex.Float32LUBackend{LinearAlgebra.LU{Float32, Matrix{Float32}, Vector{Int64}}}}(JSimplex.Float32LUBackend{LinearAlgebra.LU{Float32, Matrix{Float32}, Vector{Int64}}}(LinearAlgebra.LU{Float32, Matrix{Float32}, Vector{Int64}}(Float32[-1.0 0.0; -0.0 -1.0], [1, 2], 0), LinearAlgebra.LU{Float32, Matrix{Float32}, Vector{Int64}}(Float32[-1.0 0.0; -0.0 -1.0], [1, 2], 0), false, false), JSimplex.PackedEta{Float32}[], Float32[1.0, 0.0], JSimplex.PackedEta{Float32}[], 0, nothing), JSimplex.SimplexScratch{Float32}(Bool[0, 1, 1], Float32[1.0, 0.0], Float32[-0.0, -0.0], Float32[-1.0, -0.0], Float32[0.0, 0.0], Float32[-2.0f-12, 1.0, 0.0], Float32[0.0, 0.0, 0.0], Bool[0, 0, 0], false, Int64[], Int64[], Float32[], Float32[], Int64[], nothing, nothing, false, Int64[], Int64[], 0, 0, nothing, :none, 0.0f0, false, false, false, :limit, JSimplex.RefactorizationState{Float32}(0, 0, 20, 20, 512, false, false, false, nothing, 1.0, 1.0f0, 0, 1.0e8, 4, 4, 8.0, 0.0, 0.0, 0.0, 0, 0, 0, 0.0, 0.0, 0, 0, 9223372036854775807, 0, 0, 0, 0.0, :none), nothing, nothing, nothing, nothing, nothing, 0.0f0, 0.0f0, nothing, true, true, sparse([1, 2], [1, 2], Float32[-1.0, -1.0], 2, 2), JSimplex.BasisCheckpoint{Float32}[], 0x0000000000000000, Tuple{Int64, Int64}[], 0x0000000000000000, false, false, nothing), 0, 0, false, 0, false, false, 20, 0, 9223372036854775807, 0, 0), 1, 1, -1.5f-12, var"#4#5"()))
  Stacktrace:
   [1] top-level scope
     @ ~/JSimplex.jl/.worktrees/simplex-basis-cleanup-performance/test/legacy_primal_relative_pivot_tests.jl:4
   [2] macro expansion
     @ ~/.julia/juliaup/julia-1.13.0+0.aarch64.linux.gnu/share/julia/stdlib/v1.13/Test/src/Test.jl:1962 [inlined]
   [3] macro expansion
     @ ~/JSimplex.jl/.worktrees/simplex-basis-cleanup-performance/test/legacy_primal_relative_pivot_tests.jl:15 [inlined]
   [4] macro expansion
     @ ~/.julia/juliaup/julia-1.13.0+0.aarch64.linux.gnu/share/julia/stdlib/v1.13/Test/src/Test.jl:753 [inlined]

Tiny primal pivots require relative transpose agreement: Test Failed at /home/jspitz/JSimplex.jl/.worktrees/simplex-basis-cleanup-performance/test/legacy_primal_relative_pivot_tests.jl:15
  Expression: !(JSimplex._legacy_primal_pivot_row_ok!(ws, 1, 1, inaccurate, (()->begin
                #= /home/jspitz/JSimplex.jl/.worktrees/simplex-basis-cleanup-performance/test/legacy_primal_relative_pivot_tests.jl:15 =#
                false
            end)))
   Evaluated: !(JSimplex._legacy_primal_pivot_row_ok!(JSimplex.SimplexWorkspace{Float32, JSimplex.BartelsGolubFactorization{Float32, JSimplex.Float32LUBackend{LinearAlgebra.LU{Float32, Matrix{Float32}, Vector{Int64}}}}, :bartels_golub, :native, Nothing}(LinearProblem{Float32}(sparse([1, 2], [1, 1], Float32[-2.0f-12, 1.0], 2, 1), Float32[-1.0], 0.0f0, MIN_SENSE, Bound{Float32}[Bound{Float32}(0.0f0, false), Bound{Float32}(0.0f0, false)], Bound{Float32}[Bound{Float32}(0.0f0, true), Bound{Float32}(0.0f0, false)], Bound{Float32}[Bound{Float32}(0.0f0, true)], Bound{Float32}[Bound{Float32}(0.0f0, false)], VariableDomain[CONTINUOUS], "", String[], String[]), SolverOptions{Float32, :bartels_golub, :native}(1.0f-7, 1.0f-7, 1.0f-12, 100000, Inf, 20, false, Debug, :primal, :steepest_edge, :bartels_golub, :native, :auto, true, :legacy), JSimplex.SimplexProgressContext{Float32, Nothing}(0x0000cef013bf4458, Float32[-1.0], 0.0f0, JSimplex.Scaling{Float32}(Float32[1.0, 1.0], Float32[1.0]), 0, 0, nothing, JSimplex.NumericalPolicy{Float32}(3.0517578f-5, 0.00034526698f0, 3, 8, 2, 64, 512, 1073741824, 8, false, false, false, false, false, false, false, false, true, false, false, false, false, false, false, false, false, false, false, false)), Float32[-1.0, 0.0, 0.0], Bound{Float32}[Bound{Float32}(0.0f0, true), Bound{Float32}(0.0f0, false), Bound{Float32}(0.0f0, false)], Bound{Float32}[Bound{Float32}(0.0f0, false), Bound{Float32}(0.0f0, true), Bound{Float32}(0.0f0, false)], JSimplex.Basis([2, 3], JSimplex.VariableState[JSimplex.AT_LOWER, JSimplex.BASIC, JSimplex.BASIC]), Float32[0.0, -0.0, -0.0], Float32[-1.0, 0.0, 0.0], Float32[1.0, 1.0, 1.0], Bool[0, 1, 1], JSimplex.BartelsGolubFactorization{Float32, JSimplex.Float32LUBackend{LinearAlgebra.LU{Float32, Matrix{Float32}, Vector{Int64}}}}(JSimplex.Float32LUBackend{LinearAlgebra.LU{Float32, Matrix{Float32}, Vector{Int64}}}(LinearAlgebra.LU{Float32, Matrix{Float32}, Vector{Int64}}(Float32[-1.0 0.0; -0.0 -1.0], [1, 2], 0), LinearAlgebra.LU{Float32, Matrix{Float32}, Vector{Int64}}(Float32[-1.0 0.0; -0.0 -1.0], [1, 2], 0), false, false), JSimplex.PackedUpperColumn{Float32}[JSimplex.PackedUpperColumn{Float32}([1], Float32[1.0]), JSimplex.PackedUpperColumn{Float32}([2], Float32[1.0])], [1, 2], [1, 2], JSimplex.BartelsGolubUpdate{Float32}[], Float32[1.0, 0.0], Float32[0.0, 0.0], [Int64[], Int64[]], Int64[], JSimplex.BartelsGolubUpdate{Float32}[], 0, nothing, JSimplex.TriangularRowCache{Float32}([1, 2], Tuple{Int64, Int64, Float32}[], 0, false)), JSimplex.SimplexScratch{Float32}(Bool[0, 1, 1], Float32[1.0, 0.0], Float32[-0.0, -0.0], Float32[-1.0, -0.0], Float32[0.0, 0.0], Float32[2.0f-12, 1.0, 0.0], Float32[0.0, 0.0, 0.0], Bool[0, 0, 0], false, Int64[], Int64[], Float32[], Float32[], Int64[], nothing, nothing, false, Int64[], Int64[], 0, 0, nothing, :none, 0.0f0, false, false, false, :limit, JSimplex.RefactorizationState{Float32}(0, 0, 20, 20, 128, false, false, false, nothing, 1.0, 1.0f0, 0, 1.0e8, 6, 6, 8.0, 0.0, 0.0, 0.0, 0, 0, 0, 0.0, 0.0, 0, 0, 9223372036854775807, 0, 0, 0, 0.0, :none), nothing, nothing, nothing, nothing, nothing, 0.0f0, 0.0f0, nothing, true, true, sparse([1, 2], [1, 2], Float32[-1.0, -1.0], 2, 2), JSimplex.BasisCheckpoint{Float32}[], 0x0000000000000000, Tuple{Int64, Int64}[], 0x0000000000000000, false, false, nothing), 0, 0, false, 0, false, false, 20, 0, 9223372036854775807, 0, 0), 1, 1, 1.5f-12, var"#4#5"()))
  Stacktrace:
   [1] top-level scope
     @ ~/JSimplex.jl/.worktrees/simplex-basis-cleanup-performance/test/legacy_primal_relative_pivot_tests.jl:4
   [2] macro expansion
     @ ~/.julia/juliaup/julia-1.13.0+0.aarch64.linux.gnu/share/julia/stdlib/v1.13/Test/src/Test.jl:1962 [inlined]
   [3] macro expansion
     @ ~/JSimplex.jl/.worktrees/simplex-basis-cleanup-performance/test/legacy_primal_relative_pivot_tests.jl:15 [inlined]
   [4] macro expansion
     @ ~/.julia/juliaup/julia-1.13.0+0.aarch64.linux.gnu/share/julia/stdlib/v1.13/Test/src/Test.jl:753 [inlined]

Tiny primal pivots require relative transpose agreement: Test Failed at /home/jspitz/JSimplex.jl/.worktrees/simplex-basis-cleanup-performance/test/legacy_primal_relative_pivot_tests.jl:15
  Expression: !(JSimplex._legacy_primal_pivot_row_ok!(ws, 1, 1, inaccurate, (()->begin
                #= /home/jspitz/JSimplex.jl/.worktrees/simplex-basis-cleanup-performance/test/legacy_primal_relative_pivot_tests.jl:15 =#
                false
            end)))
   Evaluated: !(JSimplex._legacy_primal_pivot_row_ok!(JSimplex.SimplexWorkspace{Float32, JSimplex.BartelsGolubFactorization{Float32, JSimplex.Float32LUBackend{LinearAlgebra.LU{Float32, Matrix{Float32}, Vector{Int64}}}}, :bartels_golub, :native, Nothing}(LinearProblem{Float32}(sparse([1, 2], [1, 1], Float32[2.0f-12, 1.0], 2, 1), Float32[-1.0], 0.0f0, MIN_SENSE, Bound{Float32}[Bound{Float32}(0.0f0, false), Bound{Float32}(0.0f0, false)], Bound{Float32}[Bound{Float32}(0.0f0, true), Bound{Float32}(0.0f0, false)], Bound{Float32}[Bound{Float32}(0.0f0, true)], Bound{Float32}[Bound{Float32}(0.0f0, false)], VariableDomain[CONTINUOUS], "", String[], String[]), SolverOptions{Float32, :bartels_golub, :native}(1.0f-7, 1.0f-7, 1.0f-12, 100000, Inf, 20, false, Debug, :primal, :steepest_edge, :bartels_golub, :native, :auto, true, :legacy), JSimplex.SimplexProgressContext{Float32, Nothing}(0x0000cef027953eca, Float32[-1.0], 0.0f0, JSimplex.Scaling{Float32}(Float32[1.0, 1.0], Float32[1.0]), 0, 0, nothing, JSimplex.NumericalPolicy{Float32}(3.0517578f-5, 0.00034526698f0, 3, 8, 2, 64, 512, 1073741824, 8, false, false, false, false, false, false, false, false, true, false, false, false, false, false, false, false, false, false, false, false)), Float32[-1.0, 0.0, 0.0], Bound{Float32}[Bound{Float32}(0.0f0, true), Bound{Float32}(0.0f0, false), Bound{Float32}(0.0f0, false)], Bound{Float32}[Bound{Float32}(0.0f0, false), Bound{Float32}(0.0f0, true), Bound{Float32}(0.0f0, false)], JSimplex.Basis([2, 3], JSimplex.VariableState[JSimplex.AT_LOWER, JSimplex.BASIC, JSimplex.BASIC]), Float32[0.0, -0.0, -0.0], Float32[-1.0, 0.0, 0.0], Float32[1.0, 1.0, 1.0], Bool[0, 1, 1], JSimplex.BartelsGolubFactorization{Float32, JSimplex.Float32LUBackend{LinearAlgebra.LU{Float32, Matrix{Float32}, Vector{Int64}}}}(JSimplex.Float32LUBackend{LinearAlgebra.LU{Float32, Matrix{Float32}, Vector{Int64}}}(LinearAlgebra.LU{Float32, Matrix{Float32}, Vector{Int64}}(Float32[-1.0 0.0; -0.0 -1.0], [1, 2], 0), LinearAlgebra.LU{Float32, Matrix{Float32}, Vector{Int64}}(Float32[-1.0 0.0; -0.0 -1.0], [1, 2], 0), false, false), JSimplex.PackedUpperColumn{Float32}[JSimplex.PackedUpperColumn{Float32}([1], Float32[1.0]), JSimplex.PackedUpperColumn{Float32}([2], Float32[1.0])], [1, 2], [1, 2], JSimplex.BartelsGolubUpdate{Float32}[], Float32[1.0, 0.0], Float32[0.0, 0.0], [Int64[], Int64[]], Int64[], JSimplex.BartelsGolubUpdate{Float32}[], 0, nothing, JSimplex.TriangularRowCache{Float32}([1, 2], Tuple{Int64, Int64, Float32}[], 0, false)), JSimplex.SimplexScratch{Float32}(Bool[0, 1, 1], Float32[1.0, 0.0], Float32[-0.0, -0.0], Float32[-1.0, -0.0], Float32[0.0, 0.0], Float32[-2.0f-12, 1.0, 0.0], Float32[0.0, 0.0, 0.0], Bool[0, 0, 0], false, Int64[], Int64[], Float32[], Float32[], Int64[], nothing, nothing, false, Int64[], Int64[], 0, 0, nothing, :none, 0.0f0, false, false, false, :limit, JSimplex.RefactorizationState{Float32}(0, 0, 20, 20, 128, false, false, false, nothing, 1.0, 1.0f0, 0, 1.0e8, 6, 6, 8.0, 0.0, 0.0, 0.0, 0, 0, 0, 0.0, 0.0, 0, 0, 9223372036854775807, 0, 0, 0, 0.0, :none), nothing, nothing, nothing, nothing, nothing, 0.0f0, 0.0f0, nothing, true, true, sparse([1, 2], [1, 2], Float32[-1.0, -1.0], 2, 2), JSimplex.BasisCheckpoint{Float32}[], 0x0000000000000000, Tuple{Int64, Int64}[], 0x0000000000000000, false, false, nothing), 0, 0, false, 0, false, false, 20, 0, 9223372036854775807, 0, 0), 1, 1, -1.5f-12, var"#4#5"()))
  Stacktrace:
   [1] top-level scope
     @ ~/JSimplex.jl/.worktrees/simplex-basis-cleanup-performance/test/legacy_primal_relative_pivot_tests.jl:4
   [2] macro expansion
     @ ~/.julia/juliaup/julia-1.13.0+0.aarch64.linux.gnu/share/julia/stdlib/v1.13/Test/src/Test.jl:1962 [inlined]
   [3] macro expansion
     @ ~/JSimplex.jl/.worktrees/simplex-basis-cleanup-performance/test/legacy_primal_relative_pivot_tests.jl:15 [inlined]
   [4] macro expansion
     @ ~/.julia/juliaup/julia-1.13.0+0.aarch64.linux.gnu/share/julia/stdlib/v1.13/Test/src/Test.jl:753 [inlined]

Tiny primal pivots require relative transpose agreement: Test Failed at /home/jspitz/JSimplex.jl/.worktrees/simplex-basis-cleanup-performance/test/legacy_primal_relative_pivot_tests.jl:15
  Expression: !(JSimplex._legacy_primal_pivot_row_ok!(ws, 1, 1, inaccurate, (()->begin
                #= /home/jspitz/JSimplex.jl/.worktrees/simplex-basis-cleanup-performance/test/legacy_primal_relative_pivot_tests.jl:15 =#
                false
            end)))
   Evaluated: !(JSimplex._legacy_primal_pivot_row_ok!(JSimplex.SimplexWorkspace{Float32, JSimplex.ForrestTomlinFactorization{Float32, JSimplex.Float32LUBackend{LinearAlgebra.LU{Float32, Matrix{Float32}, Vector{Int64}}}}, :forrest_tomlin, :native, Nothing}(LinearProblem{Float32}(sparse([1, 2], [1, 1], Float32[-2.0f-12, 1.0], 2, 1), Float32[-1.0], 0.0f0, MIN_SENSE, Bound{Float32}[Bound{Float32}(0.0f0, false), Bound{Float32}(0.0f0, false)], Bound{Float32}[Bound{Float32}(0.0f0, true), Bound{Float32}(0.0f0, false)], Bound{Float32}[Bound{Float32}(0.0f0, true)], Bound{Float32}[Bound{Float32}(0.0f0, false)], VariableDomain[CONTINUOUS], "", String[], String[]), SolverOptions{Float32, :forrest_tomlin, :native}(1.0f-7, 1.0f-7, 1.0f-12, 100000, Inf, 20, false, Debug, :primal, :steepest_edge, :forrest_tomlin, :native, :auto, true, :legacy), JSimplex.SimplexProgressContext{Float32, Nothing}(0x0000cef044e415ab, Float32[-1.0], 0.0f0, JSimplex.Scaling{Float32}(Float32[1.0, 1.0], Float32[1.0]), 0, 0, nothing, JSimplex.NumericalPolicy{Float32}(3.0517578f-5, 0.00034526698f0, 3, 8, 2, 64, 512, 1073741824, 8, false, false, false, false, false, false, false, false, true, false, false, false, false, false, false, false, false, false, false, false)), Float32[-1.0, 0.0, 0.0], Bound{Float32}[Bound{Float32}(0.0f0, true), Bound{Float32}(0.0f0, false), Bound{Float32}(0.0f0, false)], Bound{Float32}[Bound{Float32}(0.0f0, false), Bound{Float32}(0.0f0, true), Bound{Float32}(0.0f0, false)], JSimplex.Basis([2, 3], JSimplex.VariableState[JSimplex.AT_LOWER, JSimplex.BASIC, JSimplex.BASIC]), Float32[0.0, -0.0, -0.0], Float32[-1.0, 0.0, 0.0], Float32[1.0, 1.0, 1.0], Bool[0, 1, 1], JSimplex.ForrestTomlinFactorization{Float32, JSimplex.Float32LUBackend{LinearAlgebra.LU{Float32, Matrix{Float32}, Vector{Int64}}}}(JSimplex.Float32LUBackend{LinearAlgebra.LU{Float32, Matrix{Float32}, Vector{Int64}}}(LinearAlgebra.LU{Float32, Matrix{Float32}, Vector{Int64}}(Float32[-1.0 0.0; -0.0 -1.0], [1, 2], 0), LinearAlgebra.LU{Float32, Matrix{Float32}, Vector{Int64}}(Float32[-1.0 0.0; -0.0 -1.0], [1, 2], 0), false, false), JSimplex.PackedUpperColumn{Float32}[JSimplex.PackedUpperColumn{Float32}([1], Float32[1.0]), JSimplex.PackedUpperColumn{Float32}([2], Float32[1.0])], [1, 2], [1, 2], JSimplex.ForrestTomlinUpdate{Float32}[], Float32[1.0, 0.0], Float32[0.0, 0.0], Vector{Int64}[], JSimplex.ForrestTomlinUpdate{Float32}[], 0, nothing, JSimplex.TriangularRowCache{Float32}([1, 2], Tuple{Int64, Int64, Float32}[], 0, false)), JSimplex.SimplexScratch{Float32}(Bool[0, 1, 1], Float32[1.0, 0.0], Float32[-0.0, -0.0], Float32[-1.0, -0.0], Float32[0.0, 0.0], Float32[2.0f-12, 1.0, 0.0], Float32[0.0, 0.0, 0.0], Bool[0, 0, 0], false, Int64[], Int64[], Float32[], Float32[], Int64[], nothing, nothing, false, Int64[], Int64[], 0, 0, nothing, :none, 0.0f0, false, false, false, :limit, JSimplex.RefactorizationState{Float32}(0, 0, 20, 20, 128, false, false, false, nothing, 1.0, 1.0f0, 0, 1.0e8, 6, 6, 8.0, 0.0, 0.0, 0.0, 0, 0, 0, 0.0, 0.0, 0, 0, 9223372036854775807, 0, 0, 0, 0.0, :none), nothing, nothing, nothing, nothing, nothing, 0.0f0, 0.0f0, nothing, true, true, sparse([1, 2], [1, 2], Float32[-1.0, -1.0], 2, 2), JSimplex.BasisCheckpoint{Float32}[], 0x0000000000000000, Tuple{Int64, Int64}[], 0x0000000000000000, false, false, nothing), 0, 0, false, 0, false, false, 20, 0, 9223372036854775807, 0, 0), 1, 1, 1.5f-12, var"#4#5"()))
  Stacktrace:
   [1] top-level scope
     @ ~/JSimplex.jl/.worktrees/simplex-basis-cleanup-performance/test/legacy_primal_relative_pivot_tests.jl:4
   [2] macro expansion
     @ ~/.julia/juliaup/julia-1.13.0+0.aarch64.linux.gnu/share/julia/stdlib/v1.13/Test/src/Test.jl:1962 [inlined]
   [3] macro expansion
     @ ~/JSimplex.jl/.worktrees/simplex-basis-cleanup-performance/test/legacy_primal_relative_pivot_tests.jl:15 [inlined]
   [4] macro expansion
     @ ~/.julia/juliaup/julia-1.13.0+0.aarch64.linux.gnu/share/julia/stdlib/v1.13/Test/src/Test.jl:753 [inlined]

Tiny primal pivots require relative transpose agreement: Test Failed at /home/jspitz/JSimplex.jl/.worktrees/simplex-basis-cleanup-performance/test/legacy_primal_relative_pivot_tests.jl:15
  Expression: !(JSimplex._legacy_primal_pivot_row_ok!(ws, 1, 1, inaccurate, (()->begin
                #= /home/jspitz/JSimplex.jl/.worktrees/simplex-basis-cleanup-performance/test/legacy_primal_relative_pivot_tests.jl:15 =#
                false
            end)))
   Evaluated: !(JSimplex._legacy_primal_pivot_row_ok!(JSimplex.SimplexWorkspace{Float32, JSimplex.ForrestTomlinFactorization{Float32, JSimplex.Float32LUBackend{LinearAlgebra.LU{Float32, Matrix{Float32}, Vector{Int64}}}}, :forrest_tomlin, :native, Nothing}(LinearProblem{Float32}(sparse([1, 2], [1, 1], Float32[2.0f-12, 1.0], 2, 1), Float32[-1.0], 0.0f0, MIN_SENSE, Bound{Float32}[Bound{Float32}(0.0f0, false), Bound{Float32}(0.0f0, false)], Bound{Float32}[Bound{Float32}(0.0f0, true), Bound{Float32}(0.0f0, false)], Bound{Float32}[Bound{Float32}(0.0f0, true)], Bound{Float32}[Bound{Float32}(0.0f0, false)], VariableDomain[CONTINUOUS], "", String[], String[]), SolverOptions{Float32, :forrest_tomlin, :native}(1.0f-7, 1.0f-7, 1.0f-12, 100000, Inf, 20, false, Debug, :primal, :steepest_edge, :forrest_tomlin, :native, :auto, true, :legacy), JSimplex.SimplexProgressContext{Float32, Nothing}(0x0000cef0525abc9a, Float32[-1.0], 0.0f0, JSimplex.Scaling{Float32}(Float32[1.0, 1.0], Float32[1.0]), 0, 0, nothing, JSimplex.NumericalPolicy{Float32}(3.0517578f-5, 0.00034526698f0, 3, 8, 2, 64, 512, 1073741824, 8, false, false, false, false, false, false, false, false, true, false, false, false, false, false, false, false, false, false, false, false)), Float32[-1.0, 0.0, 0.0], Bound{Float32}[Bound{Float32}(0.0f0, true), Bound{Float32}(0.0f0, false), Bound{Float32}(0.0f0, false)], Bound{Float32}[Bound{Float32}(0.0f0, false), Bound{Float32}(0.0f0, true), Bound{Float32}(0.0f0, false)], JSimplex.Basis([2, 3], JSimplex.VariableState[JSimplex.AT_LOWER, JSimplex.BASIC, JSimplex.BASIC]), Float32[0.0, -0.0, -0.0], Float32[-1.0, 0.0, 0.0], Float32[1.0, 1.0, 1.0], Bool[0, 1, 1], JSimplex.ForrestTomlinFactorization{Float32, JSimplex.Float32LUBackend{LinearAlgebra.LU{Float32, Matrix{Float32}, Vector{Int64}}}}(JSimplex.Float32LUBackend{LinearAlgebra.LU{Float32, Matrix{Float32}, Vector{Int64}}}(LinearAlgebra.LU{Float32, Matrix{Float32}, Vector{Int64}}(Float32[-1.0 0.0; -0.0 -1.0], [1, 2], 0), LinearAlgebra.LU{Float32, Matrix{Float32}, Vector{Int64}}(Float32[-1.0 0.0; -0.0 -1.0], [1, 2], 0), false, false), JSimplex.PackedUpperColumn{Float32}[JSimplex.PackedUpperColumn{Float32}([1], Float32[1.0]), JSimplex.PackedUpperColumn{Float32}([2], Float32[1.0])], [1, 2], [1, 2], JSimplex.ForrestTomlinUpdate{Float32}[], Float32[1.0, 0.0], Float32[0.0, 0.0], Vector{Int64}[], JSimplex.ForrestTomlinUpdate{Float32}[], 0, nothing, JSimplex.TriangularRowCache{Float32}([1, 2], Tuple{Int64, Int64, Float32}[], 0, false)), JSimplex.SimplexScratch{Float32}(Bool[0, 1, 1], Float32[1.0, 0.0], Float32[-0.0, -0.0], Float32[-1.0, -0.0], Float32[0.0, 0.0], Float32[-2.0f-12, 1.0, 0.0], Float32[0.0, 0.0, 0.0], Bool[0, 0, 0], false, Int64[], Int64[], Float32[], Float32[], Int64[], nothing, nothing, false, Int64[], Int64[], 0, 0, nothing, :none, 0.0f0, false, false, false, :limit, JSimplex.RefactorizationState{Float32}(0, 0, 20, 20, 128, false, false, false, nothing, 1.0, 1.0f0, 0, 1.0e8, 6, 6, 8.0, 0.0, 0.0, 0.0, 0, 0, 0, 0.0, 0.0, 0, 0, 9223372036854775807, 0, 0, 0, 0.0, :none), nothing, nothing, nothing, nothing, nothing, 0.0f0, 0.0f0, nothing, true, true, sparse([1, 2], [1, 2], Float32[-1.0, -1.0], 2, 2), JSimplex.BasisCheckpoint{Float32}[], 0x0000000000000000, Tuple{Int64, Int64}[], 0x0000000000000000, false, false, nothing), 0, 0, false, 0, false, false, 20, 0, 9223372036854775807, 0, 0), 1, 1, -1.5f-12, var"#4#5"()))
  Stacktrace:
   [1] top-level scope
     @ ~/JSimplex.jl/.worktrees/simplex-basis-cleanup-performance/test/legacy_primal_relative_pivot_tests.jl:4
   [2] macro expansion
     @ ~/.julia/juliaup/julia-1.13.0+0.aarch64.linux.gnu/share/julia/stdlib/v1.13/Test/src/Test.jl:1962 [inlined]
   [3] macro expansion
     @ ~/JSimplex.jl/.worktrees/simplex-basis-cleanup-performance/test/legacy_primal_relative_pivot_tests.jl:15 [inlined]
   [4] macro expansion
     @ ~/.julia/juliaup/julia-1.13.0+0.aarch64.linux.gnu/share/julia/stdlib/v1.13/Test/src/Test.jl:753 [inlined]

Tiny primal pivots require relative transpose agreement: Test Failed at /home/jspitz/JSimplex.jl/.worktrees/simplex-basis-cleanup-performance/test/legacy_primal_relative_pivot_tests.jl:15
  Expression: !(JSimplex._legacy_primal_pivot_row_ok!(ws, 1, 1, inaccurate, (()->begin
                #= /home/jspitz/JSimplex.jl/.worktrees/simplex-basis-cleanup-performance/test/legacy_primal_relative_pivot_tests.jl:15 =#
                false
            end)))
   Evaluated: !(JSimplex._legacy_primal_pivot_row_ok!(JSimplex.SimplexWorkspace{Float32, JSimplex.SuhlSuhlFactorization{Float32, JSimplex.Float32LUBackend{LinearAlgebra.LU{Float32, Matrix{Float32}, Vector{Int64}}}}, :suhl_suhl, :native, Nothing}(LinearProblem{Float32}(sparse([1, 2], [1, 1], Float32[-2.0f-12, 1.0], 2, 1), Float32[-1.0], 0.0f0, MIN_SENSE, Bound{Float32}[Bound{Float32}(0.0f0, false), Bound{Float32}(0.0f0, false)], Bound{Float32}[Bound{Float32}(0.0f0, true), Bound{Float32}(0.0f0, false)], Bound{Float32}[Bound{Float32}(0.0f0, true)], Bound{Float32}[Bound{Float32}(0.0f0, false)], VariableDomain[CONTINUOUS], "", String[], String[]), SolverOptions{Float32, :suhl_suhl, :native}(1.0f-7, 1.0f-7, 1.0f-12, 100000, Inf, 20, false, Debug, :primal, :steepest_edge, :suhl_suhl, :native, :auto, true, :legacy), JSimplex.SimplexProgressContext{Float32, Nothing}(0x0000cef06e582d44, Float32[-1.0], 0.0f0, JSimplex.Scaling{Float32}(Float32[1.0, 1.0], Float32[1.0]), 0, 0, nothing, JSimplex.NumericalPolicy{Float32}(3.0517578f-5, 0.00034526698f0, 3, 8, 2, 64, 512, 1073741824, 8, false, false, false, false, false, false, false, false, true, false, false, false, false, false, false, false, false, false, false, false)), Float32[-1.0, 0.0, 0.0], Bound{Float32}[Bound{Float32}(0.0f0, true), Bound{Float32}(0.0f0, false), Bound{Float32}(0.0f0, false)], Bound{Float32}[Bound{Float32}(0.0f0, false), Bound{Float32}(0.0f0, true), Bound{Float32}(0.0f0, false)], JSimplex.Basis([2, 3], JSimplex.VariableState[JSimplex.AT_LOWER, JSimplex.BASIC, JSimplex.BASIC]), Float32[0.0, -0.0, -0.0], Float32[-1.0, 0.0, 0.0], Float32[1.0, 1.0, 1.0], Bool[0, 1, 1], JSimplex.SuhlSuhlFactorization{Float32, JSimplex.Float32LUBackend{LinearAlgebra.LU{Float32, Matrix{Float32}, Vector{Int64}}}}(JSimplex.Float32LUBackend{LinearAlgebra.LU{Float32, Matrix{Float32}, Vector{Int64}}}(LinearAlgebra.LU{Float32, Matrix{Float32}, Vector{Int64}}(Float32[-1.0 0.0; -0.0 -1.0], [1, 2], 0), LinearAlgebra.LU{Float32, Matrix{Float32}, Vector{Int64}}(Float32[-1.0 0.0; -0.0 -1.0], [1, 2], 0), false, false), JSimplex.PackedUpperColumn{Float32}[JSimplex.PackedUpperColumn{Float32}([1], Float32[1.0]), JSimplex.PackedUpperColumn{Float32}([2], Float32[1.0])], [1, 2], [1, 2], JSimplex.SuhlSuhlUpdate{Float32}[], Float32[1.0, 0.0], Float32[0.0, 0.0], Vector{Int64}[], JSimplex.SuhlSuhlUpdate{Float32}[], 0, nothing, JSimplex.TriangularRowCache{Float32}([1, 2], Tuple{Int64, Int64, Float32}[], 0, false)), JSimplex.SimplexScratch{Float32}(Bool[0, 1, 1], Float32[1.0, 0.0], Float32[-0.0, -0.0], Float32[-1.0, -0.0], Float32[0.0, 0.0], Float32[2.0f-12, 1.0, 0.0], Float32[0.0, 0.0, 0.0], Bool[0, 0, 0], false, Int64[], Int64[], Float32[], Float32[], Int64[], nothing, nothing, false, Int64[], Int64[], 0, 0, nothing, :none, 0.0f0, false, false, false, :limit, JSimplex.RefactorizationState{Float32}(0, 0, 20, 20, 128, false, false, false, nothing, 1.0, 1.0f0, 0, 1.0e8, 6, 6, 8.0, 0.0, 0.0, 0.0, 0, 0, 0, 0.0, 0.0, 0, 0, 9223372036854775807, 0, 0, 0, 0.0, :none), nothing, nothing, nothing, nothing, nothing, 0.0f0, 0.0f0, nothing, true, true, sparse([1, 2], [1, 2], Float32[-1.0, -1.0], 2, 2), JSimplex.BasisCheckpoint{Float32}[], 0x0000000000000000, Tuple{Int64, Int64}[], 0x0000000000000000, false, false, nothing), 0, 0, false, 0, false, false, 20, 0, 9223372036854775807, 0, 0), 1, 1, 1.5f-12, var"#4#5"()))
  Stacktrace:
   [1] top-level scope
     @ ~/JSimplex.jl/.worktrees/simplex-basis-cleanup-performance/test/legacy_primal_relative_pivot_tests.jl:4
   [2] macro expansion
     @ ~/.julia/juliaup/julia-1.13.0+0.aarch64.linux.gnu/share/julia/stdlib/v1.13/Test/src/Test.jl:1962 [inlined]
   [3] macro expansion
     @ ~/JSimplex.jl/.worktrees/simplex-basis-cleanup-performance/test/legacy_primal_relative_pivot_tests.jl:15 [inlined]
   [4] macro expansion
     @ ~/.julia/juliaup/julia-1.13.0+0.aarch64.linux.gnu/share/julia/stdlib/v1.13/Test/src/Test.jl:753 [inlined]

Tiny primal pivots require relative transpose agreement: Test Failed at /home/jspitz/JSimplex.jl/.worktrees/simplex-basis-cleanup-performance/test/legacy_primal_relative_pivot_tests.jl:15
  Expression: !(JSimplex._legacy_primal_pivot_row_ok!(ws, 1, 1, inaccurate, (()->begin
                #= /home/jspitz/JSimplex.jl/.worktrees/simplex-basis-cleanup-performance/test/legacy_primal_relative_pivot_tests.jl:15 =#
                false
            end)))
   Evaluated: !(JSimplex._legacy_primal_pivot_row_ok!(JSimplex.SimplexWorkspace{Float32, JSimplex.SuhlSuhlFactorization{Float32, JSimplex.Float32LUBackend{LinearAlgebra.LU{Float32, Matrix{Float32}, Vector{Int64}}}}, :suhl_suhl, :native, Nothing}(LinearProblem{Float32}(sparse([1, 2], [1, 1], Float32[2.0f-12, 1.0], 2, 1), Float32[-1.0], 0.0f0, MIN_SENSE, Bound{Float32}[Bound{Float32}(0.0f0, false), Bound{Float32}(0.0f0, false)], Bound{Float32}[Bound{Float32}(0.0f0, true), Bound{Float32}(0.0f0, false)], Bound{Float32}[Bound{Float32}(0.0f0, true)], Bound{Float32}[Bound{Float32}(0.0f0, false)], VariableDomain[CONTINUOUS], "", String[], String[]), SolverOptions{Float32, :suhl_suhl, :native}(1.0f-7, 1.0f-7, 1.0f-12, 100000, Inf, 20, false, Debug, :primal, :steepest_edge, :suhl_suhl, :native, :auto, true, :legacy), JSimplex.SimplexProgressContext{Float32, Nothing}(0x0000cef07beeb2cb, Float32[-1.0], 0.0f0, JSimplex.Scaling{Float32}(Float32[1.0, 1.0], Float32[1.0]), 0, 0, nothing, JSimplex.NumericalPolicy{Float32}(3.0517578f-5, 0.00034526698f0, 3, 8, 2, 64, 512, 1073741824, 8, false, false, false, false, false, false, false, false, true, false, false, false, false, false, false, false, false, false, false, false)), Float32[-1.0, 0.0, 0.0], Bound{Float32}[Bound{Float32}(0.0f0, true), Bound{Float32}(0.0f0, false), Bound{Float32}(0.0f0, false)], Bound{Float32}[Bound{Float32}(0.0f0, false), Bound{Float32}(0.0f0, true), Bound{Float32}(0.0f0, false)], JSimplex.Basis([2, 3], JSimplex.VariableState[JSimplex.AT_LOWER, JSimplex.BASIC, JSimplex.BASIC]), Float32[0.0, -0.0, -0.0], Float32[-1.0, 0.0, 0.0], Float32[1.0, 1.0, 1.0], Bool[0, 1, 1], JSimplex.SuhlSuhlFactorization{Float32, JSimplex.Float32LUBackend{LinearAlgebra.LU{Float32, Matrix{Float32}, Vector{Int64}}}}(JSimplex.Float32LUBackend{LinearAlgebra.LU{Float32, Matrix{Float32}, Vector{Int64}}}(LinearAlgebra.LU{Float32, Matrix{Float32}, Vector{Int64}}(Float32[-1.0 0.0; -0.0 -1.0], [1, 2], 0), LinearAlgebra.LU{Float32, Matrix{Float32}, Vector{Int64}}(Float32[-1.0 0.0; -0.0 -1.0], [1, 2], 0), false, false), JSimplex.PackedUpperColumn{Float32}[JSimplex.PackedUpperColumn{Float32}([1], Float32[1.0]), JSimplex.PackedUpperColumn{Float32}([2], Float32[1.0])], [1, 2], [1, 2], JSimplex.SuhlSuhlUpdate{Float32}[], Float32[1.0, 0.0], Float32[0.0, 0.0], Vector{Int64}[], JSimplex.SuhlSuhlUpdate{Float32}[], 0, nothing, JSimplex.TriangularRowCache{Float32}([1, 2], Tuple{Int64, Int64, Float32}[], 0, false)), JSimplex.SimplexScratch{Float32}(Bool[0, 1, 1], Float32[1.0, 0.0], Float32[-0.0, -0.0], Float32[-1.0, -0.0], Float32[0.0, 0.0], Float32[-2.0f-12, 1.0, 0.0], Float32[0.0, 0.0, 0.0], Bool[0, 0, 0], false, Int64[], Int64[], Float32[], Float32[], Int64[], nothing, nothing, false, Int64[], Int64[], 0, 0, nothing, :none, 0.0f0, false, false, false, :limit, JSimplex.RefactorizationState{Float32}(0, 0, 20, 20, 128, false, false, false, nothing, 1.0, 1.0f0, 0, 1.0e8, 6, 6, 8.0, 0.0, 0.0, 0.0, 0, 0, 0, 0.0, 0.0, 0, 0, 9223372036854775807, 0, 0, 0, 0.0, :none), nothing, nothing, nothing, nothing, nothing, 0.0f0, 0.0f0, nothing, true, true, sparse([1, 2], [1, 2], Float32[-1.0, -1.0], 2, 2), JSimplex.BasisCheckpoint{Float32}[], 0x0000000000000000, Tuple{Int64, Int64}[], 0x0000000000000000, false, false, nothing), 0, 0, false, 0, false, false, 20, 0, 9223372036854775807, 0, 0), 1, 1, -1.5f-12, var"#4#5"()))
  Stacktrace:
   [1] top-level scope
     @ ~/JSimplex.jl/.worktrees/simplex-basis-cleanup-performance/test/legacy_primal_relative_pivot_tests.jl:4
   [2] macro expansion
     @ ~/.julia/juliaup/julia-1.13.0+0.aarch64.linux.gnu/share/julia/stdlib/v1.13/Test/src/Test.jl:1962 [inlined]
   [3] macro expansion
     @ ~/JSimplex.jl/.worktrees/simplex-basis-cleanup-performance/test/legacy_primal_relative_pivot_tests.jl:15 [inlined]
   [4] macro expansion
     @ ~/.julia/juliaup/julia-1.13.0+0.aarch64.linux.gnu/share/julia/stdlib/v1.13/Test/src/Test.jl:753 [inlined]

Tiny primal pivots require relative transpose agreement: Test Failed at /home/jspitz/JSimplex.jl/.worktrees/simplex-basis-cleanup-performance/test/legacy_primal_relative_pivot_tests.jl:15
  Expression: !(JSimplex._legacy_primal_pivot_row_ok!(ws, 1, 1, inaccurate, (()->begin
                #= /home/jspitz/JSimplex.jl/.worktrees/simplex-basis-cleanup-performance/test/legacy_primal_relative_pivot_tests.jl:15 =#
                false
            end)))
   Evaluated: !(JSimplex._legacy_primal_pivot_row_ok!(JSimplex.SimplexWorkspace{Float64, JSimplex.PFIFactorization{Float64, JSimplex.UMFPACKBackend}, :pfi, :native, Nothing}(LinearProblem{Float64}(sparse([1, 2], [1, 1], [-2.0e-12, 1.0], 2, 1), [-1.0], 0.0, MIN_SENSE, Bound{Float64}[Bound{Float64}(0.0, false), Bound{Float64}(0.0, false)], Bound{Float64}[Bound{Float64}(0.0, true), Bound{Float64}(0.0, false)], Bound{Float64}[Bound{Float64}(0.0, true)], Bound{Float64}[Bound{Float64}(0.0, false)], VariableDomain[CONTINUOUS], "", String[], String[]), SolverOptions{Float64, :pfi, :native}(1.0e-7, 1.0e-7, 1.0e-12, 100000, Inf, 20, false, Debug, :primal, :steepest_edge, :pfi, :native, :auto, true, :legacy), JSimplex.SimplexProgressContext{Float64, Nothing}(0x0000cef0de4a5cae, [-1.0], 0.0, JSimplex.Scaling{Float64}([1.0, 1.0], [1.0]), 0, 0, nothing, JSimplex.NumericalPolicy{Float64}(5.684341886080802e-14, 1.4901161193847656e-8, 3, 8, 2, 64, 512, 1073741824, 8, false, false, false, false, false, false, false, false, true, false, false, false, false, false, false, false, false, false, false, false)), [-1.0, 0.0, 0.0], Bound{Float64}[Bound{Float64}(0.0, true), Bound{Float64}(0.0, false), Bound{Float64}(0.0, false)], Bound{Float64}[Bound{Float64}(0.0, false), Bound{Float64}(0.0, true), Bound{Float64}(0.0, false)], JSimplex.Basis([2, 3], JSimplex.VariableState[JSimplex.AT_LOWER, JSimplex.BASIC, JSimplex.BASIC]), [0.0, -0.0, -0.0], [-1.0, 0.0, 0.0], [1.0, 1.0, 1.0], Bool[0, 1, 1], JSimplex.PFIFactorization{Float64, JSimplex.UMFPACKBackend}(JSimplex.UMFPACKBackend(SparseArrays.UMFPACK.UmfpackLU{Float64, Int64}(SparseArrays.UMFPACK.Symbolic{Float64, Int64}(Ptr{Nothing}(0x0000000000ea6b30)), SparseArrays.UMFPACK.Numeric{Float64, Int64}(Ptr{Nothing}(0x0000000002094250)), 2, 2, [0, 1, 2], [0, 1], [-1.0, -1.0], 0, SparseArrays.UMFPACK.UmfpackWS{Int64}([-1, 0], [-1.0, -0.0]), [1.0, 0.2, 0.2, 0.1, 32.0, 0.0, 0.7, 0.0, 1.0, 0.3, 1.0, 1.0, 0.9, 0.0, 10.0, 0.001, 1.0, 0.5, 0.0, 1.0], [0.0, 2.0, 2.0, 16.0, 4.0, 8.0, 8.0, 8.0, 0.0, 0.0  …  0.0, 0.0, -1.0, -1.0, 4.0, 3.1999952625483274e-6, 3.1999952625483274e-6, -1.0, -1.0, -1.0], ReentrantLock()), 2, nothing, false), JSimplex.PackedEta{Float64}[], [1.0, 0.0], JSimplex.PackedEta{Float64}[], 0, nothing), JSimplex.SimplexScratch{Float64}(Bool[0, 1, 1], [1.0, 0.0], [-0.0, -0.0], [-1.0, -0.0], [0.0, 0.0], [2.0e-12, 1.0, 0.0], [0.0, 0.0, 0.0], Bool[0, 0, 0], false, Int64[], Int64[], Float64[], Float64[], Int64[], nothing, nothing, false, Int64[], Int64[], 0, 0, nothing, :none, 0.0, false, false, false, :limit, JSimplex.RefactorizationState{Float64}(0, 0, 20, 20, 512, false, false, false, nothing, 1.0, 1.0, 0, 1.0e8, 4, 4, 8.0, 0.0, 0.0, 0.0, 0, 0, 0, 0.0, 0.0, 0, 0, 9223372036854775807, 0, 0, 0, 0.0, :none), nothing, nothing, nothing, nothing, nothing, 0.0, 0.0, nothing, true, true, sparse([1, 2], [1, 2], [-1.0, -1.0], 2, 2), JSimplex.BasisCheckpoint{Float64}[], 0x0000000000000000, Tuple{Int64, Int64}[], 0x0000000000000000, false, false, nothing), 0, 0, false, 0, false, false, 20, 0, 9223372036854775807, 0, 0), 1, 1, 1.5e-12, var"#4#5"()))
  Stacktrace:
   [1] top-level scope
     @ ~/JSimplex.jl/.worktrees/simplex-basis-cleanup-performance/test/legacy_primal_relative_pivot_tests.jl:4
   [2] macro expansion
     @ ~/.julia/juliaup/julia-1.13.0+0.aarch64.linux.gnu/share/julia/stdlib/v1.13/Test/src/Test.jl:1962 [inlined]
   [3] macro expansion
     @ ~/JSimplex.jl/.worktrees/simplex-basis-cleanup-performance/test/legacy_primal_relative_pivot_tests.jl:15 [inlined]
   [4] macro expansion
     @ ~/.julia/juliaup/julia-1.13.0+0.aarch64.linux.gnu/share/julia/stdlib/v1.13/Test/src/Test.jl:753 [inlined]

Tiny primal pivots require relative transpose agreement: Test Failed at /home/jspitz/JSimplex.jl/.worktrees/simplex-basis-cleanup-performance/test/legacy_primal_relative_pivot_tests.jl:15
  Expression: !(JSimplex._legacy_primal_pivot_row_ok!(ws, 1, 1, inaccurate, (()->begin
                #= /home/jspitz/JSimplex.jl/.worktrees/simplex-basis-cleanup-performance/test/legacy_primal_relative_pivot_tests.jl:15 =#
                false
            end)))
   Evaluated: !(JSimplex._legacy_primal_pivot_row_ok!(JSimplex.SimplexWorkspace{Float64, JSimplex.PFIFactorization{Float64, JSimplex.UMFPACKBackend}, :pfi, :native, Nothing}(LinearProblem{Float64}(sparse([1, 2], [1, 1], [2.0e-12, 1.0], 2, 1), [-1.0], 0.0, MIN_SENSE, Bound{Float64}[Bound{Float64}(0.0, false), Bound{Float64}(0.0, false)], Bound{Float64}[Bound{Float64}(0.0, true), Bound{Float64}(0.0, false)], Bound{Float64}[Bound{Float64}(0.0, true)], Bound{Float64}[Bound{Float64}(0.0, false)], VariableDomain[CONTINUOUS], "", String[], String[]), SolverOptions{Float64, :pfi, :native}(1.0e-7, 1.0e-7, 1.0e-12, 100000, Inf, 20, false, Debug, :primal, :steepest_edge, :pfi, :native, :auto, true, :legacy), JSimplex.SimplexProgressContext{Float64, Nothing}(0x0000cef0f66b8ad2, [-1.0], 0.0, JSimplex.Scaling{Float64}([1.0, 1.0], [1.0]), 0, 0, nothing, JSimplex.NumericalPolicy{Float64}(5.684341886080802e-14, 1.4901161193847656e-8, 3, 8, 2, 64, 512, 1073741824, 8, false, false, false, false, false, false, false, false, true, false, false, false, false, false, false, false, false, false, false, false)), [-1.0, 0.0, 0.0], Bound{Float64}[Bound{Float64}(0.0, true), Bound{Float64}(0.0, false), Bound{Float64}(0.0, false)], Bound{Float64}[Bound{Float64}(0.0, false), Bound{Float64}(0.0, true), Bound{Float64}(0.0, false)], JSimplex.Basis([2, 3], JSimplex.VariableState[JSimplex.AT_LOWER, JSimplex.BASIC, JSimplex.BASIC]), [0.0, -0.0, -0.0], [-1.0, 0.0, 0.0], [1.0, 1.0, 1.0], Bool[0, 1, 1], JSimplex.PFIFactorization{Float64, JSimplex.UMFPACKBackend}(JSimplex.UMFPACKBackend(SparseArrays.UMFPACK.UmfpackLU{Float64, Int64}(SparseArrays.UMFPACK.Symbolic{Float64, Int64}(Ptr{Nothing}(0x0000000000e41bb0)), SparseArrays.UMFPACK.Numeric{Float64, Int64}(Ptr{Nothing}(0x0000000002501f50)), 2, 2, [0, 1, 2], [0, 1], [-1.0, -1.0], 0, SparseArrays.UMFPACK.UmfpackWS{Int64}([0, 0], [-1.0, -0.0]), [1.0, 0.2, 0.2, 0.1, 32.0, 0.0, 0.7, 0.0, 1.0, 0.3, 1.0, 1.0, 0.9, 0.0, 10.0, 0.001, 1.0, 0.5, 0.0, 1.0], [0.0, 2.0, 2.0, 16.0, 4.0, 8.0, 8.0, 8.0, 0.0, 0.0  …  0.0, 0.0, -1.0, -1.0, 4.0, 2.00001522898674e-7, 2.00001522898674e-7, -1.0, -1.0, -1.0], ReentrantLock()), 2, nothing, false), JSimplex.PackedEta{Float64}[], [1.0, 0.0], JSimplex.PackedEta{Float64}[], 0, nothing), JSimplex.SimplexScratch{Float64}(Bool[0, 1, 1], [1.0, 0.0], [-0.0, -0.0], [-1.0, -0.0], [0.0, 0.0], [-2.0e-12, 1.0, 0.0], [0.0, 0.0, 0.0], Bool[0, 0, 0], false, Int64[], Int64[], Float64[], Float64[], Int64[], nothing, nothing, false, Int64[], Int64[], 0, 0, nothing, :none, 0.0, false, false, false, :limit, JSimplex.RefactorizationState{Float64}(0, 0, 20, 20, 512, false, false, false, nothing, 1.0, 1.0, 0, 1.0e8, 4, 4, 8.0, 0.0, 0.0, 0.0, 0, 0, 0, 0.0, 0.0, 0, 0, 9223372036854775807, 0, 0, 0, 0.0, :none), nothing, nothing, nothing, nothing, nothing, 0.0, 0.0, nothing, true, true, sparse([1, 2], [1, 2], [-1.0, -1.0], 2, 2), JSimplex.BasisCheckpoint{Float64}[], 0x0000000000000000, Tuple{Int64, Int64}[], 0x0000000000000000, false, false, nothing), 0, 0, false, 0, false, false, 20, 0, 9223372036854775807, 0, 0), 1, 1, -1.5e-12, var"#4#5"()))
  Stacktrace:
   [1] top-level scope
     @ ~/JSimplex.jl/.worktrees/simplex-basis-cleanup-performance/test/legacy_primal_relative_pivot_tests.jl:4
   [2] macro expansion
     @ ~/.julia/juliaup/julia-1.13.0+0.aarch64.linux.gnu/share/julia/stdlib/v1.13/Test/src/Test.jl:1962 [inlined]
   [3] macro expansion
     @ ~/JSimplex.jl/.worktrees/simplex-basis-cleanup-performance/test/legacy_primal_relative_pivot_tests.jl:15 [inlined]
   [4] macro expansion
     @ ~/.julia/juliaup/julia-1.13.0+0.aarch64.linux.gnu/share/julia/stdlib/v1.13/Test/src/Test.jl:753 [inlined]

Tiny primal pivots require relative transpose agreement: Test Failed at /home/jspitz/JSimplex.jl/.worktrees/simplex-basis-cleanup-performance/test/legacy_primal_relative_pivot_tests.jl:15
  Expression: !(JSimplex._legacy_primal_pivot_row_ok!(ws, 1, 1, inaccurate, (()->begin
                #= /home/jspitz/JSimplex.jl/.worktrees/simplex-basis-cleanup-performance/test/legacy_primal_relative_pivot_tests.jl:15 =#
                false
            end)))
   Evaluated: !(JSimplex._legacy_primal_pivot_row_ok!(JSimplex.SimplexWorkspace{Float64, JSimplex.BartelsGolubFactorization{Float64, JSimplex.UMFPACKBackend}, :bartels_golub, :native, Nothing}(LinearProblem{Float64}(sparse([1, 2], [1, 1], [-2.0e-12, 1.0], 2, 1), [-1.0], 0.0, MIN_SENSE, Bound{Float64}[Bound{Float64}(0.0, false), Bound{Float64}(0.0, false)], Bound{Float64}[Bound{Float64}(0.0, true), Bound{Float64}(0.0, false)], Bound{Float64}[Bound{Float64}(0.0, true)], Bound{Float64}[Bound{Float64}(0.0, false)], VariableDomain[CONTINUOUS], "", String[], String[]), SolverOptions{Float64, :bartels_golub, :native}(1.0e-7, 1.0e-7, 1.0e-12, 100000, Inf, 20, false, Debug, :primal, :steepest_edge, :bartels_golub, :native, :auto, true, :legacy), JSimplex.SimplexProgressContext{Float64, Nothing}(0x0000cef11c233775, [-1.0], 0.0, JSimplex.Scaling{Float64}([1.0, 1.0], [1.0]), 0, 0, nothing, JSimplex.NumericalPolicy{Float64}(5.684341886080802e-14, 1.4901161193847656e-8, 3, 8, 2, 64, 512, 1073741824, 8, false, false, false, false, false, false, false, false, true, false, false, false, false, false, false, false, false, false, false, false)), [-1.0, 0.0, 0.0], Bound{Float64}[Bound{Float64}(0.0, true), Bound{Float64}(0.0, false), Bound{Float64}(0.0, false)], Bound{Float64}[Bound{Float64}(0.0, false), Bound{Float64}(0.0, true), Bound{Float64}(0.0, false)], JSimplex.Basis([2, 3], JSimplex.VariableState[JSimplex.AT_LOWER, JSimplex.BASIC, JSimplex.BASIC]), [0.0, -0.0, -0.0], [-1.0, 0.0, 0.0], [1.0, 1.0, 1.0], Bool[0, 1, 1], JSimplex.BartelsGolubFactorization{Float64, JSimplex.UMFPACKBackend}(JSimplex.UMFPACKBackend(SparseArrays.UMFPACK.UmfpackLU{Float64, Int64}(SparseArrays.UMFPACK.Symbolic{Float64, Int64}(Ptr{Nothing}(0x00000000014e1390)), SparseArrays.UMFPACK.Numeric{Float64, Int64}(Ptr{Nothing}(0x00000000017ae910)), 2, 2, [0, 1, 2], [0, 1], [-1.0, -1.0], 0, SparseArrays.UMFPACK.UmfpackWS{Int64}([280383490585744, 0], [-1.0, -0.0]), [1.0, 0.2, 0.2, 0.1, 32.0, 0.0, 0.7, 0.0, 1.0, 0.3, 1.0, 1.0, 0.9, 0.0, 10.0, 0.001, 1.0, 0.5, 0.0, 1.0], [0.0, 2.0, 2.0, 16.0, 4.0, 8.0, 8.0, 8.0, 0.0, 0.0  …  0.0, 0.0, -1.0, -1.0, 4.0, 3.3999967854470015e-6, 3.3999967854470015e-6, -1.0, -1.0, -1.0], ReentrantLock()), 2, nothing, false), JSimplex.PackedUpperColumn{Float64}[JSimplex.PackedUpperColumn{Float64}([1], [1.0]), JSimplex.PackedUpperColumn{Float64}([2], [1.0])], [1, 2], [1, 2], JSimplex.BartelsGolubUpdate{Float64}[], [1.0, 0.0], [0.0, 0.0], [Int64[], Int64[]], Int64[], JSimplex.BartelsGolubUpdate{Float64}[], 0, nothing, JSimplex.TriangularRowCache{Float64}([1, 2], Tuple{Int64, Int64, Float64}[], 0, false)), JSimplex.SimplexScratch{Float64}(Bool[0, 1, 1], [1.0, 0.0], [-0.0, -0.0], [-1.0, -0.0], [0.0, 0.0], [2.0e-12, 1.0, 0.0], [0.0, 0.0, 0.0], Bool[0, 0, 0], false, Int64[], Int64[], Float64[], Float64[], Int64[], nothing, nothing, false, Int64[], Int64[], 0, 0, nothing, :none, 0.0, false, false, false, :limit, JSimplex.RefactorizationState{Float64}(0, 0, 20, 20, 128, false, false, false, nothing, 1.0, 1.0, 0, 1.0e8, 6, 6, 8.0, 0.0, 0.0, 0.0, 0, 0, 0, 0.0, 0.0, 0, 0, 9223372036854775807, 0, 0, 0, 0.0, :none), nothing, nothing, nothing, nothing, nothing, 0.0, 0.0, nothing, true, true, sparse([1, 2], [1, 2], [-1.0, -1.0], 2, 2), JSimplex.BasisCheckpoint{Float64}[], 0x0000000000000000, Tuple{Int64, Int64}[], 0x0000000000000000, false, false, nothing), 0, 0, false, 0, false, false, 20, 0, 9223372036854775807, 0, 0), 1, 1, 1.5e-12, var"#4#5"()))
  Stacktrace:
   [1] top-level scope
     @ ~/JSimplex.jl/.worktrees/simplex-basis-cleanup-performance/test/legacy_primal_relative_pivot_tests.jl:4
   [2] macro expansion
     @ ~/.julia/juliaup/julia-1.13.0+0.aarch64.linux.gnu/share/julia/stdlib/v1.13/Test/src/Test.jl:1962 [inlined]
   [3] macro expansion
     @ ~/JSimplex.jl/.worktrees/simplex-basis-cleanup-performance/test/legacy_primal_relative_pivot_tests.jl:15 [inlined]
   [4] macro expansion
     @ ~/.julia/juliaup/julia-1.13.0+0.aarch64.linux.gnu/share/julia/stdlib/v1.13/Test/src/Test.jl:753 [inlined]

Tiny primal pivots require relative transpose agreement: Test Failed at /home/jspitz/JSimplex.jl/.worktrees/simplex-basis-cleanup-performance/test/legacy_primal_relative_pivot_tests.jl:15
  Expression: !(JSimplex._legacy_primal_pivot_row_ok!(ws, 1, 1, inaccurate, (()->begin
                #= /home/jspitz/JSimplex.jl/.worktrees/simplex-basis-cleanup-performance/test/legacy_primal_relative_pivot_tests.jl:15 =#
                false
            end)))
   Evaluated: !(JSimplex._legacy_primal_pivot_row_ok!(JSimplex.SimplexWorkspace{Float64, JSimplex.BartelsGolubFactorization{Float64, JSimplex.UMFPACKBackend}, :bartels_golub, :native, Nothing}(LinearProblem{Float64}(sparse([1, 2], [1, 1], [2.0e-12, 1.0], 2, 1), [-1.0], 0.0, MIN_SENSE, Bound{Float64}[Bound{Float64}(0.0, false), Bound{Float64}(0.0, false)], Bound{Float64}[Bound{Float64}(0.0, true), Bound{Float64}(0.0, false)], Bound{Float64}[Bound{Float64}(0.0, true)], Bound{Float64}[Bound{Float64}(0.0, false)], VariableDomain[CONTINUOUS], "", String[], String[]), SolverOptions{Float64, :bartels_golub, :native}(1.0e-7, 1.0e-7, 1.0e-12, 100000, Inf, 20, false, Debug, :primal, :steepest_edge, :bartels_golub, :native, :auto, true, :legacy), JSimplex.SimplexProgressContext{Float64, Nothing}(0x0000cef12d5d06be, [-1.0], 0.0, JSimplex.Scaling{Float64}([1.0, 1.0], [1.0]), 0, 0, nothing, JSimplex.NumericalPolicy{Float64}(5.684341886080802e-14, 1.4901161193847656e-8, 3, 8, 2, 64, 512, 1073741824, 8, false, false, false, false, false, false, false, false, true, false, false, false, false, false, false, false, false, false, false, false)), [-1.0, 0.0, 0.0], Bound{Float64}[Bound{Float64}(0.0, true), Bound{Float64}(0.0, false), Bound{Float64}(0.0, false)], Bound{Float64}[Bound{Float64}(0.0, false), Bound{Float64}(0.0, true), Bound{Float64}(0.0, false)], JSimplex.Basis([2, 3], JSimplex.VariableState[JSimplex.AT_LOWER, JSimplex.BASIC, JSimplex.BASIC]), [0.0, -0.0, -0.0], [-1.0, 0.0, 0.0], [1.0, 1.0, 1.0], Bool[0, 1, 1], JSimplex.BartelsGolubFactorization{Float64, JSimplex.UMFPACKBackend}(JSimplex.UMFPACKBackend(SparseArrays.UMFPACK.UmfpackLU{Float64, Int64}(SparseArrays.UMFPACK.Symbolic{Float64, Int64}(Ptr{Nothing}(0x0000000000cf68d0)), SparseArrays.UMFPACK.Numeric{Float64, Int64}(Ptr{Nothing}(0x0000000000855320)), 2, 2, [0, 1, 2], [0, 1], [-1.0, -1.0], 0, SparseArrays.UMFPACK.UmfpackWS{Int64}([0, 0], [-1.0, -0.0]), [1.0, 0.2, 0.2, 0.1, 32.0, 0.0, 0.7, 0.0, 1.0, 0.3, 1.0, 1.0, 0.9, 0.0, 10.0, 0.001, 1.0, 0.5, 0.0, 1.0], [0.0, 2.0, 2.0, 16.0, 4.0, 8.0, 8.0, 8.0, 0.0, 0.0  …  0.0, 0.0, -1.0, -1.0, 4.0, 2.00001522898674e-7, 2.00001522898674e-7, -1.0, -1.0, -1.0], ReentrantLock()), 2, nothing, false), JSimplex.PackedUpperColumn{Float64}[JSimplex.PackedUpperColumn{Float64}([1], [1.0]), JSimplex.PackedUpperColumn{Float64}([2], [1.0])], [1, 2], [1, 2], JSimplex.BartelsGolubUpdate{Float64}[], [1.0, 0.0], [0.0, 0.0], [Int64[], Int64[]], Int64[], JSimplex.BartelsGolubUpdate{Float64}[], 0, nothing, JSimplex.TriangularRowCache{Float64}([1, 2], Tuple{Int64, Int64, Float64}[], 0, false)), JSimplex.SimplexScratch{Float64}(Bool[0, 1, 1], [1.0, 0.0], [-0.0, -0.0], [-1.0, -0.0], [0.0, 0.0], [-2.0e-12, 1.0, 0.0], [0.0, 0.0, 0.0], Bool[0, 0, 0], false, Int64[], Int64[], Float64[], Float64[], Int64[], nothing, nothing, false, Int64[], Int64[], 0, 0, nothing, :none, 0.0, false, false, false, :limit, JSimplex.RefactorizationState{Float64}(0, 0, 20, 20, 128, false, false, false, nothing, 1.0, 1.0, 0, 1.0e8, 6, 6, 8.0, 0.0, 0.0, 0.0, 0, 0, 0, 0.0, 0.0, 0, 0, 9223372036854775807, 0, 0, 0, 0.0, :none), nothing, nothing, nothing, nothing, nothing, 0.0, 0.0, nothing, true, true, sparse([1, 2], [1, 2], [-1.0, -1.0], 2, 2), JSimplex.BasisCheckpoint{Float64}[], 0x0000000000000000, Tuple{Int64, Int64}[], 0x0000000000000000, false, false, nothing), 0, 0, false, 0, false, false, 20, 0, 9223372036854775807, 0, 0), 1, 1, -1.5e-12, var"#4#5"()))
  Stacktrace:
   [1] top-level scope
     @ ~/JSimplex.jl/.worktrees/simplex-basis-cleanup-performance/test/legacy_primal_relative_pivot_tests.jl:4
   [2] macro expansion
     @ ~/.julia/juliaup/julia-1.13.0+0.aarch64.linux.gnu/share/julia/stdlib/v1.13/Test/src/Test.jl:1962 [inlined]
   [3] macro expansion
     @ ~/JSimplex.jl/.worktrees/simplex-basis-cleanup-performance/test/legacy_primal_relative_pivot_tests.jl:15 [inlined]
   [4] macro expansion
     @ ~/.julia/juliaup/julia-1.13.0+0.aarch64.linux.gnu/share/julia/stdlib/v1.13/Test/src/Test.jl:753 [inlined]

Tiny primal pivots require relative transpose agreement: Test Failed at /home/jspitz/JSimplex.jl/.worktrees/simplex-basis-cleanup-performance/test/legacy_primal_relative_pivot_tests.jl:15
  Expression: !(JSimplex._legacy_primal_pivot_row_ok!(ws, 1, 1, inaccurate, (()->begin
                #= /home/jspitz/JSimplex.jl/.worktrees/simplex-basis-cleanup-performance/test/legacy_primal_relative_pivot_tests.jl:15 =#
                false
            end)))
   Evaluated: !(JSimplex._legacy_primal_pivot_row_ok!(JSimplex.SimplexWorkspace{Float64, JSimplex.ForrestTomlinFactorization{Float64, JSimplex.UMFPACKBackend}, :forrest_tomlin, :native, Nothing}(LinearProblem{Float64}(sparse([1, 2], [1, 1], [-2.0e-12, 1.0], 2, 1), [-1.0], 0.0, MIN_SENSE, Bound{Float64}[Bound{Float64}(0.0, false), Bound{Float64}(0.0, false)], Bound{Float64}[Bound{Float64}(0.0, true), Bound{Float64}(0.0, false)], Bound{Float64}[Bound{Float64}(0.0, true)], Bound{Float64}[Bound{Float64}(0.0, false)], VariableDomain[CONTINUOUS], "", String[], String[]), SolverOptions{Float64, :forrest_tomlin, :native}(1.0e-7, 1.0e-7, 1.0e-12, 100000, Inf, 20, false, Debug, :primal, :steepest_edge, :forrest_tomlin, :native, :auto, true, :legacy), JSimplex.SimplexProgressContext{Float64, Nothing}(0x0000cef14ced9619, [-1.0], 0.0, JSimplex.Scaling{Float64}([1.0, 1.0], [1.0]), 0, 0, nothing, JSimplex.NumericalPolicy{Float64}(5.684341886080802e-14, 1.4901161193847656e-8, 3, 8, 2, 64, 512, 1073741824, 8, false, false, false, false, false, false, false, false, true, false, false, false, false, false, false, false, false, false, false, false)), [-1.0, 0.0, 0.0], Bound{Float64}[Bound{Float64}(0.0, true), Bound{Float64}(0.0, false), Bound{Float64}(0.0, false)], Bound{Float64}[Bound{Float64}(0.0, false), Bound{Float64}(0.0, true), Bound{Float64}(0.0, false)], JSimplex.Basis([2, 3], JSimplex.VariableState[JSimplex.AT_LOWER, JSimplex.BASIC, JSimplex.BASIC]), [0.0, -0.0, -0.0], [-1.0, 0.0, 0.0], [1.0, 1.0, 1.0], Bool[0, 1, 1], JSimplex.ForrestTomlinFactorization{Float64, JSimplex.UMFPACKBackend}(JSimplex.UMFPACKBackend(SparseArrays.UMFPACK.UmfpackLU{Float64, Int64}(SparseArrays.UMFPACK.Symbolic{Float64, Int64}(Ptr{Nothing}(0x00000000007a52c0)), SparseArrays.UMFPACK.Numeric{Float64, Int64}(Ptr{Nothing}(0x00000000010435a0)), 2, 2, [0, 1, 2], [0, 1], [-1.0, -1.0], 0, SparseArrays.UMFPACK.UmfpackWS{Int64}([280383212743424, 280383219188448], [-1.0, -0.0]), [1.0, 0.2, 0.2, 0.1, 32.0, 0.0, 0.7, 0.0, 1.0, 0.3, 1.0, 1.0, 0.9, 0.0, 10.0, 0.001, 1.0, 0.5, 0.0, 1.0], [0.0, 2.0, 2.0, 16.0, 4.0, 8.0, 8.0, 8.0, 0.0, 0.0  …  0.0, 0.0, -1.0, -1.0, 4.0, 3.4999975468963385e-6, 3.4999975468963385e-6, -1.0, -1.0, -1.0], ReentrantLock()), 2, nothing, false), JSimplex.PackedUpperColumn{Float64}[JSimplex.PackedUpperColumn{Float64}([1], [1.0]), JSimplex.PackedUpperColumn{Float64}([2], [1.0])], [1, 2], [1, 2], JSimplex.ForrestTomlinUpdate{Float64}[], [1.0, 0.0], [0.0, 0.0], Vector{Int64}[], JSimplex.ForrestTomlinUpdate{Float64}[], 0, nothing, JSimplex.TriangularRowCache{Float64}([1, 2], Tuple{Int64, Int64, Float64}[], 0, false)), JSimplex.SimplexScratch{Float64}(Bool[0, 1, 1], [1.0, 0.0], [-0.0, -0.0], [-1.0, -0.0], [0.0, 0.0], [2.0e-12, 1.0, 0.0], [0.0, 0.0, 0.0], Bool[0, 0, 0], false, Int64[], Int64[], Float64[], Float64[], Int64[], nothing, nothing, false, Int64[], Int64[], 0, 0, nothing, :none, 0.0, false, false, false, :limit, JSimplex.RefactorizationState{Float64}(0, 0, 20, 20, 128, false, false, false, nothing, 1.0, 1.0, 0, 1.0e8, 6, 6, 8.0, 0.0, 0.0, 0.0, 0, 0, 0, 0.0, 0.0, 0, 0, 9223372036854775807, 0, 0, 0, 0.0, :none), nothing, nothing, nothing, nothing, nothing, 0.0, 0.0, nothing, true, true, sparse([1, 2], [1, 2], [-1.0, -1.0], 2, 2), JSimplex.BasisCheckpoint{Float64}[], 0x0000000000000000, Tuple{Int64, Int64}[], 0x0000000000000000, false, false, nothing), 0, 0, false, 0, false, false, 20, 0, 9223372036854775807, 0, 0), 1, 1, 1.5e-12, var"#4#5"()))
  Stacktrace:
   [1] top-level scope
     @ ~/JSimplex.jl/.worktrees/simplex-basis-cleanup-performance/test/legacy_primal_relative_pivot_tests.jl:4
   [2] macro expansion
     @ ~/.julia/juliaup/julia-1.13.0+0.aarch64.linux.gnu/share/julia/stdlib/v1.13/Test/src/Test.jl:1962 [inlined]
   [3] macro expansion
     @ ~/JSimplex.jl/.worktrees/simplex-basis-cleanup-performance/test/legacy_primal_relative_pivot_tests.jl:15 [inlined]
   [4] macro expansion
     @ ~/.julia/juliaup/julia-1.13.0+0.aarch64.linux.gnu/share/julia/stdlib/v1.13/Test/src/Test.jl:753 [inlined]

Tiny primal pivots require relative transpose agreement: Test Failed at /home/jspitz/JSimplex.jl/.worktrees/simplex-basis-cleanup-performance/test/legacy_primal_relative_pivot_tests.jl:15
  Expression: !(JSimplex._legacy_primal_pivot_row_ok!(ws, 1, 1, inaccurate, (()->begin
                #= /home/jspitz/JSimplex.jl/.worktrees/simplex-basis-cleanup-performance/test/legacy_primal_relative_pivot_tests.jl:15 =#
                false
            end)))
   Evaluated: !(JSimplex._legacy_primal_pivot_row_ok!(JSimplex.SimplexWorkspace{Float64, JSimplex.ForrestTomlinFactorization{Float64, JSimplex.UMFPACKBackend}, :forrest_tomlin, :native, Nothing}(LinearProblem{Float64}(sparse([1, 2], [1, 1], [2.0e-12, 1.0], 2, 1), [-1.0], 0.0, MIN_SENSE, Bound{Float64}[Bound{Float64}(0.0, false), Bound{Float64}(0.0, false)], Bound{Float64}[Bound{Float64}(0.0, true), Bound{Float64}(0.0, false)], Bound{Float64}[Bound{Float64}(0.0, true)], Bound{Float64}[Bound{Float64}(0.0, false)], VariableDomain[CONTINUOUS], "", String[], String[]), SolverOptions{Float64, :forrest_tomlin, :native}(1.0e-7, 1.0e-7, 1.0e-12, 100000, Inf, 20, false, Debug, :primal, :steepest_edge, :forrest_tomlin, :native, :auto, true, :legacy), JSimplex.SimplexProgressContext{Float64, Nothing}(0x0000cef159b7d450, [-1.0], 0.0, JSimplex.Scaling{Float64}([1.0, 1.0], [1.0]), 0, 0, nothing, JSimplex.NumericalPolicy{Float64}(5.684341886080802e-14, 1.4901161193847656e-8, 3, 8, 2, 64, 512, 1073741824, 8, false, false, false, false, false, false, false, false, true, false, false, false, false, false, false, false, false, false, false, false)), [-1.0, 0.0, 0.0], Bound{Float64}[Bound{Float64}(0.0, true), Bound{Float64}(0.0, false), Bound{Float64}(0.0, false)], Bound{Float64}[Bound{Float64}(0.0, false), Bound{Float64}(0.0, true), Bound{Float64}(0.0, false)], JSimplex.Basis([2, 3], JSimplex.VariableState[JSimplex.AT_LOWER, JSimplex.BASIC, JSimplex.BASIC]), [0.0, -0.0, -0.0], [-1.0, 0.0, 0.0], [1.0, 1.0, 1.0], Bool[0, 1, 1], JSimplex.ForrestTomlinFactorization{Float64, JSimplex.UMFPACKBackend}(JSimplex.UMFPACKBackend(SparseArrays.UMFPACK.UmfpackLU{Float64, Int64}(SparseArrays.UMFPACK.Symbolic{Float64, Int64}(Ptr{Nothing}(0x000000000105b350)), SparseArrays.UMFPACK.Numeric{Float64, Int64}(Ptr{Nothing}(0x000000000121a5d0)), 2, 2, [0, 1, 2], [0, 1], [-1.0, -1.0], 0, SparseArrays.UMFPACK.UmfpackWS{Int64}([1, 280383673133569], [-1.0, -0.0]), [1.0, 0.2, 0.2, 0.1, 32.0, 0.0, 0.7, 0.0, 1.0, 0.3, 1.0, 1.0, 0.9, 0.0, 10.0, 0.001, 1.0, 0.5, 0.0, 1.0], [0.0, 2.0, 2.0, 16.0, 4.0, 8.0, 8.0, 8.0, 0.0, 0.0  …  0.0, 0.0, -1.0, -1.0, 4.0, 1.00000761449337e-7, 1.00000761449337e-7, -1.0, -1.0, -1.0], ReentrantLock()), 2, nothing, false), JSimplex.PackedUpperColumn{Float64}[JSimplex.PackedUpperColumn{Float64}([1], [1.0]), JSimplex.PackedUpperColumn{Float64}([2], [1.0])], [1, 2], [1, 2], JSimplex.ForrestTomlinUpdate{Float64}[], [1.0, 0.0], [0.0, 0.0], Vector{Int64}[], JSimplex.ForrestTomlinUpdate{Float64}[], 0, nothing, JSimplex.TriangularRowCache{Float64}([1, 2], Tuple{Int64, Int64, Float64}[], 0, false)), JSimplex.SimplexScratch{Float64}(Bool[0, 1, 1], [1.0, 0.0], [-0.0, -0.0], [-1.0, -0.0], [0.0, 0.0], [-2.0e-12, 1.0, 0.0], [0.0, 0.0, 0.0], Bool[0, 0, 0], false, Int64[], Int64[], Float64[], Float64[], Int64[], nothing, nothing, false, Int64[], Int64[], 0, 0, nothing, :none, 0.0, false, false, false, :limit, JSimplex.RefactorizationState{Float64}(0, 0, 20, 20, 128, false, false, false, nothing, 1.0, 1.0, 0, 1.0e8, 6, 6, 8.0, 0.0, 0.0, 0.0, 0, 0, 0, 0.0, 0.0, 0, 0, 9223372036854775807, 0, 0, 0, 0.0, :none), nothing, nothing, nothing, nothing, nothing, 0.0, 0.0, nothing, true, true, sparse([1, 2], [1, 2], [-1.0, -1.0], 2, 2), JSimplex.BasisCheckpoint{Float64}[], 0x0000000000000000, Tuple{Int64, Int64}[], 0x0000000000000000, false, false, nothing), 0, 0, false, 0, false, false, 20, 0, 9223372036854775807, 0, 0), 1, 1, -1.5e-12, var"#4#5"()))
  Stacktrace:
   [1] top-level scope
     @ ~/JSimplex.jl/.worktrees/simplex-basis-cleanup-performance/test/legacy_primal_relative_pivot_tests.jl:4
   [2] macro expansion
     @ ~/.julia/juliaup/julia-1.13.0+0.aarch64.linux.gnu/share/julia/stdlib/v1.13/Test/src/Test.jl:1962 [inlined]
   [3] macro expansion
     @ ~/JSimplex.jl/.worktrees/simplex-basis-cleanup-performance/test/legacy_primal_relative_pivot_tests.jl:15 [inlined]
   [4] macro expansion
     @ ~/.julia/juliaup/julia-1.13.0+0.aarch64.linux.gnu/share/julia/stdlib/v1.13/Test/src/Test.jl:753 [inlined]

Tiny primal pivots require relative transpose agreement: Test Failed at /home/jspitz/JSimplex.jl/.worktrees/simplex-basis-cleanup-performance/test/legacy_primal_relative_pivot_tests.jl:15
  Expression: !(JSimplex._legacy_primal_pivot_row_ok!(ws, 1, 1, inaccurate, (()->begin
                #= /home/jspitz/JSimplex.jl/.worktrees/simplex-basis-cleanup-performance/test/legacy_primal_relative_pivot_tests.jl:15 =#
                false
            end)))
   Evaluated: ERROR: LoadError: Some tests did not pass: 48 passed, 16 failed, 0 errored, 0 broken.
in expression starting at /home/jspitz/JSimplex.jl/.worktrees/simplex-basis-cleanup-performance/test/legacy_primal_relative_pivot_tests.jl:3
!(JSimplex._legacy_primal_pivot_row_ok!(JSimplex.SimplexWorkspace{Float64, JSimplex.SuhlSuhlFactorization{Float64, JSimplex.UMFPACKBackend}, :suhl_suhl, :native, Nothing}(LinearProblem{Float64}(sparse([1, 2], [1, 1], [-2.0e-12, 1.0], 2, 1), [-1.0], 0.0, MIN_SENSE, Bound{Float64}[Bound{Float64}(0.0, false), Bound{Float64}(0.0, false)], Bound{Float64}[Bound{Float64}(0.0, true), Bound{Float64}(0.0, false)], Bound{Float64}[Bound{Float64}(0.0, true)], Bound{Float64}[Bound{Float64}(0.0, false)], VariableDomain[CONTINUOUS], "", String[], String[]), SolverOptions{Float64, :suhl_suhl, :native}(1.0e-7, 1.0e-7, 1.0e-12, 100000, Inf, 20, false, Debug, :primal, :steepest_edge, :suhl_suhl, :native, :auto, true, :legacy), JSimplex.SimplexProgressContext{Float64, Nothing}(0x0000cef17926e447, [-1.0], 0.0, JSimplex.Scaling{Float64}([1.0, 1.0], [1.0]), 0, 0, nothing, JSimplex.NumericalPolicy{Float64}(5.684341886080802e-14, 1.4901161193847656e-8, 3, 8, 2, 64, 512, 1073741824, 8, false, false, false, false, false, false, false, false, true, false, false, false, false, false, false, false, false, false, false, false)), [-1.0, 0.0, 0.0], Bound{Float64}[Bound{Float64}(0.0, true), Bound{Float64}(0.0, false), Bound{Float64}(0.0, false)], Bound{Float64}[Bound{Float64}(0.0, false), Bound{Float64}(0.0, true), Bound{Float64}(0.0, false)], JSimplex.Basis([2, 3], JSimplex.VariableState[JSimplex.AT_LOWER, JSimplex.BASIC, JSimplex.BASIC]), [0.0, -0.0, -0.0], [-1.0, 0.0, 0.0], [1.0, 1.0, 1.0], Bool[0, 1, 1], JSimplex.SuhlSuhlFactorization{Float64, JSimplex.UMFPACKBackend}(JSimplex.UMFPACKBackend(SparseArrays.UMFPACK.UmfpackLU{Float64, Int64}(SparseArrays.UMFPACK.Symbolic{Float64, Int64}(Ptr{Nothing}(0x0000000001b557c0)), SparseArrays.UMFPACK.Numeric{Float64, Int64}(Ptr{Nothing}(0x0000000002820580)), 2, 2, [0, 1, 2], [0, 1], [-1.0, -1.0], 0, SparseArrays.UMFPACK.UmfpackWS{Int64}([2203335065604, 280383455215617], [-1.0, -0.0]), [1.0, 0.2, 0.2, 0.1, 32.0, 0.0, 0.7, 0.0, 1.0, 0.3, 1.0, 1.0, 0.9, 0.0, 10.0, 0.001, 1.0, 0.5, 0.0, 1.0], [0.0, 2.0, 2.0, 16.0, 4.0, 8.0, 8.0, 8.0, 0.0, 0.0  …  0.0, 0.0, -1.0, -1.0, 4.0, 2.8999929782003164e-6, 2.8999929782003164e-6, -1.0, -1.0, -1.0], ReentrantLock()), 2, nothing, false), JSimplex.PackedUpperColumn{Float64}[JSimplex.PackedUpperColumn{Float64}([1], [1.0]), JSimplex.PackedUpperColumn{Float64}([2], [1.0])], [1, 2], [1, 2], JSimplex.SuhlSuhlUpdate{Float64}[], [1.0, 0.0], [0.0, 0.0], Vector{Int64}[], JSimplex.SuhlSuhlUpdate{Float64}[], 0, nothing, JSimplex.TriangularRowCache{Float64}([1, 2], Tuple{Int64, Int64, Float64}[], 0, false)), JSimplex.SimplexScratch{Float64}(Bool[0, 1, 1], [1.0, 0.0], [-0.0, -0.0], [-1.0, -0.0], [0.0, 0.0], [2.0e-12, 1.0, 0.0], [0.0, 0.0, 0.0], Bool[0, 0, 0], false, Int64[], Int64[], Float64[], Float64[], Int64[], nothing, nothing, false, Int64[], Int64[], 0, 0, nothing, :none, 0.0, false, false, false, :limit, JSimplex.RefactorizationState{Float64}(0, 0, 20, 20, 128, false, false, false, nothing, 1.0, 1.0, 0, 1.0e8, 6, 6, 8.0, 0.0, 0.0, 0.0, 0, 0, 0, 0.0, 0.0, 0, 0, 9223372036854775807, 0, 0, 0, 0.0, :none), nothing, nothing, nothing, nothing, nothing, 0.0, 0.0, nothing, true, true, sparse([1, 2], [1, 2], [-1.0, -1.0], 2, 2), JSimplex.BasisCheckpoint{Float64}[], 0x0000000000000000, Tuple{Int64, Int64}[], 0x0000000000000000, false, false, nothing), 0, 0, false, 0, false, false, 20, 0, 9223372036854775807, 0, 0), 1, 1, 1.5e-12, var"#4#5"()))
  Stacktrace:
   [1] top-level scope
     @ ~/JSimplex.jl/.worktrees/simplex-basis-cleanup-performance/test/legacy_primal_relative_pivot_tests.jl:4
   [2] macro expansion
     @ ~/.julia/juliaup/julia-1.13.0+0.aarch64.linux.gnu/share/julia/stdlib/v1.13/Test/src/Test.jl:1962 [inlined]
   [3] macro expansion
     @ ~/JSimplex.jl/.worktrees/simplex-basis-cleanup-performance/test/legacy_primal_relative_pivot_tests.jl:15 [inlined]
   [4] macro expansion
     @ ~/.julia/juliaup/julia-1.13.0+0.aarch64.linux.gnu/share/julia/stdlib/v1.13/Test/src/Test.jl:753 [inlined]

Tiny primal pivots require relative transpose agreement: Test Failed at /home/jspitz/JSimplex.jl/.worktrees/simplex-basis-cleanup-performance/test/legacy_primal_relative_pivot_tests.jl:15
  Expression: !(JSimplex._legacy_primal_pivot_row_ok!(ws, 1, 1, inaccurate, (()->begin
                #= /home/jspitz/JSimplex.jl/.worktrees/simplex-basis-cleanup-performance/test/legacy_primal_relative_pivot_tests.jl:15 =#
                false
            end)))
   Evaluated: !(JSimplex._legacy_primal_pivot_row_ok!(JSimplex.SimplexWorkspace{Float64, JSimplex.SuhlSuhlFactorization{Float64, JSimplex.UMFPACKBackend}, :suhl_suhl, :native, Nothing}(LinearProblem{Float64}(sparse([1, 2], [1, 1], [2.0e-12, 1.0], 2, 1), [-1.0], 0.0, MIN_SENSE, Bound{Float64}[Bound{Float64}(0.0, false), Bound{Float64}(0.0, false)], Bound{Float64}[Bound{Float64}(0.0, true), Bound{Float64}(0.0, false)], Bound{Float64}[Bound{Float64}(0.0, true)], Bound{Float64}[Bound{Float64}(0.0, false)], VariableDomain[CONTINUOUS], "", String[], String[]), SolverOptions{Float64, :suhl_suhl, :native}(1.0e-7, 1.0e-7, 1.0e-12, 100000, Inf, 20, false, Debug, :primal, :steepest_edge, :suhl_suhl, :native, :auto, true, :legacy), JSimplex.SimplexProgressContext{Float64, Nothing}(0x0000cef18650578a, [-1.0], 0.0, JSimplex.Scaling{Float64}([1.0, 1.0], [1.0]), 0, 0, nothing, JSimplex.NumericalPolicy{Float64}(5.684341886080802e-14, 1.4901161193847656e-8, 3, 8, 2, 64, 512, 1073741824, 8, false, false, false, false, false, false, false, false, true, false, false, false, false, false, false, false, false, false, false, false)), [-1.0, 0.0, 0.0], Bound{Float64}[Bound{Float64}(0.0, true), Bound{Float64}(0.0, false), Bound{Float64}(0.0, false)], Bound{Float64}[Bound{Float64}(0.0, false), Bound{Float64}(0.0, true), Bound{Float64}(0.0, false)], JSimplex.Basis([2, 3], JSimplex.VariableState[JSimplex.AT_LOWER, JSimplex.BASIC, JSimplex.BASIC]), [0.0, -0.0, -0.0], [-1.0, 0.0, 0.0], [1.0, 1.0, 1.0], Bool[0, 1, 1], JSimplex.SuhlSuhlFactorization{Float64, JSimplex.UMFPACKBackend}(JSimplex.UMFPACKBackend(SparseArrays.UMFPACK.UmfpackLU{Float64, Int64}(SparseArrays.UMFPACK.Symbolic{Float64, Int64}(Ptr{Nothing}(0x0000000000a3e6d0)), SparseArrays.UMFPACK.Numeric{Float64, Int64}(Ptr{Nothing}(0x00000000014e2db0)), 2, 2, [0, 1, 2], [0, 1], [-1.0, -1.0], 0, SparseArrays.UMFPACK.UmfpackWS{Int64}([0, 0], [-1.0, -0.0]), [1.0, 0.2, 0.2, 0.1, 32.0, 0.0, 0.7, 0.0, 1.0, 0.3, 1.0, 1.0, 0.9, 0.0, 10.0, 0.001, 1.0, 0.5, 0.0, 1.0], [0.0, 2.0, 2.0, 16.0, 4.0, 8.0, 8.0, 8.0, 0.0, 0.0  …  0.0, 0.0, -1.0, -1.0, 4.0, 3.00002284348011e-7, 3.00002284348011e-7, -1.0, -1.0, -1.0], ReentrantLock()), 2, nothing, false), JSimplex.PackedUpperColumn{Float64}[JSimplex.PackedUpperColumn{Float64}([1], [1.0]), JSimplex.PackedUpperColumn{Float64}([2], [1.0])], [1, 2], [1, 2], JSimplex.SuhlSuhlUpdate{Float64}[], [1.0, 0.0], [0.0, 0.0], Vector{Int64}[], JSimplex.SuhlSuhlUpdate{Float64}[], 0, nothing, JSimplex.TriangularRowCache{Float64}([1, 2], Tuple{Int64, Int64, Float64}[], 0, false)), JSimplex.SimplexScratch{Float64}(Bool[0, 1, 1], [1.0, 0.0], [-0.0, -0.0], [-1.0, -0.0], [0.0, 0.0], [-2.0e-12, 1.0, 0.0], [0.0, 0.0, 0.0], Bool[0, 0, 0], false, Int64[], Int64[], Float64[], Float64[], Int64[], nothing, nothing, false, Int64[], Int64[], 0, 0, nothing, :none, 0.0, false, false, false, :limit, JSimplex.RefactorizationState{Float64}(0, 0, 20, 20, 128, false, false, false, nothing, 1.0, 1.0, 0, 1.0e8, 6, 6, 8.0, 0.0, 0.0, 0.0, 0, 0, 0, 0.0, 0.0, 0, 0, 9223372036854775807, 0, 0, 0, 0.0, :none), nothing, nothing, nothing, nothing, nothing, 0.0, 0.0, nothing, true, true, sparse([1, 2], [1, 2], [-1.0, -1.0], 2, 2), JSimplex.BasisCheckpoint{Float64}[], 0x0000000000000000, Tuple{Int64, Int64}[], 0x0000000000000000, false, false, nothing), 0, 0, false, 0, false, false, 20, 0, 9223372036854775807, 0, 0), 1, 1, -1.5e-12, var"#4#5"()))
  Stacktrace:
   [1] top-level scope
     @ ~/JSimplex.jl/.worktrees/simplex-basis-cleanup-performance/test/legacy_primal_relative_pivot_tests.jl:4
   [2] macro expansion
     @ ~/.julia/juliaup/julia-1.13.0+0.aarch64.linux.gnu/share/julia/stdlib/v1.13/Test/src/Test.jl:1962 [inlined]
   [3] macro expansion
     @ ~/JSimplex.jl/.worktrees/simplex-basis-cleanup-performance/test/legacy_primal_relative_pivot_tests.jl:15 [inlined]
   [4] macro expansion
     @ ~/.julia/juliaup/julia-1.13.0+0.aarch64.linux.gnu/share/julia/stdlib/v1.13/Test/src/Test.jl:753 [inlined]
Test Summary:                                           | Pass  Fail  Total  Time
Tiny primal pivots require relative transpose agreement |   48    16     64  9.7s
RNG of the outermost testset: Random.Xoshiro(0x94d3313d633691eb, 0xf4f5b04bb3aba4a6, 0xccdc799e2ecbbb53, 0xbc7e6b7a5209de40, 0x9b77928fa6793c3c)
