
cmd: /home/jspitz/.julia/juliaup/julia-1.13.0+0.aarch64.linux.gnu/bin/julia 10 running 1 of 1

signal (10): User defined signal 1
_csc_price! at /home/jspitz/JSimplex.jl/.worktrees/simplex-legacy-stability/src/dual_simplex.jl:519
price! at /home/jspitz/JSimplex.jl/.worktrees/simplex-legacy-stability/src/dual_simplex.jl:502
#244 at /home/jspitz/JSimplex.jl/.worktrees/simplex-legacy-stability/src/dual_simplex.jl:1169 [inlined]
_diagnostic_kernel at /home/jspitz/JSimplex.jl/.worktrees/simplex-legacy-stability/src/simplex_diagnostics.jl:51 [inlined]
_timed_simplex at /home/jspitz/JSimplex.jl/.worktrees/simplex-legacy-stability/src/simplex.jl:178 [inlined]
#_dual_iteration_unchecked!#234 at /home/jspitz/JSimplex.jl/.worktrees/simplex-legacy-stability/src/dual_simplex.jl:1168
_dual_iteration_unchecked! at /home/jspitz/JSimplex.jl/.worktrees/simplex-legacy-stability/src/dual_simplex.jl:1138 [inlined]
_dual_iteration_core! at /home/jspitz/JSimplex.jl/.worktrees/simplex-legacy-stability/src/simplex_pivot.jl:419 [inlined]
#_dual_iteration!##0 at /home/jspitz/JSimplex.jl/.worktrees/simplex-legacy-stability/src/simplex_pivot.jl:413 [inlined]
#_measure_basis_iteration!#20 at /home/jspitz/JSimplex.jl/.worktrees/simplex-legacy-stability/src/refactorization_policy.jl:291
_measure_basis_iteration! at /home/jspitz/JSimplex.jl/.worktrees/simplex-legacy-stability/src/refactorization_policy.jl:289 [inlined]
_dual_iteration! at /home/jspitz/JSimplex.jl/.worktrees/simplex-legacy-stability/src/simplex_pivot.jl:412 [inlined]
#dual_iteration!#232 at /home/jspitz/JSimplex.jl/.worktrees/simplex-legacy-stability/src/dual_simplex.jl:720
dual_iteration! at /home/jspitz/JSimplex.jl/.worktrees/simplex-legacy-stability/src/dual_simplex.jl:708 [inlined]
#_dual_optimize!#250 at /home/jspitz/JSimplex.jl/.worktrees/simplex-legacy-stability/src/dual_simplex.jl:1846
_dual_optimize! at /home/jspitz/JSimplex.jl/.worktrees/simplex-legacy-stability/src/dual_simplex.jl:1821 [inlined]
_solve_continuous_dual_once! at /home/jspitz/JSimplex.jl/.worktrees/simplex-legacy-stability/src/dual_simplex.jl:2223
_solve_continuous_dual! at /home/jspitz/JSimplex.jl/.worktrees/simplex-legacy-stability/src/dual_simplex.jl:2254
#_solve_continuous_dual#251 at /home/jspitz/JSimplex.jl/.worktrees/simplex-legacy-stability/src/dual_simplex.jl:2171
_solve_continuous_dual at /home/jspitz/JSimplex.jl/.worktrees/simplex-legacy-stability/src/dual_simplex.jl:2143 [inlined]
#_solve_diagnosed#426 at /home/jspitz/JSimplex.jl/.worktrees/simplex-legacy-stability/src/solver.jl:455
_solve_diagnosed at /home/jspitz/JSimplex.jl/.worktrees/simplex-legacy-stability/src/solver.jl:400
unknown function (ip: 0xf897deba62af) at (unknown file)
macro expansion at /home/jspitz/.julia/juliaup/julia-1.13.0+0.aarch64.linux.gnu/share/julia/stdlib/v1.13/Profile/src/Profile.jl:60 [inlined]
macro expansion at ./timing.jl:699 [inlined]
main at /home/jspitz/JSimplex.jl/.worktrees/simplex-basis-cleanup-performance/diagnostics/simplex-basis-cleanup-performance/reproduce/solve-profile.jl:16
unknown function (ip: 0xf8980d1fc98b) at (unknown file)
jl_apply at /cache/build/builder-armageddon-4/julialang/julia-ci/src/julia.h:2318 [inlined]
do_call at /cache/build/builder-armageddon-4/julialang/julia-ci/src/interpreter.c:123
eval_value at /cache/build/builder-armageddon-4/julialang/julia-ci/src/interpreter.c:243
eval_stmt_value at /cache/build/builder-armageddon-4/julialang/julia-ci/src/interpreter.c:194 [inlined]
eval_body at /cache/build/builder-armageddon-4/julialang/julia-ci/src/interpreter.c:693
jl_interpret_toplevel_thunk at /cache/build/builder-armageddon-4/julialang/julia-ci/src/interpreter.c:884
jl_toplevel_eval_flex at /cache/build/builder-armageddon-4/julialang/julia-ci/src/toplevel.c:742
jl_eval_toplevel_stmts at /cache/build/builder-armageddon-4/julialang/julia-ci/src/toplevel.c:585
jl_toplevel_eval_flex at /cache/build/builder-armageddon-4/julialang/julia-ci/src/toplevel.c:683
ijl_toplevel_eval at /cache/build/builder-armageddon-4/julialang/julia-ci/src/toplevel.c:754
ijl_toplevel_eval_in at /cache/build/builder-armageddon-4/julialang/julia-ci/src/toplevel.c:799
eval at ./boot.jl:489
include_string at ./loading.jl:3016
_include at ./loading.jl:3076
include at ./Base.jl:309
exec_options at ./client.jl:344
_start at ./client.jl:577
jfptr__start_61086 at /home/jspitz/.julia/juliaup/julia-1.13.0+0.aarch64.linux.gnu/lib/julia/sys.so (unknown line)
jl_apply at /cache/build/builder-armageddon-4/julialang/julia-ci/src/julia.h:2318 [inlined]
true_main at /cache/build/builder-armageddon-4/julialang/julia-ci/src/jlapi.c:985
jl_repl_entrypoint at /cache/build/builder-armageddon-4/julialang/julia-ci/src/jlapi.c:1152
main at /cache/build/builder-armageddon-4/julialang/julia-ci/cli/loader_exe.c:58
unknown function (ip: 0xf8982e552f1b) at /usr/lib/aarch64-linux-gnu/libc.so.6
__libc_start_main at /usr/lib/aarch64-linux-gnu/libc.so.6 (unknown line)
$x at /home/jspitz/.julia/juliaup/julia-1.13.0+0.aarch64.linux.gnu/bin/julia (unknown line)
unknown function (ip: 0x6e000000400a1b) at (unknown file)
unknown function (ip: (nil)) at (unknown file)

#=    4.3 ms =# precompile(Tuple{typeof(Base.print), Base.GenericIOBuffer{Memory{UInt8}}, JSimplex.TerminationStatus})
#=    4.7 ms =# precompile(Tuple{typeof(Base.empty), Base.Dict{String, String}, Type{String}, Type{Any}})
#=   12.6 ms =# precompile(Tuple{typeof(Base.grow_to!), Base.Dict{String, Any}, Tuple{Pair{String, String}, Pair{String, String}, Pair{String, String}, Pair{String, String}, Pair{String, Int64}, Pair{String, String}, Pair{String, String}, Pair{String, String}, Pair{String, Float64}, Pair{String, Int64}, Pair{String, Int64}, Pair{String, Float64}, Pair{String, Int64}, Pair{String, UInt64}, Pair{String, Base.Dict{String, Int64}}, Pair{String, Base.Dict{String, Float64}}}, Int64})
#=    5.3 ms =# precompile(Tuple{Base.var"##open#324", Base.Pairs{Symbol, Union{}, Nothing, NamedTuple{(), Tuple{}}}, typeof(Base.open), Main.var"#main##10#main##11"{Base.Dict{String, Any}}, String, Vararg{String}})
#=    1.8 ms =# precompile(Tuple{typeof(Base.open), String, String})
#=    2.5 ms =# precompile(Tuple{typeof(Base.TOML.Printer.printvalue), Function, Base.IOStream, String, Bool})
#=    3.8 ms =# precompile(Tuple{typeof(Base.TOML.Printer.printvalue), Function, Base.IOStream, UInt64, Bool})
#=    3.3 ms =# precompile(Tuple{typeof(Base.TOML.Printer.printvalue), Function, Base.IOStream, Int64, Bool})
#=   11.6 ms =# precompile(Tuple{typeof(Base.TOML.Printer.printvalue), Function, Base.IOStream, Float64, Bool})
#=    4.8 ms =# precompile(Tuple{typeof(Base.invokelatest_gr), GlobalRef, String})
#=    1.8 ms =# precompile(Tuple{typeof(Base.values), Base.Dict{String, Float64}})
#=    1.5 ms =# precompile(Tuple{typeof(Base.isempty), Base.Dict{String, Float64}})
#=    1.6 ms =# precompile(Tuple{Type{Base.Generator{I, F} where F where I}, Base.TOML.Printer.var"#5#6", Base.ValueIterator{Base.Dict{String, Float64}}})
#=   15.2 ms =# precompile(Tuple{typeof(Base.all), Base.Generator{Base.ValueIterator{Base.Dict{String, Float64}}, Base.TOML.Printer.var"#5#6"}})
#=    2.9 ms =# precompile(Tuple{typeof(Base.pairs), NamedTuple{(:indent, :first_block, :sorted, :by, :inline_tables), Tuple{Int64, Bool, Bool, typeof(Base.identity), Base.IdSet{Base.Dict{String, V} where V}}}})
#=   52.4 ms =# precompile(Tuple{typeof(Core.kwcall), NamedTuple{(:indent, :first_block, :sorted, :by, :inline_tables), Tuple{Int64, Bool, Bool, typeof(Base.identity), Base.IdSet{Base.Dict{String, V} where V}}}, typeof(Base.TOML.Printer.print_table), Function, Base.IOStream, Base.Dict{String, Float64}, Array{String, 1}})
#=    5.7 ms =# precompile(Tuple{typeof(Base.invokelatest_gr), GlobalRef, UInt64})
#=    2.2 ms =# precompile(Tuple{typeof(Base.values), Base.Dict{String, Int64}})
#=    1.6 ms =# precompile(Tuple{typeof(Base.isempty), Base.Dict{String, Int64}})
#=    1.7 ms =# precompile(Tuple{Type{Base.Generator{I, F} where F where I}, Base.TOML.Printer.var"#5#6", Base.ValueIterator{Base.Dict{String, Int64}}})
#=   14.7 ms =# precompile(Tuple{typeof(Base.all), Base.Generator{Base.ValueIterator{Base.Dict{String, Int64}}, Base.TOML.Printer.var"#5#6"}})
#=   45.5 ms =# precompile(Tuple{typeof(Core.kwcall), NamedTuple{(:indent, :first_block, :sorted, :by, :inline_tables), Tuple{Int64, Bool, Bool, typeof(Base.identity), Base.IdSet{Base.Dict{String, V} where V}}}, typeof(Base.TOML.Printer.print_table), Function, Base.IOStream, Base.Dict{String, Int64}, Array{String, 1}})
#=    3.6 ms =# precompile(Tuple{typeof(Base.invokelatest_gr), GlobalRef, Int64})
#=    3.6 ms =# precompile(Tuple{typeof(Base.invokelatest_gr), GlobalRef, Float64})
#=    5.3 ms =# precompile(Tuple{typeof(Base.AnnotatedDisplay.ansi_write), typeof(Base.write), Base.IOStream, Base.AnnotatedString{String}})
#=   72.0 ms =# precompile(Tuple{typeof(Core.kwcall), NamedTuple{(:bold,), Tuple{Bool}}, typeof(Base.print_within_stacktrace), Base.IOContext{Base.GenericIOBuffer{Memory{UInt8}}}, Type})
#=    3.9 ms =# precompile(Tuple{typeof(Base.show), Base.IOContext{Base.GenericIOBuffer{Memory{UInt8}}}, Bool})
#=    6.9 ms =# precompile(Tuple{typeof(Base.show_at_namedtuple), Base.IOContext{Base.GenericIOBuffer{Memory{UInt8}}}, Tuple{Symbol, Symbol}, typeof(DataType)})
#=    4.4 ms =# precompile(Tuple{typeof(Base.print), Base.IOStream, Int64})
#=    6.4 ms =# precompile(Tuple{typeof(Base.println), Base.Dict{String, Any}})
#=    7.8 ms =# precompile(Tuple{typeof(Base.print), Base.IOContext{Base.IOStream}, Base.Dict{String, Any}, String})
#=   47.2 ms =# precompile(Tuple{typeof(Base.show), Base.IOContext{Base.IOStream}, Base.Dict{String, Float64}})
#=    3.1 ms =# precompile(Tuple{typeof(Base.show), Base.IOContext{Base.IOStream}, UInt64})
#=   39.7 ms =# precompile(Tuple{typeof(Base.show), Base.IOContext{Base.IOStream}, Base.Dict{String, Int64}})
#=    2.7 ms =# precompile(Tuple{typeof(Base.show), Base.IOContext{Base.IOStream}, Int64})
#=    1.4 ms =# precompile(Tuple{typeof(Base.show), Base.IOContext{Base.IOStream}, Float64})
[33m#=    3.8 ms =# precompile(Tuple{typeof(Base.should_use_main_entrypoint)}) # recompile[0m
#=    1.9 ms =# precompile(Tuple{SparseArrays.LibSuiteSparse.var"#5#6"})
[ Info: Loaded problem: rows=43021 columns=47148 nnz=277210
[ Info: Starting presolve
[ Info: After presolve: rows=28453 columns=31615 nnz=211789
[ Info: iter=80 obj=-77795.8076828801 pinf=246.1482611475381 (370) dinf=0.0 (0) time=3.596793745s
[ Info: iter=160 obj=-12567.365623658372 pinf=125.28552036200347 (292) dinf=0.0 (0) time=3.917781058s
[ Info: iter=240 obj=-817.3518407489905 pinf=22.679308522596607 (156) dinf=0.0 (0) time=4.235540071s
[ Info: iter=257 obj=-7.509524188788394e6 pinf=383149.01107378054 (3089) dinf=36998.32632978309 (226) time=4.363973677s
[ Info: iter=337 obj=-7.808027941838834e6 pinf=109599.0643979763 (3016) dinf=0.0 (0) time=4.758317796s
[ Info: iter=417 obj=-2.2853844035067055e6 pinf=60074.314304500804 (2933) dinf=0.0 (0) time=5.119706414s
[ Info: iter=497 obj=-530621.0877673206 pinf=52483.09157571571 (2942) dinf=0.0 (0) time=5.506076933s
[ Info: iter=577 obj=164468.49993766547 pinf=151997.97631239655 (2954) dinf=0.0 (0) time=5.886149251s
[ Info: iter=657 obj=572589.3769480296 pinf=57238.92384973288 (3021) dinf=0.0 (0) time=6.26479217s
[ Info: iter=737 obj=1.0842600478897637e6 pinf=50976.41636561077 (3218) dinf=0.0 (0) time=6.752798993s
[ Info: iter=817 obj=2.2965681554261264e6 pinf=60907.48206217069 (3275) dinf=0.0 (0) time=7.233862817s
[ Info: iter=897 obj=3.058648589875774e6 pinf=240146.7944467208 (3318) dinf=0.0 (0) time=7.609669635s
[ Info: iter=977 obj=3.3187176178630576e6 pinf=9.384839283851564e6 (3377) dinf=0.0 (0) time=7.980995853s
[ Info: iter=1057 obj=4.168899847606366e6 pinf=1.5031547425337506e7 (3496) dinf=0.0 (0) time=8.399204573s
[ Info: iter=1137 obj=4.363801828634674e6 pinf=5.565076706487678e6 (3525) dinf=0.0 (0) time=9.497610527s
[ Info: iter=1217 obj=4.710756261016378e6 pinf=1.164876186965354e6 (3583) dinf=0.0 (0) time=9.874274145s
[ Info: iter=1297 obj=5.326874262480176e6 pinf=1.0499501719613492e6 (3611) dinf=0.0 (0) time=10.279392764s
[ Info: iter=1377 obj=5.5892322968613785e6 pinf=1.049056288735595e6 (3683) dinf=0.0 (0) time=10.722806886s
[ Info: iter=1457 obj=5.72910179447647e6 pinf=1.0521614497177482e6 (3747) dinf=0.0 (0) time=11.101754004s
[ Info: iter=1537 obj=6.062901985267193e6 pinf=2.388210620981863e6 (3786) dinf=0.0 (0) time=11.507961224s
[ Info: iter=1617 obj=6.148425621254354e6 pinf=1.084971495467183e6 (3794) dinf=0.0 (0) time=11.954077646s
[ Info: iter=1697 obj=6.159057546126314e6 pinf=1.2016173978137583e6 (3814) dinf=0.0 (0) time=12.305584265s
[ Info: iter=1777 obj=6.172640194708636e6 pinf=1.0726547601649861e6 (3847) dinf=0.0 (0) time=12.702720389s
[ Info: iter=1857 obj=6.553186522290303e6 pinf=1.1070551975518009e6 (3894) dinf=0.0 (0) time=13.107227714s
[ Info: iter=1937 obj=6.654771518787278e6 pinf=1.1004705844137007e6 (3905) dinf=0.0 (0) time=13.556588442s
[ Info: iter=2017 obj=6.708132297492314e6 pinf=1.1424087702440151e6 (3926) dinf=0.0 (0) time=13.974655168s
[ Info: iter=2097 obj=6.836041094841335e6 pinf=1.0449762159318994e6 (3956) dinf=0.0 (0) time=14.378902793s
[ Info: iter=2177 obj=6.871373475387485e6 pinf=1.0449188584117338e6 (3970) dinf=0.0 (0) time=14.82726032s
[ Info: iter=2257 obj=6.906584087213784e6 pinf=1.0388634572701713e6 (4002) dinf=0.0 (0) time=15.290386849s
[ Info: iter=2337 obj=6.918580020773119e6 pinf=1.0495394196524639e6 (4042) dinf=0.0 (0) time=15.815800781s
[ Info: iter=2417 obj=7.011581659015803e6 pinf=1.074023358451929e6 (4035) dinf=0.0 (0) time=16.228435507s
[ Info: iter=2497 obj=7.119070402502591e6 pinf=1.0703520406435733e6 (4049) dinf=0.0 (0) time=16.655831833s
[ Info: iter=2577 obj=7.515603269988371e6 pinf=1.2654712405634364e6 (4027) dinf=0.0 (0) time=17.90494351s
[ Info: iter=2657 obj=7.785974925109563e6 pinf=1.2556852757013023e6 (4061) dinf=0.0 (0) time=18.39442754s
[ Info: iter=2737 obj=7.798800535711624e6 pinf=1.3050150324407623e6 (4084) dinf=0.0 (0) time=18.971188476s
[ Info: iter=2817 obj=8.081275848511245e6 pinf=1.2942097611542619e6 (4114) dinf=0.0 (0) time=19.425272004s
[ Info: iter=2897 obj=8.527618348411245e6 pinf=1.7852914854974262e6 (4116) dinf=0.0 (0) time=19.911840434s
[ Info: iter=2977 obj=1.1996729282671373e7 pinf=636998.7693665422 (4153) dinf=0.0 (0) time=20.359046757s
[ Info: iter=3057 obj=1.247426275720298e7 pinf=631044.2520977646 (4175) dinf=0.0 (0) time=20.848694076s
[ Info: iter=3137 obj=1.4956757039972419e7 pinf=130839.36785733566 (4205) dinf=0.0 (0) time=21.304644593s
[ Info: iter=3217 obj=1.5054689588294925e7 pinf=127794.91992740562 (4239) dinf=0.0 (0) time=21.849585814s
[ Info: iter=3297 obj=1.5115891629084181e7 pinf=126714.617312347 (4264) dinf=0.0 (0) time=22.335329733s
[ Info: iter=3377 obj=1.512429784872481e7 pinf=179506.73191232522 (4241) dinf=0.0 (0) time=22.921911156s
[ Info: iter=3457 obj=1.5256973842764003e7 pinf=132555.4346897067 (4218) dinf=0.0 (0) time=23.400671674s
[ Info: iter=3537 obj=1.5272284439642087e7 pinf=139393.40288854387 (4229) dinf=0.0 (0) time=23.863652792s
[ Info: iter=3617 obj=1.5272284439642087e7 pinf=141241.85518765746 (4256) dinf=0.0 (0) time=24.32625961s
[ Info: iter=3697 obj=1.5296727842466736e7 pinf=136424.36208846688 (4291) dinf=0.0 (0) time=24.821850429s
[ Info: iter=3777 obj=1.543956233928353e7 pinf=138540.4372214317 (4292) dinf=0.0 (0) time=25.329408749s
[ Info: iter=3857 obj=1.5505660307433542e7 pinf=138793.47194489645 (4291) dinf=0.0 (0) time=25.834987068s
[ Info: iter=3937 obj=1.5926546661047675e7 pinf=218770.87942347856 (4347) dinf=0.0 (0) time=26.340609688s
[ Info: iter=4017 obj=1.6276338201995652e7 pinf=148878.36794805672 (4363) dinf=0.0 (0) time=26.824488407s
[ Info: iter=4097 obj=1.6467996920768367e7 pinf=199751.57087684996 (4405) dinf=0.0 (0) time=27.326723426s
[ Info: iter=4177 obj=1.6624817479431812e7 pinf=206701.25730105193 (4429) dinf=0.0 (0) time=27.859466647s
[ Info: iter=4257 obj=1.6643646762926139e7 pinf=218800.1782420327 (4466) dinf=0.0 (0) time=28.338414961s
[ Info: iter=4337 obj=1.6643646762926139e7 pinf=218247.23018532214 (4485) dinf=0.0 (0) time=28.840179566s
[ Info: iter=4417 obj=1.6658964279136874e7 pinf=290985.9792213159 (4514) dinf=0.0 (0) time=29.363242272s
[ Info: iter=4497 obj=1.9193591416064825e7 pinf=652117.6831266222 (4545) dinf=0.0 (0) time=29.890692677s
[ Info: iter=4577 obj=2.1003765379325606e7 pinf=660863.274201069 (4535) dinf=0.0 (0) time=30.417989583s
[ Info: iter=4657 obj=2.104579214604458e7 pinf=667508.5165811317 (4593) dinf=0.0 (0) time=31.010210489s
[ Info: iter=4737 obj=2.1096164084021475e7 pinf=699507.2221533336 (4621) dinf=0.0 (0) time=31.665552596s
[ Info: iter=4817 obj=2.1169956065702386e7 pinf=828739.2792797145 (4726) dinf=0.0 (0) time=32.289358203s
[ Info: iter=4897 obj=2.230965008943607e7 pinf=832769.4492147657 (4740) dinf=0.0 (0) time=32.837338308s
[ Info: iter=4977 obj=2.236543303961304e7 pinf=766099.7918537405 (4752) dinf=0.0 (0) time=33.407674714s
[ Info: iter=5057 obj=2.2442660857053675e7 pinf=783401.6581165778 (4786) dinf=0.0 (0) time=34.024049621s
[ Info: iter=5137 obj=2.2635255713830408e7 pinf=820798.942757224 (4806) dinf=0.0 (0) time=34.608860627s
[ Info: iter=5217 obj=2.3343119204568766e7 pinf=820145.0936058101 (4778) dinf=0.0 (0) time=35.255563334s
[ Info: iter=5297 obj=2.3532628921560206e7 pinf=908764.4867918218 (4813) dinf=0.0 (0) time=35.879251441s
[ Info: iter=5377 obj=2.3615978556921374e7 pinf=740514.6744138866 (4788) dinf=0.0 (0) time=36.480797751s
[ Info: iter=5457 obj=2.396724274141237e7 pinf=915794.4849347699 (4792) dinf=0.0 (0) time=37.107931265s
[ Info: iter=5537 obj=2.4165023532985233e7 pinf=1.173456207424691e6 (4802) dinf=0.0 (0) time=37.74751068s
[ Info: iter=5617 obj=2.4165023532985233e7 pinf=1.165756172580919e6 (4808) dinf=0.0 (0) time=38.356721995s
[ Info: iter=5697 obj=2.416624424429249e7 pinf=897099.6546868205 (4829) dinf=0.0 (0) time=38.937539808s
[ Info: iter=5777 obj=2.41664717131138e7 pinf=2.7286692044275724e6 (4845) dinf=0.0 (0) time=39.577713723s
[ Info: iter=5857 obj=2.41722823065741e7 pinf=976736.6711480289 (4875) dinf=0.0 (0) time=40.247871839s
[ Info: iter=5937 obj=2.4217725523264438e7 pinf=1.0379378396478774e6 (4926) dinf=0.0 (0) time=40.871232654s
[ Info: iter=6017 obj=2.4361124467401788e7 pinf=1.0024017727411645e6 (4871) dinf=0.0 (0) time=41.534503769s
[ Info: iter=6097 obj=2.4915499030444533e7 pinf=905019.49577432 (4878) dinf=0.0 (0) time=42.120395583s
[ Info: iter=6177 obj=2.5597934332983203e7 pinf=359271.31418241566 (4830) dinf=0.0 (0) time=42.807369399s
[ Info: iter=6257 obj=2.5880785876518324e7 pinf=89982.3228758875 (4758) dinf=0.0 (0) time=43.439819414s
[ Info: iter=6337 obj=2.5932838827086527e7 pinf=91136.08896823978 (4749) dinf=0.0 (0) time=43.995763227s
[ Info: iter=6417 obj=2.6105383535555154e7 pinf=525670.8509045448 (4833) dinf=0.0 (0) time=44.715742247s
[ Info: iter=6497 obj=2.639707738827304e7 pinf=50455.529409828036 (4727) dinf=0.0 (0) time=45.349388765s
[ Info: iter=6577 obj=2.6617627217324108e7 pinf=64327.76081565983 (4764) dinf=0.0 (0) time=46.055409085s
[ Info: iter=6657 obj=2.6940957282006714e7 pinf=71504.93613993777 (4736) dinf=0.0 (0) time=46.691572703s
[ Info: iter=6737 obj=2.707167295609886e7 pinf=44536.612761095734 (4712) dinf=0.0 (0) time=47.338874121s
[ Info: iter=6817 obj=2.7245747916017424e7 pinf=41118.6541709733 (4685) dinf=0.0 (0) time=47.939880938s
[ Info: iter=6897 obj=2.7590061564281322e7 pinf=40245.82813312607 (4687) dinf=0.0 (0) time=48.641921158s
[ Info: iter=6977 obj=2.77184523036264e7 pinf=47713.39031018015 (4731) dinf=0.0 (0) time=49.276467276s
[ Info: iter=7057 obj=2.8806250811799265e7 pinf=54836.636859651975 (4769) dinf=0.0 (0) time=50.116400499s
[ Info: iter=7137 obj=2.891896079190682e7 pinf=55593.25088855995 (4794) dinf=0.0 (0) time=50.774052918s
[ Info: iter=7217 obj=2.9008230950833756e7 pinf=135624.0643262588 (4936) dinf=0.0 (0) time=51.517213039s
[ Info: iter=7297 obj=2.9226394598985597e7 pinf=51052.208837251004 (4801) dinf=0.0 (0) time=52.501421663s
[ Info: iter=7377 obj=2.9258355459052928e7 pinf=229881.34828461986 (4918) dinf=0.0 (0) time=53.642266679s
[ Info: iter=7457 obj=2.9327667907333314e7 pinf=49367.8177800379 (4870) dinf=0.0 (0) time=54.35961129s
[ Info: iter=7537 obj=2.9366729386270992e7 pinf=514739.36318251933 (4887) dinf=0.0 (0) time=55.200662002s
[ Info: iter=7617 obj=2.9429254521893002e7 pinf=58492.27204873487 (4867) dinf=0.0 (0) time=56.043555314s
[ Info: iter=7697 obj=2.945184446488881e7 pinf=87568.64932510856 (4904) dinf=0.0 (0) time=56.802010924s
[ Info: iter=7777 obj=2.9463252508803476e7 pinf=115966.55514153778 (5009) dinf=0.0 (0) time=57.484837034s
[ Info: iter=7857 obj=2.949110435730761e7 pinf=56909.540542095994 (4979) dinf=0.0 (0) time=58.194405444s
[ Info: iter=7937 obj=2.951594117436178e7 pinf=163860.8290449423 (4977) dinf=0.0 (0) time=58.946644855s
[ Info: iter=8017 obj=2.95258725893979e7 pinf=40354.302456339974 (4882) dinf=0.0 (0) time=59.651998065s
[ Info: iter=8097 obj=2.953415472816767e7 pinf=233192.83770953133 (4926) dinf=0.0 (0) time=60.411908076s
[ Info: iter=8177 obj=2.9547939318357214e7 pinf=38343.65983678704 (4848) dinf=0.0 (0) time=61.280080585s
[ Info: iter=8257 obj=2.9568866732644748e7 pinf=45574.49648895764 (4928) dinf=0.0 (0) time=62.003796993s
[ Info: iter=8337 obj=2.965131489588441e7 pinf=73620.68034012096 (4996) dinf=0.0 (0) time=62.905347104s
[ Info: iter=8417 obj=2.9782451130952675e7 pinf=76235.57854594637 (4992) dinf=0.0 (0) time=63.666729612s
[ Info: iter=8497 obj=2.9805306475173965e7 pinf=64345.491731206545 (4986) dinf=0.0 (0) time=64.37129762s
[ Info: iter=8577 obj=2.9868644208114825e7 pinf=84988.18890817792 (5005) dinf=0.0 (0) time=65.141465629s
[ Info: iter=8657 obj=2.988285120449794e7 pinf=166751.67394865424 (5003) dinf=0.0 (0) time=66.455495443s
[ Info: iter=8737 obj=2.9948697851244353e7 pinf=93475.68768842284 (4982) dinf=0.0 (0) time=67.534324956s
[ Info: iter=8817 obj=3.0165721637803867e7 pinf=189735.28644573432 (5057) dinf=0.0 (0) time=68.484516365s
[ Info: iter=8897 obj=3.0365514973115444e7 pinf=66049.79561179593 (5023) dinf=0.0 (0) time=69.612821472s
[ Info: iter=8977 obj=3.039642871997746e7 pinf=206171.03254080162 (5017) dinf=0.0 (0) time=70.72477288s
[ Info: iter=9057 obj=3.052598789340075e7 pinf=33745.10525366323 (4950) dinf=0.0 (0) time=71.644273985s
[ Info: iter=9137 obj=3.05606514274519e7 pinf=47414.35241118367 (4950) dinf=0.0 (0) time=72.531544191s
[ Info: iter=9217 obj=3.061224674443031e7 pinf=125724.85045962888 (4962) dinf=0.0 (0) time=73.545854898s
[ Info: iter=9297 obj=3.065943714065223e7 pinf=53112.25259839263 (5007) dinf=0.0 (0) time=74.613351904s
[ Info: iter=9377 obj=3.071504563393933e7 pinf=3.2717696324819447e6 (5104) dinf=0.0 (0) time=75.54776791s
[ Info: iter=9457 obj=3.0919642652218446e7 pinf=111296.5933219503 (5095) dinf=0.0 (0) time=76.614116297s
[ Info: iter=9537 obj=3.1096361749706693e7 pinf=39669.379207306636 (5018) dinf=0.0 (0) time=77.597968045s
[ Info: iter=9617 obj=3.1245602660250604e7 pinf=135321.4269144363 (5131) dinf=0.0 (0) time=79.00972607s
[ Info: iter=9697 obj=3.1308153404280327e7 pinf=109187.16503774932 (5146) dinf=0.0 (0) time=80.473088193s
[ Info: iter=9777 obj=3.141810096328002e7 pinf=245669.6488988741 (5110) dinf=0.0 (0) time=81.799982223s
[ Info: iter=9857 obj=3.1682988384579152e7 pinf=84768.91773238935 (5096) dinf=0.0 (0) time=82.879279166s
[ Info: iter=9937 obj=3.174804022924323e7 pinf=81781.70926687033 (5073) dinf=0.0 (0) time=83.955466509s
[ Info: iter=10017 obj=3.2038549210264266e7 pinf=43337.70196708394 (5051) dinf=0.0 (0) time=84.837311484s
[ Info: iter=10097 obj=3.2441450700437307e7 pinf=78493.61760557434 (5147) dinf=0.0 (0) time=85.832486969s
[ Info: iter=10177 obj=3.253435696042496e7 pinf=134987.3611520321 (5161) dinf=0.0 (0) time=87.060509551s
[ Info: iter=10257 obj=3.2749268045239054e7 pinf=186456.77540316829 (5230) dinf=0.0 (0) time=88.424490931s
[ Info: iter=10337 obj=3.2847848540468164e7 pinf=286804.3169364643 (5293) dinf=0.0 (0) time=89.763367211s
[ Info: iter=10417 obj=3.29643980527009e7 pinf=246219.68150902164 (5234) dinf=0.0 (0) time=90.800106596s
[ Info: iter=10497 obj=3.301371125585007e7 pinf=116804.92830585319 (5175) dinf=0.0 (0) time=91.90369598s
[ Info: iter=10577 obj=3.305344690038977e7 pinf=173811.74624150826 (5228) dinf=0.0 (0) time=93.248880075s
[ Info: iter=10657 obj=3.3058338932310384e7 pinf=435834.66974188574 (5165) dinf=0.0 (0) time=94.200302375s
[ Info: iter=10737 obj=3.307269063264117e7 pinf=99226.07246652238 (5169) dinf=0.0 (0) time=95.230343376s
[ Info: iter=10817 obj=3.309064152381488e7 pinf=70384.64290311637 (5178) dinf=0.0 (0) time=96.461633877s
[ Info: iter=10897 obj=3.3155174393712237e7 pinf=475989.37293034536 (5325) dinf=0.0 (0) time=97.996144678s
[ Info: iter=10977 obj=3.3255167360687643e7 pinf=87836.81734938546 (5171) dinf=0.0 (0) time=99.271335879s
[ Info: iter=11057 obj=3.3349411589602713e7 pinf=29010.434885625564 (5114) dinf=0.0 (0) time=100.729985581s
[ Info: iter=11137 obj=3.353079823404625e7 pinf=27254.835645576768 (5093) dinf=0.0 (0) time=101.848903682s
[ Info: iter=11217 obj=3.3563930010716446e7 pinf=88950.83888123892 (5170) dinf=0.0 (0) time=103.309686885s
[ Info: iter=11297 obj=3.363894981206863e7 pinf=101778.93580072463 (5145) dinf=0.0 (0) time=104.896446087s
[ Info: iter=11377 obj=3.3665860485674076e7 pinf=47110.62339984495 (5160) dinf=0.0 (0) time=106.165220089s
[ Info: iter=11457 obj=3.3684823446177505e7 pinf=76727.08054604096 (5176) dinf=0.0 (0) time=107.35084749s
[ Info: iter=11537 obj=3.373620800496962e7 pinf=50650.70850484623 (5148) dinf=0.0 (0) time=108.782193592s
[ Info: iter=11617 obj=3.3796810604638085e7 pinf=3.409153396910519e7 (5131) dinf=0.0 (0) time=110.191188993s
[ Info: iter=11697 obj=3.3852116507831074e7 pinf=3.2155786639228803e6 (5151) dinf=0.0 (0) time=111.435497093s
[ Info: iter=11777 obj=3.3869700529953524e7 pinf=31386.986221337265 (5117) dinf=0.0 (0) time=112.674683594s
[ Info: iter=11857 obj=3.400583212379129e7 pinf=59467.93674313573 (5149) dinf=0.0 (0) time=113.789656894s
[ Info: iter=11937 obj=3.403529721886024e7 pinf=86461.51074665923 (5233) dinf=0.0 (0) time=115.394407995s
[ Info: iter=12017 obj=3.411084207141934e7 pinf=35962.79603992776 (5155) dinf=0.0 (0) time=116.652498198s
[ Info: iter=12097 obj=3.425042872929174e7 pinf=147094.45348383658 (5222) dinf=0.0 (0) time=118.110061108s
[ Info: iter=12177 obj=3.543468809767984e7 pinf=34360.47740943035 (5136) dinf=0.0 (0) time=119.329524116s
[ Info: iter=12257 obj=3.5785846937324926e7 pinf=81353.93209434452 (5112) dinf=0.0 (0) time=120.363095223s
[ Info: iter=12337 obj=3.6181002592912115e7 pinf=334400.476008451 (5285) dinf=0.0 (0) time=121.390277031s
[ Info: iter=12417 obj=3.6217376397270925e7 pinf=418737.4285616258 (5281) dinf=0.0 (0) time=122.861978041s
[ Info: iter=12497 obj=3.6243250340167776e7 pinf=62327.68322780706 (5146) dinf=0.0 (0) time=124.266834351s
[ Info: iter=12577 obj=3.625141847242226e7 pinf=134412.43728298257 (5193) dinf=0.0 (0) time=125.531490721s
[ Info: iter=12657 obj=3.627878272390318e7 pinf=75574.58760106524 (5214) dinf=0.0 (0) time=127.164167918s
[ Info: iter=12737 obj=3.630268724397609e7 pinf=65513.496260401254 (5229) dinf=0.0 (0) time=128.794590314s
[ Info: iter=12817 obj=3.6321603352152884e7 pinf=34651.18063713424 (5182) dinf=0.0 (0) time=129.900962179s
[ Info: iter=12897 obj=3.633798534617357e7 pinf=29303.23042751468 (5201) dinf=0.0 (0) time=131.337262464s
[ Info: iter=12977 obj=3.636245369107463e7 pinf=162338.81554860953 (5236) dinf=0.0 (0) time=132.569966236s
[ Info: iter=13057 obj=3.6389527266704395e7 pinf=68529.4611837995 (5273) dinf=0.0 (0) time=134.08436742s
[ Info: iter=13137 obj=3.639842298567769e7 pinf=52665.27715152306 (5133) dinf=0.0 (0) time=135.277911486s
[ Info: iter=13217 obj=3.641917159813915e7 pinf=378739.27489269286 (5335) dinf=0.0 (0) time=136.669846764s
[ Info: iter=13297 obj=3.6452252437826864e7 pinf=31688.38858584245 (5152) dinf=0.0 (0) time=138.273819653s
[ Info: iter=13377 obj=3.648011317787731e7 pinf=3.549309611637378e6 (5205) dinf=0.0 (0) time=139.442590718s
[ Info: iter=13457 obj=3.649481711681531e7 pinf=248473.05067826045 (5284) dinf=0.0 (0) time=140.977554777s
[ Info: iter=13537 obj=3.6589884074578255e7 pinf=2.421731028357277e6 (5388) dinf=0.0 (0) time=142.844264602s
[ Info: iter=13617 obj=3.673411440473035e7 pinf=804841.3363012259 (5279) dinf=0.0 (0) time=144.451272724s
[ Info: iter=13697 obj=3.675639968840134e7 pinf=54958.67855579112 (5187) dinf=0.0 (0) time=146.42976025s
[ Info: iter=13777 obj=3.679728407485779e7 pinf=155549.10040049156 (5485) dinf=0.0 (0) time=148.019102671s
[ Info: iter=13857 obj=3.684470733910671e7 pinf=739069.6791789829 (5655) dinf=0.0 (0) time=149.676053279s
[ Info: iter=13937 obj=3.690970285410637e7 pinf=4.553448545976648e6 (5663) dinf=0.0 (0) time=151.239301382s
[ Info: iter=14017 obj=3.712335990494999e7 pinf=117442.75800583223 (5457) dinf=0.0 (0) time=152.587464785s
[ Info: iter=14097 obj=3.723623238109313e7 pinf=487859.38315576914 (5546) dinf=0.0 (0) time=154.219493188s
[ Info: iter=14177 obj=3.741952314251322e7 pinf=67244.06100272697 (5319) dinf=0.0 (0) time=155.765395791s
[ Info: iter=14257 obj=3.74441184901782e7 pinf=49491.49761137452 (5371) dinf=0.0 (0) time=157.04006569s
[ Info: iter=14337 obj=3.770501966700532e7 pinf=87850.91455352012 (5364) dinf=0.0 (0) time=158.252314286s
[ Info: iter=14417 obj=3.771149904349089e7 pinf=29047.051195022552 (5288) dinf=0.0 (0) time=159.703766681s
[ Info: iter=14497 obj=3.7724635268455945e7 pinf=96532.13719322202 (5386) dinf=0.0 (0) time=161.212184476s
[ Info: iter=14577 obj=3.7740213026371345e7 pinf=244250.61573609826 (5377) dinf=0.0 (0) time=162.80545857s
[ Info: iter=14657 obj=3.782465801811323e7 pinf=35210.90182505205 (5359) dinf=0.0 (0) time=164.163174365s
[ Info: iter=14737 obj=3.796831114588713e7 pinf=438013.30386836303 (5497) dinf=0.0 (0) time=165.631481081s
[ Info: iter=14817 obj=3.806862728552173e7 pinf=439643.031317214 (5421) dinf=0.0 (0) time=167.515321806s
[ Info: iter=14897 obj=3.8111547954768255e7 pinf=20886.750845492137 (5307) dinf=0.0 (0) time=169.362856831s
[ Info: iter=14977 obj=3.81234132865981e7 pinf=52154.27170435657 (5270) dinf=0.0 (0) time=170.82684965s
[ Info: iter=15057 obj=3.814513819500737e7 pinf=226644.99237179075 (5465) dinf=0.0 (0) time=172.378563371s
[ Info: iter=15137 obj=3.8160914328085154e7 pinf=189455.824463849 (5440) dinf=0.0 (0) time=173.831313783s
[ Info: iter=15217 obj=3.818027932809247e7 pinf=63298.49886515719 (5477) dinf=0.0 (0) time=175.302071195s
[ Info: iter=15297 obj=3.8216382520357475e7 pinf=166956.87484976754 (5491) dinf=0.0 (0) time=177.299707912s
[ Info: iter=15377 obj=3.8217931457111195e7 pinf=19978.527144076314 (5335) dinf=0.0 (0) time=181.86850668s
[ Info: iter=15457 obj=3.8241596891563654e7 pinf=85115.37943787302 (5403) dinf=0.0 (0) time=183.678882508s
[ Info: iter=15537 obj=3.8250712028706245e7 pinf=1.8325096199934965e6 (5515) dinf=0.0 (0) time=185.594835632s
[ Info: iter=15617 obj=3.8263622972694814e7 pinf=64045.09949434983 (5402) dinf=0.0 (0) time=188.13920053s
[ Info: iter=15697 obj=3.830650205500596e7 pinf=25485.12428874713 (5334) dinf=0.0 (0) time=190.094672221s
[ Info: iter=15777 obj=3.8328107504248366e7 pinf=36988.45997989804 (5369) dinf=0.0 (0) time=191.735278223s
[ Info: iter=15857 obj=3.833794322612125e7 pinf=86080.32133312697 (5443) dinf=0.0 (0) time=193.432396525s
[ Info: iter=15937 obj=3.834865268187995e7 pinf=277249.4830542058 (5521) dinf=0.0 (0) time=195.651691228s
[ Info: iter=16017 obj=3.83761892508401e7 pinf=135162.64126228256 (5484) dinf=0.0 (0) time=197.743995261s
[ Info: iter=16097 obj=3.8405530674694076e7 pinf=242142.43990418452 (5569) dinf=0.0 (0) time=199.820432351s
[ Info: iter=16177 obj=3.841474868784599e7 pinf=2.2168880592104876e6 (5554) dinf=0.0 (0) time=202.945470485s
[ Info: iter=16257 obj=3.8449953864806384e7 pinf=130765.69815576075 (5572) dinf=0.0 (0) time=204.855768203s
[ Info: iter=16337 obj=3.845817365752487e7 pinf=216091.78776173596 (5653) dinf=0.0 (0) time=207.189878091s
[ Info: iter=16417 obj=3.84684387952217e7 pinf=184975.03532246378 (5485) dinf=0.0 (0) time=209.26792238s
[ Info: iter=16497 obj=3.848419899802872e7 pinf=107715.8477604829 (5555) dinf=0.0 (0) time=211.504095068s
[ Info: iter=16577 obj=3.8504587016060375e7 pinf=96591.02239752281 (5541) dinf=0.0 (0) time=213.620119869s
[ Info: iter=16657 obj=3.856740564145515e7 pinf=63794.82851731611 (5451) dinf=0.0 (0) time=216.031338581s
[ Info: iter=16737 obj=3.861058337496813e7 pinf=279901.3667931048 (5458) dinf=0.0 (0) time=218.224535692s
[ Info: iter=16817 obj=3.861648037131961e7 pinf=42480.769092637434 (5359) dinf=0.0 (0) time=220.446765403s
[ Info: iter=16897 obj=3.8731060288393855e7 pinf=605774.452788505 (5529) dinf=0.0 (0) time=222.290055518s
[ Info: iter=16977 obj=3.882808614792967e7 pinf=903205.9482338311 (5667) dinf=0.0 (0) time=224.472752037s
[ Info: iter=17057 obj=3.896524993310809e7 pinf=70495.41369149397 (5419) dinf=0.0 (0) time=226.379087453s
[ Info: iter=17137 obj=3.905186981062381e7 pinf=52031.58726340327 (5385) dinf=0.0 (0) time=228.601224475s
[ Info: iter=17217 obj=3.9089530616102174e7 pinf=268253.86549395754 (5471) dinf=0.0 (0) time=230.969495086s
[ Info: iter=17297 obj=3.911718685319523e7 pinf=49291.95883307428 (5348) dinf=0.0 (0) time=233.780226817s
[ Info: iter=17377 obj=3.928843237790785e7 pinf=383407.8715479067 (5522) dinf=0.0 (0) time=235.640940303s
[ Info: iter=17457 obj=3.9373473075617805e7 pinf=299419.9476970713 (5503) dinf=0.0 (0) time=237.86283634s
[ Info: iter=17537 obj=3.94045317128964e7 pinf=149820.30540329282 (5469) dinf=0.0 (0) time=240.301737913s
[ Info: iter=17617 obj=3.9447752233107105e7 pinf=95821.74003055922 (5346) dinf=0.0 (0) time=242.36468406s
[ Info: iter=17697 obj=3.94962051886905e7 pinf=205507.51781552957 (5490) dinf=0.0 (0) time=244.616925215s
[ Info: iter=17777 obj=3.95071035088074e7 pinf=28748.36051208455 (5229) dinf=0.0 (0) time=246.159889447s
[ Info: iter=17857 obj=3.951261134803392e7 pinf=85197.14602190744 (5377) dinf=0.0 (0) time=247.833584282s
[ Info: iter=17937 obj=3.972352250826432e7 pinf=188389.46631082895 (5510) dinf=0.0 (0) time=250.020615927s
[ Info: iter=18017 obj=4.0043485389442034e7 pinf=397780.75154370186 (5450) dinf=0.0 (0) time=252.023580368s
[ Info: iter=18097 obj=4.013407749058753e7 pinf=6.421391473965735e7 (5699) dinf=0.0 (0) time=254.42831101s
[ Info: iter=18177 obj=4.0357251346117154e7 pinf=141316.8070547672 (5302) dinf=0.0 (0) time=255.958640934s
[ Info: iter=18257 obj=4.037565851873839e7 pinf=2.529274984474058e6 (5765) dinf=0.0 (0) time=258.349400973s
[ Info: iter=18337 obj=4.038591948325507e7 pinf=2.8705269690302115e7 (5810) dinf=0.0 (0) time=260.578058609s
[ Info: iter=18417 obj=4.062300231399445e7 pinf=126874.52158405459 (5395) dinf=0.0 (0) time=262.678992112s
[ Info: iter=18497 obj=4.064721741616435e7 pinf=286563.8488408923 (5490) dinf=0.0 (0) time=265.026396615s
[ Info: iter=18577 obj=4.0664337156602055e7 pinf=607647.6314943298 (5379) dinf=0.0 (0) time=267.461712719s
[ Info: iter=18657 obj=4.06783745405386e7 pinf=278877.97954291914 (5497) dinf=0.0 (0) time=270.11514346s
[ Info: iter=18737 obj=4.070478953753169e7 pinf=1.7155289124799457e6 (5684) dinf=0.0 (0) time=272.362995674s
[ Info: iter=18817 obj=4.071828898844331e7 pinf=97970.60852809182 (5392) dinf=0.0 (0) time=274.494906791s
[ Info: iter=18897 obj=4.0726364730326526e7 pinf=302791.4981160775 (5489) dinf=0.0 (0) time=276.702687812s
[ Info: iter=18977 obj=4.073454219245677e7 pinf=179669.21151365282 (5404) dinf=0.0 (0) time=278.741194521s
[ Info: iter=19057 obj=4.074798917199038e7 pinf=2.744706668710901e6 (5715) dinf=0.0 (0) time=281.099017432s
[ Info: iter=19137 obj=4.075719599661167e7 pinf=114653.5352730164 (5293) dinf=0.0 (0) time=283.564884743s
[ Info: iter=19217 obj=4.07911322811252e7 pinf=661432.8029837064 (5542) dinf=0.0 (0) time=285.804430552s
[ Info: iter=19297 obj=4.0828382377788275e7 pinf=51046.952854361494 (5251) dinf=0.0 (0) time=287.886483659s
[ Info: iter=19377 obj=4.084025150833085e7 pinf=174317.87565811674 (5459) dinf=0.0 (0) time=290.120119967s
[ Info: iter=19457 obj=4.098001741889418e7 pinf=110376.57628087384 (5281) dinf=0.0 (0) time=292.462697575s
[ Info: iter=19537 obj=4.099733373268904e7 pinf=262854.279895106 (5382) dinf=0.0 (0) time=294.835964181s
[ Info: iter=19617 obj=4.100230193020864e7 pinf=84299.48887182842 (5389) dinf=0.0 (0) time=297.486952389s
[ Info: iter=19697 obj=4.108602624378042e7 pinf=1.261874677192992e6 (5466) dinf=0.0 (0) time=299.953259395s
[ Info: iter=19777 obj=4.1182467117553376e7 pinf=401953.00113347603 (5394) dinf=0.0 (0) time=302.517411903s
[ Info: iter=19857 obj=4.120564208246137e7 pinf=298501.2712690505 (5359) dinf=0.0 (0) time=305.062366212s
[ Info: iter=19937 obj=4.121453411669522e7 pinf=212024.6320149817 (5372) dinf=0.0 (0) time=307.68038642s
[ Info: iter=20017 obj=4.1229706000133425e7 pinf=752105.7631473178 (5592) dinf=0.0 (0) time=310.448924333s
[ Info: iter=20097 obj=4.123953278969213e7 pinf=437657.12039021327 (5543) dinf=0.0 (0) time=313.005439548s
[ Info: iter=20177 obj=4.1254443271954335e7 pinf=3.569062423414373e6 (5665) dinf=0.0 (0) time=315.523070362s
[ Info: iter=20257 obj=4.1347286357820794e7 pinf=146407.17397459384 (5395) dinf=0.0 (0) time=317.386224372s
[ Info: iter=20337 obj=4.136646184461288e7 pinf=207778.44361231552 (5448) dinf=0.0 (0) time=319.897913487s
[ Info: iter=20417 obj=4.13731476815805e7 pinf=61596.26124867797 (5259) dinf=0.0 (0) time=321.871021998s
[ Info: iter=20497 obj=4.138468755407271e7 pinf=491893.5558579714 (5618) dinf=0.0 (0) time=324.431563913s
[ Info: iter=20577 obj=4.1390683551315665e7 pinf=428753.36915588484 (5392) dinf=0.0 (0) time=327.044429127s
[ Info: iter=20657 obj=4.139743643822158e7 pinf=61980.73580809045 (5223) dinf=0.0 (0) time=329.35567394s
[ Info: iter=20737 obj=4.145976507627194e7 pinf=258362.09198860914 (5349) dinf=0.0 (0) time=331.846005454s
[ Info: iter=20817 obj=4.146350827436432e7 pinf=100622.59424677267 (5329) dinf=0.0 (0) time=334.470357459s
[ Info: iter=20897 obj=4.147247173847761e7 pinf=1.4778342216771315e6 (5481) dinf=0.0 (0) time=336.922720261s
[ Info: iter=20977 obj=4.1517684107183635e7 pinf=203545.1454554127 (5402) dinf=0.0 (0) time=339.307489463s
[ Info: iter=21057 obj=4.1534828426618375e7 pinf=230526.24322761 (5511) dinf=0.0 (0) time=341.219459467s
[ Info: iter=21137 obj=4.15464211912145e7 pinf=696860.7623681945 (5431) dinf=0.0 (0) time=343.626307881s
[ Info: iter=21217 obj=4.1592405054022856e7 pinf=122786.23459487085 (5468) dinf=0.0 (0) time=346.256968396s
[ Info: iter=21297 obj=4.1602153874943614e7 pinf=280078.870794552 (5572) dinf=0.0 (0) time=348.951377011s
[ Info: iter=21377 obj=4.174489587097357e7 pinf=163305.7303927899 (5438) dinf=0.0 (0) time=351.204824716s
[ Info: iter=21457 obj=4.1754467467176124e7 pinf=217244.10966853274 (5470) dinf=0.0 (0) time=353.888892622s
[ Info: iter=21537 obj=4.1761290550567746e7 pinf=841409.2155591068 (5638) dinf=0.0 (0) time=356.941054128s
[ Info: iter=21617 obj=4.1778017313587174e7 pinf=566657.4563221872 (5331) dinf=0.0 (0) time=359.968320828s
[ Info: Solve finished: status=TIME_LIMIT reason=time limit reached iterations=21619 time=360.002375928s
Dict{String, Any}("source" => "/home/jspitz/JSimplex.jl/.worktrees/simplex-legacy-stability/src/JSimplex.jl", "kernel_seconds" => Dict("pricing" => 7.786777392, "refactorization" => 6.598626305, "ftran" => 30.436076093, "btran" => 33.412253256), "peak_rss" => 0x0000000087ee5000, "counts" => Dict("phase_dual" => 1, "correction_attempt" => 277, "checkpoint" => 1, "correction" => 275, "phase_auxiliary" => 1, "pricing_scanned_entries" => 615153860, "bound_flipped" => 8985, "refactor_other" => 1, "pivot_completed" => 21619, "pricing_full_scan" => 21620, "pricing" => 21620, "refactor_initial" => 1, "pricing_scored_entries" => 105356393, "refactor_limit" => 270, "pivot_proposed" => 21620), "input" => "/home/jspitz/mps/runtime.mps", "interval" => 80, "outer_seconds" => 413.023826027, "input_sha256" => "d0ac16e1a52a7d3411cbac28616bba9d3beb0c0edbdb2d72ab0477ce075f6c68", "refactorizations" => 271, "seconds" => 360.002375928, "allocated_bytes" => 14244206032, "julia" => "1.13.0", "algorithm" => "dual", "iterations" => 21619, "status" => "TIME_LIMIT", "message" => "time limit reached")
