EVENT phase_one count=1 iter=0 row=0 entering=0 pinf=0.0 dinf=12288.550456887204
EVENT correction_attempt count=1 iter=125 row=3833 entering=23674 pinf=0.0 dinf=562621.0254980393
EVENT correction_attempt count=2 iter=126 row=4727 entering=23074 pinf=0.0 dinf=12801.768029488665
EVENT correction_attempt count=3 iter=133 row=3811 entering=22810 pinf=0.0 dinf=77793.15755406715
EVENT correction_attempt count=4 iter=371 row=19915 entering=22091 pinf=0.0 dinf=22229.74200133711
EVENT correction_attempt count=5 iter=378 row=12721 entering=49561 pinf=0.0 dinf=12492.86434283157
EVENT correction_attempt count=6 iter=388 row=2792 entering=49564 pinf=0.0 dinf=12800.903050513509
EVENT correction_attempt count=7 iter=390 row=17636 entering=49884 pinf=0.0 dinf=29058.534736793616
EVENT correction_attempt count=8 iter=399 row=9706 entering=13730 pinf=0.0 dinf=30364.61518346922
EVENT correction_attempt count=9 iter=591 row=14706 entering=24405 pinf=0.0 dinf=4.43348611580669e6
EVENT correction_attempt count=10 iter=595 row=11696 entering=24394 pinf=0.0 dinf=4.626575930402368e6
SMALL_ACCEPTED_PIVOT iter=1076 pivot=0.23041538141562845 direction_norm=5.2797841900247924e7 relative_pivot=4.3641060528753635e-9 snapshot=.superpowers/performance/runtime-primal-weight-prefix.toml.accepted_pivot.1076.bin
SMALL_ACCEPTED_PIVOT iter=1077 pivot=0.5713265090860381 direction_norm=2.2914200248207384e8 relative_pivot=2.4933294764705302e-9 snapshot=.superpowers/performance/runtime-primal-weight-prefix.toml.accepted_pivot.1077.bin
SMALL_ACCEPTED_PIVOT iter=1078 pivot=-0.2847731751907288 direction_norm=4.01070139119987e8 relative_pivot=7.100333518111505e-10 snapshot=.superpowers/performance/runtime-primal-weight-prefix.toml.accepted_pivot.1078.bin
SMALL_ACCEPTED_PIVOT iter=1079 pivot=1.3094194934412797e-12 direction_norm=1.4083845462318141e9 relative_pivot=9.297315118549694e-22 snapshot=.superpowers/performance/runtime-primal-weight-prefix.toml.accepted_pivot.1079.bin
EVENT refactor_residual count=1 iter=1079 row=19719 entering=23374 pinf=0.0 dinf=4.411507178073935e21
PIVOT stored_forward=1.0 stored_tableau=-1.2874316997095579e-16 direction_norm=1.8250000000013666 row_residual_ratio=1.1699162405200438e11
SNAPSHOT .superpowers/performance/runtime-primal-weight-prefix.toml.refactor_residual.1079.bin
SMALL_ACCEPTED_PIVOT iter=1080 pivot=-1.0 direction_norm=2.9993647413735656e21 relative_pivot=3.3340393257475175e-22 snapshot=.superpowers/performance/runtime-primal-weight-prefix.toml.accepted_pivot.1080.bin
SMALL_ACCEPTED_PIVOT iter=1081 pivot=-1.0 direction_norm=2.9993647413735656e21 relative_pivot=3.3340393257475175e-22 snapshot=.superpowers/performance/runtime-primal-weight-prefix.toml.accepted_pivot.1081.bin
SMALL_ACCEPTED_PIVOT iter=1082 pivot=1.095 direction_norm=2.9993647413735656e21 relative_pivot=3.650773061693532e-22 snapshot=.superpowers/performance/runtime-primal-weight-prefix.toml.accepted_pivot.1082.bin
SMALL_ACCEPTED_PIVOT iter=1083 pivot=0.2276867030821918 direction_norm=2.3164492720692475e21 relative_pivot=9.829125369915953e-23 snapshot=.superpowers/performance/runtime-primal-weight-prefix.toml.accepted_pivot.1083.bin
SMALL_ACCEPTED_PIVOT iter=1084 pivot=1.825 direction_norm=2.9993647413735656e21 relative_pivot=6.08462176948922e-22 snapshot=.superpowers/performance/runtime-primal-weight-prefix.toml.accepted_pivot.1084.bin
SMALL_ACCEPTED_PIVOT iter=1085 pivot=0.27472527465753427 direction_norm=2.1753634390015885e21 relative_pivot=1.2628936835659197e-22 snapshot=.superpowers/performance/runtime-primal-weight-prefix.toml.accepted_pivot.1085.bin
EVENT refactor_residual count=2 iter=1099 row=15434 entering=16749 pinf=0.0 dinf=3.4028766675050108e22
PIVOT stored_forward=38809.34621946492 stored_tableau=-1.3236263737499998 direction_norm=38809.34621946492 row_residual_ratio=1.7592152490048e13
EVENT refactor_residual count=3 iter=1104 row=5429 entering=11538 pinf=0.0 dinf=6.07662508967206e23
PIVOT stored_forward=25206.61204366185 stored_tableau=0.0 direction_norm=165799.92094335193 row_residual_ratio=1.322279319329046e13
EVENT refactor_residual count=4 iter=1105 row=1722 entering=11586 pinf=0.0 dinf=6.07662508967206e23
PIVOT stored_forward=0.9742199877447586 stored_tableau=0.0 direction_norm=726163.4172389733 row_residual_ratio=2.987675616992962e10
EVENT refactor_residual count=5 iter=1187 row=19841 entering=11682 pinf=0.0 dinf=6.07662508967206e23
PIVOT stored_forward=0.9994843997548951 stored_tableau=0.0 direction_norm=726163.4172389733 row_residual_ratio=8.159116201936597e7
EVENT refactor_residual count=6 iter=1188 row=15434 entering=16749 pinf=0.0 dinf=2.771518490615558e22
PIVOT stored_forward=38809.34621946493 stored_tableau=0.0 direction_norm=38809.34621946493 row_residual_ratio=1.1083579347925664e13
EVENT refactor_residual count=7 iter=1189 row=15434 entering=16749 pinf=0.0 dinf=2.771518490615558e22
PIVOT stored_forward=38809.34621946493 stored_tableau=0.0 direction_norm=38809.34621946493 row_residual_ratio=1.1083579347925664e13
EVENT refactor_residual count=8 iter=1190 row=5429 entering=11682 pinf=0.0 dinf=2.771518490615563e22
PIVOT stored_forward=1149.6610426652448 stored_tableau=0.0 direction_norm=7562.051959040582 row_residual_ratio=9.610809310469541e12
EVENT refactor_residual count=9 iter=1191 row=5429 entering=11682 pinf=0.0 dinf=2.771518490615563e22
PIVOT stored_forward=1149.6610426652448 stored_tableau=0.0 direction_norm=7562.051959040582 row_residual_ratio=9.610809310469541e12
EVENT refactor_residual count=10 iter=1192 row=5429 entering=11682 pinf=0.0 dinf=2.771518490615563e22
PIVOT stored_forward=1149.6610426652448 stored_tableau=0.0 direction_norm=7562.051959040582 row_residual_ratio=9.610809310469541e12
SNAPSHOT .superpowers/performance/runtime-primal-weight-prefix.toml.refactor_residual.1192.bin
EVENT correction_attempt count=100 iter=1195 row=5429 entering=11682 pinf=0.0 dinf=2.771518490615563e22
[ Info: Loaded problem: rows=43021 columns=47148 nnz=277210
[ Info: Starting presolve
[ Info: After presolve: rows=28453 columns=31615 nnz=211789
[ Info: iter=0 obj=1.2522206406563444e6 pinf=0.0 (0) dinf=12288.550456887204 (11330) time=2.078131269s
[ Info: iter=80 obj=1.2522206406563444e6 pinf=0.0 (0) dinf=36314.16836263747 (11279) time=2.38848098s
[ Info: iter=160 obj=1.2631118905179026e6 pinf=0.0 (0) dinf=20318.10622356058 (11212) time=2.647572788s
[ Info: iter=240 obj=1.3081914597255755e6 pinf=0.0 (0) dinf=12933.727267866876 (11235) time=2.954763598s
[ Info: iter=320 obj=1.3457333563381066e6 pinf=0.0 (0) dinf=13377.506131293816 (11160) time=3.189563406s
[ Info: iter=400 obj=1.365372047972791e6 pinf=0.0 (0) dinf=14946.893727017134 (11094) time=3.525423717s
[ Info: iter=480 obj=1.3679359060446834e6 pinf=0.0 (0) dinf=28616.505259710084 (11099) time=3.778783726s
[ Info: iter=560 obj=1.367935906044684e6 pinf=0.0 (0) dinf=138541.4328187033 (11009) time=4.037552428s
[ Info: iter=640 obj=1.367984980364754e6 pinf=0.0 (0) dinf=22377.908779322108 (11093) time=4.28463173s
[ Info: iter=720 obj=1.367984980364754e6 pinf=0.0 (0) dinf=23874.21152664453 (11096) time=4.540223632s
[ Info: iter=800 obj=1.380798629860655e6 pinf=0.0 (0) dinf=109464.19870492947 (11029) time=4.799715033s
[ Info: iter=880 obj=1.380798629860655e6 pinf=0.0 (0) dinf=3.931233811007373e7 (11026) time=5.061642135s
[ Info: iter=960 obj=1.380798629860655e6 pinf=0.0 (0) dinf=6.934687582960077e7 (11012) time=5.322418037s
[ Info: iter=1040 obj=1.3807986298636138e6 pinf=0.0 (0) dinf=4.2076028911693625e7 (10975) time=5.596843039s
[ Info: iter=1079 obj=1.3790946121396092e6 pinf=1.9835540204002857 (233) dinf=3.6905838571446136e22 (10917) time=5.870033341s
[ Info: iter=1099 obj=1.3507210208720756e6 pinf=166.8015912505608 (482) dinf=6.07662508967206e23 (10906) time=6.066736542s
[ Info: iter=1104 obj=1.3507182160782309e6 pinf=166.82453836882914 (482) dinf=6.07662508967206e23 (10896) time=6.118173442s
[ Info: iter=1105 obj=1.3507185900507434e6 pinf=166.82147875306006 (482) dinf=6.07662508967206e23 (10896) time=6.141867442s
[ Info: iter=1185 obj=1.3507185900507434e6 pinf=166.82147875306006 (482) dinf=6.07662508967206e23 (10888) time=6.609297746s
[ Info: iter=1187 obj=1.3794069153861874e6 pinf=1.4701834051258804 (229) dinf=2.771518490615558e22 (10898) time=6.639365646s
[ Info: iter=1188 obj=1.3794069153861874e6 pinf=1.4701834051258804 (229) dinf=2.771518490615558e22 (10899) time=6.661793946s
[ Info: iter=1189 obj=1.3794069153861874e6 pinf=1.4701834051258775 (229) dinf=2.771518490615563e22 (10900) time=6.686615746s
[ Info: iter=1190 obj=1.3794069153861874e6 pinf=1.4701834051258775 (229) dinf=2.771518490615563e22 (10899) time=6.704449346s
[ Info: iter=1191 obj=1.3794069153861874e6 pinf=1.4701834051258775 (229) dinf=2.771518490615563e22 (10900) time=6.721078046s
[ Info: iter=1192 obj=1.3794069153861874e6 pinf=1.4701834051258775 (229) dinf=2.771518490615563e22 (10897) time=6.745996447s
[ Info: iter=1193 obj=1.3794069153861874e6 pinf=1.4701834051258775 (229) dinf=2.771518490615563e22 (10897) time=6.763231247s
[ Info: iter=1194 obj=1.3794069153861874e6 pinf=1.4701834051258775 (229) dinf=2.771518490615563e22 (10896) time=6.782649747s
[ Info: iter=1195 obj=1.3794069153861874e6 pinf=1.4701834051258775 (229) dinf=2.7715184906155634e22 (10895) time=6.799416547s
[ Info: iter=1196 obj=1.3794069153861874e6 pinf=1.4701834051258775 (229) dinf=2.771518490615563e22 (10896) time=6.815840447s
[ Info: iter=1197 obj=1.3794069153861874e6 pinf=1.4701834051258775 (229) dinf=2.7715184906155634e22 (10897) time=6.835139547s
[ Info: iter=1198 obj=1.3794069153861874e6 pinf=1.4701834051258775 (229) dinf=2.7715184906155634e22 (10898) time=6.851374647s
[ Info: iter=1199 obj=1.3794069153861874e6 pinf=1.4701834051258775 (229) dinf=2.771518490615563e22 (10895) time=6.868252247s
[ Info: Solve finished: status=ITERATION_LIMIT reason=iteration limit reached iterations=1200 time=6.883084347s
Dict{String, Any}("kernel_seconds" => Dict("pricing" => 0.208116206, "refactorization" => 0.132247302, "ftran" => 0.495823304, "btran" => 0.621106905), "basis_update" => "bartels_golub", "peak_rss" => 0x00000000798b1000, "counts" => Dict("refactor_residual" => 17, "primal_point_preserved" => 138, "correction_attempt" => 131, "checkpoint" => 1, "correction" => 14, "pricing_scanned_entries" => 85063762, "refactor_other" => 1, "pivot_completed" => 1200, "pivot_rejected" => 140, "pricing_full_scan" => 1358, "pricing" => 1358, "refactor_initial" => 2, "pricing_scored_entries" => 15110927, "refactor_limit" => 14, "pivot_proposed" => 1357, "phase_one" => 1), "input" => "/home/jspitz/mps/runtime.mps", "interval" => 80, "outer_seconds" => 6.897157747, "input_sha256" => "d0ac16e1a52a7d3411cbac28616bba9d3beb0c0edbdb2d72ab0477ce075f6c68", "refactorizations" => 32, "seconds" => 6.883084347, "allocated_bytes" => 3025405840, "julia" => "1.13.0", "algorithm" => "primal", "iterations" => 1200, "status" => "ITERATION_LIMIT", "message" => "iteration limit reached")
