EVENT phase_one count=1 iter=0 row=0 entering=0 pinf=0.0 dinf=12288.550456887204
EVENT correction_attempt count=1 iter=125 row=3833 entering=23674 pinf=0.0 dinf=562621.0254980393
EVENT correction_attempt count=2 iter=126 row=4727 entering=23074 pinf=0.0 dinf=12801.768029488665
EVENT correction_attempt count=3 iter=133 row=3811 entering=22810 pinf=0.0 dinf=77793.15755406715
EVENT correction_attempt count=4 iter=371 row=19915 entering=22091 pinf=0.0 dinf=22229.74200133711
EVENT correction_attempt count=5 iter=378 row=12721 entering=49561 pinf=0.0 dinf=12492.86434283157
EVENT correction_attempt count=6 iter=388 row=2792 entering=49564 pinf=0.0 dinf=12800.903050513509
EVENT correction_attempt count=7 iter=390 row=17636 entering=49884 pinf=0.0 dinf=29058.534736793616
EVENT correction_attempt count=8 iter=399 row=9706 entering=13730 pinf=0.0 dinf=30364.61518346922
EVENT correction_attempt count=9 iter=591 row=14706 entering=24405 pinf=0.0 dinf=4.43348611580669e6
EVENT correction_attempt count=10 iter=595 row=11696 entering=24394 pinf=0.0 dinf=4.626575930402368e6
EVENT refactor_residual count=1 iter=1079 row=19719 entering=23374 pinf=0.0 dinf=4.411507178073935e21
PIVOT stored_forward=1.0 stored_tableau=-1.2874316997095579e-16 direction_norm=1.8250000000013666 row_residual_ratio=1.1699162405200438e11
SNAPSHOT .superpowers/performance/runtime-primal-before.toml.refactor_residual.1079.bin
EVENT refactor_residual count=2 iter=1082 row=1722 entering=11585 pinf=0.0 dinf=3.6905838571446136e22
PIVOT stored_forward=1.0 stored_tableau=1.0 direction_norm=1.0 row_residual_ratio=3.106361187304277e9
EVENT refactor_residual count=3 iter=1083 row=2334 entering=22113 pinf=0.0 dinf=3.6905838571446136e22
PIVOT stored_forward=0.049126284409374145 stored_tableau=0.0 direction_norm=74283.80581786616 row_residual_ratio=3.289878389020151e10
EVENT refactor_residual count=4 iter=1084 row=15434 entering=22113 pinf=0.0 dinf=8.389453356957537e22
PIVOT stored_forward=292597.63283518574 stored_tableau=0.0 direction_norm=292597.63283518574 row_residual_ratio=1.4154380182874133e12
EVENT refactor_residual count=5 iter=1088 row=1722 entering=11586 pinf=0.0 dinf=1.3798106027171862e23
PIVOT stored_forward=1.0 stored_tableau=1.0 direction_norm=1.0 row_residual_ratio=2.7719539420094347e9
EVENT refactor_residual count=6 iter=1091 row=5429 entering=12517 pinf=0.0 dinf=1.3798106027171862e23
PIVOT stored_forward=74.13770555305432 stored_tableau=0.0 direction_norm=487.6508472588927 row_residual_ratio=1.5605635363575354e13
EVENT refactor_residual count=7 iter=1095 row=5429 entering=12517 pinf=0.0 dinf=1.3798106027171862e23
PIVOT stored_forward=74.13770555305432 stored_tableau=0.0 direction_norm=487.6508472588927 row_residual_ratio=1.7585633726617387e13
EVENT refactor_residual count=8 iter=1096 row=5429 entering=12517 pinf=0.0 dinf=1.3798106027171862e23
PIVOT stored_forward=74.13770555305432 stored_tableau=0.0 direction_norm=487.6508472588927 row_residual_ratio=1.5028925945769412e13
EVENT refactor_residual count=9 iter=1103 row=1722 entering=11584 pinf=0.0 dinf=1.3798106027171862e23
PIVOT stored_forward=1.0 stored_tableau=1.0 direction_norm=1.0 row_residual_ratio=2.7719539420094347e9
EVENT refactor_pivot count=1 iter=1129 row=25205 entering=2949 pinf=0.0 dinf=7.891268255644322e22
PIVOT stored_forward=8.111505116082066e-17 stored_tableau=-0.8422561122915085 direction_norm=3.099700867022522e21 row_residual_ratio=1.7592177655812e13
EVENT certification_failed count=1 iter=1129 row=25205 entering=2949 pinf=166.82147875306006 dinf=7.538217016358209e23
EVENT phase_one count=2 iter=0 row=0 entering=0 pinf=0.0 dinf=12380.398223383017
EVENT refactor_pivot count=2 iter=308 row=1351 entering=38375 pinf=0.0 dinf=77891.85988055484
PIVOT stored_forward=7.632783294297951e-17 stored_tableau=-1.0 direction_norm=637.9322485021676 row_residual_ratio=1.0e12
EVENT refactor_pivot count=3 iter=3590 row=25258 entering=37540 pinf=0.0 dinf=4.0062012287565255e8
PIVOT stored_forward=3.0248565309915795e-15 stored_tableau=0.0 direction_norm=208872.3945746476 row_residual_ratio=1.0e12
EVENT refactor_residual count=10 iter=5113 row=29530 entering=32434 pinf=0.0 dinf=8.533176886593063e10
PIVOT stored_forward=3.1521207838422903e-10 stored_tableau=-2.0679515313825692e-25 direction_norm=1.27208736603092e10 row_residual_ratio=1.3877787807814457e-5
SNAPSHOT .superpowers/performance/runtime-primal-before.toml.refactor_residual.5113.bin
EVENT correction_attempt count=100 iter=5159 row=29530 entering=40694 pinf=0.0 dinf=4.196985719403984e12
[ Info: Loaded problem: rows=43021 columns=47148 nnz=277210
[ Info: Starting presolve
[ Info: After presolve: rows=28453 columns=31615 nnz=211789
[ Info: iter=0 obj=1.2522206406563444e6 pinf=0.0 (0) dinf=12288.550456887204 (11330) time=2.342781319s
[ Info: iter=80 obj=1.2522206406563444e6 pinf=0.0 (0) dinf=36314.16836263747 (11279) time=2.603294921s
[ Info: iter=160 obj=1.2631118905179026e6 pinf=0.0 (0) dinf=20318.10622356058 (11212) time=2.860064523s
[ Info: iter=240 obj=1.3081914597255755e6 pinf=0.0 (0) dinf=12933.727267866876 (11235) time=3.116499425s
[ Info: iter=320 obj=1.3457333563381066e6 pinf=0.0 (0) dinf=13377.506131293816 (11160) time=3.380416227s
[ Info: iter=400 obj=1.365372047972791e6 pinf=0.0 (0) dinf=14946.893727017134 (11094) time=3.625539029s
[ Info: iter=480 obj=1.3679359060446834e6 pinf=0.0 (0) dinf=28616.505259710084 (11099) time=3.879241031s
[ Info: iter=560 obj=1.367935906044684e6 pinf=0.0 (0) dinf=138541.4328187033 (11009) time=4.134519133s
[ Info: iter=640 obj=1.367984980364754e6 pinf=0.0 (0) dinf=22377.908779322108 (11093) time=4.498926436s
[ Info: iter=720 obj=1.367984980364754e6 pinf=0.0 (0) dinf=23874.21152664453 (11096) time=4.745842338s
[ Info: iter=800 obj=1.380798629860655e6 pinf=0.0 (0) dinf=109464.19870492947 (11029) time=5.004355941s
[ Info: iter=880 obj=1.380798629860655e6 pinf=0.0 (0) dinf=3.931233811007373e7 (11026) time=5.258997644s
[ Info: iter=960 obj=1.380798629860655e6 pinf=0.0 (0) dinf=6.934687582960077e7 (11012) time=5.520072246s
[ Info: iter=1040 obj=1.3807986298636138e6 pinf=0.0 (0) dinf=4.2076028911693625e7 (10975) time=5.781343149s
[ Info: iter=1079 obj=1.3790946121396092e6 pinf=1.9835540204002857 (233) dinf=3.6905838571446136e22 (10917) time=6.055676452s
[ Info: iter=1082 obj=1.3790946121396092e6 pinf=1.9835540204002857 (233) dinf=3.6905838571446136e22 (10909) time=7.798820769s
[ Info: iter=1083 obj=1.378864710672949e6 pinf=2.361470600365473 (233) dinf=4.194726678478769e22 (10910) time=9.525825287s
[ Info: iter=1084 obj=1.377631104258666e6 pinf=4.389297805874459 (238) dinf=1.3798106027171862e23 (10909) time=11.245438805s
[ Info: iter=1088 obj=1.377631104258666e6 pinf=4.389297805874459 (238) dinf=1.3798106027171862e23 (10905) time=12.990811123s
[ Info: iter=1091 obj=1.377631104258666e6 pinf=4.389297805874459 (238) dinf=1.3798106027171862e23 (10856) time=14.731196845s
[ Info: iter=1095 obj=1.377631104258666e6 pinf=4.389297805874459 (238) dinf=1.3798106027171862e23 (10895) time=16.452183867s
[ Info: iter=1096 obj=1.377631104258666e6 pinf=4.389297805874459 (238) dinf=1.3798106027171862e23 (10892) time=18.21512689s
[ Info: iter=1103 obj=1.377631104258666e6 pinf=4.389297805874459 (238) dinf=1.3798106027171862e23 (10848) time=19.991189813s
[ Info: iter=1129 obj=1.3507185900507434e6 pinf=166.82147875306006 (482) dinf=7.538217016358209e23 (10844) time=21.937160845s
[ Info: Restarting simplex on original LP after NUMERICAL_ERROR: primal feasibility lost; completed iterations=1129
[ Info: iter=1129 obj=2.793025071873255e6 pinf=0.0 (0) dinf=12380.398223383017 (12075) time=22.002521846s
[ Info: iter=1209 obj=2.809548907316631e6 pinf=0.0 (0) dinf=12318.757617160018 (12042) time=22.377012553s
[ Info: iter=1289 obj=2.809548912026339e6 pinf=0.0 (0) dinf=21495.243656724637 (11996) time=22.769256761s
[ Info: iter=1369 obj=2.8113673852518583e6 pinf=0.0 (0) dinf=51639.067471567076 (12038) time=23.167463268s
[ Info: iter=1437 obj=2.8113710865290314e6 pinf=0.0 (0) dinf=77891.85988055488 (11990) time=23.514415175s
[ Info: iter=1519 obj=2.8632683912499934e6 pinf=0.0 (0) dinf=38716.88226990293 (12030) time=27.007308141s
[ Info: iter=1599 obj=2.8695603553149654e6 pinf=0.0 (0) dinf=33826.696833126465 (12072) time=27.603578553s
[ Info: iter=1679 obj=2.869670839621526e6 pinf=0.0 (0) dinf=68119.7628448547 (12136) time=28.065745761s
[ Info: iter=1759 obj=2.87073911455954e6 pinf=0.0 (0) dinf=88121.15441854701 (12168) time=28.568201071s
[ Info: iter=1839 obj=2.87073911455954e6 pinf=0.0 (0) dinf=93803.27406675446 (12195) time=29.05680368s
[ Info: iter=1919 obj=2.875807025732102e6 pinf=0.0 (0) dinf=96653.7796024289 (12178) time=29.509897488s
[ Info: iter=1999 obj=2.875807025732102e6 pinf=0.0 (0) dinf=5.1423597151604004e7 (12162) time=30.027786198s
[ Info: iter=2079 obj=2.875807025732102e6 pinf=0.0 (0) dinf=5.3331930162456974e7 (12048) time=30.499025906s
[ Info: iter=2159 obj=2.875807025732102e6 pinf=0.0 (0) dinf=6.048813735777598e7 (12076) time=31.025444516s
[ Info: iter=2239 obj=2.875807025732102e6 pinf=0.0 (0) dinf=6.485869732733243e7 (11991) time=31.698534628s
[ Info: iter=2319 obj=2.875807025732102e6 pinf=0.0 (0) dinf=7.509810507201369e7 (12094) time=32.214465538s
[ Info: iter=2399 obj=2.875807025732102e6 pinf=0.0 (0) dinf=6.892097267265216e7 (12160) time=32.733107147s
[ Info: iter=2479 obj=2.8758076707487763e6 pinf=0.0 (0) dinf=6.784730858916485e7 (12116) time=33.180196055s
[ Info: iter=2559 obj=2.8758077009241236e6 pinf=0.0 (0) dinf=6.789440899005844e7 (12151) time=33.694714965s
[ Info: iter=2639 obj=2.8758077009241236e6 pinf=0.0 (0) dinf=6.814045872943158e7 (12134) time=34.215472774s
[ Info: iter=2719 obj=2.8758077009241236e6 pinf=0.0 (0) dinf=6.813332004378805e7 (12120) time=34.655915282s
[ Info: iter=2799 obj=2.8758077009241236e6 pinf=0.0 (0) dinf=6.862626575111157e7 (12146) time=35.166957992s
[ Info: iter=2879 obj=2.8758077009241236e6 pinf=0.0 (0) dinf=6.845986448534282e7 (12279) time=35.725461802s
[ Info: iter=2959 obj=2.8758077009241236e6 pinf=0.0 (0) dinf=6.762036556679577e7 (12256) time=36.259517811s
[ Info: iter=3039 obj=2.8758077009241236e6 pinf=0.0 (0) dinf=6.772295665692349e7 (12302) time=36.802199021s
[ Info: iter=3119 obj=2.8758077009241236e6 pinf=0.0 (0) dinf=7.68971777666196e7 (12378) time=37.444462829s
[ Info: iter=3199 obj=2.8758077009241236e6 pinf=0.0 (0) dinf=7.723917156960467e7 (12419) time=37.979152036s
[ Info: iter=3279 obj=2.8758077009241236e6 pinf=0.0 (0) dinf=7.700600472253494e7 (12403) time=38.542993342s
[ Info: iter=3359 obj=2.8758077009241236e6 pinf=0.0 (0) dinf=7.700188485941774e7 (12397) time=39.086134549s
[ Info: iter=3439 obj=2.8758077009241236e6 pinf=0.0 (0) dinf=7.697037671097687e7 (12389) time=39.576334554s
[ Info: iter=3519 obj=2.8758077009241236e6 pinf=0.0 (0) dinf=7.717110182577096e7 (12397) time=40.106200861s
[ Info: iter=3599 obj=2.8758077009241236e6 pinf=0.0 (0) dinf=7.717434277621996e7 (12388) time=40.622834867s
[ Info: iter=3679 obj=2.8758077009241236e6 pinf=0.0 (0) dinf=7.780733318791607e7 (12289) time=41.199535073s
[ Info: iter=3759 obj=2.8758077009241236e6 pinf=0.0 (0) dinf=7.486097427064437e7 (12269) time=41.78929008s
[ Info: iter=3839 obj=2.8758077009241236e6 pinf=0.0 (0) dinf=7.422183382277553e7 (12346) time=42.372186587s
[ Info: iter=3919 obj=2.8758077009241236e6 pinf=0.0 (0) dinf=7.555308198250107e7 (12350) time=42.882719793s
[ Info: iter=3999 obj=2.875807700924124e6 pinf=0.0 (0) dinf=7.480072097014749e7 (12342) time=43.4477209s
[ Info: iter=4079 obj=2.875807700924128e6 pinf=0.0 (0) dinf=8.260241919512576e7 (12373) time=44.034495807s
[ Info: iter=4159 obj=2.875807700924133e6 pinf=0.0 (0) dinf=7.935288533252399e7 (12388) time=44.633707114s
[ Info: iter=4239 obj=2.8758077009241455e6 pinf=0.0 (0) dinf=7.66810951223866e7 (12540) time=45.239841421s
[ Info: iter=4319 obj=2.875807700924147e6 pinf=0.0 (0) dinf=6.929058831086081e7 (12577) time=45.808083028s
[ Info: iter=4399 obj=2.8758077010232937e6 pinf=0.0 (0) dinf=2.5883460897332576e8 (12577) time=46.449969035s
[ Info: iter=4479 obj=2.875807838518272e6 pinf=0.0 (0) dinf=1.8458959037386584e8 (12540) time=47.046893043s
[ Info: iter=4559 obj=2.875807868523377e6 pinf=0.0 (0) dinf=1.7284501540518606e9 (12474) time=47.65989285s
[ Info: iter=4639 obj=2.8758082145381514e6 pinf=0.0 (0) dinf=3.996210716064159e8 (12579) time=48.341181958s
[ Info: iter=4719 obj=2.8758082187454547e6 pinf=0.0 (0) dinf=4.0062012287565255e8 (12590) time=48.945496365s
[ Info: iter=4719 obj=2.8758082187454547e6 pinf=0.0 (0) dinf=4.0062012287565255e8 (12590) time=48.954177765s
[ Info: iter=4799 obj=2.8758082187986337e6 pinf=0.0 (0) dinf=4.283220061331454e8 (12552) time=53.102064814s
[ Info: iter=4879 obj=2.8758082187986337e6 pinf=0.0 (0) dinf=4.3023288643250275e8 (12544) time=53.705971222s
[ Info: iter=4959 obj=2.8758082188006546e6 pinf=0.0 (0) dinf=4.5709560919902813e8 (12651) time=54.37341413s
[ Info: iter=5039 obj=2.8758082193452115e6 pinf=0.0 (0) dinf=4.444944767232895e8 (12667) time=54.998073737s
[ Info: iter=5119 obj=2.8758082193461778e6 pinf=0.0 (0) dinf=4.440320188542037e8 (12644) time=55.665685845s
[ Info: iter=5199 obj=2.875808219379724e6 pinf=0.0 (0) dinf=5.0506805471291137e8 (12556) time=56.368413454s
[ Info: iter=5279 obj=2.875808219380686e6 pinf=0.0 (0) dinf=5.064790480010709e8 (12585) time=57.007807762s
[ Info: iter=5359 obj=2.875808219524258e6 pinf=0.0 (0) dinf=5.093905321150592e8 (12507) time=57.794805271s
[ Info: iter=5439 obj=2.875808219524258e6 pinf=0.0 (0) dinf=5.1230058298325485e8 (12584) time=58.50535588s
[ Info: iter=5519 obj=2.875808219524271e6 pinf=0.0 (0) dinf=5.124451729738966e8 (12588) time=59.200052088s
[ Info: iter=5599 obj=2.875808219524272e6 pinf=0.0 (0) dinf=5.1568562707428306e8 (12601) time=59.989041898s
[ Info: iter=5679 obj=2.875808219524272e6 pinf=0.0 (0) dinf=3.0190774439437976e9 (12552) time=60.823443408s
[ Info: iter=5759 obj=2.8758082195247374e6 pinf=0.0 (0) dinf=6.786818220859657e9 (12551) time=61.522674514s
[ Info: iter=5839 obj=2.875808219526884e6 pinf=0.0 (0) dinf=1.6557057711377506e9 (12582) time=62.322835221s
[ Info: iter=5919 obj=2.875808219526891e6 pinf=0.0 (0) dinf=1.654817340041359e9 (12632) time=63.099581028s
[ Info: iter=5999 obj=2.8758082195270457e6 pinf=0.0 (0) dinf=2.8717620717374e9 (12444) time=63.995719136s
[ Info: iter=6079 obj=2.8758082195270457e6 pinf=0.0 (0) dinf=1.8096936516328378e9 (12602) time=64.695085442s
[ Info: iter=6159 obj=2.875808219527241e6 pinf=0.0 (0) dinf=1.6597613552530463e9 (12599) time=65.51938605s
[ Info: iter=6239 obj=2.875808219527241e6 pinf=0.0 (0) dinf=2.387271921014527e10 (12588) time=66.302388956s
[ Info: iter=6242 obj=2.875808219527241e6 pinf=0.0 (0) dinf=8.533176886593062e10 (12585) time=66.353297257s
[ Info: iter=6244 obj=2.875808219527241e6 pinf=0.0 (0) dinf=5.142314434444908e11 (12588) time=70.260182369s
[ Info: iter=6245 obj=2.875808219527241e6 pinf=0.0 (0) dinf=4.11680480284806e11 (12593) time=74.121252641s
[ Info: iter=6246 obj=2.875808219527241e6 pinf=0.0 (0) dinf=3.7752651115201105e11 (12591) time=77.978709312s
[ Info: iter=6247 obj=2.875808219527241e6 pinf=0.0 (0) dinf=3.7744995362825885e11 (12590) time=81.894293178s
[ Info: iter=6248 obj=2.875808219527241e6 pinf=0.0 (0) dinf=3.7744995362825885e11 (12589) time=85.720096061s
[ Info: iter=6249 obj=2.875808219527241e6 pinf=0.0 (0) dinf=3.7963932906634296e11 (12588) time=89.553504704s
[ Info: iter=6250 obj=2.875808219527241e6 pinf=0.0 (0) dinf=3.8002210849509235e11 (12588) time=93.543880649s
[ Info: iter=6251 obj=2.875808219527241e6 pinf=0.0 (0) dinf=6.555491903850602e11 (12592) time=97.480415396s
[ Info: iter=6252 obj=2.875808219527241e6 pinf=0.0 (0) dinf=4.362946958545044e11 (12588) time=101.384965145s
[ Info: iter=6253 obj=2.875808219527241e6 pinf=0.0 (0) dinf=6.189521683819729e11 (12591) time=105.121868313s
[ Info: iter=6254 obj=2.875808219527241e6 pinf=0.0 (0) dinf=6.214173444404128e11 (12591) time=108.660256578s
[ Info: iter=6255 obj=2.875808219527241e6 pinf=0.0 (0) dinf=8.595283016189879e11 (12590) time=112.197015921s
[ Info: iter=6256 obj=2.875808219527241e6 pinf=0.0 (0) dinf=8.616083189481793e11 (12593) time=115.746430463s
[ Info: iter=6257 obj=2.875808219527241e6 pinf=0.0 (0) dinf=8.363687044298951e11 (12592) time=119.248295873s
[ Info: iter=6258 obj=2.875808219527241e6 pinf=0.0 (0) dinf=6.793309013636227e11 (12591) time=122.777333011s
[ Info: iter=6259 obj=2.875808219527241e6 pinf=0.0 (0) dinf=8.616083170635743e11 (12595) time=126.330750585s
[ Info: iter=6260 obj=2.875808219527241e6 pinf=0.0 (0) dinf=8.290659005265406e11 (12594) time=129.94284152s
[ Info: iter=6261 obj=2.875808219527241e6 pinf=0.0 (0) dinf=7.809121522686278e11 (12593) time=133.582027911s
[ Info: iter=6262 obj=2.875808219527241e6 pinf=0.0 (0) dinf=6.79330904501971e11 (12593) time=137.182350771s
[ Info: iter=6263 obj=2.875808219527241e6 pinf=0.0 (0) dinf=7.801259455423141e11 (12589) time=140.783863432s
[ Info: iter=6264 obj=2.875808219527241e6 pinf=0.0 (0) dinf=7.801259455350864e11 (12583) time=144.331577474s
[ Info: iter=6265 obj=2.875808219527241e6 pinf=0.0 (0) dinf=7.792887484185999e11 (12579) time=147.96482604s
[ Info: iter=6266 obj=2.875808219527241e6 pinf=0.0 (0) dinf=7.792887484113722e11 (12573) time=151.735779559s
[ Info: iter=6267 obj=2.875808219527241e6 pinf=0.0 (0) dinf=7.014542820251925e11 (12572) time=155.413565064s
[ Info: iter=6268 obj=2.875808219527241e6 pinf=0.0 (0) dinf=7.801259455204012e11 (12569) time=159.008229106s
[ Info: iter=6269 obj=2.875808219527241e6 pinf=0.0 (0) dinf=7.801259455204014e11 (12568) time=162.583525976s
[ Info: iter=6270 obj=2.875808219527241e6 pinf=0.0 (0) dinf=7.801259455204012e11 (12568) time=166.19212634s
[ Info: iter=6271 obj=2.875808219527241e6 pinf=0.0 (0) dinf=7.801259455174012e11 (12565) time=169.800569689s
[ Info: iter=6272 obj=2.875808219527241e6 pinf=0.0 (0) dinf=9.731426353847426e11 (12589) time=173.373944342s
[ Info: iter=6273 obj=2.875808219527241e6 pinf=0.0 (0) dinf=9.731426353787426e11 (12583) time=176.966939424s
[ Info: iter=6274 obj=2.875808219527241e6 pinf=0.0 (0) dinf=3.379394904754608e12 (12595) time=180.669908006s
[ Info: iter=6275 obj=2.875808219527241e6 pinf=0.0 (0) dinf=3.3793949047546064e12 (12595) time=184.422680873s
[ Info: iter=6276 obj=2.875808219527241e6 pinf=0.0 (0) dinf=3.5837926084169497e12 (12596) time=188.040246124s
[ Info: iter=6277 obj=2.875808219527241e6 pinf=0.0 (0) dinf=3.7881903120792925e12 (12597) time=191.62783457s
[ Info: iter=6278 obj=2.875808219527241e6 pinf=0.0 (0) dinf=3.7881903120792896e12 (12597) time=195.306090861s
[ Info: iter=6279 obj=2.875808219527241e6 pinf=0.0 (0) dinf=3.7881903120792896e12 (12597) time=199.034194632s
[ Info: iter=6280 obj=2.875808219527241e6 pinf=0.0 (0) dinf=3.7881903120792896e12 (12597) time=202.692702882s
[ Info: iter=6281 obj=2.875808219527241e6 pinf=0.0 (0) dinf=3.7881903120792896e12 (12597) time=206.441490544s
[ Info: iter=6282 obj=2.875808219527241e6 pinf=0.0 (0) dinf=3.7881903120792886e12 (12597) time=210.144058906s
[ Info: iter=6283 obj=2.875808219527241e6 pinf=0.0 (0) dinf=3.7881903120792905e12 (12597) time=213.814852242s
[ Info: iter=6284 obj=2.875808219527241e6 pinf=0.0 (0) dinf=3.788190312079292e12 (12597) time=217.432871272s
[ Info: iter=6285 obj=2.875808219527241e6 pinf=0.0 (0) dinf=4.401383423066322e12 (12600) time=221.028976202s
[ Info: iter=6286 obj=2.875808219527241e6 pinf=0.0 (0) dinf=4.401383423066325e12 (12600) time=224.623941044s
[ Info: iter=6287 obj=2.875808219527241e6 pinf=0.0 (0) dinf=4.401383423066325e12 (12600) time=228.265275809s
[ Info: iter=6288 obj=2.875808219527241e6 pinf=0.0 (0) dinf=4.196985719403984e12 (12599) time=231.870063117s
[ Info: iter=6289 obj=2.875808219527241e6 pinf=0.0 (0) dinf=3.9925880157416377e12 (12598) time=235.450302509s
[ Info: iter=6290 obj=2.875808219527241e6 pinf=0.0 (0) dinf=4.502605253873986e12 (12599) time=239.088181765s
[ Info: iter=6291 obj=2.875808219527241e6 pinf=0.0 (0) dinf=4.502605253867712e12 (12596) time=242.725430858s
[ Info: iter=6292 obj=2.875808219527241e6 pinf=0.0 (0) dinf=5.286818383774002e12 (12514) time=246.398414238s
[ Info: iter=6293 obj=2.875808219527241e6 pinf=0.0 (0) dinf=6.839130803912641e12 (12583) time=249.978948366s
[ Info: iter=6294 obj=2.875808219527241e6 pinf=0.0 (0) dinf=4.751351675432737e12 (12488) time=253.578110319s
[ Info: iter=6295 obj=2.875808219527241e6 pinf=0.0 (0) dinf=6.834645676269617e12 (12582) time=257.160922312s
[ Info: iter=6296 obj=2.875808219527241e6 pinf=0.0 (0) dinf=6.819967076710305e12 (12581) time=260.732120506s
[ Info: iter=6297 obj=2.875808219527241e6 pinf=0.0 (0) dinf=6.805410881519411e12 (12580) time=264.397859067s
[ Info: iter=6298 obj=2.875808219527241e6 pinf=0.0 (0) dinf=6.796799436444806e12 (12579) time=268.021226323s
[ Info: iter=6299 obj=2.875808219527241e6 pinf=0.0 (0) dinf=6.7881879913702e12 (12578) time=271.650530377s
[ Info: iter=6300 obj=2.875808219527241e6 pinf=0.0 (0) dinf=5.254858502657077e12 (12513) time=275.387458674s
[ Info: iter=6301 obj=2.875808219527241e6 pinf=0.0 (0) dinf=5.239595730686571e12 (12512) time=279.039774734s
[ Info: iter=6302 obj=2.875808219527241e6 pinf=0.0 (0) dinf=5.211912876740941e12 (12511) time=282.753504247s
[ Info: iter=6303 obj=2.875808219527241e6 pinf=0.0 (0) dinf=6.754990518137562e12 (12578) time=286.433104238s
[ Info: iter=6304 obj=2.875808219527241e6 pinf=0.0 (0) dinf=6.721793044904923e12 (12578) time=290.177007483s
[ Info: iter=6305 obj=2.875808219527241e6 pinf=0.0 (0) dinf=6.70003330598957e12 (12578) time=293.939605837s
[ Info: iter=6306 obj=2.875808219527241e6 pinf=0.0 (0) dinf=6.699398879041625e12 (12578) time=297.696757235s
[ Info: iter=6307 obj=2.875808219527241e6 pinf=0.0 (0) dinf=6.685943496112554e12 (12577) time=301.482552229s
[ Info: iter=6308 obj=2.875808219527241e6 pinf=0.0 (0) dinf=6.685290159882809e12 (12577) time=305.35595976s
[ Info: iter=6309 obj=2.875808219527241e6 pinf=0.0 (0) dinf=6.687056587465496e12 (12578) time=309.335251189s
[ Info: iter=6310 obj=2.875808219527241e6 pinf=0.0 (0) dinf=6.672500392274603e12 (12577) time=313.347661231s
[ Info: iter=6311 obj=2.875808219527241e6 pinf=0.0 (0) dinf=6.670733964691915e12 (12576) time=317.347593872s
[ Info: iter=6312 obj=2.875808219527241e6 pinf=0.0 (0) dinf=6.582487327696732e12 (12589) time=321.212356882s
[ Info: iter=6313 obj=2.875808219527241e6 pinf=0.0 (0) dinf=5.134983368978965e12 (12510) time=325.030398594s
[ Info: iter=6314 obj=2.875808219527241e6 pinf=0.0 (0) dinf=5.110170643702318e12 (12509) time=328.736849634s
[ Info: iter=6315 obj=2.875808219527241e6 pinf=0.0 (0) dinf=6.637184969608959e12 (12575) time=332.542796276s
[ Info: iter=6316 obj=2.875808219527241e6 pinf=0.0 (0) dinf=6.645097597276004e12 (12578) time=336.324295132s
[ Info: iter=6317 obj=2.875808219527241e6 pinf=0.0 (0) dinf=6.622889302264635e12 (12577) time=340.082996792s
[ Info: iter=6318 obj=2.875808219527241e6 pinf=0.0 (0) dinf=6.603709795561575e12 (12576) time=343.853221559s
[ Info: iter=6319 obj=2.875808219527241e6 pinf=0.0 (0) dinf=6.599865400438727e12 (12575) time=347.810850628s
[ Info: iter=6320 obj=2.875808219527241e6 pinf=0.0 (0) dinf=6.599865400438727e12 (12575) time=351.733450989s
[ Info: iter=6321 obj=2.875808219527241e6 pinf=0.0 (0) dinf=6.599865400438727e12 (12575) time=355.567085945s
[ Info: iter=6322 obj=2.875808219527241e6 pinf=0.0 (0) dinf=6.599865400438727e12 (12575) time=359.390077304s
[ Info: Solve finished: status=TIME_LIMIT reason=time limit reached iterations=6322 time=363.254679563s
Dict{String, Any}("kernel_seconds" => Dict("pricing" => 322.318289428, "refactorization" => 1.368838598, "ftran" => 286.252203435, "btran" => 6.356833482), "basis_update" => "bartels_golub", "peak_rss" => 0x000000007808a000, "counts" => Dict("refactor_residual" => 89, "flip_completed" => 2, "certification_failed" => 1, "primal_point_preserved" => 59, "correction_attempt" => 134, "checkpoint" => 1, "correction" => 95, "pricing_scanned_entries" => 598990439, "refactor_other" => 2, "pivot_completed" => 6320, "pivot_rejected" => 366, "pricing_full_scan" => 6781, "pricing" => 6781, "refactor_initial" => 4, "refactor_pivot" => 3, "pricing_scored_entries" => 83308826, "refactor_limit" => 76, "pivot_proposed" => 6781, "phase_one" => 2), "input" => "/home/jspitz/mps/runtime.mps", "outer_seconds" => 363.265187263, "input_sha256" => "d0ac16e1a52a7d3411cbac28616bba9d3beb0c0edbdb2d72ab0477ce075f6c68", "refactorizations" => 170, "seconds" => 363.254679563, "allocated_bytes" => 5354394832, "julia" => "1.13.0", "algorithm" => "primal", "iterations" => 6322, "status" => "TIME_LIMIT", "message" => "time limit reached")
