EVENT phase_one count=1 iter=0 row=0 entering=0 pinf=0.0 dinf=12288.550456887204
EVENT correction_attempt count=1 iter=125 row=3833 entering=23674 pinf=0.0 dinf=562621.0254980393
EVENT correction_attempt count=2 iter=126 row=4727 entering=23074 pinf=0.0 dinf=12801.768029488665
EVENT correction_attempt count=3 iter=133 row=3811 entering=22810 pinf=0.0 dinf=77793.15755406715
EVENT correction_attempt count=4 iter=371 row=19915 entering=22091 pinf=0.0 dinf=22229.74200133711
EVENT correction_attempt count=5 iter=378 row=12721 entering=49561 pinf=0.0 dinf=12492.86434283157
EVENT correction_attempt count=6 iter=388 row=2792 entering=49564 pinf=0.0 dinf=12800.903050513509
EVENT correction_attempt count=7 iter=390 row=17636 entering=49884 pinf=0.0 dinf=29058.534736793616
EVENT correction_attempt count=8 iter=399 row=9706 entering=13730 pinf=0.0 dinf=30364.61518346922
EVENT correction_attempt count=9 iter=591 row=14706 entering=24405 pinf=0.0 dinf=4.43348611580669e6
EVENT correction_attempt count=10 iter=595 row=11696 entering=24394 pinf=0.0 dinf=4.626575930402368e6
SMALL_ACCEPTED_PIVOT iter=1076 pivot=0.23041538141562845 direction_norm=5.2797841900247924e7 relative_pivot=4.3641060528753635e-9 snapshot=.superpowers/performance/runtime-primal-roundoff-prefix.toml.accepted_pivot.1076.bin
SMALL_ACCEPTED_PIVOT iter=1077 pivot=0.5713265090860381 direction_norm=2.2914200248207384e8 relative_pivot=2.4933294764705302e-9 snapshot=.superpowers/performance/runtime-primal-roundoff-prefix.toml.accepted_pivot.1077.bin
SMALL_ACCEPTED_PIVOT iter=1078 pivot=-0.2847731751907288 direction_norm=4.01070139119987e8 relative_pivot=7.100333518111505e-10 snapshot=.superpowers/performance/runtime-primal-roundoff-prefix.toml.accepted_pivot.1078.bin
EVENT refactor_pivot count=1 iter=1078 row=19841 entering=11683 pinf=0.0 dinf=2.7957726755932247e10
PIVOT stored_forward=1.3094194934412797e-12 stored_tableau=1.0000464398047482 direction_norm=1.4083845462318141e9 row_residual_ratio=1.0e12
SMALL_ACCEPTED_PIVOT iter=1079 pivot=-0.59593 direction_norm=1.4083845462318127e9 relative_pivot=4.231301753448188e-10 snapshot=.superpowers/performance/runtime-primal-roundoff-prefix.toml.accepted_pivot.1079.bin
EVENT refactor_pivot count=2 iter=1079 row=19841 entering=11683 pinf=0.0 dinf=8.738261595765674e10
PIVOT stored_forward=9.456219165703064e-13 stored_tableau=0.0 direction_norm=1.4083845462318127e9 row_residual_ratio=1.0e12
SMALL_ACCEPTED_PIVOT iter=1080 pivot=-0.7601451067546691 direction_norm=2.6494830629519825e9 relative_pivot=2.869031764663315e-10 snapshot=.superpowers/performance/runtime-primal-roundoff-prefix.toml.accepted_pivot.1080.bin
EVENT refactor_pivot count=3 iter=1080 row=19841 entering=11683 pinf=0.0 dinf=3.6477037007960785e10
PIVOT stored_forward=9.456219165703064e-13 stored_tableau=0.0 direction_norm=1.4083845462318127e9 row_residual_ratio=1.0e12
SMALL_ACCEPTED_PIVOT iter=1081 pivot=-1.0 direction_norm=3.485496439309555e9 relative_pivot=2.869031764663317e-10 snapshot=.superpowers/performance/runtime-primal-roundoff-prefix.toml.accepted_pivot.1081.bin
EVENT refactor_pivot count=4 iter=1081 row=19841 entering=11683 pinf=0.0 dinf=3.97307145362057e10
PIVOT stored_forward=9.456219165703064e-13 stored_tableau=0.0 direction_norm=1.4083845462318127e9 row_residual_ratio=1.0e12
SMALL_ACCEPTED_PIVOT iter=1082 pivot=-0.59593 direction_norm=1.4083845462318127e9 relative_pivot=4.231301753448188e-10 snapshot=.superpowers/performance/runtime-primal-roundoff-prefix.toml.accepted_pivot.1082.bin
EVENT refactor_pivot count=5 iter=1082 row=19841 entering=11683 pinf=0.0 dinf=9.915560373793108e10
PIVOT stored_forward=9.456219165703064e-13 stored_tableau=0.0 direction_norm=1.4083845462318127e9 row_residual_ratio=1.0e12
SMALL_ACCEPTED_PIVOT iter=1083 pivot=-0.7601451067546691 direction_norm=2.6494830629519825e9 relative_pivot=2.869031764663315e-10 snapshot=.superpowers/performance/runtime-primal-roundoff-prefix.toml.accepted_pivot.1083.bin
EVENT refactor_pivot count=6 iter=1083 row=19841 entering=21980 pinf=0.0 dinf=4.825002478823463e10
PIVOT stored_forward=1.4659301078126046e-12 stored_tableau=1.0 direction_norm=3.4854964393095574e9 row_residual_ratio=1.0e12
SMALL_ACCEPTED_PIVOT iter=1084 pivot=-0.40407 direction_norm=1.4084176846835566e9 relative_pivot=2.8689642596385495e-10 snapshot=.superpowers/performance/runtime-primal-roundoff-prefix.toml.accepted_pivot.1084.bin
SMALL_ACCEPTED_PIVOT iter=1085 pivot=1.604395604 direction_norm=6.970712038258638e8 relative_pivot=2.301623700985353e-9 snapshot=.superpowers/performance/runtime-primal-roundoff-prefix.toml.accepted_pivot.1085.bin
EVENT refactor_pivot count=7 iter=1114 row=19841 entering=50579 pinf=0.0 dinf=7.032030377401772e10
PIVOT stored_forward=-4.563321276234846e-13 stored_tableau=0.0 direction_norm=1.181669446270378e9 row_residual_ratio=1.0e12
EVENT refactor_pivot count=8 iter=1118 row=2334 entering=58071 pinf=0.0 dinf=4.4894632591970706e21
PIVOT stored_forward=7.91157607917611e-18 stored_tableau=-0.6942688180579007 direction_norm=1.3719998630073178 row_residual_ratio=1.759218604238189e13
EVENT certification_failed count=1 iter=1118 row=2334 entering=58071 pinf=4.631230457574556 dinf=5.84471931870174e22
EVENT phase_one count=2 iter=0 row=0 entering=0 pinf=0.0 dinf=12380.398223383017
EVENT refactor_pivot count=9 iter=308 row=1351 entering=38375 pinf=0.0 dinf=77891.85988055484
PIVOT stored_forward=7.632783294297951e-17 stored_tableau=-1.0 direction_norm=637.9322485021676 row_residual_ratio=1.0e12
[ Info: Loaded problem: rows=43021 columns=47148 nnz=277210
[ Info: Starting presolve
[ Info: After presolve: rows=28453 columns=31615 nnz=211789
[ Info: iter=0 obj=1.2522206406563444e6 pinf=0.0 (0) dinf=12288.550456887204 (11330) time=2.109052588s
[ Info: iter=80 obj=1.2522206406563444e6 pinf=0.0 (0) dinf=36314.16836263747 (11279) time=2.447813714s
[ Info: iter=160 obj=1.2631118905179026e6 pinf=0.0 (0) dinf=20318.10622356058 (11212) time=2.757780431s
[ Info: iter=240 obj=1.3081914597255755e6 pinf=0.0 (0) dinf=12933.727267866876 (11235) time=3.025604846s
[ Info: iter=320 obj=1.3457333563381066e6 pinf=0.0 (0) dinf=13377.506131293816 (11160) time=3.394726566s
[ Info: iter=400 obj=1.365372047972791e6 pinf=0.0 (0) dinf=14946.893727017134 (11094) time=3.673260281s
[ Info: iter=480 obj=1.3679359060446834e6 pinf=0.0 (0) dinf=28616.505259710084 (11099) time=3.934785095s
[ Info: iter=560 obj=1.367935906044684e6 pinf=0.0 (0) dinf=138541.4328187033 (11009) time=4.221718011s
[ Info: iter=640 obj=1.367984980364754e6 pinf=0.0 (0) dinf=22377.908779322108 (11093) time=4.494903025s
[ Info: iter=720 obj=1.367984980364754e6 pinf=0.0 (0) dinf=23874.21152664453 (11096) time=4.777952241s
[ Info: iter=800 obj=1.380798629860655e6 pinf=0.0 (0) dinf=109464.19870492947 (11029) time=5.067631356s
[ Info: iter=880 obj=1.380798629860655e6 pinf=0.0 (0) dinf=3.931233811007373e7 (11026) time=5.347968072s
[ Info: iter=960 obj=1.380798629860655e6 pinf=0.0 (0) dinf=6.934687582960077e7 (11012) time=5.668933589s
[ Info: iter=1040 obj=1.3807986298636138e6 pinf=0.0 (0) dinf=4.2076028911693625e7 (10975) time=5.974684306s
[ Info: iter=1078 obj=1.3819853240928375e6 pinf=0.0 (0) dinf=2.7957726755932266e10 (10927) time=6.254860521s
[ Info: iter=1079 obj=1.3819853240928375e6 pinf=0.0 (0) dinf=8.738261595765675e10 (10924) time=6.273530822s
[ Info: iter=1080 obj=1.3819853240928375e6 pinf=0.0 (0) dinf=3.64770370079608e10 (10927) time=6.299650623s
[ Info: iter=1081 obj=1.3819853240928375e6 pinf=0.0 (0) dinf=3.97307145362057e10 (10925) time=6.315477624s
[ Info: iter=1082 obj=1.3819853240928375e6 pinf=0.0 (0) dinf=9.915560373793108e10 (10922) time=6.340362826s
[ Info: iter=1083 obj=1.3819853240928375e6 pinf=0.0 (0) dinf=4.8250024788234634e10 (10924) time=6.359667327s
[ Info: iter=1114 obj=1.3819853240928375e6 pinf=0.0 (0) dinf=7.032030377401772e10 (10924) time=6.493822334s
[ Info: iter=1118 obj=1.3774839272187399e6 pinf=4.631230457574556 (239) dinf=5.84471931870174e22 (10939) time=6.514225235s
[ Info: Restarting simplex on original LP after NUMERICAL_ERROR: primal feasibility lost; completed iterations=1118
[ Info: iter=1118 obj=2.793025071873255e6 pinf=0.0 (0) dinf=12380.398223383017 (12075) time=6.574871638s
[ Info: iter=1198 obj=2.809548907316631e6 pinf=0.0 (0) dinf=12318.757617160018 (12042) time=6.999923161s
[ Info: iter=1278 obj=2.809548912026339e6 pinf=0.0 (0) dinf=21495.243656724637 (11996) time=7.411544084s
[ Info: iter=1358 obj=2.8113673852518583e6 pinf=0.0 (0) dinf=51639.067471567076 (12038) time=7.842205107s
[ Info: iter=1426 obj=2.8113710865290314e6 pinf=0.0 (0) dinf=77891.85988055488 (11990) time=8.212293127s
[ Info: iter=1508 obj=2.8632683912499934e6 pinf=0.0 (0) dinf=38716.882269902926 (12029) time=8.651161851s
[ Info: iter=1588 obj=2.8695603553149654e6 pinf=0.0 (0) dinf=33865.89349996412 (12075) time=9.082230974s
[ Info: iter=1668 obj=2.869670839621526e6 pinf=0.0 (0) dinf=27190.094812544638 (12135) time=9.488126297s
[ Info: iter=1748 obj=2.87073911455954e6 pinf=0.0 (0) dinf=88121.15441854701 (12168) time=9.92294192s
[ Info: iter=1828 obj=2.87073911455954e6 pinf=0.0 (0) dinf=93803.27406675446 (12195) time=10.347719143s
[ Info: iter=1908 obj=2.875807025732102e6 pinf=0.0 (0) dinf=96839.77647449338 (12176) time=10.77256415s
[ Info: iter=1988 obj=2.875807025732102e6 pinf=0.0 (0) dinf=5.1423597151604004e7 (12161) time=11.185360457s
[ Info: iter=2068 obj=2.875807025732102e6 pinf=0.0 (0) dinf=5.3331930162456974e7 (12048) time=11.604707864s
[ Info: iter=2148 obj=2.875807025732102e6 pinf=0.0 (0) dinf=5.4477738514670946e7 (12072) time=12.052968571s
[ Info: iter=2228 obj=2.875807025732102e6 pinf=0.0 (0) dinf=5.5509922780430414e7 (11983) time=12.471220078s
[ Info: iter=2308 obj=2.875807025732102e6 pinf=0.0 (0) dinf=7.510164509662898e7 (12096) time=12.887815185s
[ Info: iter=2388 obj=2.875807025732102e6 pinf=0.0 (0) dinf=7.026904817923607e7 (12164) time=13.314975792s
[ Info: iter=2468 obj=2.8758076707487763e6 pinf=0.0 (0) dinf=6.784049614401516e7 (12123) time=13.751770699s
[ Info: iter=2548 obj=2.8758077009240948e6 pinf=0.0 (0) dinf=6.788630456881434e7 (12102) time=14.193991106s
[ Info: iter=2628 obj=2.8758077009240948e6 pinf=0.0 (0) dinf=6.815106595674321e7 (12129) time=14.635253914s
[ Info: iter=2708 obj=2.8758077009240948e6 pinf=0.0 (0) dinf=6.813296827428803e7 (12117) time=15.05437932s
[ Info: iter=2788 obj=2.8758077009240948e6 pinf=0.0 (0) dinf=6.855942762459673e7 (12144) time=15.491910828s
[ Info: iter=2868 obj=2.8758077009240948e6 pinf=0.0 (0) dinf=6.787428336074194e7 (12255) time=15.936928135s
[ Info: iter=2948 obj=2.8758077009240948e6 pinf=0.0 (0) dinf=6.769988102050042e7 (12264) time=16.408918643s
[ Info: Solve finished: status=ITERATION_LIMIT reason=iteration limit reached iterations=3000 time=16.679496947s
Dict{String, Any}("kernel_seconds" => Dict("pricing" => 0.526815123, "refactorization" => 0.208074608, "ftran" => 1.772872766, "btran" => 2.344254492), "basis_update" => "bartels_golub", "peak_rss" => 0x0000000079d18000, "counts" => Dict("flip_completed" => 2, "certification_failed" => 1, "correction_attempt" => 17, "checkpoint" => 1, "correction" => 17, "pricing_scanned_entries" => 248777404, "refactor_other" => 2, "pivot_completed" => 2998, "pivot_rejected" => 24, "pricing_full_scan" => 3034, "pricing" => 3034, "refactor_initial" => 4, "refactor_pivot" => 9, "pricing_scored_entries" => 35745806, "refactor_limit" => 35, "pivot_proposed" => 3033, "phase_one" => 2), "input" => "/home/jspitz/mps/runtime.mps", "interval" => 80, "outer_seconds" => 16.687797648, "input_sha256" => "d0ac16e1a52a7d3411cbac28616bba9d3beb0c0edbdb2d72ab0477ce075f6c68", "refactorizations" => 46, "seconds" => 16.679496947, "allocated_bytes" => 3949086328, "julia" => "1.13.0", "algorithm" => "primal", "iterations" => 3000, "status" => "ITERATION_LIMIT", "message" => "iteration limit reached")
