EVENT phase_dual count=1 iter=0 row=0 entering=0 pinf=607635.5626467778 dinf=435433.7404844512
EVENT phase_auxiliary count=1 iter=0 row=0 entering=0 pinf=1549.1437325054662 dinf=0.0
EVENT correction_attempt count=1 iter=879 row=609 entering=28377 pinf=1.30865172223892e6 dinf=0.0
EVENT correction_attempt count=2 iter=880 row=493 entering=24152 pinf=1.7220424980232716e6 dinf=0.0
EVENT correction_attempt count=3 iter=1117 row=8365 entering=7927 pinf=1.2335224155135011e7 dinf=0.0
EVENT correction_attempt count=4 iter=1120 row=8379 entering=28686 pinf=1.2870996419796351e7 dinf=0.0
EVENT correction_attempt count=5 iter=1121 row=8351 entering=24123 pinf=2.063497550904473e7 dinf=0.0
EVENT correction_attempt count=6 iter=1122 row=8374 entering=23968 pinf=8.443800503061919e6 dinf=0.0
EVENT correction_attempt count=7 iter=1133 row=8378 entering=39993 pinf=3.377584900748314e6 dinf=0.0
EVENT correction_attempt count=8 iter=1134 row=8364 entering=7957 pinf=1.531218011797069e7 dinf=0.0
EVENT correction_attempt count=9 iter=1135 row=6666 entering=26866 pinf=4.091505575965176e13 dinf=0.0
EVENT correction_attempt count=10 iter=1135 row=6666 entering=26866 pinf=4.091505575965176e13 dinf=0.0
PROGRESS iter=5000 pinf=510419.9832702115 dinf=0.0 refs=63
EVENT correction_attempt count=100 iter=5866 row=11648 entering=28366 pinf=585406.2895297448 dinf=0.0
PROGRESS iter=10000 pinf=89050.3714819184 dinf=0.0 refs=120
PROGRESS iter=15000 pinf=4.922741067500689e6 dinf=0.0 refs=152
EVENT correction_attempt count=200 iter=15355 row=12621 entering=12192 pinf=323939.0432911701 dinf=0.0
EVENT correction_attempt count=300 iter=16657 row=2451 entering=2737 pinf=2.098239094589082e8 dinf=0.0
EVENT correction_attempt count=400 iter=17251 row=7731 entering=17647 pinf=8.806186552522298e8 dinf=0.0
EVENT correction_attempt count=500 iter=17370 row=13189 entering=12291 pinf=1.5018863956757116e8 dinf=0.0
EVENT correction_attempt count=600 iter=17689 row=2182 entering=3520 pinf=3.89554752435884e6 dinf=0.0
EVENT correction_attempt count=700 iter=18496 row=4638 entering=20634 pinf=1.0699922274945416e7 dinf=0.0
EVENT correction_attempt count=800 iter=19920 row=7470 entering=29742 pinf=577581.531991264 dinf=0.0
PROGRESS iter=20000 pinf=1.1811670683024202e6 dinf=0.0 refs=167
EVENT correction_attempt count=900 iter=20274 row=10166 entering=41743 pinf=228908.70260047904 dinf=0.0
EVENT correction_attempt count=1000 iter=22341 row=25276 entering=56888 pinf=268861.7255771032 dinf=0.0
EVENT correction_attempt count=1100 iter=23390 row=26318 entering=46421 pinf=3.5142048249746803e6 dinf=0.0
EVENT correction_attempt count=1200 iter=24167 row=446 entering=4957 pinf=327723.6368854883 dinf=0.0
PROGRESS iter=25000 pinf=251011.81021720616 dinf=0.0 refs=183
EVENT correction_attempt count=1300 iter=25276 row=11130 entering=16909 pinf=408890.10001195077 dinf=0.0
EVENT correction_attempt count=1400 iter=25685 row=1275 entering=4845 pinf=985320.0522116853 dinf=0.0
EVENT correction_attempt count=1500 iter=26272 row=13137 entering=10136 pinf=1.0947250324466394e6 dinf=0.0
EVENT correction_attempt count=1600 iter=26959 row=6620 entering=40933 pinf=758033.883212599 dinf=0.0
EVENT correction_attempt count=1700 iter=27795 row=10596 entering=19176 pinf=3.097703312570719e6 dinf=0.0
EVENT correction_attempt count=1800 iter=28007 row=8161 entering=16315 pinf=2.0297865453490447e7 dinf=0.0
EVENT correction_attempt count=1900 iter=28230 row=14145 entering=13354 pinf=3.3079462833054936e6 dinf=0.0
EVENT correction_attempt count=2000 iter=28603 row=3859 entering=11574 pinf=5.623100271453983e6 dinf=0.0
EVENT correction_attempt count=2100 iter=29061 row=6813 entering=10573 pinf=1.429239054929994e6 dinf=0.0
EVENT correction_attempt count=2200 iter=29272 row=4056 entering=19589 pinf=3.006021361228995e6 dinf=0.0
EVENT correction_attempt count=2300 iter=29752 row=3377 entering=6755 pinf=232993.17225046843 dinf=0.0
EVENT correction_attempt count=2400 iter=29931 row=17202 entering=38042 pinf=6.190897690563796e6 dinf=0.0
PROGRESS iter=30000 pinf=2.1707520161869824e7 dinf=0.0 refs=198
EVENT correction_attempt count=2500 iter=30670 row=24582 entering=49283 pinf=122952.93704259308 dinf=0.0
EVENT correction_attempt count=2600 iter=31245 row=14683 entering=9041 pinf=460996.8962118485 dinf=0.0
EVENT correction_attempt count=2700 iter=31588 row=15009 entering=21773 pinf=1.876024301743949e6 dinf=0.0
EVENT correction_attempt count=2800 iter=31810 row=26330 entering=13755 pinf=5.008536020312958e8 dinf=0.0
EVENT correction_attempt count=2900 iter=32056 row=13583 entering=19589 pinf=2.921985943733365e6 dinf=0.0
EVENT correction_attempt count=3000 iter=32452 row=25590 entering=34110 pinf=8.733341598585768e6 dinf=0.0
EVENT correction_attempt count=3100 iter=33093 row=6110 entering=41844 pinf=1.8369038576532144e6 dinf=0.0
EVENT correction_attempt count=3200 iter=33575 row=12923 entering=13899 pinf=395701.02873015904 dinf=0.0
EVENT correction_attempt count=3300 iter=33769 row=23410 entering=22144 pinf=3.708040127690171e6 dinf=0.0
EVENT correction_attempt count=3400 iter=34270 row=3235 entering=44331 pinf=3.6520550007517166e6 dinf=0.0
EVENT correction_attempt count=3500 iter=34683 row=19998 entering=6633 pinf=1.8943121206666366e6 dinf=0.0
PROGRESS iter=35000 pinf=2.77923141241226e6 dinf=0.0 refs=214
EVENT correction_attempt count=3600 iter=35033 row=8321 entering=7481 pinf=2.1256749206912696e7 dinf=0.0
EVENT correction_attempt count=3700 iter=35227 row=25987 entering=19056 pinf=258974.97391833056 dinf=0.0
EVENT correction_attempt count=3800 iter=35818 row=15823 entering=11947 pinf=3.494532820312181e6 dinf=0.0
EVENT correction_attempt count=3900 iter=36449 row=14104 entering=16406 pinf=5.782352882849285e6 dinf=0.0
EVENT correction_attempt count=4000 iter=36729 row=24725 entering=6436 pinf=2.9072549916256694e6 dinf=0.0
EVENT correction_attempt count=4100 iter=36992 row=13208 entering=13170 pinf=6.256894321830782e6 dinf=0.0
EVENT correction_attempt count=4200 iter=37250 row=2233 entering=12369 pinf=1.9193138791258585e7 dinf=0.0
EVENT correction_attempt count=4300 iter=37515 row=20849 entering=45655 pinf=4.350404403438621e7 dinf=0.0
EVENT correction_attempt count=4400 iter=37858 row=7156 entering=19130 pinf=5.2495585766692005e7 dinf=0.0
EVENT correction_attempt count=4500 iter=38076 row=13916 entering=43950 pinf=3.1471450862407917e6 dinf=0.0
EVENT correction_attempt count=4600 iter=38380 row=12335 entering=11180 pinf=596816.6726529646 dinf=0.0
EVENT correction_attempt count=4700 iter=38509 row=10303 entering=2346 pinf=3.373550858092579e6 dinf=0.0
EVENT correction_attempt count=4800 iter=38911 row=2796 entering=16570 pinf=1.2707405755560226e6 dinf=0.0
EVENT correction_attempt count=4900 iter=39318 row=13061 entering=41651 pinf=3.6942102334515494e6 dinf=0.0
EVENT correction_attempt count=5000 iter=39489 row=16305 entering=20910 pinf=2.8315892979281567e7 dinf=0.0
EVENT correction_attempt count=5100 iter=39758 row=17518 entering=1391 pinf=1.0464403114595767e6 dinf=0.0
PROGRESS iter=40000 pinf=146287.14199420635 dinf=0.0 refs=230
EVENT correction_attempt count=5200 iter=40058 row=16097 entering=17144 pinf=838581.5356258382 dinf=0.0
EVENT correction_attempt count=5300 iter=40683 row=4032 entering=13331 pinf=767353.9805581236 dinf=0.0
EVENT correction_attempt count=5400 iter=40970 row=6221 entering=13387 pinf=2.9571617161619674e7 dinf=0.0
EVENT correction_attempt count=5500 iter=41125 row=4651 entering=8506 pinf=510268.00639417506 dinf=0.0
EVENT correction_attempt count=5600 iter=41343 row=10472 entering=44125 pinf=2.6550730706452716e7 dinf=0.0
EVENT correction_attempt count=5700 iter=41570 row=14466 entering=19943 pinf=1.5630096714205353e6 dinf=0.0
EVENT correction_attempt count=5800 iter=41702 row=3439 entering=55558 pinf=1.3693908434308728e6 dinf=0.0
EVENT correction_attempt count=5900 iter=41843 row=11622 entering=19025 pinf=1.9845074122093196e6 dinf=0.0
EVENT correction_attempt count=6000 iter=41985 row=13725 entering=16063 pinf=1.2112145060806183e7 dinf=0.0
EVENT correction_attempt count=6100 iter=42159 row=7596 entering=19844 pinf=958567.5876141642 dinf=0.0
EVENT correction_attempt count=6200 iter=42560 row=20135 entering=46688 pinf=1.1488628678283202e7 dinf=0.0
EVENT correction_attempt count=6300 iter=43098 row=3859 entering=44445 pinf=296856.24859186035 dinf=0.0
EVENT correction_attempt count=6400 iter=43566 row=8069 entering=12369 pinf=244115.98261804727 dinf=0.0
EVENT correction_attempt count=6500 iter=44129 row=12486 entering=14470 pinf=117988.32405634239 dinf=0.0
EVENT correction_attempt count=6600 iter=44267 row=11153 entering=44296 pinf=314837.4553722595 dinf=0.0
EVENT correction_attempt count=6700 iter=44385 row=13133 entering=23246 pinf=181704.79781466303 dinf=0.0
EVENT correction_attempt count=6800 iter=44722 row=12759 entering=17216 pinf=1.6701220248855948e6 dinf=0.0
PROGRESS iter=45000 pinf=942180.0888523489 dinf=0.0 refs=245
EVENT correction_attempt count=6900 iter=45405 row=13401 entering=22262 pinf=4.20736814059121e6 dinf=0.0
EVENT correction_attempt count=7000 iter=45958 row=3562 entering=22878 pinf=275280.8126694376 dinf=0.0
EVENT correction_attempt count=7100 iter=46385 row=11971 entering=13301 pinf=383450.8839768338 dinf=0.0
EVENT correction_attempt count=7200 iter=46708 row=17548 entering=13941 pinf=70887.0088319693 dinf=0.0
EVENT correction_attempt count=7300 iter=47298 row=3283 entering=7738 pinf=82535.97629139098 dinf=0.0
EVENT correction_attempt count=7400 iter=47598 row=14782 entering=44076 pinf=1.7151796115177493e6 dinf=0.0
EVENT correction_attempt count=7500 iter=48027 row=3941 entering=11463 pinf=164842.10973452622 dinf=0.0
EVENT correction_attempt count=7600 iter=48163 row=25193 entering=19098 pinf=333254.0043154299 dinf=0.0
EVENT correction_attempt count=7700 iter=48607 row=10883 entering=14449 pinf=237379.06092629847 dinf=0.0
EVENT correction_attempt count=7800 iter=49328 row=128 entering=10701 pinf=97510.06043524669 dinf=0.0
EVENT correction_attempt count=7900 iter=49668 row=5979 entering=44736 pinf=125634.78824738912 dinf=0.0
PROGRESS iter=50000 pinf=578307.8459867223 dinf=0.0 refs=261
EVENT correction_attempt count=8000 iter=50258 row=10251 entering=8252 pinf=59847.517691494024 dinf=0.0
EVENT correction_attempt count=8100 iter=50897 row=24591 entering=15619 pinf=11207.04368826083 dinf=0.0
EVENT correction_attempt count=8200 iter=51403 row=26344 entering=7754 pinf=176258.30672920877 dinf=0.0
SNAPSHOT .superpowers/performance/runtime-dual-pfi-after.toml.correction_attempt.52819.bin
EVENT phase_cleanup count=1 iter=52823 row=0 entering=0 pinf=0.0 dinf=1.683266027062289e6
EVENT phase_primal count=1 iter=52823 row=0 entering=0 pinf=0.0 dinf=1.683266027062289e6
[ Info: Loaded problem: rows=43021 columns=47148 nnz=277210
[ Info: Starting presolve
[ Info: After presolve: rows=28453 columns=31615 nnz=211789
[ Info: iter=80 obj=-77795.8076828801 pinf=246.1482611475381 (370) dinf=0.0 (0) time=2.142643905s
[ Info: iter=160 obj=-12567.365623658372 pinf=125.28552036200347 (292) dinf=0.0 (0) time=2.222908805s
[ Info: iter=240 obj=-817.3518407489905 pinf=22.679308522596607 (156) dinf=0.0 (0) time=2.305121705s
[ Info: iter=257 obj=-7.509524188788394e6 pinf=383149.01107378054 (3089) dinf=36998.32632978309 (226) time=2.326070005s
[ Info: iter=337 obj=-7.808027941838834e6 pinf=109599.0643979763 (3016) dinf=0.0 (0) time=2.444531005s
[ Info: iter=417 obj=-2.2853844035067055e6 pinf=60074.314304500804 (2933) dinf=0.0 (0) time=2.523316006s
[ Info: iter=497 obj=-530621.0877673206 pinf=52483.09157571571 (2942) dinf=0.0 (0) time=2.605251506s
[ Info: iter=577 obj=164468.49993766547 pinf=154962.48663255924 (2954) dinf=0.0 (0) time=2.686129006s
[ Info: iter=657 obj=572469.2623993608 pinf=57463.69965219659 (3022) dinf=0.0 (0) time=2.766682306s
[ Info: iter=737 obj=1.0840974447844254e6 pinf=51504.2793924886 (3219) dinf=0.0 (0) time=2.849546906s
[ Info: iter=817 obj=2.296405552320788e6 pinf=61437.29070671912 (3276) dinf=0.0 (0) time=2.932263506s
[ Info: iter=897 obj=2.7486364617740717e6 pinf=69149.5132499751 (3340) dinf=0.0 (0) time=3.097488407s
[ Info: iter=977 obj=3.3046015557956593e6 pinf=9.553187798928149e6 (3405) dinf=0.0 (0) time=3.181541507s
[ Info: iter=1057 obj=4.0584948016117634e6 pinf=1.5270789678111611e7 (3534) dinf=0.0 (0) time=3.273206507s
[ Info: iter=1137 obj=4.352287139430317e6 pinf=1.414985732165626e6 (3568) dinf=0.0 (0) time=3.730575908s
[ Info: iter=1217 obj=4.803997658701513e6 pinf=1.1794754350596045e6 (3608) dinf=0.0 (0) time=3.836968909s
[ Info: iter=1297 obj=5.32078193638242e6 pinf=1.067258210749358e6 (3643) dinf=0.0 (0) time=3.924983809s
[ Info: iter=1377 obj=5.588987277438116e6 pinf=1.06360506732485e6 (3712) dinf=0.0 (0) time=4.010348709s
[ Info: iter=1457 obj=5.729141972478317e6 pinf=1.06713476242058e6 (3765) dinf=0.0 (0) time=4.094808109s
[ Info: iter=1537 obj=6.062853828811555e6 pinf=1.0738556855055685e6 (3797) dinf=0.0 (0) time=4.180028709s
[ Info: iter=1617 obj=6.148377464798717e6 pinf=1.2325769877168552e6 (3816) dinf=0.0 (0) time=4.26316891s
[ Info: iter=1697 obj=6.1590093896706775e6 pinf=1.283413520645043e6 (3838) dinf=0.0 (0) time=4.35124371s
[ Info: iter=1777 obj=6.172592038252998e6 pinf=1.0930583451452053e6 (3868) dinf=0.0 (0) time=4.43787131s
[ Info: iter=1857 obj=6.553271396238214e6 pinf=1.1195637939412761e6 (3911) dinf=0.0 (0) time=4.53102471s
[ Info: iter=1937 obj=6.654790444489741e6 pinf=1.0910507336906786e6 (3919) dinf=0.0 (0) time=4.62476241s
[ Info: iter=2017 obj=6.708151223194777e6 pinf=1.1568096644484375e6 (3949) dinf=0.0 (0) time=4.720061911s
[ Info: iter=2097 obj=6.866378682402622e6 pinf=1.069644447054109e6 (3974) dinf=0.0 (0) time=4.815889611s
[ Info: iter=2177 obj=6.956764988882555e6 pinf=1.0612897112459554e6 (3993) dinf=0.0 (0) time=4.913270011s
[ Info: iter=2257 obj=6.956764988882555e6 pinf=1.0704824041395655e6 (4027) dinf=0.0 (0) time=5.009721211s
[ Info: iter=2337 obj=6.969686682848172e6 pinf=2.1513744387985766e6 (4071) dinf=0.0 (0) time=5.109839012s
[ Info: iter=2417 obj=7.0936539459260255e6 pinf=1.0647936169037253e6 (4070) dinf=0.0 (0) time=5.204813512s
[ Info: iter=2497 obj=7.499428897118868e6 pinf=1.2845319402953505e6 (4051) dinf=0.0 (0) time=5.308631912s
[ Info: iter=2577 obj=7.640796949925192e6 pinf=1.285236573698607e6 (4056) dinf=0.0 (0) time=5.404123012s
[ Info: iter=2657 obj=7.892751331440604e6 pinf=1.3181511485712398e6 (4092) dinf=0.0 (0) time=5.498367712s
[ Info: iter=2737 obj=8.070700459998213e6 pinf=1.3038095523080956e6 (4103) dinf=0.0 (0) time=5.594930413s
[ Info: iter=2817 obj=8.58149429942253e6 pinf=1.7827930117458084e6 (4112) dinf=0.0 (0) time=5.696724413s
[ Info: iter=2897 obj=1.02864122001692e7 pinf=631787.3556434492 (4143) dinf=0.0 (0) time=5.802416913s
[ Info: iter=2977 obj=1.4524882184864916e7 pinf=654078.9043412026 (4143) dinf=0.0 (0) time=5.902527013s
[ Info: iter=3057 obj=1.4811859822208028e7 pinf=144170.22960809554 (4175) dinf=0.0 (0) time=6.003911714s
[ Info: iter=3137 obj=1.4813010400770778e7 pinf=144762.5651162201 (4212) dinf=0.0 (0) time=6.111853814s
[ Info: iter=3217 obj=1.491306093486185e7 pinf=143881.7513836103 (4265) dinf=0.0 (0) time=6.219103114s
[ Info: iter=3297 obj=1.4970113258760711e7 pinf=149061.5964631343 (4288) dinf=0.0 (0) time=6.322111414s
[ Info: iter=3377 obj=1.5016559594091855e7 pinf=203642.0332927826 (4302) dinf=0.0 (0) time=6.424704915s
[ Info: iter=3457 obj=1.5016559594091855e7 pinf=193982.87885408362 (4305) dinf=0.0 (0) time=6.532394215s
[ Info: iter=3537 obj=1.5091946013645181e7 pinf=155589.80625617874 (4311) dinf=0.0 (0) time=6.638393715s
[ Info: iter=3617 obj=1.531263381294198e7 pinf=131989.20699180447 (4281) dinf=0.0 (0) time=6.743729815s
[ Info: iter=3697 obj=1.540866567559513e7 pinf=137021.83230369457 (4305) dinf=0.0 (0) time=6.853449316s
[ Info: iter=3777 obj=1.5864059131734993e7 pinf=185666.34696393824 (4364) dinf=0.0 (0) time=6.962565616s
[ Info: iter=3857 obj=1.597804692026759e7 pinf=133192.90619934237 (4399) dinf=0.0 (0) time=7.069511216s
[ Info: iter=3937 obj=1.6588102047521785e7 pinf=128861.65552988296 (4403) dinf=0.0 (0) time=7.173730216s
[ Info: iter=4017 obj=1.6604504815509666e7 pinf=130460.63807509745 (4428) dinf=0.0 (0) time=7.283798017s
[ Info: iter=4097 obj=1.67646815040939e7 pinf=137718.3800009667 (4419) dinf=0.0 (0) time=7.386605117s
[ Info: iter=4177 obj=1.677963809202723e7 pinf=131081.2429312817 (4450) dinf=0.0 (0) time=7.491844517s
[ Info: iter=4257 obj=1.6803531996198364e7 pinf=639017.5368423878 (4506) dinf=0.0 (0) time=7.603749017s
[ Info: iter=4337 obj=1.68341414920869e7 pinf=275796.93204966583 (4491) dinf=0.0 (0) time=7.718724518s
[ Info: iter=4417 obj=1.683757520967908e7 pinf=277916.76664892014 (4520) dinf=0.0 (0) time=7.828586818s
[ Info: iter=4497 obj=1.68546446820812e7 pinf=578146.8073489463 (4557) dinf=0.0 (0) time=7.942278718s
[ Info: iter=4577 obj=1.9237277328067835e7 pinf=578820.1541626587 (4571) dinf=0.0 (0) time=8.056600821s
[ Info: iter=4657 obj=2.131603562242332e7 pinf=536944.5830936884 (4571) dinf=0.0 (0) time=8.174961324s
[ Info: iter=4737 obj=2.3035227175554857e7 pinf=534074.3407794534 (4565) dinf=0.0 (0) time=8.293833327s
[ Info: iter=4817 obj=2.389565342642869e7 pinf=522913.686898073 (4592) dinf=0.0 (0) time=8.41312863s
[ Info: iter=4897 obj=2.3912701692780256e7 pinf=500932.1564527176 (4607) dinf=0.0 (0) time=8.527305333s
[ Info: iter=4977 obj=2.393470815629211e7 pinf=506357.1437063886 (4659) dinf=0.0 (0) time=8.648219437s
[ Info: iter=5057 obj=2.3940374156078786e7 pinf=510703.95773902675 (4668) dinf=0.0 (0) time=8.76303724s
[ Info: iter=5137 obj=2.3940374156078786e7 pinf=521267.4680184588 (4682) dinf=0.0 (0) time=8.879332243s
[ Info: iter=5217 obj=2.3940374156078793e7 pinf=777510.3564228382 (4648) dinf=0.0 (0) time=8.998424046s
[ Info: iter=5297 obj=2.3970566553241655e7 pinf=511291.40977750387 (4628) dinf=0.0 (0) time=9.115861149s
[ Info: iter=5377 obj=2.4214591174962204e7 pinf=543170.4258314373 (4649) dinf=0.0 (0) time=9.236400353s
[ Info: iter=5457 obj=2.422068362222807e7 pinf=543848.1840154977 (4710) dinf=0.0 (0) time=9.355292656s
[ Info: iter=5537 obj=2.4718040597994126e7 pinf=533615.0614828656 (4688) dinf=0.0 (0) time=9.480541159s
[ Info: iter=5617 obj=2.4727895193919443e7 pinf=602137.3215059898 (4695) dinf=0.0 (0) time=9.601434362s
[ Info: iter=5697 obj=2.4728108346145943e7 pinf=6.843812137550758e7 (4709) dinf=0.0 (0) time=9.727897966s
[ Info: iter=5777 obj=2.4728108346146226e7 pinf=1.5123176126285276e8 (4726) dinf=0.0 (0) time=9.856750869s
[ Info: iter=5857 obj=2.4728108346145913e7 pinf=2.1713066130595206e11 (4741) dinf=0.0 (0) time=10.036447674s
[ Info: iter=5937 obj=2.4776325337098032e7 pinf=153473.0458008918 (4700) dinf=0.0 (0) time=10.811473595s
[ Info: iter=6017 obj=2.4834275865531273e7 pinf=705289.8986547962 (4748) dinf=0.0 (0) time=10.922474998s
[ Info: iter=6097 obj=2.4856131866073452e7 pinf=2.764610347341085e6 (4845) dinf=0.0 (0) time=11.042595501s
[ Info: iter=6177 obj=2.490727372674098e7 pinf=95579.06104838217 (4831) dinf=0.0 (0) time=11.159839405s
[ Info: iter=6257 obj=2.5056884607451364e7 pinf=100141.43488596928 (4828) dinf=0.0 (0) time=11.274154208s
[ Info: iter=6337 obj=2.524994443501848e7 pinf=148184.69040136025 (4854) dinf=0.0 (0) time=11.384858711s
[ Info: iter=6417 obj=2.5514764876976684e7 pinf=100826.53239022888 (4878) dinf=0.0 (0) time=11.504663714s
[ Info: iter=6497 obj=2.5730645137227077e7 pinf=583125.5404532285 (4847) dinf=0.0 (0) time=11.622521717s
[ Info: iter=6577 obj=2.5760145246828735e7 pinf=56171.764485613654 (4869) dinf=0.0 (0) time=11.73529882s
[ Info: iter=6657 obj=2.5856215332085483e7 pinf=79445.80768661709 (4908) dinf=0.0 (0) time=11.850221023s
[ Info: iter=6737 obj=2.598525292182014e7 pinf=59487.87187447344 (4848) dinf=0.0 (0) time=11.986360927s
[ Info: iter=6817 obj=2.6022098893897653e7 pinf=75956.80628893989 (4832) dinf=0.0 (0) time=12.10705443s
[ Info: iter=6897 obj=2.604428059708177e7 pinf=52053.272543832245 (4846) dinf=0.0 (0) time=12.228608333s
[ Info: iter=6977 obj=2.613348647382113e7 pinf=52228.053487213765 (4857) dinf=0.0 (0) time=12.349437637s
[ Info: iter=7057 obj=2.6175201618191227e7 pinf=41932.001629869934 (4834) dinf=0.0 (0) time=12.47039704s
[ Info: iter=7137 obj=2.6208725889928684e7 pinf=119203.12215785924 (4881) dinf=0.0 (0) time=12.591357943s
[ Info: iter=7217 obj=2.6267551915107675e7 pinf=158273.40034277787 (4863) dinf=0.0 (0) time=12.715851147s
[ Info: iter=7297 obj=2.6306245018108636e7 pinf=48006.79855314148 (4860) dinf=0.0 (0) time=12.84094325s
[ Info: iter=7377 obj=2.639241785086593e7 pinf=95955.9286444953 (4945) dinf=0.0 (0) time=12.962418653s
[ Info: iter=7457 obj=2.6479072993325945e7 pinf=134495.99946752161 (5042) dinf=0.0 (0) time=13.088009257s
[ Info: iter=7537 obj=2.6527008080265008e7 pinf=46786.833503878006 (4932) dinf=0.0 (0) time=13.21579456s
[ Info: iter=7617 obj=2.667143250901731e7 pinf=275234.9724430553 (4982) dinf=0.0 (0) time=13.340870563s
[ Info: iter=7697 obj=2.6788822151249573e7 pinf=162132.827764816 (4870) dinf=0.0 (0) time=13.466887267s
[ Info: iter=7777 obj=2.692773279410908e7 pinf=38594.100100482385 (4870) dinf=0.0 (0) time=13.59894897s
[ Info: iter=7857 obj=2.710456792846919e7 pinf=51566.32561996858 (4898) dinf=0.0 (0) time=13.719517974s
[ Info: iter=7937 obj=2.816606483643087e7 pinf=41586.75221424509 (4949) dinf=0.0 (0) time=13.844451777s
[ Info: iter=8017 obj=2.828829880262781e7 pinf=46083.413877607425 (4986) dinf=0.0 (0) time=13.97208188s
[ Info: iter=8097 obj=2.8324930061341137e7 pinf=52070.416814369906 (5016) dinf=0.0 (0) time=14.105733484s
[ Info: iter=8177 obj=2.837675564107062e7 pinf=40638.154516701594 (4966) dinf=0.0 (0) time=14.228514987s
[ Info: iter=8257 obj=2.8378748364272796e7 pinf=43368.4408773126 (4988) dinf=0.0 (0) time=14.356262591s
[ Info: iter=8337 obj=2.8772210352586742e7 pinf=40094.36772305421 (4945) dinf=0.0 (0) time=14.485063194s
[ Info: iter=8417 obj=2.88079726669814e7 pinf=45713.462271932694 (5000) dinf=0.0 (0) time=14.612301798s
[ Info: iter=8497 obj=2.8850458632170625e7 pinf=34148.492938540825 (4942) dinf=0.0 (0) time=14.739644301s
[ Info: iter=8577 obj=2.8929591058194682e7 pinf=47613.81795201564 (5005) dinf=0.0 (0) time=14.870930205s
[ Info: iter=8657 obj=2.895560338300705e7 pinf=5.0989949868461145e6 (4999) dinf=0.0 (0) time=15.026430909s
[ Info: iter=8737 obj=2.8980644419377305e7 pinf=46573.31873623241 (4999) dinf=0.0 (0) time=15.157373512s
[ Info: iter=8817 obj=2.8995316773602694e7 pinf=84000.45557585215 (5029) dinf=0.0 (0) time=15.288994716s
[ Info: iter=8897 obj=2.9192075247824814e7 pinf=42831.61392655246 (4992) dinf=0.0 (0) time=15.42157492s
[ Info: iter=8977 obj=2.948776049087982e7 pinf=78276.08069646025 (5016) dinf=0.0 (0) time=15.555888223s
[ Info: iter=9057 obj=2.9565893425805993e7 pinf=42958.190757646815 (5037) dinf=0.0 (0) time=15.692422227s
[ Info: iter=9137 obj=2.9626811977257777e7 pinf=1.2811568343648377e6 (5086) dinf=0.0 (0) time=15.828032031s
[ Info: iter=9217 obj=2.9752962666484833e7 pinf=56246.035560331205 (5083) dinf=0.0 (0) time=15.965295434s
[ Info: iter=9377 obj=2.9959537140291348e7 pinf=87501.17875623955 (5025) dinf=0.0 (0) time=16.232999235s
[ Info: iter=9537 obj=3.013506472944964e7 pinf=139736.52685043565 (5140) dinf=0.0 (0) time=16.505371636s
[ Info: iter=9697 obj=3.0268072675730653e7 pinf=239267.49305220952 (5123) dinf=0.0 (0) time=16.786524537s
[ Info: iter=9857 obj=3.0424652850622747e7 pinf=639680.0353138767 (5103) dinf=0.0 (0) time=17.059857238s
[ Info: iter=10017 obj=3.0592843662335988e7 pinf=86098.04537028722 (5199) dinf=0.0 (0) time=17.332509439s
[ Info: iter=10177 obj=3.095776375330831e7 pinf=73846.34931309095 (5242) dinf=0.0 (0) time=17.62166654s
[ Info: iter=10337 obj=3.1074249635400385e7 pinf=2.910214726580373e6 (5369) dinf=0.0 (0) time=17.912691941s
[ Info: iter=10497 obj=3.1194203237961672e7 pinf=132843.5037429837 (5294) dinf=0.0 (0) time=18.195184242s
[ Info: iter=10657 obj=3.1287311546292648e7 pinf=107404.35625399198 (5212) dinf=0.0 (0) time=18.495064243s
[ Info: iter=10817 obj=3.1460331021723583e7 pinf=186498.7837670435 (5295) dinf=0.0 (0) time=18.800994643s
[ Info: iter=10977 obj=3.164472507737712e7 pinf=369202.13491843623 (5499) dinf=0.0 (0) time=19.123381345s
[ Info: iter=11137 obj=3.1722698844471876e7 pinf=134716.23157221626 (5391) dinf=0.0 (0) time=19.433124446s
[ Info: iter=11297 obj=3.1781413849065542e7 pinf=582696.7808320934 (5429) dinf=0.0 (0) time=19.763188547s
[ Info: iter=11457 obj=3.1890596126557745e7 pinf=182657.09796174904 (5452) dinf=0.0 (0) time=20.094667548s
[ Info: iter=11617 obj=3.202167775957072e7 pinf=58783.981280999236 (5373) dinf=0.0 (0) time=20.436577049s
[ Info: iter=11777 obj=3.2192077764511764e7 pinf=135681.74078731536 (5511) dinf=0.0 (0) time=20.75790825s
[ Info: iter=11937 obj=3.254022759450643e7 pinf=386810.29676017654 (5557) dinf=0.0 (0) time=21.074153251s
[ Info: iter=12097 obj=3.2845342137347937e7 pinf=276585.71246397484 (5653) dinf=0.0 (0) time=21.396240952s
[ Info: iter=12257 obj=3.2960031257207427e7 pinf=105950.34870677622 (5585) dinf=0.0 (0) time=21.728927253s
[ Info: iter=12417 obj=3.368193529463706e7 pinf=37233.73318192628 (5512) dinf=0.0 (0) time=22.052651054s
[ Info: iter=12577 obj=3.404567541689809e7 pinf=1.6463190814962636e6 (5678) dinf=0.0 (0) time=22.382478255s
[ Info: iter=12737 obj=3.4349778070297144e7 pinf=665019.5849824188 (5581) dinf=0.0 (0) time=22.715969856s
[ Info: iter=12897 obj=3.4488813081323564e7 pinf=239166.78413704515 (5644) dinf=0.0 (0) time=23.054529957s
[ Info: iter=13057 obj=3.4569215539385974e7 pinf=426172.26266035583 (5642) dinf=0.0 (0) time=23.425217958s
[ Info: iter=13217 obj=3.577652869995343e7 pinf=68555.13457346708 (5614) dinf=0.0 (0) time=23.772449659s
[ Info: iter=13377 obj=3.6666868131494194e7 pinf=72164.39523901448 (5657) dinf=0.0 (0) time=24.118477252s
[ Info: iter=13537 obj=3.6816955452584e7 pinf=1.9522391295023973e6 (5918) dinf=0.0 (0) time=24.48489843s
[ Info: iter=13697 obj=3.718540361136349e7 pinf=108015.80043907734 (5565) dinf=0.0 (0) time=24.82203991s
[ Info: iter=13857 obj=3.7313486074588835e7 pinf=418288.04355687357 (5674) dinf=0.0 (0) time=25.205026287s
[ Info: iter=14017 obj=3.741688717593722e7 pinf=214870.6446101734 (5763) dinf=0.0 (0) time=25.581291665s
[ Info: iter=14177 obj=3.787658283288022e7 pinf=1.0544616370212063e6 (5748) dinf=0.0 (0) time=25.987292941s
[ Info: iter=14337 obj=3.803267609568471e7 pinf=663753.7057499113 (5869) dinf=0.0 (0) time=26.410479316s
[ Info: iter=14497 obj=3.812313055927738e7 pinf=614072.667938648 (5781) dinf=0.0 (0) time=26.871137488s
[ Info: iter=14657 obj=3.8704506804691955e7 pinf=1.7634740774650895e6 (5783) dinf=0.0 (0) time=27.250929865s
[ Info: iter=14817 obj=3.897042122915523e7 pinf=4.0635985062243766e6 (5879) dinf=0.0 (0) time=27.655575241s
[ Info: iter=14977 obj=3.990564099121629e7 pinf=556592.7106807446 (5599) dinf=0.0 (0) time=28.068025617s
[ Info: iter=15297 obj=4.051119423688395e7 pinf=5.047078367252837e6 (5731) dinf=0.0 (0) time=28.985030562s
[ Info: iter=15617 obj=4.0782558905496195e7 pinf=406103.89906478813 (5463) dinf=0.0 (0) time=30.004811101s
[ Info: iter=15937 obj=4.09022815967651e7 pinf=3.0772101517966283e6 (5713) dinf=0.0 (0) time=31.117887935s
[ Info: iter=16257 obj=4.101282461241442e7 pinf=2.496417045030941e7 (5624) dinf=0.0 (0) time=32.362530449s
[ Info: iter=16577 obj=4.120472688384974e7 pinf=4.7564882717248015e6 (5745) dinf=0.0 (0) time=33.693268929s
[ Info: iter=16897 obj=4.136803906577706e7 pinf=9.398257041894412e7 (5664) dinf=0.0 (0) time=34.89541472s
[ Info: iter=17217 obj=4.145060030239487e7 pinf=3.345540921120091e8 (5704) dinf=0.0 (0) time=36.239576798s
[ Info: iter=17537 obj=4.150770548908643e7 pinf=1.3058392074775787e7 (5504) dinf=0.0 (0) time=37.724877463s
[ Info: iter=17857 obj=4.1718302959390834e7 pinf=1.4654758530156348e7 (5440) dinf=0.0 (0) time=39.009210947s
[ Info: iter=18177 obj=4.200973023043715e7 pinf=1.5339916369592617e6 (5387) dinf=0.0 (0) time=40.386787691s
[ Info: iter=18497 obj=4.2097544138041355e7 pinf=1.0698885364311203e7 (5449) dinf=0.0 (0) time=41.71856766s
[ Info: iter=18817 obj=4.240025238325837e7 pinf=1.2067402155525511e7 (5457) dinf=0.0 (0) time=42.978122142s
[ Info: iter=19137 obj=4.262830851584494e7 pinf=634153.3132896918 (5220) dinf=0.0 (0) time=44.255637821s
[ Info: iter=19457 obj=4.2678055429232776e7 pinf=6.1392677049974315e6 (5272) dinf=0.0 (0) time=45.622436784s
[ Info: iter=19777 obj=4.28151309109418e7 pinf=4.838873312433996e6 (5391) dinf=0.0 (0) time=46.983233249s
[ Info: iter=20097 obj=4.308139130049344e7 pinf=898223.8264612919 (5296) dinf=0.0 (0) time=48.515485164s
[ Info: iter=20417 obj=4.31254486747273e7 pinf=709366.2799439384 (5383) dinf=0.0 (0) time=49.983784753s
[ Info: iter=20737 obj=4.315118499965316e7 pinf=291754.7914859047 (5155) dinf=0.0 (0) time=51.235053044s
[ Info: iter=21057 obj=4.3261968005378015e7 pinf=2.0848191952329683e6 (5456) dinf=0.0 (0) time=52.542566835s
[ Info: iter=21377 obj=4.3618906487064704e7 pinf=7.911017442090951e6 (5475) dinf=0.0 (0) time=53.888888025s
[ Info: iter=21697 obj=4.366681006969069e7 pinf=2.6021673354319874e6 (5461) dinf=0.0 (0) time=55.262191915s
[ Info: iter=22017 obj=4.4078654038970836e7 pinf=5.575605331455876e6 (5530) dinf=0.0 (0) time=56.52000296s
[ Info: iter=22337 obj=4.437271670524052e7 pinf=2.780422462476694e7 (5727) dinf=0.0 (0) time=57.885644222s
[ Info: iter=22657 obj=4.472503296783009e7 pinf=196874.11794435408 (5048) dinf=0.0 (0) time=59.286787079s
[ Info: iter=22977 obj=4.477344246841484e7 pinf=2.065854908981686e7 (5513) dinf=0.0 (0) time=60.726749833s
[ Info: iter=23297 obj=4.51785534163975e7 pinf=3.9492812872459833e6 (5206) dinf=0.0 (0) time=62.219740981s
[ Info: iter=23617 obj=4.530001936361058e7 pinf=461436.33438401815 (5030) dinf=0.0 (0) time=63.70778193s
[ Info: iter=23937 obj=4.582313714824441e7 pinf=710220.6949010212 (4914) dinf=0.0 (0) time=65.06331649s
[ Info: iter=24257 obj=4.5905088998938814e7 pinf=1.1991355052766425e6 (5079) dinf=0.0 (0) time=66.503079282s
[ Info: iter=24577 obj=4.636350531839992e7 pinf=1.2999586454115901e7 (5427) dinf=0.0 (0) time=67.876701175s
[ Info: iter=24897 obj=4.6731859698471196e7 pinf=802327.4382916724 (4883) dinf=0.0 (0) time=69.233985568s
[ Info: iter=25217 obj=4.6779143088163756e7 pinf=9.075295968453191e7 (5407) dinf=0.0 (0) time=70.891038259s
[ Info: iter=25537 obj=4.699156297080181e7 pinf=1.6687615995839844e7 (5252) dinf=0.0 (0) time=72.544650487s
[ Info: iter=25857 obj=4.747560518691714e7 pinf=1.2781811948641357e6 (4823) dinf=0.0 (0) time=74.117604398s
[ Info: iter=26177 obj=4.749879948424609e7 pinf=8.448337165212207e6 (5128) dinf=0.0 (0) time=75.918298726s
[ Info: iter=26497 obj=4.754050528891181e7 pinf=3.0244065088157028e7 (5121) dinf=0.0 (0) time=77.711262253s
[ Info: iter=26817 obj=4.778806757093404e7 pinf=1.5616390338062849e7 (4960) dinf=0.0 (0) time=79.342032468s
[ Info: iter=27137 obj=4.8086493477083236e7 pinf=297911.8623771329 (4543) dinf=0.0 (0) time=81.009674018s
[ Info: iter=27457 obj=4.834232140975886e7 pinf=1.40486105277297e6 (4775) dinf=0.0 (0) time=82.786158712s
[ Info: iter=27777 obj=4.851849206661427e7 pinf=2.130410917789875e6 (4965) dinf=0.0 (0) time=84.582501006s
[ Info: iter=28097 obj=4.857666851632061e7 pinf=778962.5406537398 (4721) dinf=0.0 (0) time=86.6271731s
[ Info: iter=28417 obj=4.863576699664564e7 pinf=1.080463143149682e6 (4833) dinf=0.0 (0) time=88.755165389s
[ Info: iter=28737 obj=4.8667155698528945e7 pinf=769364.1011023814 (4667) dinf=0.0 (0) time=90.898578271s
[ Info: iter=29057 obj=4.870773684340901e7 pinf=1.5179160747575932e6 (4925) dinf=0.0 (0) time=92.820118654s
[ Info: iter=29377 obj=4.8751084253370464e7 pinf=523985.54168617516 (4441) dinf=0.0 (0) time=95.056142535s
[ Info: iter=29697 obj=4.878466452277573e7 pinf=9.061204476813866e6 (4793) dinf=0.0 (0) time=96.950318621s
[ Info: iter=30017 obj=4.880148038549647e7 pinf=508767.9696953112 (4579) dinf=0.0 (0) time=99.298204109s
[ Info: iter=30337 obj=4.89506321096564e7 pinf=2.5314818612823584e6 (4615) dinf=0.0 (0) time=100.948445701s
[ Info: iter=30657 obj=4.9117103225274384e7 pinf=311742.2374495515 (4355) dinf=0.0 (0) time=102.769980492s
[ Info: iter=30977 obj=4.9140892946151e7 pinf=1.4217251028969015e6 (4472) dinf=0.0 (0) time=104.629167199s
[ Info: iter=31297 obj=4.931315903471731e7 pinf=1.6628351102032715e6 (4370) dinf=0.0 (0) time=106.449756151s
[ Info: iter=31617 obj=4.937861074842548e7 pinf=2.0371868445640925e7 (4458) dinf=0.0 (0) time=108.792473517s
[ Info: iter=31937 obj=4.9457585089637786e7 pinf=2.5020400073667088e9 (4834) dinf=0.0 (0) time=110.963451078s
[ Info: iter=32257 obj=4.951081666071819e7 pinf=6.044644981488365e7 (4940) dinf=0.0 (0) time=113.080846313s
[ Info: iter=32577 obj=4.965386564574864e7 pinf=4.253425194756224e6 (4717) dinf=0.0 (0) time=115.010122317s
[ Info: iter=32897 obj=4.9725011500765845e7 pinf=2.553996592861837e6 (4728) dinf=0.0 (0) time=116.815411321s
[ Info: iter=33217 obj=4.975623375388033e7 pinf=3.7607296736161676e6 (4532) dinf=0.0 (0) time=118.965577626s
[ Info: iter=33537 obj=4.995206577570865e7 pinf=5.696336868722683e6 (4361) dinf=0.0 (0) time=120.831555827s
[ Info: iter=33857 obj=4.998014535905571e7 pinf=1.8850035498325166e6 (4061) dinf=0.0 (0) time=124.075720621s
[ Info: iter=34177 obj=5.0011868189706005e7 pinf=3.868490066714047e6 (4025) dinf=0.0 (0) time=125.974894117s
[ Info: iter=34497 obj=5.002202819095523e7 pinf=569004.375751802 (3945) dinf=0.0 (0) time=127.950273213s
[ Info: iter=34817 obj=5.003202461859639e7 pinf=1.2822008057037976e6 (4134) dinf=0.0 (0) time=130.060488006s
[ Info: iter=35137 obj=5.012106429354301e7 pinf=1.4689322152808404e7 (4736) dinf=0.0 (0) time=132.350195098s
[ Info: iter=35457 obj=5.0306074981386974e7 pinf=783978.6013045838 (4179) dinf=0.0 (0) time=134.370352291s
[ Info: iter=35777 obj=5.042717635760315e7 pinf=2.409221285289237e6 (4281) dinf=0.0 (0) time=137.097101784s
[ Info: iter=36097 obj=5.052174659750828e7 pinf=2.6544896931688064e6 (4047) dinf=0.0 (0) time=138.893027281s
[ Info: iter=36417 obj=5.056921328418701e7 pinf=2.617718041314871e7 (4431) dinf=0.0 (0) time=140.965889678s
[ Info: iter=36737 obj=5.05802668038366e7 pinf=2.1833332174424594e6 (4394) dinf=0.0 (0) time=143.235545875s
[ Info: iter=37057 obj=5.0620053532500155e7 pinf=2.9954968945620363e6 (3973) dinf=0.0 (0) time=145.545213073s
[ Info: iter=37377 obj=5.0638613970139325e7 pinf=9.81376396972e6 (4269) dinf=0.0 (0) time=147.927605071s
[ Info: iter=37697 obj=5.065349307786731e7 pinf=2.308869875161671e6 (3744) dinf=0.0 (0) time=150.22553207s
[ Info: iter=38017 obj=5.072786719013485e7 pinf=1.2096280274808137e7 (4074) dinf=0.0 (0) time=152.562951168s
[ Info: iter=38337 obj=5.079537653011006e7 pinf=1.1463512561267845e7 (4300) dinf=0.0 (0) time=154.950557963s
[ Info: iter=38657 obj=5.0830587199215524e7 pinf=489516.62845767714 (3594) dinf=0.0 (0) time=157.625592158s
[ Info: iter=38977 obj=5.083589451490253e7 pinf=1.2670120335661988e6 (3905) dinf=0.0 (0) time=160.004332853s
[ Info: iter=39297 obj=5.0843760419535786e7 pinf=3.5726269821992414e6 (3954) dinf=0.0 (0) time=162.167388261s
[ Info: iter=39617 obj=5.0852006906017035e7 pinf=3.2880208511073347e6 (4156) dinf=0.0 (0) time=164.602024572s
[ Info: iter=39937 obj=5.090596312823447e7 pinf=3.2285992682880047e6 (4137) dinf=0.0 (0) time=166.928305382s
[ Info: iter=40257 obj=5.097814765709871e7 pinf=1.1334644516315442e6 (3794) dinf=0.0 (0) time=168.999776904s
[ Info: iter=40577 obj=5.10317104664731e7 pinf=1.8238925981318452e6 (3709) dinf=0.0 (0) time=170.962929846s
[ Info: iter=40897 obj=5.10660594100716e7 pinf=1.1098853235425362e6 (3305) dinf=1.0009954317009026e-7 (1) time=173.219234795s
[ Info: iter=41217 obj=5.107876158483843e7 pinf=259088.3219071967 (3187) dinf=0.0 (0) time=176.092400456s
[ Info: iter=41537 obj=5.109651815184931e7 pinf=2.4822057736943547e7 (3927) dinf=0.0 (0) time=178.686791868s
[ Info: iter=41857 obj=5.111092872688292e7 pinf=1.747059761881282e6 (3498) dinf=0.0 (0) time=181.651856679s
[ Info: iter=42177 obj=5.111611995536045e7 pinf=318652.2221872086 (3253) dinf=0.0 (0) time=184.400485087s
[ Info: iter=42497 obj=5.1124398961011186e7 pinf=390447.8452327143 (3166) dinf=0.0 (0) time=186.67324718s
[ Info: iter=42817 obj=5.115729462027355e7 pinf=235154.84552423435 (3090) dinf=0.0 (0) time=188.724529774s
[ Info: iter=43137 obj=5.115974652470055e7 pinf=244034.05024935593 (2933) dinf=0.0 (0) time=191.249726666s
[ Info: iter=43457 obj=5.11949641576341e7 pinf=146835.4956181567 (2801) dinf=0.0 (0) time=193.235642573s
[ Info: iter=43777 obj=5.119768294531726e7 pinf=473073.93814569537 (2986) dinf=0.0 (0) time=195.7641571s
[ Info: iter=44097 obj=5.1200403046885364e7 pinf=1.5179640889209271e6 (3452) dinf=0.0 (0) time=197.840749422s
[ Info: iter=44417 obj=5.120217836993113e7 pinf=1.2662415396459543e6 (3447) dinf=0.0 (0) time=200.805465244s
[ Info: iter=44737 obj=5.120606136853698e7 pinf=987576.9689225128 (3537) dinf=0.0 (0) time=203.262288327s
[ Info: iter=45057 obj=5.1267459613999054e7 pinf=964342.6305645528 (3141) dinf=0.0 (0) time=205.236174514s
[ Info: iter=45377 obj=5.126994251976894e7 pinf=133508.12766114087 (2541) dinf=0.0 (0) time=207.646318298s
[ Info: iter=45697 obj=5.13358670987157e7 pinf=143531.45433078046 (2513) dinf=0.0 (0) time=209.572425897s
[ Info: iter=46017 obj=5.133791391071482e7 pinf=238345.90924289098 (2401) dinf=0.0 (0) time=212.321774204s
[ Info: iter=46337 obj=5.134071904439947e7 pinf=392950.6136351249 (2812) dinf=0.0 (0) time=214.631367711s
[ Info: iter=46657 obj=5.134182724491052e7 pinf=267559.9559000589 (2666) dinf=0.0 (0) time=217.31200538s
[ Info: iter=46977 obj=5.1342760168074116e7 pinf=240981.29639484725 (2631) dinf=0.0 (0) time=219.774746839s
[ Info: iter=47297 obj=5.134454288678038e7 pinf=295363.73226755625 (2494) dinf=0.0 (0) time=221.988182182s
[ Info: iter=47617 obj=5.1347177395992786e7 pinf=3.9413410686599663e6 (2942) dinf=0.0 (0) time=224.482482034s
[ Info: iter=47937 obj=5.13586686934005e7 pinf=4.165135000547798e6 (3112) dinf=0.0 (0) time=227.18591065s
[ Info: iter=48257 obj=5.1361298364024274e7 pinf=289708.0647420978 (1955) dinf=0.0 (0) time=230.233560167s
[ Info: iter=48577 obj=5.1362849496954866e7 pinf=335837.6882014531 (2136) dinf=0.0 (0) time=232.53692538s
[ Info: iter=48897 obj=5.136841893608833e7 pinf=29922.590365137366 (1871) dinf=0.0 (0) time=234.946691096s
[ Info: iter=49217 obj=5.1388175167590626e7 pinf=1.0854143310106539e6 (2664) dinf=0.0 (0) time=236.887291508s
[ Info: iter=49537 obj=5.1400326894729115e7 pinf=53534.89504028183 (1725) dinf=0.0 (0) time=239.159798223s
[ Info: iter=49857 obj=5.140151961924631e7 pinf=21744.20046840865 (1630) dinf=0.0 (0) time=241.625298926s
[ Info: iter=50177 obj=5.1411293745914385e7 pinf=79310.26732041904 (1730) dinf=0.0 (0) time=243.535413819s
[ Info: iter=50497 obj=5.1413446483949706e7 pinf=61059.268217714685 (1503) dinf=0.0 (0) time=245.82457891s
[ Info: iter=50817 obj=5.142002511926553e7 pinf=57164.369097918585 (1362) dinf=0.0 (0) time=247.882252502s
[ Info: iter=51137 obj=5.142040619823032e7 pinf=24183.019042549728 (1042) dinf=0.0 (0) time=250.252607793s
[ Info: iter=51457 obj=5.142196314823807e7 pinf=81730.99090694998 (1387) dinf=0.0 (0) time=252.462445484s
[ Info: iter=51777 obj=5.142425708828841e7 pinf=4293.962464561636 (945) dinf=0.0 (0) time=254.588362675s
[ Info: iter=52097 obj=5.142489396285367e7 pinf=2156.0409230322707 (767) dinf=0.0 (0) time=256.552328968s
[ Info: iter=52417 obj=5.142562319559306e7 pinf=1.8377687325793934 (481) dinf=0.0 (0) time=258.307420464s
[ Info: iter=52737 obj=5.1425691646708935e7 pinf=0.001453170592154095 (154) dinf=0.0 (0) time=259.479048562s
[ Info: iter=52819 obj=5.142569176210443e7 pinf=0.0 (0) dinf=2.5932641409141376e-6 (19) time=259.723733162s
[ Info: Starting primal cleanup after restoring original costs
[ Info: Starting postsolve cleanup on original LP
[ Info: iter=52823 obj=5.232726652131501e7 pinf=3.495403216908631e6 (2303) dinf=1.8453814497849888e6 (1331) time=260.71014866s
[ Info: iter=52823 obj=5.142569176210421e7 pinf=0.0 (0) dinf=1.683266027062289e6 (1135) time=261.286294258s
[ Info: Projected postsolve basis: exchanges=361
[ Info: Starting primal postsolve cleanup from feasible basis
[ Info: iter=52903 obj=5.142569176210421e7 pinf=0.0 (0) dinf=1.4401743047500742e6 (1055) time=262.250338657s
[ Info: iter=52983 obj=5.142569176210421e7 pinf=0.0 (0) dinf=1.2823259118351464e6 (976) time=262.811374456s
[ Info: iter=53063 obj=5.142569176210421e7 pinf=0.0 (0) dinf=1.1960214518640812e6 (913) time=263.420569754s
[ Info: iter=53143 obj=5.142569176210422e7 pinf=0.0 (0) dinf=985846.1300647357 (833) time=264.117230953s
[ Info: iter=53223 obj=5.142569176210421e7 pinf=0.0 (0) dinf=838366.1895643182 (750) time=264.828116848s
[ Info: iter=53303 obj=5.142569176210421e7 pinf=0.0 (0) dinf=726834.153316206 (679) time=265.578318541s
[ Info: iter=53383 obj=5.142569176210423e7 pinf=0.0 (0) dinf=596114.9002611293 (587) time=266.279074734s
[ Info: iter=53463 obj=5.142569176210421e7 pinf=0.0 (0) dinf=267224.1042412088 (509) time=266.980240527s
[ Info: iter=53543 obj=5.142569176210423e7 pinf=0.0 (0) dinf=165639.34260600412 (430) time=267.675654921s
[ Info: iter=53623 obj=5.142569176210424e7 pinf=0.0 (0) dinf=124431.62727847612 (368) time=268.351609314s
[ Info: iter=53703 obj=5.142569176210422e7 pinf=0.0 (0) dinf=85320.92644643155 (305) time=269.006564208s
[ Info: iter=53783 obj=5.142569176210421e7 pinf=0.0 (0) dinf=48460.71357027156 (222) time=269.704795501s
[ Info: iter=53863 obj=5.142569176210421e7 pinf=0.0 (0) dinf=23736.711908741025 (164) time=270.392380794s
[ Info: iter=53943 obj=5.142569176210423e7 pinf=0.0 (0) dinf=6858.955452187113 (85) time=271.103230087s
[ Info: Solve finished: status=OPTIMAL objective=5.142569176210421e7 iterations=54018 time=271.740719681s
Dict{String, Any}("kernel_seconds" => Dict("pricing" => 13.888137098, "refactorization" => 3.753016689, "ftran" => 60.767614636, "btran" => 79.490625883), "basis_update" => "pfi", "peak_rss" => 0x000000007add8000, "counts" => Dict("certification" => 2, "phase_primal" => 1, "phase_dual" => 1, "correction_attempt" => 8287, "perturbation" => 1, "correction" => 8282, "phase_auxiliary" => 1, "pricing_scanned_entries" => 1611029924, "bound_flipped" => 19159, "refactor_other" => 4, "pivot_completed" => 54018, "pricing_full_scan" => 54021, "pricing" => 54021, "refactor_initial" => 2, "restore_perturbations" => 1, "pricing_scored_entries" => 223222963, "refactor_limit" => 283, "pivot_proposed" => 54019, "phase_cleanup" => 1), "input" => "/home/jspitz/mps/runtime.mps", "interval" => 80, "outer_seconds" => 271.752989881, "objective" => 5.142569176210421e7, "input_sha256" => "d0ac16e1a52a7d3411cbac28616bba9d3beb0c0edbdb2d72ab0477ce075f6c68", "refactorizations" => 291, "seconds" => 271.740719681, "allocated_bytes" => 13597385936, "julia" => "1.13.0", "algorithm" => "dual", "iterations" => 54018, "original_primal_certified" => true, "status" => "OPTIMAL", "message" => "optimal solution found")
