[ Info: Loaded problem: rows=43021 columns=47148 nnz=277210
[ Info: Starting presolve
[ Info: After presolve: rows=28453 columns=31615 nnz=211789
[ Info: iter=80 obj=-77795.80768288011 pinf=246.1482611475381 (370) dinf=0.0 (0) time=4.4152194s
[ Info: iter=160 obj=-12567.36562365837 pinf=125.28552036200347 (292) dinf=0.0 (0) time=4.9710549s
[ Info: iter=240 obj=-817.3518407489901 pinf=22.679308522596607 (156) dinf=0.0 (0) time=5.5360647s
[ Info: iter=257 obj=-7.509524188788395e6 pinf=383149.01107378054 (3089) dinf=36998.32632978309 (226) time=5.6673283s
[ Info: iter=337 obj=-7.808027941838834e6 pinf=109599.0643979763 (3016) dinf=0.0 (0) time=5.9866756s
[ Info: iter=417 obj=-2.2853844035067065e6 pinf=60074.314304500804 (2933) dinf=0.0 (0) time=6.2729508s
[ Info: iter=497 obj=-535050.3445318134 pinf=52318.74765579776 (2940) dinf=0.0 (0) time=6.5758578s
[ Info: iter=577 obj=122084.08133958356 pinf=44372.84416298015 (2928) dinf=0.0 (0) time=6.8972819s
[ Info: iter=657 obj=665290.614742882 pinf=45840.522811359355 (3079) dinf=0.0 (0) time=7.2242842s
[ Info: iter=737 obj=1.8908270646782801e6 pinf=60594.25151593979 (3177) dinf=0.0 (0) time=7.5408737s
[ Info: iter=817 obj=2.6006339619362243e6 pinf=152338.4060224421 (3267) dinf=0.0 (0) time=7.8566529s
[ Info: iter=897 obj=2.741492033293909e6 pinf=57088.53359569183 (3281) dinf=0.0 (0) time=8.1712441s
[ Info: iter=977 obj=3.304762128348941e6 pinf=172910.36290866788 (3349) dinf=0.0 (0) time=8.5590217s
[ Info: iter=1057 obj=3.9895145082986318e6 pinf=494439.04020485777 (3493) dinf=0.0 (0) time=8.8893407s
[ Info: iter=1137 obj=3.9895145082986318e6 pinf=2.7696799195705175e7 (3499) dinf=0.0 (0) time=9.1839131s
[ Info: iter=1217 obj=4.216797364094874e6 pinf=1.4388493592380902e7 (3512) dinf=0.0 (0) time=9.537842s
[ Info: iter=1297 obj=4.418463838288044e6 pinf=1.4364037945397766e7 (3551) dinf=0.0 (0) time=10.0022902s
[ Info: iter=1377 obj=5.131245404771424e6 pinf=1.3860797178324604e7 (3601) dinf=0.0 (0) time=10.3668156s
[ Info: iter=1457 obj=5.508565195418397e6 pinf=1.3849658313609116e7 (3642) dinf=0.0 (0) time=10.7272411s
[ Info: iter=1537 obj=5.650127452335321e6 pinf=1.3845594393469209e7 (3699) dinf=0.0 (0) time=11.0868915s
[ Info: iter=1617 obj=5.966472529704994e6 pinf=1.3852967888952764e7 (3750) dinf=0.0 (0) time=11.4728181s
[ Info: iter=1697 obj=6.186621459604796e6 pinf=1.3855414621329539e7 (3763) dinf=0.0 (0) time=11.8454775s
[ Info: iter=1777 obj=6.197253384476757e6 pinf=1.3883230578259774e7 (3806) dinf=0.0 (0) time=12.2036273s
[ Info: iter=1857 obj=6.354697895342247e6 pinf=1.3913867221049752e7 (3829) dinf=0.0 (0) time=12.5960989s
[ Info: iter=1937 obj=6.721783424357637e6 pinf=1.3848317638695635e7 (3854) dinf=0.0 (0) time=12.9607647s
[ Info: iter=2017 obj=6.721783424357637e6 pinf=1.384169867534926e7 (3871) dinf=0.0 (0) time=13.35324s
[ Info: iter=2097 obj=6.778589130298213e6 pinf=1.3840898140769515e7 (3881) dinf=0.0 (0) time=13.7614842s
[ Info: iter=2177 obj=6.796097457755278e6 pinf=1.3846202187411383e7 (3902) dinf=0.0 (0) time=14.1851193s
[ Info: iter=2257 obj=6.841357357232649e6 pinf=6.258294830288873e6 (3930) dinf=0.0 (0) time=14.5984832s
[ Info: iter=2337 obj=6.877151090978749e6 pinf=6.261630815521206e6 (3955) dinf=0.0 (0) time=14.9951874s
[ Info: iter=2417 obj=7.0229024800204225e6 pinf=6.279262447014211e6 (3978) dinf=0.0 (0) time=15.4171701s
[ Info: iter=2497 obj=7.080809680248857e6 pinf=6.27035341012357e6 (4011) dinf=0.0 (0) time=15.8229868s
[ Info: iter=2577 obj=7.082708124668491e6 pinf=6.266568605606371e6 (4026) dinf=0.0 (0) time=16.2627368s
[ Info: iter=2657 obj=7.0952871454158155e6 pinf=6.298903263251416e6 (4059) dinf=0.0 (0) time=16.664315s
[ Info: iter=2737 obj=7.188116233767616e6 pinf=6.299324178846548e6 (4072) dinf=0.0 (0) time=17.0830007s
[ Info: iter=2817 obj=7.30537699912202e6 pinf=6.305743218317122e6 (4091) dinf=0.0 (0) time=17.4887807s
[ Info: iter=2897 obj=7.499034259989283e6 pinf=635118.4641578137 (4077) dinf=0.0 (0) time=18.508211s
[ Info: iter=2977 obj=7.973244039120987e6 pinf=66896.8271498739 (4054) dinf=0.0 (0) time=18.8986634s
[ Info: iter=3057 obj=8.139862015230728e6 pinf=99010.85619607536 (4065) dinf=0.0 (0) time=19.3384066s
[ Info: iter=3137 obj=8.222077940288039e6 pinf=4.174585175078149e6 (4065) dinf=0.0 (0) time=19.9359672s
[ Info: iter=3217 obj=8.370227495618505e6 pinf=52033.342852862464 (4124) dinf=0.0 (0) time=20.3410227s
[ Info: iter=3297 obj=8.478778764786322e6 pinf=54259.14654173679 (4158) dinf=0.0 (0) time=20.7529909s
[ Info: iter=3377 obj=8.547934364872959e6 pinf=83601.60424602048 (4166) dinf=0.0 (0) time=21.1816158s
[ Info: iter=3457 obj=8.780928088804502e6 pinf=48594.15179651413 (4131) dinf=0.0 (0) time=21.6082816s
[ Info: iter=3537 obj=9.097984945912123e6 pinf=80940.96964027917 (4130) dinf=0.0 (0) time=22.0705637s
[ Info: iter=3617 obj=9.235183835995885e6 pinf=56194.323835830495 (4142) dinf=0.0 (0) time=22.5017835s
[ Info: iter=3697 obj=9.739084471971814e6 pinf=204880.63151597173 (4190) dinf=0.0 (0) time=22.9554501s
[ Info: iter=3777 obj=1.0346152434327753e7 pinf=47886.160361710616 (4192) dinf=0.0 (0) time=23.3919105s
[ Info: iter=3857 obj=1.046948901513384e7 pinf=97737.2342095504 (4250) dinf=0.0 (0) time=23.8499829s
[ Info: iter=3937 obj=1.0641687686976071e7 pinf=51673.974927827076 (4289) dinf=0.0 (0) time=24.3337378s
[ Info: iter=4017 obj=1.0809302751918102e7 pinf=43553.829028918255 (4250) dinf=0.0 (0) time=24.8175645s
[ Info: iter=4097 obj=1.0833140235759642e7 pinf=42215.41568209859 (4270) dinf=0.0 (0) time=25.2876251s
[ Info: iter=4177 obj=1.0932338772194408e7 pinf=177121.943882527 (4295) dinf=0.0 (0) time=25.7677849s
[ Info: iter=4257 obj=1.0978859763755463e7 pinf=51502.06885569387 (4270) dinf=0.0 (0) time=26.2833338s
[ Info: iter=4337 obj=1.0999620037543021e7 pinf=336614.2072253514 (4295) dinf=0.0 (0) time=26.7672376s
[ Info: iter=4417 obj=1.101415882777125e7 pinf=39333.44833218962 (4317) dinf=0.0 (0) time=27.2576243s
[ Info: iter=4497 obj=1.1124602730042543e7 pinf=41564.33888355223 (4346) dinf=0.0 (0) time=27.7176223s
[ Info: iter=4577 obj=1.114056308362651e7 pinf=1.154418839373999e6 (4355) dinf=0.0 (0) time=28.1669492s
[ Info: iter=4657 obj=1.1165517255242266e7 pinf=398281.2728868884 (4391) dinf=0.0 (0) time=28.6811058s
[ Info: iter=4737 obj=1.1211580150332209e7 pinf=2.65485496381647e6 (4407) dinf=0.0 (0) time=29.1810158s
[ Info: iter=4817 obj=1.2915018425051298e7 pinf=44697.42240743744 (4415) dinf=0.0 (0) time=29.6507369s
[ Info: iter=4897 obj=1.4935644076746838e7 pinf=42838.76216064203 (4442) dinf=0.0 (0) time=30.1358536s
[ Info: iter=4977 obj=1.5379428590977985e7 pinf=45673.36171030107 (4451) dinf=0.0 (0) time=30.6597539s
[ Info: iter=5057 obj=1.5473389547823798e7 pinf=40368.45419825483 (4485) dinf=0.0 (0) time=31.2058174s
[ Info: iter=5137 obj=1.6045651326705176e7 pinf=45424.48938383375 (4496) dinf=0.0 (0) time=31.7054777s
[ Info: iter=5217 obj=1.759625567103168e7 pinf=123301.77568696256 (4491) dinf=0.0 (0) time=32.1886962s
[ Info: iter=5297 obj=1.8205673254537918e7 pinf=52055.04798258548 (4501) dinf=0.0 (0) time=32.7572102s
[ Info: iter=5377 obj=1.8420506824863303e7 pinf=41082.082447338114 (4497) dinf=0.0 (0) time=33.2751774s
[ Info: iter=5457 obj=1.902412119356497e7 pinf=3.262296974429465e6 (4511) dinf=0.0 (0) time=33.8495919s
[ Info: iter=5537 obj=1.9635192648762062e7 pinf=37186.68850667391 (4512) dinf=0.0 (0) time=34.3948953s
[ Info: iter=5617 obj=1.9679167903475776e7 pinf=37763.08439465356 (4524) dinf=0.0 (0) time=34.9588905s
[ Info: iter=5697 obj=1.9745735038302585e7 pinf=53683.421752533606 (4579) dinf=0.0 (0) time=35.4988033s
[ Info: iter=5777 obj=2.0055994339279238e7 pinf=43803.87085384923 (4580) dinf=0.0 (0) time=36.0474044s
[ Info: iter=5857 obj=2.0072487654355377e7 pinf=37977.31310467226 (4566) dinf=0.0 (0) time=36.6419862s
[ Info: iter=5937 obj=2.01748486387445e7 pinf=205853.61142152187 (4596) dinf=0.0 (0) time=37.1677487s
[ Info: iter=6017 obj=2.0196281949125055e7 pinf=42247.667189240296 (4634) dinf=0.0 (0) time=37.7483102s
[ Info: iter=6097 obj=2.0334156410102554e7 pinf=40351.12512699892 (4631) dinf=0.0 (0) time=38.3359861s
[ Info: iter=6177 obj=2.0710891480928224e7 pinf=36456.72970594637 (4681) dinf=0.0 (0) time=38.8595103s
[ Info: iter=6257 obj=2.079553524073769e7 pinf=41274.32533326211 (4679) dinf=0.0 (0) time=39.3955648s
[ Info: iter=6337 obj=2.122209534187276e7 pinf=39910.23081441069 (4701) dinf=0.0 (0) time=39.9360826s
[ Info: iter=6417 obj=2.1372571273758873e7 pinf=55449.23735337106 (4710) dinf=0.0 (0) time=40.5184722s
[ Info: iter=6497 obj=2.161329460217819e7 pinf=37196.97650762847 (4722) dinf=0.0 (0) time=41.0997105s
[ Info: iter=6577 obj=2.1689762841770187e7 pinf=323141.81373779185 (4813) dinf=0.0 (0) time=41.7737828s
[ Info: iter=6657 obj=2.1868464253725175e7 pinf=48102.19559773176 (4751) dinf=0.0 (0) time=42.3661326s
[ Info: iter=6737 obj=2.1917298856620945e7 pinf=34373.91203229696 (4786) dinf=0.0 (0) time=43.0539613s
[ Info: iter=6817 obj=2.200954046767697e7 pinf=41645.111906539045 (4766) dinf=0.0 (0) time=43.6462391s
[ Info: iter=6897 obj=2.207482407775853e7 pinf=129156.74908123112 (4775) dinf=0.0 (0) time=44.2433006s
[ Info: iter=6977 obj=2.21052263999637e7 pinf=42146.087387219595 (4751) dinf=0.0 (0) time=44.8399058s
[ Info: iter=7057 obj=2.220395859672318e7 pinf=83303.45490031649 (4763) dinf=0.0 (0) time=45.4148261s
[ Info: iter=7137 obj=2.2391642963199247e7 pinf=67756.1139954954 (4744) dinf=0.0 (0) time=45.9826995s
[ Info: iter=7217 obj=2.258235718241805e7 pinf=51589.03602830388 (4738) dinf=0.0 (0) time=46.6408024s
[ Info: iter=7297 obj=2.274730975215543e7 pinf=37174.80250253144 (4719) dinf=0.0 (0) time=47.3287786s
[ Info: iter=7377 obj=2.2800913130671512e7 pinf=37902.82237114297 (4733) dinf=0.0 (0) time=47.9705106s
[ Info: iter=7457 obj=2.3079893018563874e7 pinf=42321.50389750545 (4754) dinf=0.0 (0) time=48.5982738s
[ Info: iter=7537 obj=2.321307773645128e7 pinf=40086.70105375353 (4760) dinf=0.0 (0) time=49.2304216s
[ Info: iter=7617 obj=2.5541997827314124e7 pinf=33850.015213852304 (4829) dinf=0.0 (0) time=49.8300512s
[ Info: iter=7697 obj=2.559696191948309e7 pinf=33831.25260593784 (4857) dinf=0.0 (0) time=50.4981591s
[ Info: iter=7777 obj=2.5653607659411825e7 pinf=39515.25968088908 (4889) dinf=0.0 (0) time=51.0839638s
[ Info: iter=7857 obj=2.5827829669558525e7 pinf=89671.61177294879 (4941) dinf=0.0 (0) time=51.7232666s
[ Info: iter=7937 obj=2.623393232733655e7 pinf=30959.774342158824 (4975) dinf=0.0 (0) time=52.3950413s
[ Info: iter=8017 obj=2.636523335179002e7 pinf=98976.90519786396 (4958) dinf=0.0 (0) time=53.0052611s
[ Info: iter=8097 obj=2.6549449637039647e7 pinf=265447.6286275774 (5099) dinf=0.0 (0) time=53.6507272s
[ Info: iter=8177 obj=2.7260509762392696e7 pinf=35439.10451250346 (4992) dinf=0.0 (0) time=54.3651843s
[ Info: iter=8257 obj=2.774715976430061e7 pinf=82444.56567991426 (5016) dinf=0.0 (0) time=55.0999012s
[ Info: iter=8337 obj=2.79117160716135e7 pinf=84781.49905253534 (5067) dinf=0.0 (0) time=55.8697957s
[ Info: iter=8417 obj=2.7975564612360183e7 pinf=223069.10991993695 (5154) dinf=0.0 (0) time=56.5122113s
[ Info: iter=8497 obj=2.810393885834012e7 pinf=43463.19364451926 (5080) dinf=0.0 (0) time=57.2569162s
[ Info: iter=8577 obj=2.817753456324405e7 pinf=28115.767039101014 (5095) dinf=0.0 (0) time=57.9790999s
[ Info: iter=8657 obj=2.8284022989041064e7 pinf=33311.054809608984 (5097) dinf=0.0 (0) time=58.6759802s
[ Info: iter=8737 obj=2.8300891716728065e7 pinf=35965.521158088486 (5082) dinf=0.0 (0) time=59.3180404s
[ Info: iter=8817 obj=2.830918579844341e7 pinf=82911.21610205452 (5082) dinf=0.0 (0) time=59.9770595s
[ Info: iter=8897 obj=2.838414115863681e7 pinf=131103.87991034923 (5123) dinf=0.0 (0) time=60.649179s
[ Info: iter=8977 obj=2.8782225010403436e7 pinf=30184.841200046434 (5139) dinf=0.0 (0) time=61.3377006s
[ Info: iter=9057 obj=2.8880192750012226e7 pinf=28254.397575968873 (5089) dinf=0.0 (0) time=62.0052862s
[ Info: iter=9137 obj=2.9102985613774735e7 pinf=52629.843296333755 (5122) dinf=0.0 (0) time=62.6544131s
[ Info: iter=9217 obj=2.9461824239772327e7 pinf=166189.75491996226 (5183) dinf=0.0 (0) time=63.3879808s
[ Info: iter=9297 obj=2.9497918285924595e7 pinf=32484.041822169984 (5132) dinf=0.0 (0) time=64.1974735s
[ Info: iter=9377 obj=2.9519582125623684e7 pinf=48159.86476272483 (5068) dinf=0.0 (0) time=64.9111714s
[ Info: iter=9457 obj=2.95441757629928e7 pinf=42585.59609659158 (5090) dinf=0.0 (0) time=65.7479241s
[ Info: iter=9537 obj=2.9562739074894253e7 pinf=51861.533104184666 (5174) dinf=0.0 (0) time=66.4919206s
[ Info: iter=9617 obj=2.9576045249080263e7 pinf=36362.90539921323 (5164) dinf=0.0 (0) time=67.1549153s
[ Info: iter=9697 obj=2.960129812424021e7 pinf=51145.70770236012 (5184) dinf=0.0 (0) time=67.8411945s
[ Info: iter=9777 obj=2.9613877809277352e7 pinf=70392.54050680547 (5192) dinf=0.0 (0) time=68.4592679s
[ Info: iter=9857 obj=2.9620903032412056e7 pinf=28363.407105401537 (5172) dinf=0.0 (0) time=69.1426843s
[ Info: iter=9937 obj=2.9641796249492556e7 pinf=42673.6190872691 (5197) dinf=0.0 (0) time=69.897138s
[ Info: iter=10017 obj=2.9656155290769164e7 pinf=83045.2904688973 (5239) dinf=0.0 (0) time=70.6271868s
[ Info: iter=10097 obj=2.9668884301152993e7 pinf=133840.3701522149 (5317) dinf=0.0 (0) time=71.5912154s
[ Info: iter=10177 obj=2.968777724333754e7 pinf=702158.345614136 (5278) dinf=0.0 (0) time=72.3301709s
[ Info: iter=10257 obj=2.9696651567446627e7 pinf=143725.17826529258 (5251) dinf=0.0 (0) time=73.0254889s
[ Info: iter=10337 obj=2.9704506380653884e7 pinf=54475.29939632412 (5221) dinf=0.0 (0) time=73.7730011s
[ Info: iter=10417 obj=2.9712552104393855e7 pinf=103175.94586459716 (5305) dinf=0.0 (0) time=74.487028s
[ Info: iter=10497 obj=2.974833571982789e7 pinf=37643.382023553866 (5249) dinf=0.0 (0) time=75.2168314s
[ Info: iter=10577 obj=2.9763191518778417e7 pinf=52498.85229554163 (5240) dinf=0.0 (0) time=75.9142691s
[ Info: iter=10657 obj=2.9793190167103365e7 pinf=144230.6360824905 (5306) dinf=0.0 (0) time=76.6987016s
[ Info: iter=10737 obj=2.9823768493738987e7 pinf=152445.23690260565 (5361) dinf=0.0 (0) time=77.5430576s
[ Info: iter=10817 obj=2.9855256572176613e7 pinf=69697.68266489216 (5349) dinf=0.0 (0) time=78.5201957s
[ Info: iter=10897 obj=2.9870027197764665e7 pinf=115220.30977695328 (5418) dinf=0.0 (0) time=79.6244931s
[ Info: iter=10977 obj=2.9910964214459382e7 pinf=590913.0636247863 (5593) dinf=0.0 (0) time=80.7555433s
[ Info: iter=11057 obj=2.9930461922582433e7 pinf=276387.7678928073 (5520) dinf=0.0 (0) time=81.7550245s
[ Info: iter=11137 obj=2.9968657080665e7 pinf=133474.61542401896 (5408) dinf=0.0 (0) time=82.511036s
[ Info: iter=11217 obj=3.000416771434199e7 pinf=195253.22330095415 (5521) dinf=0.0 (0) time=83.4605881s
[ Info: iter=11297 obj=3.0040327915537365e7 pinf=70472.925874831 (5469) dinf=0.0 (0) time=84.395875s
[ Info: iter=11377 obj=3.0079387602224685e7 pinf=845405.7115560097 (5575) dinf=0.0 (0) time=85.2741383s
[ Info: iter=11457 obj=3.012442969982607e7 pinf=55325.9540531342 (5432) dinf=0.0 (0) time=86.2304946s
[ Info: iter=11537 obj=3.0131969151927892e7 pinf=285360.1413501576 (5529) dinf=0.0 (0) time=87.1182594s
[ Info: iter=11617 obj=3.01797500790273e7 pinf=67431.6638468378 (5434) dinf=0.0 (0) time=87.979201s
[ Info: iter=11697 obj=3.0203146096599e7 pinf=341840.21021477995 (5553) dinf=0.0 (0) time=89.0967509s
[ Info: iter=11777 obj=3.0245351702122524e7 pinf=262038.44664850805 (5496) dinf=0.0 (0) time=90.3190366s
[ Info: iter=11857 obj=3.0263082397555396e7 pinf=469431.24859241565 (5539) dinf=0.0 (0) time=91.3097134s
[ Info: iter=11937 obj=3.0272610102353193e7 pinf=421266.2059441399 (5544) dinf=0.0 (0) time=92.1863523s
[ Info: iter=12017 obj=3.029326938020681e7 pinf=84513.56639227433 (5472) dinf=0.0 (0) time=93.2047596s
[ Info: iter=12097 obj=3.030005619645489e7 pinf=472659.6028940888 (5527) dinf=0.0 (0) time=94.13824s
[ Info: iter=12177 obj=3.0324166322761185e7 pinf=69590.01491494341 (5455) dinf=0.0 (0) time=95.0197917s
[ Info: iter=12257 obj=3.0326473979320314e7 pinf=61231.23692050901 (5422) dinf=0.0 (0) time=95.937384s
[ Info: iter=12337 obj=3.0337446565327667e7 pinf=557449.0938063764 (5479) dinf=0.0 (0) time=96.9583014s
[ Info: iter=12417 obj=3.036391383376976e7 pinf=108274.56343408418 (5407) dinf=0.0 (0) time=97.9503069s
[ Info: iter=12497 obj=3.039385914544908e7 pinf=74609.99622379175 (5437) dinf=0.0 (0) time=98.9518028s
[ Info: iter=12577 obj=3.0396450850706812e7 pinf=126168.56595741499 (5524) dinf=0.0 (0) time=100.1227768s
[ Info: iter=12657 obj=3.0436724493854813e7 pinf=81086.04360387188 (5450) dinf=0.0 (0) time=101.1262552s
[ Info: iter=12737 obj=3.045614824904365e7 pinf=66972.51058400962 (5496) dinf=0.0 (0) time=102.2683997s
[ Info: iter=12817 obj=3.0471513200852323e7 pinf=63415.83173587974 (5417) dinf=0.0 (0) time=103.1197146s
[ Info: iter=12897 obj=3.0493966605563447e7 pinf=114487.46854462921 (5525) dinf=0.0 (0) time=104.2021183s
[ Info: iter=12977 obj=3.0516635272949595e7 pinf=45553.35293998693 (5480) dinf=0.0 (0) time=105.7027417s
[ Info: iter=13057 obj=3.0531575684383925e7 pinf=78385.80437722852 (5474) dinf=0.0 (0) time=106.7505444s
[ Info: iter=13137 obj=3.0554549095870867e7 pinf=42938.29121085525 (5460) dinf=0.0 (0) time=108.0527417s
[ Info: iter=13217 obj=3.0581404999863125e7 pinf=104221.94761070813 (5535) dinf=0.0 (0) time=109.4236266s
[ Info: iter=13297 obj=3.0968371355290394e7 pinf=256899.08894798587 (5576) dinf=0.0 (0) time=110.6222725s
[ Info: iter=13377 obj=3.1079797568118487e7 pinf=190263.9675235316 (5584) dinf=0.0 (0) time=112.1862068s
[ Info: iter=13457 obj=3.1138744699469868e7 pinf=94046.35289042753 (5552) dinf=0.0 (0) time=113.1901134s
[ Info: iter=13537 obj=3.1287574760806654e7 pinf=291273.3157832483 (5636) dinf=0.0 (0) time=114.2446866s
[ Info: iter=13617 obj=3.1568963913338147e7 pinf=182042.08430977113 (5680) dinf=0.0 (0) time=115.4819921s
[ Info: iter=13697 obj=3.1584886356230948e7 pinf=1.218014531975662e6 (5748) dinf=0.0 (0) time=116.5500068s
[ Info: iter=13777 obj=3.188532525710516e7 pinf=1.2584048385218587e6 (5840) dinf=0.0 (0) time=117.855168s
[ Info: iter=13857 obj=3.2830564399642475e7 pinf=102961.07979921509 (5562) dinf=0.0 (0) time=118.9198249s
[ Info: iter=13937 obj=3.312020105239221e7 pinf=92859.06747830429 (5574) dinf=0.0 (0) time=120.2354122s
[ Info: iter=14017 obj=3.5283195764878444e7 pinf=86856.4758858159 (5562) dinf=0.0 (0) time=121.2461507s
[ Info: iter=14097 obj=3.529066326169577e7 pinf=99559.34153223022 (5602) dinf=0.0 (0) time=122.5322615s
[ Info: iter=14177 obj=3.5303046326157674e7 pinf=297082.4081206399 (5673) dinf=0.0 (0) time=123.6177067s
[ Info: iter=14257 obj=3.5313908814373866e7 pinf=283627.101784261 (5614) dinf=0.0 (0) time=125.8655138s
[ Info: iter=14337 obj=3.552242322224738e7 pinf=348471.7430795381 (5600) dinf=0.0 (0) time=127.1124309s
[ Info: iter=14417 obj=3.5872265187852286e7 pinf=143560.60385381948 (5423) dinf=0.0 (0) time=128.1550067s
[ Info: iter=14497 obj=3.592521969136438e7 pinf=124060.64298762 (5549) dinf=0.0 (0) time=129.4171619s
[ Info: iter=14577 obj=3.594702964357898e7 pinf=221827.49994574217 (5608) dinf=0.0 (0) time=130.5120272s
[ Info: iter=14657 obj=3.597615322932391e7 pinf=2.1991537379735815e6 (5767) dinf=0.0 (0) time=131.7850774s
[ Info: iter=14737 obj=3.619758889551779e7 pinf=113414.9436601433 (5521) dinf=0.0 (0) time=132.9473355s
[ Info: iter=14817 obj=3.621102178860589e7 pinf=104548.06337280858 (5625) dinf=0.0 (0) time=134.2140961s
[ Info: iter=14897 obj=3.6222516979601204e7 pinf=82437.1925355749 (5512) dinf=0.0 (0) time=135.3059717s
[ Info: iter=14977 obj=3.6238102393589005e7 pinf=209877.74700746848 (5621) dinf=0.0 (0) time=136.6325841s
[ Info: iter=15057 obj=3.62521206998976e7 pinf=54357.470824311946 (5531) dinf=0.0 (0) time=138.0052027s
[ Info: iter=15137 obj=3.6283157466868415e7 pinf=35335.99098705353 (5484) dinf=0.0 (0) time=139.2385593s
[ Info: iter=15217 obj=3.6316739302223116e7 pinf=113779.40682351125 (5528) dinf=0.0 (0) time=140.4599904s
[ Info: iter=15297 obj=3.6411412176921144e7 pinf=288474.4323154805 (5613) dinf=0.0 (0) time=141.7023315s
[ Info: iter=15377 obj=3.651861523698665e7 pinf=538078.4810319876 (5604) dinf=0.0 (0) time=143.2645563s
[ Info: iter=15457 obj=3.654014305043982e7 pinf=952476.5077788418 (5643) dinf=0.0 (0) time=144.4346864s
[ Info: iter=15537 obj=3.655365199796752e7 pinf=480867.0267553597 (5637) dinf=0.0 (0) time=146.0034935s
[ Info: iter=15617 obj=3.656686950054744e7 pinf=2.3407863041660865e6 (5636) dinf=0.0 (0) time=147.1780349s
[ Info: iter=15697 obj=3.6582919434644386e7 pinf=3.5745458395783184e6 (5662) dinf=0.0 (0) time=148.4109762s
[ Info: iter=15777 obj=3.658871781847806e7 pinf=81669.05811127549 (5518) dinf=0.0 (0) time=149.714049s
[ Info: iter=15857 obj=3.6664514194101885e7 pinf=381247.68404170737 (5653) dinf=0.0 (0) time=151.060831s
[ Info: iter=15937 obj=3.674974069046248e7 pinf=884331.9184835859 (5763) dinf=0.0 (0) time=152.2159405s
[ Info: iter=16017 obj=3.6811826841993265e7 pinf=30834.866561664436 (5512) dinf=0.0 (0) time=153.2762091s
[ Info: iter=16097 obj=3.685755984661601e7 pinf=148166.05916163916 (5607) dinf=0.0 (0) time=154.763763s
[ Info: iter=16177 obj=3.689391047165838e7 pinf=358770.7017384442 (5685) dinf=0.0 (0) time=156.1308723s
[ Info: iter=16257 obj=3.6927047525818735e7 pinf=151049.4584983971 (5672) dinf=0.0 (0) time=157.2607143s
[ Info: iter=16337 obj=3.694035796992621e7 pinf=523389.65762707894 (5870) dinf=0.0 (0) time=158.715229s
[ Info: iter=16417 obj=3.6953029855941124e7 pinf=626172.6017363892 (5833) dinf=0.0 (0) time=160.5065127s
[ Info: iter=16497 obj=3.698581626040129e7 pinf=90175.0615793978 (5621) dinf=0.0 (0) time=161.9046084s
[ Info: iter=16577 obj=3.7032951527702026e7 pinf=96828.83662088502 (5747) dinf=0.0 (0) time=163.4400628s
[ Info: iter=16657 obj=3.742198885596607e7 pinf=165872.81791401102 (5640) dinf=0.0 (0) time=164.8584675s
[ Info: iter=16737 obj=3.7561525195731185e7 pinf=615196.7432020593 (5825) dinf=0.0 (0) time=166.3709125s
[ Info: iter=16817 obj=3.776928759018625e7 pinf=1.080536142957513e6 (5862) dinf=0.0 (0) time=168.0050941s
[ Info: iter=16897 obj=3.779298881936062e7 pinf=4.0814124921227023e6 (5870) dinf=0.0 (0) time=169.6853778s
[ Info: iter=16977 obj=3.780540155113659e7 pinf=573572.8607565198 (5710) dinf=0.0 (0) time=171.2717724s
[ Info: iter=17057 obj=3.782154810210999e7 pinf=684495.5124962509 (5675) dinf=0.0 (0) time=172.9699413s
[ Info: iter=17137 obj=3.782472784692223e7 pinf=414128.075911038 (5602) dinf=0.0 (0) time=174.5551366s
[ Info: iter=17217 obj=3.78293745484111e7 pinf=378102.9357056025 (5601) dinf=0.0 (0) time=176.5493832s
[ Info: iter=17297 obj=3.832153369234295e7 pinf=663264.595807237 (5780) dinf=0.0 (0) time=177.8805461s
[ Info: iter=17377 obj=3.853585514272982e7 pinf=74240.2954848547 (5538) dinf=0.0 (0) time=179.237259s
[ Info: iter=17457 obj=3.856791488663683e7 pinf=6.147788399595445e6 (5841) dinf=0.0 (0) time=181.0457973s
[ Info: iter=17537 obj=3.8601246568337634e7 pinf=8.538380513181495e6 (5989) dinf=0.0 (0) time=183.0803416s
[ Info: iter=17617 obj=3.8663338773443125e7 pinf=395935.9063368149 (5675) dinf=0.0 (0) time=184.9789277s
[ Info: iter=17697 obj=3.867251522975314e7 pinf=140544.85788406394 (5551) dinf=0.0 (0) time=186.7498574s
[ Info: iter=17777 obj=3.8688256868340634e7 pinf=351031.27321733074 (5467) dinf=0.0 (0) time=188.8195431s
[ Info: iter=17857 obj=3.87143334920674e7 pinf=1.5018109917673285e6 (5741) dinf=0.0 (0) time=190.6558925s
[ Info: iter=17937 obj=3.883480750254442e7 pinf=102471.37115264588 (5558) dinf=0.0 (0) time=192.186677s
[ Info: iter=18017 obj=3.894091253353247e7 pinf=77857.92683587725 (5589) dinf=0.0 (0) time=193.6901803s
[ Info: iter=18097 obj=3.937978444458619e7 pinf=102360.50737618354 (5484) dinf=0.0 (0) time=195.009211s
[ Info: iter=18177 obj=3.941329838432438e7 pinf=1.3126428807453193e7 (5863) dinf=0.0 (0) time=196.9153077s
[ Info: iter=18257 obj=3.962725827341152e7 pinf=52221.33221677832 (5438) dinf=0.0 (0) time=198.4371089s
[ Info: iter=18337 obj=3.964379778264217e7 pinf=153719.71790114444 (5539) dinf=0.0 (0) time=200.3449521s
[ Info: iter=18417 obj=3.9660232784342505e7 pinf=875386.1302082908 (5505) dinf=0.0 (0) time=202.1117212s
[ Info: iter=18497 obj=3.96649540159344e7 pinf=44626.88198915347 (5430) dinf=0.0 (0) time=204.1591986s
[ Info: iter=18577 obj=3.967074566304829e7 pinf=88290.22033585941 (5532) dinf=0.0 (0) time=205.821122s
[ Info: iter=18657 obj=3.967746449563527e7 pinf=43439.66615699939 (5407) dinf=0.0 (0) time=207.5696606s
[ Info: iter=18737 obj=3.968582173631095e7 pinf=59038.1004198903 (5483) dinf=0.0 (0) time=209.5427044s
[ Info: iter=18817 obj=3.9691971890579484e7 pinf=214670.61325791906 (5615) dinf=0.0 (0) time=211.475102s
[ Info: iter=18897 obj=3.97058257522384e7 pinf=34879.605661247246 (5385) dinf=0.0 (0) time=213.2068651s
[ Info: iter=18977 obj=3.9713729566437595e7 pinf=57927.021095869124 (5438) dinf=0.0 (0) time=214.8887542s
[ Info: iter=19057 obj=3.977416194023651e7 pinf=293844.64617965656 (5577) dinf=0.0 (0) time=216.5887876s
[ Info: iter=19137 obj=3.9781392923808746e7 pinf=2.315168658833322e6 (5650) dinf=0.0 (0) time=218.1707897s
[ Info: iter=19217 obj=3.980581425147475e7 pinf=174087.29337977662 (5581) dinf=0.0 (0) time=219.8279038s
[ Info: iter=19297 obj=3.982400163274522e7 pinf=373303.1730603154 (5468) dinf=0.0 (0) time=221.5751156s
[ Info: iter=19377 obj=3.988601005161389e7 pinf=446570.2256335627 (5478) dinf=0.0 (0) time=223.1574863s
[ Info: iter=19537 obj=3.990931577598996e7 pinf=98177.40072939632 (5544) dinf=0.0 (0) time=228.6497843s
[ Info: iter=19697 obj=4.0165994304780476e7 pinf=293901.2524268683 (5728) dinf=0.0 (0) time=234.0275637s
[ Info: iter=19857 obj=4.052688571764504e7 pinf=885984.2615113872 (5599) dinf=0.0 (0) time=240.8015602s
[ Info: iter=20017 obj=4.0567317591430165e7 pinf=344707.8921016404 (5561) dinf=0.0 (0) time=247.4755767s
[ Info: iter=20177 obj=4.062712340381444e7 pinf=957597.7563294284 (5705) dinf=0.0 (0) time=252.517631s
[ Info: iter=20337 obj=4.0973669682854705e7 pinf=2.6508082104083546e6 (5776) dinf=0.0 (0) time=257.4702424s
[ Info: iter=20497 obj=4.100326330378122e7 pinf=229595.08632954975 (5537) dinf=0.0 (0) time=262.7712039s
[ Info: iter=20657 obj=4.1018746054253906e7 pinf=776062.8227942565 (5673) dinf=0.0 (0) time=268.4458923s
[ Info: iter=20817 obj=4.124268334967017e7 pinf=2.627892278119447e7 (5853) dinf=0.0 (0) time=273.4012109s
[ Info: iter=20977 obj=4.148246720593055e7 pinf=110816.52102908176 (5261) dinf=0.0 (0) time=278.2926775s
[ Info: iter=21137 obj=4.1648687765789375e7 pinf=791898.9606165572 (5523) dinf=0.0 (0) time=284.1207426s
[ Info: iter=21297 obj=4.1697186869213924e7 pinf=1.8322697221529665e6 (5596) dinf=0.0 (0) time=289.3370638s
[ Info: iter=21457 obj=4.174109172646989e7 pinf=428551.8055341978 (5463) dinf=0.0 (0) time=294.3308016s
[ Info: iter=21617 obj=4.175392477096158e7 pinf=593404.2134615299 (5475) dinf=0.0 (0) time=300.5291249s
[ Info: iter=21777 obj=4.179831392821527e7 pinf=1.7263448726402264e7 (5519) dinf=0.0 (0) time=307.3114773s
[ Info: iter=21937 obj=4.181933257045143e7 pinf=1.129276733904101e6 (5596) dinf=0.0 (0) time=314.064887s
[ Info: iter=22097 obj=4.183057878536249e7 pinf=538513.3636601927 (5392) dinf=0.0 (0) time=320.7256921s
[ Info: iter=22257 obj=4.187150068485454e7 pinf=1.3351282973887646e6 (5559) dinf=0.0 (0) time=328.1421323s
[ Info: iter=22417 obj=4.187958834486135e7 pinf=1.1966214946820902e7 (5318) dinf=0.0 (0) time=334.4446958s
[ Info: iter=22577 obj=4.188733570272793e7 pinf=186145.6327158009 (5298) dinf=0.0 (0) time=341.753655s
[ Info: iter=22737 obj=4.1900102156452775e7 pinf=4.259450611303245e6 (5561) dinf=0.0 (0) time=348.7463358s
[ Info: iter=22897 obj=4.19317411412614e7 pinf=1.302201978353747e7 (5666) dinf=0.0 (0) time=355.867015s
[ Info: iter=23057 obj=4.2410243767474234e7 pinf=1.127380211870826e7 (5602) dinf=0.0 (0) time=362.054758s
[ Info: iter=23217 obj=4.27384279367633e7 pinf=1.3389410964881398e6 (5425) dinf=0.0 (0) time=367.7961888s
[ Info: iter=23377 obj=4.300784762653491e7 pinf=241087.3151589229 (5212) dinf=0.0 (0) time=374.2571467s
[ Info: iter=23537 obj=4.302396542579632e7 pinf=418720.53230118414 (5254) dinf=0.0 (0) time=382.2975507s
[ Info: iter=23697 obj=4.304017302219348e7 pinf=424005.3236531573 (5263) dinf=0.0 (0) time=389.7740554s
[ Info: iter=23857 obj=4.3069231896947965e7 pinf=1.1946792756238662e7 (5589) dinf=0.0 (0) time=396.873426s
[ Info: iter=24017 obj=4.307773294372104e7 pinf=2.41048073685879e7 (5465) dinf=0.0 (0) time=403.5444716s
[ Info: iter=24177 obj=4.309252212366532e7 pinf=9.549485839658805e8 (5497) dinf=0.0 (0) time=411.0127699s
[ Info: iter=24337 obj=4.311888577073954e7 pinf=4.574254886741551e6 (5495) dinf=0.0 (0) time=418.2996306s
[ Info: iter=24497 obj=4.315392037297158e7 pinf=4.0383700648310306e6 (5584) dinf=0.0 (0) time=425.2162583s
[ Info: iter=24657 obj=4.335886421616604e7 pinf=524294.7395228845 (5251) dinf=0.0 (0) time=431.7376812s
[ Info: iter=24817 obj=4.338339898993549e7 pinf=202935.72899507298 (5202) dinf=0.0 (0) time=439.1590398s
[ Info: iter=24977 obj=4.34106304608864e7 pinf=1.1178377307004943e6 (5615) dinf=0.0 (0) time=446.9816841s
[ Info: iter=25137 obj=4.345329727418393e7 pinf=8.23625995013163e7 (5830) dinf=0.0 (0) time=454.2903642s
[ Info: iter=25297 obj=4.364844045047189e7 pinf=2.665222066872383e7 (5620) dinf=0.0 (0) time=460.3417758s
[ Info: iter=25457 obj=4.370536864890322e7 pinf=970269.332457316 (5374) dinf=0.0 (0) time=468.0143274s
[ Info: iter=25617 obj=4.374640969217456e7 pinf=3.8582386579874265e6 (5171) dinf=0.0 (0) time=475.176555s
[ Info: iter=25777 obj=4.3779998165248014e7 pinf=1.0238726918685352e6 (5270) dinf=0.0 (0) time=482.2990847s
[ Info: iter=25937 obj=4.37956669799069e7 pinf=163661.98881079178 (4898) dinf=0.0 (0) time=490.5005296s
[ Info: iter=26097 obj=4.380548869839752e7 pinf=1.1127494345380623e7 (5172) dinf=0.0 (0) time=497.6265196s
[ Info: iter=26257 obj=4.381547923242577e7 pinf=2.8863436639816295e6 (5410) dinf=0.0 (0) time=505.3170901s
[ Info: iter=26417 obj=4.39779952947528e7 pinf=5.417324887445417e6 (5455) dinf=0.0 (0) time=512.0949038s
[ Info: iter=26577 obj=4.430931208772297e7 pinf=212344.85722564784 (5143) dinf=0.0 (0) time=518.2065572s
[ Info: iter=26737 obj=4.433693685683743e7 pinf=333710.24115317274 (5057) dinf=0.0 (0) time=526.1202079s
[ Info: iter=26897 obj=4.4376352093050726e7 pinf=222009.8916724692 (5021) dinf=0.0 (0) time=532.195786s
[ Info: iter=27057 obj=4.438569073649901e7 pinf=232194.25899679403 (5064) dinf=0.0 (0) time=539.6015597s
[ Info: iter=27217 obj=4.439671263914503e7 pinf=208135.2382146676 (4924) dinf=0.0 (0) time=546.4646884s
[ Info: iter=27377 obj=4.44209544282784e7 pinf=1.236495603655858e6 (4968) dinf=0.0 (0) time=554.5303822s
[ Info: iter=27537 obj=4.442409624557708e7 pinf=1.0686348492460842e6 (5110) dinf=0.0 (0) time=561.5997721s
[ Info: iter=27697 obj=4.457791221443452e7 pinf=1.2405237886043414e6 (5268) dinf=0.0 (0) time=567.6439132s
[ Info: iter=27857 obj=4.480990940822618e7 pinf=146597.93122728058 (4812) dinf=0.0 (0) time=572.7081074s
[ Info: iter=28017 obj=4.484675428465261e7 pinf=243791.45883527715 (4926) dinf=0.0 (0) time=580.2888601s
[ Info: iter=28177 obj=4.486599645465425e7 pinf=176764.2411558875 (4849) dinf=0.0 (0) time=586.9264874s
[ Info: iter=28337 obj=4.4921191459632814e7 pinf=240314.22252021445 (4965) dinf=0.0 (0) time=594.3113317s
[ Info: iter=28497 obj=4.508866110099874e7 pinf=849352.2862339197 (5172) dinf=0.0 (0) time=600.4730806s
[ Info: iter=28657 obj=4.516148664377995e7 pinf=3.9119323938643406e6 (5519) dinf=0.0 (0) time=606.6499869s
[ Info: iter=28817 obj=4.545924369647199e7 pinf=444726.0665246924 (4847) dinf=0.0 (0) time=612.5059203s
[ Info: iter=28977 obj=4.548132790206859e7 pinf=1.5875513168237018e6 (5228) dinf=0.0 (0) time=619.9241821s
[ Info: iter=29137 obj=4.550583490190263e7 pinf=328639.7581021233 (5052) dinf=0.0 (0) time=627.9849886s
[ Info: iter=29297 obj=4.553212364516894e7 pinf=3.458736052284751e6 (5466) dinf=0.0 (0) time=634.7676295s
[ Info: iter=29457 obj=4.562147322129705e7 pinf=1.169939582852217e6 (5266) dinf=0.0 (0) time=641.6427638s
[ Info: iter=29617 obj=4.563438721004642e7 pinf=231294.43303521516 (5012) dinf=0.0 (0) time=648.9740115s
[ Info: iter=29777 obj=4.564389594119055e7 pinf=4.601674380354243e6 (5587) dinf=0.0 (0) time=657.0210148s
[ Info: iter=29937 obj=4.56882498190425e7 pinf=2.2584329849705864e6 (5180) dinf=0.0 (0) time=663.2772933s
[ Info: iter=30097 obj=4.569466670055297e7 pinf=1.2672742775984857e7 (5493) dinf=0.0 (0) time=670.1198218s
[ Info: iter=30257 obj=4.59529983411301e7 pinf=4.0132776118433e7 (5328) dinf=0.0 (0) time=676.2867317s
[ Info: iter=30417 obj=4.599186392884046e7 pinf=8.993440377710955e7 (5446) dinf=0.0 (0) time=683.4592655s
[ Info: iter=30577 obj=4.6198231321448095e7 pinf=1.5629759902422568e6 (5023) dinf=0.0 (0) time=690.5995648s
[ Info: iter=30737 obj=4.621869541111835e7 pinf=2.0635280662904277e6 (5161) dinf=0.0 (0) time=698.6152564s
[ Info: iter=30897 obj=4.625740649914077e7 pinf=3.853721858836123e6 (5264) dinf=0.0 (0) time=706.432189s
[ Info: iter=31057 obj=4.63092411197178e7 pinf=4.277787461742676e6 (5098) dinf=0.0 (0) time=715.1664532s
[ Info: iter=31217 obj=4.64711851449577e7 pinf=2.0457188888822664e6 (4889) dinf=0.0 (0) time=722.743502s
[ Info: iter=31377 obj=4.654505843555452e7 pinf=1.4081682141683565e6 (5102) dinf=0.0 (0) time=731.1146255s
[ Info: iter=31537 obj=4.656145289286537e7 pinf=436680.23945319786 (4787) dinf=0.0 (0) time=739.7483061s
[ Info: iter=31697 obj=4.672456080830673e7 pinf=2.910502995811626e6 (5199) dinf=0.0 (0) time=747.3609364s
[ Info: iter=31857 obj=4.680419880956906e7 pinf=266701.15004940284 (4621) dinf=0.0 (0) time=753.8554472s
[ Info: iter=32017 obj=4.681737733538972e7 pinf=335116.19901994447 (4698) dinf=0.0 (0) time=762.7838901s
[ Info: iter=32177 obj=4.686953526122074e7 pinf=5.659965117082494e6 (5172) dinf=0.0 (0) time=770.2603714s
[ Info: iter=32337 obj=4.700001697538299e7 pinf=165528.43595050316 (4580) dinf=0.0 (0) time=778.038419s
[ Info: iter=32497 obj=4.701818550941272e7 pinf=499632.0050321475 (4944) dinf=0.0 (0) time=785.932295s
[ Info: iter=32657 obj=4.702714655511789e7 pinf=1.2167592508842468e7 (5150) dinf=0.0 (0) time=794.3103643s
[ Info: iter=32817 obj=4.71027204019952e7 pinf=187370.20392414115 (4579) dinf=0.0 (0) time=801.5945326s
[ Info: iter=32977 obj=4.712298428811641e7 pinf=6.034752979499573e6 (5070) dinf=0.0 (0) time=809.1458744s
[ Info: iter=33137 obj=4.720212973882665e7 pinf=213208.9898837624 (4529) dinf=0.0 (0) time=817.7961106s
[ Info: iter=33297 obj=4.7213837782823086e7 pinf=6.157382519775184e6 (4741) dinf=0.0 (0) time=826.265607s
[ Info: iter=33457 obj=4.7238363942889005e7 pinf=9.512933409812476e6 (4807) dinf=0.0 (0) time=834.6008418s
[ Info: iter=33617 obj=4.737495662846467e7 pinf=3.2204049135674494e6 (4743) dinf=0.0 (0) time=842.0454788s
[ Info: iter=33777 obj=4.737753727026548e7 pinf=1.317626395605147e6 (4637) dinf=0.0 (0) time=851.6773142s
[ Info: iter=33937 obj=4.738175864043828e7 pinf=140038.38250442568 (4404) dinf=0.0 (0) time=860.5590806s
[ Info: iter=34097 obj=4.738523412701745e7 pinf=582802.9631490353 (4745) dinf=0.0 (0) time=869.2666055s
[ Info: iter=34257 obj=4.738993935569081e7 pinf=420773.1691408112 (4549) dinf=0.0 (0) time=878.2212391s
[ Info: iter=34417 obj=4.7398871848445654e7 pinf=1.9357533383662384e6 (4632) dinf=0.0 (0) time=886.8719087s
[ Info: iter=34577 obj=4.7415583494094424e7 pinf=1.6713451451834718e7 (5131) dinf=0.0 (0) time=894.3151081s
[ Info: iter=34737 obj=4.742801612701335e7 pinf=3.7406039963218556e6 (4965) dinf=0.0 (0) time=901.5361351s
[ Info: iter=34897 obj=4.7479554957339965e7 pinf=3.071521433649443e6 (4925) dinf=0.0 (0) time=910.0972235s
[ Info: iter=35057 obj=4.7605623043195315e7 pinf=1.8924570687263806e6 (4854) dinf=0.0 (0) time=917.3956095s
[ Info: iter=35217 obj=4.76176796984328e7 pinf=2.0260465086262901e6 (4972) dinf=0.0 (0) time=926.6502685s
[ Info: iter=35377 obj=4.784575727571831e7 pinf=1.0780559919427843e6 (4747) dinf=0.0 (0) time=933.4833836s
[ Info: iter=35537 obj=4.786000400836153e7 pinf=2.7020227088661487e6 (5041) dinf=0.0 (0) time=943.4401388s
[ Info: iter=35697 obj=4.792582018630898e7 pinf=3.031705937765637e7 (5282) dinf=0.0 (0) time=952.2331447s
[ Info: iter=35857 obj=4.8158198248201035e7 pinf=7.798007670934212e6 (5007) dinf=0.0 (0) time=960.3942349s
[ Info: iter=36017 obj=4.836268618053015e7 pinf=3.477045755944592e7 (5039) dinf=0.0 (0) time=967.929279s
[ Info: iter=36177 obj=4.836884740215157e7 pinf=2.8110296086390946e7 (5092) dinf=0.0 (0) time=977.5465093s
[ Info: iter=36337 obj=4.842338082505975e7 pinf=1.6739194727457191e6 (4914) dinf=0.0 (0) time=985.9521609s
[ Info: iter=36497 obj=4.8427899460364066e7 pinf=256319.3663044883 (4407) dinf=0.0 (0) time=994.7258412s
[ Info: iter=36657 obj=4.843124389074302e7 pinf=2.3320024552206732e6 (4889) dinf=0.0 (0) time=1003.7318407s
[ Info: iter=36817 obj=4.8438406449451335e7 pinf=563308.1536454333 (4525) dinf=0.0 (0) time=1012.9229001s
[ Info: iter=36977 obj=4.844682839960745e7 pinf=719290.8566725437 (4570) dinf=0.0 (0) time=1021.6304922s
[ Info: iter=37137 obj=4.845815158960636e7 pinf=184681.7307508109 (4240) dinf=0.0 (0) time=1031.6214099s
[ Info: iter=37297 obj=4.846147172125708e7 pinf=1.0623583543997079e6 (4531) dinf=0.0 (0) time=1040.33875s
[ Info: iter=37457 obj=4.846795193543641e7 pinf=3.64181619914988e6 (4874) dinf=0.0 (0) time=1051.2008637s
[ Info: iter=37617 obj=4.848135086898283e7 pinf=280404.08000635076 (4386) dinf=0.0 (0) time=1060.1768612s
[ Info: iter=37777 obj=4.848647427683961e7 pinf=1.1688149239768938e6 (4449) dinf=0.0 (0) time=1069.087857s
[ Info: iter=37937 obj=4.8815907331608884e7 pinf=3.878219746020608e6 (4886) dinf=0.0 (0) time=1079.0282174s
[ Info: iter=38097 obj=4.885987481923363e7 pinf=276666.18744394236 (4386) dinf=0.0 (0) time=1088.1888055s
[ Info: iter=38257 obj=4.892868412949856e7 pinf=78309.84031010298 (3984) dinf=0.0 (0) time=1095.9555265s
[ Info: iter=38417 obj=4.897914442496327e7 pinf=1.204150414165908e6 (4604) dinf=0.0 (0) time=1104.1000726s
[ Info: iter=38577 obj=4.908383065119389e7 pinf=975732.7728943954 (4530) dinf=0.0 (0) time=1112.8702324s
[ Info: iter=38737 obj=4.91129792065527e7 pinf=371356.14427600836 (4109) dinf=0.0 (0) time=1121.5565408s
[ Info: iter=38897 obj=4.9128788315161996e7 pinf=1.8114840500177345e6 (4584) dinf=0.0 (0) time=1131.2387389s
[ Info: iter=39057 obj=4.913723912648753e7 pinf=1.6524184596034974e7 (4869) dinf=0.0 (0) time=1139.5655399s
[ Info: iter=39217 obj=4.926205007165146e7 pinf=442079.2242369215 (4102) dinf=0.0 (0) time=1147.3812914s
[ Info: iter=39377 obj=4.928417421922572e7 pinf=751039.6503738528 (4210) dinf=0.0 (0) time=1156.5397012s
[ Info: iter=39537 obj=4.933407620738847e7 pinf=2.3547303869014843e6 (4376) dinf=0.0 (0) time=1165.067295s
[ Info: iter=39697 obj=4.939361342466219e7 pinf=4.224489977441898e6 (4491) dinf=0.0 (0) time=1173.5079903s
[ Info: iter=39857 obj=4.947329623503145e7 pinf=9.554984143575992e6 (4664) dinf=0.0 (0) time=1181.1805804s
[ Info: iter=40017 obj=4.9477601580650665e7 pinf=384671.3877775692 (4069) dinf=0.0 (0) time=1190.2331403s
[ Info: iter=40177 obj=4.948509008973326e7 pinf=712840.0809805616 (4245) dinf=0.0 (0) time=1200.0118689s
[ Info: iter=40337 obj=4.9487325710726984e7 pinf=3.4972830271078455e6 (4154) dinf=0.0 (0) time=1210.1999243s
[ Info: iter=40497 obj=4.948934947952441e7 pinf=564586.6604017525 (4063) dinf=0.0 (0) time=1220.459088s
[ Info: iter=40657 obj=4.949518276183851e7 pinf=1.2110421863607466e6 (4084) dinf=0.0 (0) time=1230.2255991s
[ Info: iter=40817 obj=4.9497736592647515e7 pinf=148048.56647408058 (3920) dinf=0.0 (0) time=1240.0188295s
[ Info: iter=40977 obj=4.950017874899373e7 pinf=826136.5641168284 (4264) dinf=0.0 (0) time=1249.9823959s
[ Info: iter=41137 obj=4.950231121819099e7 pinf=266024.12299648224 (4007) dinf=0.0 (0) time=1258.4137634s
[ Info: iter=41297 obj=4.9509368092512116e7 pinf=259968.99546111532 (3867) dinf=0.0 (0) time=1268.013003s
[ Info: iter=41457 obj=4.9512077298516765e7 pinf=1.1583852947005741e6 (4532) dinf=0.0 (0) time=1276.9992744s
[ Info: iter=41617 obj=4.962437506936986e7 pinf=202966.45930236593 (3922) dinf=0.0 (0) time=1285.0648229s
[ Info: iter=41777 obj=4.966552382034566e7 pinf=835016.852887073 (4168) dinf=0.0 (0) time=1295.4543378s
[ Info: iter=41937 obj=4.975067838117072e7 pinf=437388.5125385362 (3956) dinf=0.0 (0) time=1305.0925353s
[ Info: iter=42097 obj=4.975600658723162e7 pinf=1.39692691419403e7 (4683) dinf=0.0 (0) time=1313.6856343s
[ Info: iter=42257 obj=4.989645366899359e7 pinf=1.6889310468477868e7 (4573) dinf=0.0 (0) time=1322.9424086s
[ Info: iter=42417 obj=5.007907553433159e7 pinf=879564.1573159038 (4162) dinf=0.0 (0) time=1330.9458153s
[ Info: iter=42577 obj=5.0086753356199406e7 pinf=236920.07271700978 (3770) dinf=0.0 (0) time=1339.1897318s
[ Info: iter=42737 obj=5.0088503273572594e7 pinf=332111.385186668 (3748) dinf=0.0 (0) time=1346.6010621s
[ Info: iter=42897 obj=5.009843764100206e7 pinf=3.579978292611818e6 (4280) dinf=0.0 (0) time=1354.2759126s
[ Info: iter=43057 obj=5.010038984180103e7 pinf=8.613564743518164e6 (3597) dinf=0.0 (0) time=1363.3784353s
[ Info: iter=43217 obj=5.010339888364808e7 pinf=192947.71772431314 (3531) dinf=0.0 (0) time=1371.9582882s
[ Info: iter=43377 obj=5.010490158869044e7 pinf=341606.92255093035 (3451) dinf=0.0 (0) time=1380.8618651s
[ Info: iter=43537 obj=5.010807145426994e7 pinf=169547.43323460143 (3390) dinf=0.0 (0) time=1389.9188143s
[ Info: iter=43697 obj=5.0145581081965186e7 pinf=1.2570829781866462e6 (3759) dinf=0.0 (0) time=1399.0063165s
[ Info: iter=43857 obj=5.0197376750320084e7 pinf=42260.81251422558 (3133) dinf=0.0 (0) time=1407.4107551s
[ Info: iter=44017 obj=5.027611290291181e7 pinf=5.038175312982359e6 (4003) dinf=0.0 (0) time=1416.0806508s
[ Info: iter=44177 obj=5.0296397461972184e7 pinf=856628.9089373178 (3662) dinf=0.0 (0) time=1424.0573136s
[ Info: iter=44337 obj=5.0329010043731555e7 pinf=948956.3419319902 (3714) dinf=0.0 (0) time=1432.9593009s
[ Info: iter=44497 obj=5.038691740797164e7 pinf=2.8397846097352947e6 (4106) dinf=0.0 (0) time=1442.1259354s
[ Info: iter=44657 obj=5.0461579700107954e7 pinf=136383.229969359 (3342) dinf=0.0 (0) time=1449.8907754s
[ Info: iter=44817 obj=5.046786007446984e7 pinf=217594.91242815298 (3386) dinf=0.0 (0) time=1458.82576s
[ Info: iter=44977 obj=5.04687800200111e7 pinf=190932.49226215825 (3350) dinf=0.0 (0) time=1467.2777895s
[ Info: iter=45137 obj=5.047088475498438e7 pinf=324988.1776923711 (3456) dinf=0.0 (0) time=1476.1503176s
[ Info: iter=45297 obj=5.047603558197646e7 pinf=4.501191964336301e6 (3744) dinf=0.0 (0) time=1485.7855415s
[ Info: iter=45457 obj=5.052114786037114e7 pinf=46619.650601615045 (2998) dinf=0.0 (0) time=1494.4878769s
[ Info: iter=45617 obj=5.0529651280150294e7 pinf=38110.61451119998 (2968) dinf=0.0 (0) time=1504.4112565s
[ Info: iter=45777 obj=5.053147799470987e7 pinf=679169.0371994043 (3564) dinf=0.0 (0) time=1514.1426193s
[ Info: iter=45937 obj=5.0584726575898856e7 pinf=59586.19931209922 (3053) dinf=0.0 (0) time=1522.6827333s
[ Info: iter=46097 obj=5.059966413902217e7 pinf=779653.23863362 (3688) dinf=0.0 (0) time=1531.9253747s
[ Info: iter=46257 obj=5.062213274987893e7 pinf=21257.74966740788 (2813) dinf=0.0 (0) time=1541.6547488s
[ Info: iter=46417 obj=5.0671657654944144e7 pinf=137812.85781300886 (3197) dinf=0.0 (0) time=1550.5491996s
[ Info: iter=46577 obj=5.0753143950854935e7 pinf=78875.54699860797 (2789) dinf=0.0 (0) time=1559.0489295s
[ Info: iter=46737 obj=5.077436007302919e7 pinf=51356.55094534427 (2791) dinf=0.0 (0) time=1566.6422841s
[ Info: iter=46897 obj=5.07778243009132e7 pinf=295429.3293332996 (3006) dinf=0.0 (0) time=1575.7350465s
[ Info: iter=47057 obj=5.0790142844558e7 pinf=376310.982597233 (3220) dinf=0.0 (0) time=1585.3904398s
[ Info: iter=47217 obj=5.08503991406906e7 pinf=5.761739018793498e6 (3658) dinf=0.0 (0) time=1594.195356s
[ Info: iter=47377 obj=5.085592588008319e7 pinf=693966.5275224473 (3432) dinf=0.0 (0) time=1603.3229062s
[ Info: iter=47537 obj=5.0904222833137296e7 pinf=883153.5544425551 (3689) dinf=0.0 (0) time=1611.8071917s
[ Info: iter=47697 obj=5.095193911448294e7 pinf=218592.67277881945 (3263) dinf=0.0 (0) time=1620.1575135s
[ Info: iter=47857 obj=5.096358211046489e7 pinf=236653.44356025648 (3060) dinf=0.0 (0) time=1629.7368701s
[ Info: iter=48017 obj=5.097087836543402e7 pinf=104110.48892889118 (2922) dinf=0.0 (0) time=1639.4372941s
[ Info: iter=48177 obj=5.0975207099472925e7 pinf=816537.9659364263 (3266) dinf=0.0 (0) time=1648.3007034s
[ Info: iter=48337 obj=5.097723185900412e7 pinf=235681.01309015678 (3133) dinf=0.0 (0) time=1658.6793207s
[ Info: iter=48497 obj=5.097885040110263e7 pinf=570108.247317347 (3285) dinf=0.0 (0) time=1668.7458981s
[ Info: iter=48657 obj=5.098159727066493e7 pinf=18787.615863578725 (2429) dinf=0.0 (0) time=1678.0306904s
[ Info: iter=48817 obj=5.098439547444779e7 pinf=208856.89312913062 (2790) dinf=0.0 (0) time=1686.7263448s
[ Info: iter=48977 obj=5.099293558342276e7 pinf=58564.04241726415 (2403) dinf=0.0 (0) time=1695.5212113s
[ Info: iter=49137 obj=5.099521101548311e7 pinf=29524.122970430915 (2541) dinf=0.0 (0) time=1704.8812691s
[ Info: iter=49297 obj=5.102135813735044e7 pinf=175025.55789140775 (2910) dinf=0.0 (0) time=1713.1074648s
[ Info: iter=49457 obj=5.10408629907508e7 pinf=53711.04785116814 (2602) dinf=0.0 (0) time=1721.7094455s
[ Info: iter=49617 obj=5.104314075192754e7 pinf=1.1283452517389618e6 (3133) dinf=0.0 (0) time=1729.7395877s
[ Info: iter=49777 obj=5.1046862325500995e7 pinf=156204.32150762738 (2997) dinf=0.0 (0) time=1739.8650269s
[ Info: iter=49937 obj=5.106415894556693e7 pinf=65783.78378106665 (2700) dinf=0.0 (0) time=1748.6475532s
[ Info: iter=50097 obj=5.10945532688248e7 pinf=5109.8865807103 (2098) dinf=0.0 (0) time=1756.4222697s
[ Info: iter=50257 obj=5.109623583355029e7 pinf=572572.1278518005 (3103) dinf=0.0 (0) time=1765.5346066s
[ Info: iter=50417 obj=5.110982608112653e7 pinf=254401.32906708313 (2722) dinf=0.0 (0) time=1773.8201421s
[ Info: iter=50577 obj=5.111130824183348e7 pinf=552077.9896583077 (3125) dinf=0.0 (0) time=1782.7315817s
[ Info: iter=50737 obj=5.111600006238422e7 pinf=18218.389390529344 (2218) dinf=0.0 (0) time=1792.5001202s
[ Info: iter=50897 obj=5.111955536854568e7 pinf=3.2791021657401063e6 (3393) dinf=0.0 (0) time=1801.89451s
[ Info: iter=51057 obj=5.1161285242147885e7 pinf=177250.74090172336 (2463) dinf=0.0 (0) time=1810.1608095s
[ Info: iter=51217 obj=5.1208492549997546e7 pinf=73889.6516996363 (2247) dinf=0.0 (0) time=1818.2674425s
[ Info: iter=51377 obj=5.1223222667852685e7 pinf=165263.15958676723 (2567) dinf=0.0 (0) time=1827.2089061s
[ Info: iter=51537 obj=5.125372613727065e7 pinf=104530.63580111055 (2242) dinf=0.0 (0) time=1834.9916918s
[ Info: iter=51697 obj=5.1257283677803025e7 pinf=43350.20179985625 (1970) dinf=0.0 (0) time=1843.5278317s
[ Info: iter=51857 obj=5.125800349395673e7 pinf=874563.231998392 (2528) dinf=0.0 (0) time=1852.2517264s
[ Info: iter=52017 obj=5.127145103399325e7 pinf=65476.719813995485 (2012) dinf=0.0 (0) time=1861.2430464s
[ Info: iter=52177 obj=5.1277652625207834e7 pinf=9.623084357966527e6 (3264) dinf=0.0 (0) time=1869.8016178s
[ Info: iter=52337 obj=5.129758275877923e7 pinf=58482.22414822867 (1961) dinf=0.0 (0) time=1877.7265036s
[ Info: iter=52497 obj=5.1298279096620865e7 pinf=477765.12784537213 (2314) dinf=0.0 (0) time=1886.9967547s
[ Info: iter=52657 obj=5.1325842188285545e7 pinf=39351.02447266026 (1781) dinf=0.0 (0) time=1895.3153134s
[ Info: iter=52817 obj=5.135660100733829e7 pinf=30022.25948170244 (1541) dinf=0.0 (0) time=1903.8978263s
[ Info: iter=52977 obj=5.135808203536067e7 pinf=288248.0394199967 (1830) dinf=0.0 (0) time=1912.8135914s
[ Info: iter=53137 obj=5.136058773547566e7 pinf=1.758099505607426e6 (2447) dinf=0.0 (0) time=1921.3686096s
[ Info: iter=53297 obj=5.136762918066971e7 pinf=33386.05696470722 (1650) dinf=0.0 (0) time=1929.6623282s
[ Info: iter=53457 obj=5.13686744331895e7 pinf=13967.166484187997 (1402) dinf=0.0 (0) time=1937.6862008s
[ Info: iter=53617 obj=5.137324241529535e7 pinf=104847.54048450303 (1724) dinf=0.0 (0) time=1946.6352202s
[ Info: iter=53777 obj=5.1390044156928696e7 pinf=19306.710217314932 (1416) dinf=0.0 (0) time=1954.0123203s
[ Info: iter=53937 obj=5.139657040052925e7 pinf=6.656603085867989e6 (2471) dinf=0.0 (0) time=1963.3200463s
[ Info: iter=54097 obj=5.140336775521699e7 pinf=197743.81889769866 (1902) dinf=0.0 (0) time=1973.3258967s
[ Info: iter=54257 obj=5.1403807726840444e7 pinf=3440.607415881532 (1182) dinf=0.0 (0) time=1982.4017685s
[ Info: iter=54417 obj=5.1405372302616976e7 pinf=181.08960793758135 (909) dinf=0.0 (0) time=1991.1235541s
[ Info: iter=54577 obj=5.1411477105420254e7 pinf=5255.425983158868 (1033) dinf=0.0 (0) time=2000.4191511s
[ Info: iter=54737 obj=5.141678813931463e7 pinf=6156.982931749976 (1069) dinf=0.0 (0) time=2009.1428435s
[ Info: iter=54897 obj=5.141832972228019e7 pinf=4514.325619156478 (975) dinf=0.0 (0) time=2017.0369136s
[ Info: iter=55057 obj=5.142390648134937e7 pinf=4699.168189538386 (965) dinf=0.0 (0) time=2025.6541743s
[ Info: iter=55217 obj=5.142411853563262e7 pinf=91756.22379208978 (682) dinf=0.0 (0) time=2034.5955487s
[ Info: iter=55377 obj=5.1424159048122585e7 pinf=1723.2484684557223 (641) dinf=0.0 (0) time=2042.4131572s
[ Info: iter=55537 obj=5.142544151108942e7 pinf=82.58767196952962 (484) dinf=0.0 (0) time=2050.857349s
[ Info: iter=55697 obj=5.142568732021471e7 pinf=0.014805974729167998 (373) dinf=0.0 (0) time=2057.5680686s
[ Info: iter=55857 obj=5.142569057136411e7 pinf=0.0037299467378927036 (201) dinf=0.0 (0) time=2060.1479834s
[ Info: iter=56004 obj=5.1425691762097925e7 pinf=0.0 (0) dinf=1.830835970640219e-6 (14) time=2063.2132997s
[ Info: Starting primal cleanup after restoring original costs
[ Info: Starting postsolve cleanup on original LP
[ Info: iter=56008 obj=5.2372991891996026e7 pinf=3.4148157913570306e6 (2257) dinf=1.9009871452618379e6 (1338) time=2064.7920779s
[ Info: iter=56008 obj=5.142569176209944e7 pinf=0.0 (0) dinf=1.693423949135745e6 (1116) time=2071.5255967s
[ Info: iter=56008 obj=5.2372991891996026e7 pinf=3.4148157913570306e6 (2257) dinf=1.9009871452618379e6 (1338) time=2071.6081628s
[ Info: iter=56088 obj=-1.3613833156078984e6 pinf=3.4531427300472767e6 (11953) dinf=0.0 (0) time=2074.3991197s
[ Info: iter=56168 obj=-1.2599895148339276e6 pinf=1.4168184716765503e6 (11639) dinf=0.0 (0) time=2077.2119243s
[ Info: iter=56248 obj=-1.2352542361143415e6 pinf=1.4190761320086927e6 (11855) dinf=0.0 (0) time=2080.1294369s
[ Info: iter=56328 obj=-1.1868690536323402e6 pinf=1.8294667340633809e6 (12077) dinf=0.0 (0) time=2083.3363789s
[ Info: iter=56408 obj=-1.1395481882405172e6 pinf=1.2718379907550183e6 (12599) dinf=0.0 (0) time=2086.3762954s
[ Info: iter=56488 obj=-1.1019226499353922e6 pinf=4.622232078366358e6 (12785) dinf=0.0 (0) time=2089.1925318s
[ Info: iter=56568 obj=-1.0422017915901489e6 pinf=967150.015421248 (13452) dinf=0.0 (0) time=2092.1530694s
[ Info: iter=56648 obj=-966471.9218817484 pinf=3.462007564874209e6 (14018) dinf=0.0 (0) time=2095.3106538s
[ Info: iter=56728 obj=-872945.800692986 pinf=2.466396838486296e6 (14344) dinf=0.0 (0) time=2098.486903s
[ Info: iter=56808 obj=-791994.4352181572 pinf=2.3351722121266844e6 (14558) dinf=0.0 (0) time=2101.8556568s
[ Info: iter=56888 obj=-761930.871387288 pinf=6.479624520433097e6 (14682) dinf=0.0 (0) time=2104.5109262s
[ Info: iter=56968 obj=-743880.4348525421 pinf=569611.3793284466 (14511) dinf=0.0 (0) time=2106.7201363s
[ Info: iter=57048 obj=-685682.2889823064 pinf=2.0136226484906452e6 (14530) dinf=0.0 (0) time=2109.4635238s
[ Info: iter=57128 obj=-642562.4478662052 pinf=793977.9905513808 (14623) dinf=0.0 (0) time=2112.6631312s
[ Info: iter=57208 obj=-586950.1579771328 pinf=300832.30164312816 (14728) dinf=0.0 (0) time=2115.679136s
[ Info: iter=57288 obj=-574165.6510970686 pinf=1.8622654181437762e6 (14868) dinf=0.0 (0) time=2118.1422393s
[ Info: iter=57368 obj=-533409.6530792515 pinf=263544.3656774965 (14842) dinf=0.0 (0) time=2121.2787179s
[ Info: iter=57448 obj=-473980.2929320979 pinf=522235.52549579303 (15105) dinf=0.0 (0) time=2124.4073771s
[ Info: iter=57528 obj=-440332.72718855436 pinf=148865.04520424196 (14913) dinf=0.0 (0) time=2127.4426699s
[ Info: iter=57608 obj=-416307.26521594246 pinf=132187.52786221553 (14990) dinf=0.0 (0) time=2129.9846724s
[ Info: iter=57688 obj=-396755.5005465726 pinf=330007.5162720549 (15030) dinf=0.0 (0) time=2132.6885057s
[ Info: iter=57768 obj=-371683.1339002781 pinf=133316.39427130745 (15043) dinf=0.0 (0) time=2135.4064022s
[ Info: iter=57848 obj=-352255.1185326765 pinf=122435.07466433661 (15150) dinf=0.0 (0) time=2137.7507489s
[ Info: iter=57928 obj=-342960.67236900463 pinf=38416.43119395729 (14973) dinf=0.0 (0) time=2140.3067655s
[ Info: iter=58008 obj=-326153.16873454704 pinf=29849.286926261964 (15006) dinf=0.0 (0) time=2143.0997659s
[ Info: iter=58088 obj=-324530.5208217206 pinf=44478.65628113879 (15107) dinf=0.0 (0) time=2145.2026316s
[ Info: iter=58168 obj=-316269.4353608354 pinf=35231.14227778797 (15175) dinf=0.0 (0) time=2147.6752523s
[ Info: iter=58248 obj=-308209.66332541197 pinf=21767.308728538435 (14979) dinf=0.0 (0) time=2149.844779s
[ Info: iter=58328 obj=-306590.9613243267 pinf=28640.000926767407 (14946) dinf=0.0 (0) time=2151.3148805s
[ Info: iter=58408 obj=-290703.9149703259 pinf=18841.65381976313 (14804) dinf=0.0 (0) time=2153.2209329s
[ Info: iter=58488 obj=-282735.151854938 pinf=17573.36223062413 (14677) dinf=0.0 (0) time=2155.0396332s
[ Info: iter=58568 obj=-277852.68526179 pinf=19979.404344837152 (14705) dinf=0.0 (0) time=2156.7240302s
[ Info: iter=58648 obj=-269625.24480632815 pinf=16386.612228049253 (14557) dinf=0.0 (0) time=2165.0542545s
[ Info: iter=58728 obj=-262254.6915527719 pinf=14836.807192139591 (14276) dinf=0.0 (0) time=2166.8961896s
[ Info: iter=58808 obj=-258807.700803157 pinf=21975.076910952237 (14322) dinf=0.0 (0) time=2168.4736962s
[ Info: iter=58888 obj=-247837.1227773327 pinf=15049.320544831804 (14145) dinf=0.0 (0) time=2170.278249s
[ Info: iter=58968 obj=-243253.23371672689 pinf=13171.185254640628 (14126) dinf=0.0 (0) time=2172.2234679s
[ Info: iter=59048 obj=-236350.1836581495 pinf=13852.030343761864 (13986) dinf=0.0 (0) time=2174.714662s
[ Info: iter=59128 obj=-235215.73762033947 pinf=11729.535668120612 (13785) dinf=0.0 (0) time=2177.1472764s
[ Info: iter=59208 obj=-229704.40066148827 pinf=12202.33221256484 (13883) dinf=0.0 (0) time=2179.5013844s
[ Info: iter=59288 obj=-220443.4621714326 pinf=18707.595668581806 (13725) dinf=0.0 (0) time=2182.1967947s
[ Info: iter=59368 obj=-217118.41927779195 pinf=14656.8120009749 (13515) dinf=0.0 (0) time=2184.8857796s
[ Info: iter=59448 obj=-213671.00717910466 pinf=11715.48097446694 (13546) dinf=0.0 (0) time=2187.7554099s
[ Info: iter=59528 obj=-203738.2051380023 pinf=13090.660262152263 (13448) dinf=0.0 (0) time=2190.0368743s
[ Info: iter=59608 obj=-200345.380796041 pinf=9999.317762071098 (13209) dinf=0.0 (0) time=2193.0594638s
[ Info: iter=59688 obj=-188374.75604861628 pinf=15066.0261870302 (13271) dinf=0.0 (0) time=2195.2631334s
[ Info: iter=59768 obj=-186801.7549491148 pinf=9642.310762351353 (13192) dinf=0.0 (0) time=2197.2234391s
[ Info: iter=59848 obj=-186334.5105754421 pinf=8817.902777725936 (13058) dinf=0.0 (0) time=2198.828455s
[ Info: iter=59928 obj=-181469.74128837057 pinf=8803.937745541083 (12838) dinf=0.0 (0) time=2200.4054475s
[ Info: iter=60008 obj=-178835.8320074178 pinf=8270.625687019448 (12819) dinf=0.0 (0) time=2202.3007778s
[ Info: iter=60088 obj=-178103.08585480318 pinf=8517.949016414674 (12828) dinf=0.0 (0) time=2204.0448066s
[ Info: iter=60168 obj=-174886.68767329364 pinf=26821.27095158084 (12871) dinf=0.0 (0) time=2205.7255887s
[ Info: iter=60248 obj=-167979.51376256562 pinf=8591.101415182593 (12775) dinf=0.0 (0) time=2207.6250625s
[ Info: iter=60328 obj=-165370.8297074325 pinf=8672.922291860898 (12642) dinf=0.0 (0) time=2209.3211154s
[ Info: iter=60408 obj=-157046.498566119 pinf=8541.95659742183 (12555) dinf=0.0 (0) time=2211.3961226s
[ Info: iter=60488 obj=-155871.182525956 pinf=10634.489374163495 (12572) dinf=0.0 (0) time=2213.6545914s
[ Info: iter=60568 obj=-155518.12422460323 pinf=7755.66966263737 (12578) dinf=0.0 (0) time=2215.890459s
[ Info: iter=60648 obj=-153589.70131137402 pinf=13940.494436120362 (12666) dinf=0.0 (0) time=2218.4387836s
[ Info: iter=60728 obj=-147779.67637599874 pinf=10484.415216064926 (12727) dinf=0.0 (0) time=2221.3216362s
[ Info: iter=60808 obj=-141619.35701733528 pinf=10570.519310619486 (12520) dinf=0.0 (0) time=2223.5244656s
[ Info: iter=60968 obj=-131257.90578557292 pinf=7369.457035207359 (12087) dinf=0.0 (0) time=2229.8492759s
[ Info: iter=61128 obj=-127601.99061285373 pinf=7581.5425847101815 (11867) dinf=0.0 (0) time=2236.2688594s
[ Info: iter=61288 obj=-125315.57908410605 pinf=6508.91760189748 (11817) dinf=0.0 (0) time=2243.6480241s
[ Info: iter=61448 obj=-118872.47876490474 pinf=8599.409060166017 (11750) dinf=0.0 (0) time=2250.3798503s
[ Info: iter=61608 obj=-113838.40403391013 pinf=7898.021391831195 (11621) dinf=0.0 (0) time=2257.2111426s
[ Info: iter=61768 obj=-111078.65770340593 pinf=5929.157763865917 (11383) dinf=0.0 (0) time=2263.6139676s
[ Info: iter=61928 obj=-107956.38555409866 pinf=5369.16556739524 (11194) dinf=0.0 (0) time=2271.7462738s
[ Info: iter=62088 obj=-92899.64793889929 pinf=6745.388474737193 (11026) dinf=0.0 (0) time=2279.4763437s
[ Info: iter=62248 obj=-87957.70804091202 pinf=6544.639618701912 (10803) dinf=0.0 (0) time=2285.5090144s
[ Info: iter=62408 obj=-83685.56025335212 pinf=5090.364578400741 (10556) dinf=0.0 (0) time=2291.5819252s
[ Info: iter=62568 obj=-80930.54032495808 pinf=6047.756538349855 (10475) dinf=0.0 (0) time=2298.8570784s
[ Info: iter=62728 obj=-74664.06477698106 pinf=7587.807762742536 (10426) dinf=0.0 (0) time=2306.1114508s
[ Info: iter=62888 obj=-71091.40106001162 pinf=5614.7293164960265 (10240) dinf=0.0 (0) time=2312.267108s
[ Info: iter=63048 obj=-69379.99630282681 pinf=4600.281987038624 (10192) dinf=0.0 (0) time=2320.4073957s
[ Info: iter=63208 obj=-68427.59690734193 pinf=3553.3999412767107 (9943) dinf=0.0 (0) time=2326.2644s
[ Info: iter=63368 obj=-66792.7169360627 pinf=8187.280535240367 (10052) dinf=0.0 (0) time=2334.8073456s
[ Info: iter=63528 obj=-65607.89284822308 pinf=8471.428621094014 (9913) dinf=0.0 (0) time=2342.4232242s
[ Info: iter=63688 obj=-62896.10054154991 pinf=3738.109341615187 (9724) dinf=0.0 (0) time=2348.129238s
[ Info: iter=63848 obj=-61954.649239591716 pinf=2763.7283230974504 (9391) dinf=0.0 (0) time=2357.019181s
[ Info: iter=64008 obj=-60622.90549289756 pinf=3033.4246906837952 (9226) dinf=0.0 (0) time=2363.4880935s
[ Info: iter=64168 obj=-59766.15341422123 pinf=2847.353619438331 (9107) dinf=0.0 (0) time=2372.8385476s
[ Info: iter=64328 obj=-57828.28345708976 pinf=2495.061389001961 (9056) dinf=0.0 (0) time=2379.5254563s
[ Info: iter=64488 obj=-56466.60858494615 pinf=2305.9838059460853 (8990) dinf=0.0 (0) time=2387.6732874s
[ Info: iter=64648 obj=-55687.6706521585 pinf=2824.9161179796033 (8788) dinf=0.0 (0) time=2395.9507272s
[ Info: iter=64808 obj=-51314.38297199976 pinf=1857.9235228444036 (8458) dinf=0.0 (0) time=2404.9322735s
[ Info: iter=64968 obj=-50222.1510528343 pinf=3822.3560172432435 (7993) dinf=0.0 (0) time=2411.807167s
[ Info: iter=65128 obj=-7836.9035566882785 pinf=1317.03701278817 (7855) dinf=0.0 (0) time=2420.3062461s
[ Info: iter=65288 obj=-5640.985335582619 pinf=2420.126135537127 (7767) dinf=0.0 (0) time=2428.2351261s
[ Info: iter=65448 obj=-4637.288597741215 pinf=1935.0621778768073 (7465) dinf=0.0 (0) time=2434.6830261s
[ Info: iter=65608 obj=-4183.53600927034 pinf=988.7160827623494 (6802) dinf=0.0 (0) time=2439.2887302s
[ Info: iter=65768 obj=-3425.422072395734 pinf=915.3646147616039 (6499) dinf=0.0 (0) time=2445.9922835s
[ Info: iter=65928 obj=-2568.684954647125 pinf=6285.4943968300695 (6345) dinf=0.0 (0) time=2453.8126511s
[ Info: iter=66088 obj=-1937.1303901643046 pinf=1139.3623917526402 (5697) dinf=0.0 (0) time=2459.9584576s
[ Info: iter=66408 obj=-1082.194790073622 pinf=564.2460197799126 (5002) dinf=0.0 (0) time=2480.9472525s
[ Info: iter=66728 obj=-678.1134007019065 pinf=648.1508610688055 (4611) dinf=0.0 (0) time=2508.1009235s
[ Info: iter=67048 obj=-447.0289758685735 pinf=280.57025023035015 (4582) dinf=0.0 (0) time=2545.7810527s
[ Info: iter=67368 obj=-198.5260599573719 pinf=7805.207729486175 (4452) dinf=0.0 (0) time=2581.8552475s
[ Info: iter=67688 obj=-102.79538812736635 pinf=1324.4575198820314 (4099) dinf=0.0 (0) time=2612.8210182s
[ Info: iter=68008 obj=-59.35413474516243 pinf=1083.969589230756 (4065) dinf=0.0 (0) time=2653.5124412s
[ Info: iter=68328 obj=-17.48563955757706 pinf=422.2590360613135 (3613) dinf=0.0 (0) time=2691.1727572s
[ Info: iter=68648 obj=-2.781104969979844 pinf=41.5437574427743 (3326) dinf=0.0 (0) time=2732.1577958s
[ Info: iter=68968 obj=-0.9317919235081646 pinf=133.64728232043382 (3239) dinf=0.0 (0) time=2774.5102555s
[ Info: iter=69288 obj=-0.5305558147202585 pinf=1.4079979639303264 (2993) dinf=0.0 (0) time=2807.471347s
[ Info: iter=69608 obj=-0.1751989182131215 pinf=43.227081190251205 (3340) dinf=0.0 (0) time=2843.3663515s
[ Info: iter=69928 obj=-0.09723682215044249 pinf=92.24202194948904 (3562) dinf=0.0 (0) time=2888.2326999s
[ Info: iter=70176 obj=3.8040870072215706e7 pinf=2.071788287614129e7 (6652) dinf=93370.80830368276 (812) time=2918.7240334s
[ Info: iter=70496 obj=3.8106059200664684e7 pinf=2.36060957352677e8 (6646) dinf=0.0 (0) time=2942.0468576s
[ Info: iter=70816 obj=4.047786798432935e7 pinf=1.6062414104197025e8 (6166) dinf=0.0 (0) time=2974.5022449s
[ Info: iter=71136 obj=4.191695617170441e7 pinf=4.2086113810674067e9 (6296) dinf=0.0 (0) time=3009.7374754s
[ Info: iter=71456 obj=4.264316439774215e7 pinf=1.1415925488540855e10 (6148) dinf=0.0 (0) time=3049.3223447s
[ Info: iter=71776 obj=4.295361361560617e7 pinf=2.791267192054519e9 (5890) dinf=0.0 (0) time=3095.2578484s
[ Info: iter=72096 obj=4.336825540850695e7 pinf=2.179148787009971e8 (5753) dinf=0.0 (0) time=3135.9189152s
[ Info: iter=72416 obj=4.387947665279961e7 pinf=4.5548749114851974e10 (5579) dinf=0.0 (0) time=3171.9406937s
[ Info: iter=72736 obj=4.404604652840519e7 pinf=7.150023051334563e9 (5578) dinf=0.0 (0) time=3214.0700052s
[ Info: iter=73056 obj=4.412238806333659e7 pinf=3.528711210312616e8 (5309) dinf=0.0 (0) time=3254.480373s
[ Info: iter=73376 obj=4.430918255721331e7 pinf=7.100170353541775e8 (5305) dinf=0.0 (0) time=3303.0650044s
[ Info: iter=73696 obj=4.443370463410354e7 pinf=1.0356218263078473e9 (5430) dinf=0.0 (0) time=3348.3369565s
[ Info: iter=74016 obj=4.478923643515492e7 pinf=1.385464810759449e8 (5294) dinf=0.0 (0) time=3390.540686s
[ Info: iter=74336 obj=4.496603644046006e7 pinf=1.170569295904345e9 (5362) dinf=0.0 (0) time=3434.267138s
[ Info: iter=74656 obj=4.527786203660519e7 pinf=1.4282242415885726e8 (5087) dinf=0.0 (0) time=3473.5097616s
[ Info: iter=74976 obj=4.54997136574987e7 pinf=7.753268192054476e8 (5471) dinf=0.0 (0) time=3512.7627684s
[ Info: iter=75296 obj=4.56345583442236e7 pinf=1.6995417257056463e9 (5240) dinf=0.0 (0) time=3551.4052239s
[ Info: iter=75616 obj=4.571085228707951e7 pinf=2.3333179998992402e7 (4876) dinf=0.0 (0) time=3592.1830385s
[ Info: iter=75936 obj=4.600312505970701e7 pinf=6.146815620054243e8 (5199) dinf=0.0 (0) time=3634.5223134s
[ Info: iter=76256 obj=4.609588561802885e7 pinf=3.736991723936867e8 (5308) dinf=0.0 (0) time=3682.1176625s
[ Info: iter=76576 obj=4.632425215073453e7 pinf=5.918607029684328e8 (5255) dinf=0.0 (0) time=3728.7159304s
[ Info: iter=76896 obj=4.649568807755901e7 pinf=1.4024453310409373e8 (4878) dinf=0.0 (0) time=3772.0789767s
[ Info: iter=77216 obj=4.660144075071418e7 pinf=1.5026476262085287e11 (5326) dinf=0.0 (0) time=3817.5629379s
[ Info: iter=77536 obj=4.672216056257345e7 pinf=2.756002516755316e10 (5264) dinf=0.0 (0) time=3873.5886411s
[ Info: iter=77856 obj=4.678117347500855e7 pinf=6.400121070990868e7 (4735) dinf=0.0 (0) time=3925.579043s
[ Info: iter=78176 obj=4.68682257210375e7 pinf=2.3537965341397345e8 (5019) dinf=0.0 (0) time=3968.6277948s
[ Info: iter=78496 obj=4.707675792878072e7 pinf=1.2247930591230929e8 (4760) dinf=0.0 (0) time=4012.7433203s
[ Info: iter=78816 obj=4.728270879941956e7 pinf=2.8815424915000945e7 (4891) dinf=0.0 (0) time=4055.1376375s
[ Info: iter=79136 obj=4.743068137320021e7 pinf=3.6624616091185495e7 (4622) dinf=0.0 (0) time=4097.6770897s
[ Info: iter=79456 obj=4.765908421957236e7 pinf=1.2862188880698643e9 (4784) dinf=0.0 (0) time=4142.0586101s
[ Info: iter=79776 obj=4.775467252838425e7 pinf=6.001670575018145e8 (4899) dinf=0.0 (0) time=4179.4306769s
[ Info: iter=80096 obj=4.785946430902299e7 pinf=8.58297124733924e7 (4428) dinf=0.0 (0) time=4218.1667684s
[ Info: iter=80416 obj=4.790736944399828e7 pinf=3.4038579109536976e7 (4653) dinf=0.0 (0) time=4261.7535594s
[ Info: iter=80736 obj=4.7952238382275626e7 pinf=8.156015155603448e6 (4534) dinf=0.0 (0) time=4313.1455684s
[ Info: iter=81056 obj=4.809749833160732e7 pinf=6.088220226323912e8 (4831) dinf=0.0 (0) time=4353.1518317s
[ Info: iter=81376 obj=4.81690139574115e7 pinf=2.9166779056342274e7 (4226) dinf=0.0 (0) time=4404.9072351s
[ Info: iter=81696 obj=4.8231925970821396e7 pinf=4.062320472317703e8 (5112) dinf=0.0 (0) time=4454.3650209s
[ Info: iter=82016 obj=4.8364954714538306e7 pinf=3.3236351846117955e7 (4961) dinf=0.0 (0) time=4499.8899365s
[ Info: iter=82336 obj=4.840509797538518e7 pinf=6.307647599539614e7 (5111) dinf=0.0 (0) time=4548.416485s
[ Info: iter=82656 obj=4.8441356783826336e7 pinf=2.246514009365487e7 (4761) dinf=0.0 (0) time=4591.2061265s
[ Info: iter=82976 obj=4.849489710824572e7 pinf=3.9865022007888603e8 (5149) dinf=0.0 (0) time=4641.8876162s
[ Info: iter=83296 obj=4.8529412165182024e7 pinf=5.717026015789145e7 (4874) dinf=0.0 (0) time=4683.8666639s
[ Info: iter=83616 obj=4.858452226808859e7 pinf=4.8567991938671336e7 (5210) dinf=0.0 (0) time=4732.5922766s
[ Info: iter=83936 obj=4.863349594395292e7 pinf=1.0439011396470815e8 (5049) dinf=0.0 (0) time=4777.8265258s
[ Info: iter=84256 obj=4.867008954772456e7 pinf=3.010627270138235e8 (5171) dinf=0.0 (0) time=4825.570241s
[ Info: iter=84576 obj=4.8822547571119525e7 pinf=1.3534939612258257e7 (4816) dinf=0.0 (0) time=4878.2014878s
[ Info: iter=84896 obj=4.891732009805212e7 pinf=1.871881245691404e7 (4746) dinf=0.0 (0) time=4934.5779783s
[ Info: iter=85216 obj=4.897434033860381e7 pinf=5.031449957632159e7 (4857) dinf=0.0 (0) time=4987.0269248s
[ Info: iter=85536 obj=4.904153300069228e7 pinf=3.1243773506523246e8 (5220) dinf=0.0 (0) time=5034.010949s
[ Info: iter=85856 obj=4.9072489143856555e7 pinf=1.9807748905232072e7 (4403) dinf=0.0 (0) time=5081.981785s
[ Info: iter=86176 obj=4.916003358268942e7 pinf=8.308492517340098e7 (4427) dinf=0.0 (0) time=5132.8882145s
[ Info: iter=86496 obj=4.921155523983389e7 pinf=7.093667907017555e8 (4882) dinf=0.0 (0) time=5184.6713722s
[ Info: iter=86816 obj=4.9366490821290255e7 pinf=2.1525422478304174e7 (4381) dinf=0.0 (0) time=5233.3057131s
[ Info: iter=87136 obj=4.942133323752596e7 pinf=9.389060763185376e6 (4238) dinf=0.0 (0) time=5282.4128375s
[ Info: iter=87456 obj=4.9457382981410034e7 pinf=1.5926223809086878e7 (4380) dinf=0.0 (0) time=5327.6692623s
[ Info: iter=87776 obj=4.9625360359322384e7 pinf=1.3978759458758774e8 (4617) dinf=0.0 (0) time=5375.8768117s
[ Info: iter=88096 obj=4.969133793037309e7 pinf=1.1069845184785873e7 (4294) dinf=0.0 (0) time=5426.7385259s
[ Info: iter=88416 obj=4.97435906718365e7 pinf=5.107741622346748e7 (4442) dinf=0.0 (0) time=5479.2447464s
[ Info: iter=88736 obj=4.977362428529781e7 pinf=1.539198310032257e7 (4468) dinf=0.0 (0) time=5531.897293s
[ Info: iter=89056 obj=4.983133253614859e7 pinf=9.010977991299855e6 (4217) dinf=0.0 (0) time=5582.9341148s
[ Info: iter=89376 obj=4.988700505674262e7 pinf=2.6328433845417008e7 (4190) dinf=0.0 (0) time=5630.4996803s
[ Info: iter=89696 obj=4.994140726901127e7 pinf=8.799968334555376e8 (4453) dinf=0.0 (0) time=5679.4909453s
[ Info: iter=90016 obj=5.00127269625469e7 pinf=1.4399730141980782e8 (4364) dinf=0.0 (0) time=5740.2931084s
[ Info: iter=90336 obj=5.0119437784923926e7 pinf=4.6356154928232916e7 (4103) dinf=0.0 (0) time=5796.5085153s
[ Info: iter=90656 obj=5.017011178557874e7 pinf=4.0235293211063586e7 (4061) dinf=0.0 (0) time=5848.1931265s
[ Info: iter=90976 obj=5.023669922731109e7 pinf=4.46569150891435e7 (4056) dinf=0.0 (0) time=5900.0675515s
[ Info: iter=91296 obj=5.026717542846409e7 pinf=1.1648578149637228e8 (3959) dinf=0.0 (0) time=5948.3001697s
[ Info: iter=91616 obj=5.031291786561935e7 pinf=9.62838669561897e7 (4140) dinf=0.0 (0) time=6003.4107513s
[ Info: iter=91936 obj=5.035372025629608e7 pinf=5.6376875912312336e7 (4307) dinf=0.0 (0) time=6052.6268768s
[ Info: iter=92256 obj=5.037189169361576e7 pinf=1.5191619628583002e8 (4532) dinf=0.0 (0) time=6097.6461337s
[ Info: iter=92576 obj=5.03993884629504e7 pinf=5.352500294211723e7 (4167) dinf=0.0 (0) time=6148.1980981s
[ Info: iter=92896 obj=5.04460137733666e7 pinf=2.68608373926147e8 (4721) dinf=0.0 (0) time=6202.7561838s
[ Info: iter=93216 obj=5.047002700680787e7 pinf=1.340606411643319e8 (4620) dinf=0.0 (0) time=6255.1736919s
[ Info: iter=93536 obj=5.0517667120611295e7 pinf=1.0161825634103939e7 (4109) dinf=0.0 (0) time=6309.5138943s
[ Info: iter=93856 obj=5.054377352695016e7 pinf=1.1526503663636157e7 (3843) dinf=0.0 (0) time=6360.1028062s
[ Info: iter=94176 obj=5.056979713895372e7 pinf=7.944231495750989e6 (3629) dinf=0.0 (0) time=6411.2005815s
[ Info: iter=94496 obj=5.059118003916459e7 pinf=8.461512189158544e6 (3802) dinf=0.0 (0) time=6464.7371639s
[ Info: iter=94816 obj=5.06277822658615e7 pinf=1.4641704496763406e7 (3891) dinf=0.0 (0) time=6510.2121834s
[ Info: iter=95136 obj=5.071779225972383e7 pinf=3.1734514286823954e7 (3978) dinf=0.0 (0) time=6557.7941277s
[ Info: iter=95456 obj=5.075122527940333e7 pinf=2.2631012625186546e6 (3573) dinf=0.0 (0) time=6608.5506829s
[ Info: iter=95776 obj=5.078082339018472e7 pinf=2.86124337577909e7 (4377) dinf=0.0 (0) time=6658.9702254s
[ Info: iter=96096 obj=5.080653076245885e7 pinf=3.4002166269511757e6 (3490) dinf=0.0 (0) time=6712.2105494s
[ Info: iter=96416 obj=5.082097174376657e7 pinf=2.2402225896161698e7 (3755) dinf=0.0 (0) time=6756.2704765s
[ Info: iter=96736 obj=5.086908031599764e7 pinf=8.044580164088851e7 (3821) dinf=0.0 (0) time=6802.8854669s
[ Info: iter=97056 obj=5.0895250525479615e7 pinf=5.041749106741276e7 (3833) dinf=0.0 (0) time=6855.4216823s
[ Info: iter=97376 obj=5.091087919802186e7 pinf=1.824601065244238e7 (3706) dinf=0.0 (0) time=6907.2526242s
[ Info: iter=97695 obj=5.0917005249784306e7 pinf=7.359292514978737e11 (3717) dinf=0.0 (0) time=6976.8031455s
[ Info: iter=98015 obj=5.096275082668338e7 pinf=7.79116955416819e6 (3491) dinf=0.0 (0) time=7032.3115918s
[ Info: iter=98335 obj=5.097814747271105e7 pinf=6.3283132302879505e7 (3921) dinf=0.0 (0) time=7088.1407694s
[ Info: iter=98588 obj=5.1045839104901604e7 pinf=1.960856857767902e11 (3436) dinf=0.0 (0) time=7128.623813s
[ Info: iter=98714 obj=5.10095377467342e7 pinf=5.751825716301809e7 (3753) dinf=0.0 (0) time=7140.8551617s
[ Info: iter=98840 obj=5.1017400325404994e7 pinf=2.811436012539262e7 (3830) dinf=0.0 (0) time=7152.3824391s
[ Info: iter=98966 obj=5.102187309035912e7 pinf=1.5165759124436604e7 (3863) dinf=0.0 (0) time=7164.0486432s
[ Info: iter=99092 obj=5.102831529612917e7 pinf=1.041114520277822e8 (4152) dinf=0.0 (0) time=7175.1061058s
[ Info: iter=99218 obj=5.103253502524981e7 pinf=5.846468369600977e6 (3491) dinf=0.0 (0) time=7186.645524s
[ Info: iter=99344 obj=5.103782027314657e7 pinf=7.389353131065618e6 (3360) dinf=0.0 (0) time=7198.2207996s
[ Info: iter=99470 obj=5.104236210755592e7 pinf=2.6172552915694773e7 (3745) dinf=0.0 (0) time=7209.060835s
[ Info: iter=99596 obj=5.10526209224875e7 pinf=2.1519530241385818e9 (4115) dinf=0.0 (0) time=7220.7385497s
[ Info: iter=99722 obj=5.10587001881076e7 pinf=2.471413746304209e8 (4046) dinf=0.0 (0) time=7231.5798422s
[ Info: iter=99848 obj=5.106117184011399e7 pinf=3.743689270719273e7 (3554) dinf=0.0 (0) time=7243.8465623s
[ Info: iter=99974 obj=5.1066216974505894e7 pinf=3.727321219518071e7 (3576) dinf=0.0 (0) time=7255.6114324s
[ Info: iter=100100 obj=5.106998757417646e7 pinf=2.83764905874671e7 (3784) dinf=0.0 (0) time=7266.2536528s
[ Info: iter=100226 obj=5.107329346776822e7 pinf=6.847998462134191e7 (3793) dinf=0.0 (0) time=7276.8496962s
[ Info: iter=100352 obj=5.108383505196893e7 pinf=1.5771786566006184e7 (3318) dinf=0.0 (0) time=7291.1045215s
[ Info: iter=100478 obj=5.109511905517726e7 pinf=5.688333347011932e8 (3944) dinf=0.0 (0) time=7302.2123578s
[ Info: iter=100604 obj=5.110084461358269e7 pinf=2.9227685784124564e6 (3268) dinf=0.0 (0) time=7314.1849277s
[ Info: iter=100730 obj=5.110619530113078e7 pinf=1.0625989889813623e8 (3843) dinf=0.0 (0) time=7325.7598248s
[ Info: iter=100856 obj=5.111087665365922e7 pinf=8.728212315930346e6 (3689) dinf=0.0 (0) time=7336.7467526s
[ Info: iter=100982 obj=5.111436847363249e7 pinf=7.325904491510277e6 (3460) dinf=0.0 (0) time=7347.5499008s
[ Info: iter=101108 obj=5.112094319019215e7 pinf=2.2791150853669993e6 (3286) dinf=0.0 (0) time=7358.8943842s
[ Info: iter=101234 obj=5.112327442422282e7 pinf=6.022770864665035e6 (3582) dinf=0.0 (0) time=7369.0239941s
[ Info: iter=101360 obj=5.1129034194171734e7 pinf=3.0163902769466944e7 (4022) dinf=0.0 (0) time=7382.4917879s
[ Info: iter=101486 obj=5.11389014396393e7 pinf=1.794922677653189e7 (3997) dinf=0.0 (0) time=7399.0728435s
[ Info: iter=101612 obj=5.1142281560546055e7 pinf=3.6281229145342655e7 (4184) dinf=0.0 (0) time=7412.6317892s
[ Info: iter=101738 obj=5.114596249726692e7 pinf=7.775419577141389e6 (3791) dinf=0.0 (0) time=7425.674695s
[ Info: iter=101864 obj=5.115119518845438e7 pinf=4.691941380491107e6 (3451) dinf=0.0 (0) time=7437.9865609s
[ Info: iter=101990 obj=5.115496686185233e7 pinf=8.694729493875013e7 (3969) dinf=0.0 (0) time=7452.2116574s
[ Info: iter=102116 obj=5.11593834828718e7 pinf=4.6651728075140186e7 (4025) dinf=0.0 (0) time=7464.2352567s
[ Info: iter=102242 obj=5.1161542119032316e7 pinf=5.95974142141516e6 (3412) dinf=0.0 (0) time=7475.2446866s
[ Info: iter=102368 obj=5.1164551131396614e7 pinf=4.0142735649416777e6 (3486) dinf=0.0 (0) time=7487.5910294s
[ Info: iter=102494 obj=5.116906053705266e7 pinf=2.5829320643882644e6 (3265) dinf=0.0 (0) time=7498.375222s
[ Info: iter=102620 obj=5.11745410984907e7 pinf=1.407488828512891e8 (3920) dinf=0.0 (0) time=7509.3044587s
[ Info: iter=102746 obj=5.117564278623411e7 pinf=8.181294532906268e6 (3306) dinf=0.0 (0) time=7520.8829408s
[ Info: iter=102872 obj=5.117892057654088e7 pinf=3.7159249430504846e6 (3170) dinf=0.0 (0) time=7533.5140649s
[ Info: iter=102906 obj=5.11469442003887e7 pinf=3.117895854106793e12 (3458) dinf=0.0 (0) time=7538.0416733s
[ Info: iter=103032 obj=5.118296978435007e7 pinf=5.286477328344333e6 (3393) dinf=0.0 (0) time=7550.2166862s
[ Info: iter=103158 obj=5.118829492709459e7 pinf=6.744986923318235e6 (3148) dinf=0.0 (0) time=7562.0368833s
[ Info: iter=103284 obj=5.119076438018454e7 pinf=1.0195414015873319e7 (3384) dinf=0.0 (0) time=7573.7268144s
[ Info: iter=103410 obj=5.119317027862069e7 pinf=2.8828124388508513e6 (2929) dinf=0.0 (0) time=7583.5666738s
[ Info: iter=103536 obj=5.119554250931559e7 pinf=5.554825171598117e6 (3296) dinf=0.0 (0) time=7595.3424162s
[ Info: iter=103662 obj=5.119792371878869e7 pinf=3.401123073368282e6 (3239) dinf=0.0 (0) time=7606.8599931s
[ Info: iter=103788 obj=5.119975289877718e7 pinf=8.076659740990797e6 (3329) dinf=0.0 (0) time=7617.3540177s
[ Info: iter=103914 obj=5.120142371917382e7 pinf=6.6421588663079515e6 (3345) dinf=0.0 (0) time=7629.2815444s
[ Info: iter=104040 obj=5.120632572487991e7 pinf=1.0944702611800347e8 (3810) dinf=0.0 (0) time=7640.7533025s
[ Info: iter=104166 obj=5.121030212324071e7 pinf=2.7568988061757572e7 (3546) dinf=0.0 (0) time=7653.3694991s
[ Info: iter=104292 obj=5.121535821286051e7 pinf=1.9907011391474426e7 (3478) dinf=0.0 (0) time=7675.2244947s
[ Info: iter=104418 obj=5.121694614276465e7 pinf=847623.9182001781 (2702) dinf=0.0 (0) time=7687.2064804s
[ Info: iter=104544 obj=5.1218011640590936e7 pinf=8.196094024909415e6 (3700) dinf=0.0 (0) time=7697.8300325s
[ Info: iter=104670 obj=5.121909158364456e7 pinf=1.726838336525385e6 (3022) dinf=0.0 (0) time=7710.5226132s
[ Info: iter=104796 obj=5.1220716939542614e7 pinf=1.9178779375518776e7 (3465) dinf=0.0 (0) time=7721.7741694s
[ Info: iter=104922 obj=5.12223609772076e7 pinf=7.8778821041145595e6 (3572) dinf=0.0 (0) time=7733.7112331s
[ Info: iter=105048 obj=5.122530318602592e7 pinf=9.70176352584543e6 (3624) dinf=0.0 (0) time=7744.478274s
[ Info: iter=105174 obj=5.122748899154347e7 pinf=3.077380103674867e6 (3078) dinf=0.0 (0) time=7755.4452507s
[ Info: iter=105300 obj=5.1229117898092546e7 pinf=7.640928886020967e6 (3480) dinf=0.0 (0) time=7766.4492715s
[ Info: iter=105426 obj=5.123123943201176e7 pinf=2.4108469453927893e6 (2976) dinf=0.0 (0) time=7779.2629708s
[ Info: iter=105552 obj=5.123364745147568e7 pinf=1.9096200562323774e6 (2758) dinf=0.0 (0) time=7789.8977464s
[ Info: iter=105678 obj=5.1237196088934526e7 pinf=3.439828852022923e7 (3430) dinf=0.0 (0) time=7801.686841s
[ Info: iter=105804 obj=5.123879761243619e7 pinf=5.002607461043388e6 (3245) dinf=0.0 (0) time=7815.0938171s
[ Info: iter=105930 obj=5.124131106602815e7 pinf=2.2985915836519185e6 (3110) dinf=0.0 (0) time=7826.7674022s
[ Info: iter=106056 obj=5.124388828454278e7 pinf=7.598299074862027e6 (3054) dinf=0.0 (0) time=7837.3734893s
[ Info: iter=106182 obj=5.124605330572823e7 pinf=1.3263526592556076e7 (3074) dinf=0.0 (0) time=7848.5057188s
[ Info: iter=106308 obj=5.124766886815587e7 pinf=7.534755789819352e6 (2864) dinf=0.0 (0) time=7860.9147817s
[ Info: iter=106434 obj=5.1249739402968846e7 pinf=1.4051452192846597e6 (2592) dinf=0.0 (0) time=7871.5057134s
[ Info: iter=106560 obj=5.125222208166346e7 pinf=3.5695237299699415e6 (2948) dinf=0.0 (0) time=7881.7287223s
[ Info: iter=106686 obj=5.1254404395003e7 pinf=9.089303201027915e6 (3119) dinf=0.0 (0) time=7894.2515724s
[ Info: iter=106812 obj=5.125624821180495e7 pinf=7.828155593302781e6 (3176) dinf=0.0 (0) time=7905.7569554s
[ Info: iter=106938 obj=5.1259833286634564e7 pinf=4.716126634968456e6 (2761) dinf=0.0 (0) time=7917.7309232s
[ Info: iter=107064 obj=5.126287937540168e7 pinf=3.94324463751261e6 (2743) dinf=0.0 (0) time=7932.6039887s
[ Info: iter=107190 obj=5.126536402731091e7 pinf=2.8684098687795145e6 (2537) dinf=0.0 (0) time=7947.6744244s
[ Info: iter=107316 obj=5.126865309342343e7 pinf=1.220979256022244e6 (2496) dinf=0.0 (0) time=7963.4327667s
[ Info: iter=107442 obj=5.1270943292505845e7 pinf=1.5507864111406342e6 (2635) dinf=0.0 (0) time=7977.52878s
[ Info: iter=107568 obj=5.12720783089594e7 pinf=1.4460915812286763e6 (2781) dinf=0.0 (0) time=7997.2365292s
[ Info: iter=107694 obj=5.127562207185989e7 pinf=1.0518996168533717e6 (2808) dinf=0.0 (0) time=8011.264466s
[ Info: iter=107820 obj=5.1279162172439046e7 pinf=3.3268097977884994e6 (3153) dinf=0.0 (0) time=8030.7423584s
[ Info: iter=107946 obj=5.128156641329987e7 pinf=2.026076149302391e6 (2579) dinf=0.0 (0) time=8055.8741025s
[ Info: iter=108072 obj=5.128485469293247e7 pinf=1.1713409294279856e6 (2388) dinf=0.0 (0) time=8077.7703752s
[ Info: iter=108198 obj=5.1286306016021885e7 pinf=8.872615625736111e7 (3192) dinf=0.0 (0) time=8093.0275911s
[ Info: iter=108324 obj=5.128767427062199e7 pinf=1.1274001268453263e6 (2364) dinf=0.0 (0) time=8107.4159866s
[ Info: iter=108450 obj=5.128931625740582e7 pinf=2.0881444372327584e6 (2621) dinf=0.0 (0) time=8122.8748352s
[ Info: iter=108576 obj=5.1290115301499575e7 pinf=804970.0798361088 (2268) dinf=0.0 (0) time=8137.8072035s
[ Info: iter=108702 obj=5.12797272218739e7 pinf=2.320957349641265e13 (2565) dinf=0.0 (0) time=8156.8637355s
[ Info: iter=108828 obj=5.129294308473655e7 pinf=8.524940511760207e6 (2818) dinf=0.0 (0) time=8170.2163008s
[ Info: iter=108954 obj=5.129687298969856e7 pinf=1.0068162244941441e7 (2852) dinf=0.0 (0) time=8181.9251059s
[ Info: iter=109080 obj=5.129863807791273e7 pinf=1.2713297663938957e6 (2536) dinf=0.0 (0) time=8194.2734638s
[ Info: iter=109206 obj=5.1300701923073485e7 pinf=7.95062455224831e6 (3046) dinf=0.0 (0) time=8205.9543515s
[ Info: iter=109332 obj=5.130538919419721e7 pinf=1.201069767671781e6 (2510) dinf=0.0 (0) time=8217.0619187s
[ Info: iter=109458 obj=5.131011862767891e7 pinf=5.930146593587615e6 (2868) dinf=0.0 (0) time=8228.6429897s
[ Info: iter=109584 obj=5.131334310416156e7 pinf=7.194755566296483e6 (2819) dinf=0.0 (0) time=8239.947982s
[ Info: iter=109710 obj=5.1317397699602626e7 pinf=4.545065645744936e6 (2770) dinf=0.0 (0) time=8251.0455795s
[ Info: iter=109836 obj=5.13189377778728e7 pinf=384624.1842366138 (2247) dinf=0.0 (0) time=8264.1282487s
[ Info: iter=109962 obj=5.132025617023118e7 pinf=668815.9015037466 (2465) dinf=0.0 (0) time=8275.4516032s
[ Info: iter=110088 obj=5.1321520825891115e7 pinf=1.1808654714489835e6 (2513) dinf=0.0 (0) time=8286.9218408s
[ Info: iter=110214 obj=5.13229854618202e7 pinf=1.171108154634184e6 (2762) dinf=0.0 (0) time=8297.6516594s
[ Info: iter=110340 obj=5.132379015283562e7 pinf=1.2903346010349535e6 (2832) dinf=0.0 (0) time=8308.2670107s
[ Info: iter=110466 obj=5.132457183381401e7 pinf=1.6166107334336315e6 (2689) dinf=0.0 (0) time=8320.2995271s
[ Info: iter=110592 obj=5.132581873736195e7 pinf=2.406859218051867e6 (2688) dinf=0.0 (0) time=8331.7081743s
[ Info: iter=110718 obj=5.132720423665237e7 pinf=4.1248243244726127e6 (2925) dinf=0.0 (0) time=8344.1168093s
[ Info: iter=110844 obj=5.133408199881146e7 pinf=2.7426319119705994e7 (2895) dinf=0.0 (0) time=8354.7297434s
[ Info: iter=110970 obj=5.1336162609993674e7 pinf=1.829471155744233e6 (2419) dinf=0.0 (0) time=8366.385579s
[ Info: iter=111096 obj=5.133827579521126e7 pinf=1.6573519291863136e6 (2661) dinf=0.0 (0) time=8376.609514s
[ Info: iter=111222 obj=5.133944650401252e7 pinf=1.0245979159641142e6 (2443) dinf=0.0 (0) time=8391.5811744s
[ Info: iter=111348 obj=5.134048725585992e7 pinf=230901.9607874708 (2016) dinf=0.0 (0) time=8403.4883084s
[ Info: iter=111474 obj=5.134146808941677e7 pinf=452771.4830216518 (2219) dinf=0.0 (0) time=8413.5954629s
[ Info: iter=111600 obj=5.134294740373678e7 pinf=496580.9249528041 (2125) dinf=0.0 (0) time=8424.4506485s
[ Info: iter=111726 obj=5.134423553461185e7 pinf=903105.9778424981 (2214) dinf=0.0 (0) time=8434.6949863s
[ Info: iter=111852 obj=5.134562657771229e7 pinf=1.3324541104159797e7 (3191) dinf=0.0 (0) time=8445.090229s
[ Info: iter=111978 obj=5.13465431494859e7 pinf=333248.28584119363 (2315) dinf=0.0 (0) time=8456.5625743s
[ Info: iter=112104 obj=5.1347546950903825e7 pinf=589921.1297052681 (2382) dinf=0.0 (0) time=8467.0414282s
[ Info: iter=112230 obj=5.134916239681508e7 pinf=733511.2133550083 (2417) dinf=0.0 (0) time=8478.6806747s
[ Info: iter=112356 obj=5.135087333937232e7 pinf=4.337517519443782e6 (2765) dinf=0.0 (0) time=8489.7687326s
[ Info: iter=112482 obj=5.135301440841323e7 pinf=1.0086905034823483e8 (3057) dinf=0.0 (0) time=8499.8792305s
[ Info: iter=112608 obj=5.135381622658971e7 pinf=294306.967733479 (2249) dinf=0.0 (0) time=8515.7033577s
[ Info: iter=112734 obj=5.135521932980168e7 pinf=672317.9551566194 (2282) dinf=0.0 (0) time=8528.3392141s
[ Info: iter=112860 obj=5.1356400109848425e7 pinf=460876.9348338065 (2257) dinf=0.0 (0) time=8539.6405347s
[ Info: iter=112986 obj=5.136366394641397e7 pinf=1.3699106379731156e7 (3573) dinf=0.0 (0) time=8550.476346s
[ Info: iter=113112 obj=5.13703967740927e7 pinf=2.7356892234232733e6 (2587) dinf=0.0 (0) time=8561.1586749s
[ Info: iter=113238 obj=5.137127401555468e7 pinf=166574.7062416574 (1820) dinf=0.0 (0) time=8572.1193661s
[ Info: iter=113364 obj=5.1372247349041566e7 pinf=474663.0748158727 (2064) dinf=0.0 (0) time=8582.8587618s
[ Info: iter=113490 obj=5.137545967429023e7 pinf=1.1798728054363057e7 (2991) dinf=0.0 (0) time=8594.2392207s
[ Info: iter=113616 obj=5.1384031963794194e7 pinf=745307.5746305685 (2158) dinf=0.0 (0) time=8605.6509378s
[ Info: iter=113742 obj=5.138466006104299e7 pinf=1.026201313970332e6 (2179) dinf=0.0 (0) time=8617.2334418s
[ Info: iter=113868 obj=5.138579552603531e7 pinf=224954.08249494637 (1951) dinf=0.0 (0) time=8632.4811094s
[ Info: iter=113994 obj=5.138741770001933e7 pinf=6.7793358197812075e6 (2802) dinf=0.0 (0) time=8644.1702306s
[ Info: iter=114120 obj=5.138811404997809e7 pinf=323222.6984873623 (1983) dinf=0.0 (0) time=8655.1292806s
[ Info: iter=114246 obj=5.138870969485971e7 pinf=452739.50004215486 (1933) dinf=0.0 (0) time=8666.2215606s
[ Info: iter=114372 obj=5.138936301438269e7 pinf=778261.2522834833 (2248) dinf=0.0 (0) time=8678.2283048s
[ Info: iter=114498 obj=5.139011343957103e7 pinf=278259.6843920998 (1853) dinf=0.0 (0) time=8688.4159889s
[ Info: iter=114624 obj=5.139048860575314e7 pinf=479215.21122545213 (1835) dinf=0.0 (0) time=8698.7746129s
[ Info: iter=114750 obj=5.139113160966384e7 pinf=384156.8135249617 (1976) dinf=0.0 (0) time=8709.8021394s
[ Info: iter=114876 obj=5.139176723899131e7 pinf=250699.9201299453 (1560) dinf=0.0 (0) time=8721.1065509s
[ Info: iter=115002 obj=5.139265393879509e7 pinf=104545.06044380947 (1614) dinf=0.0 (0) time=8732.1167479s
[ Info: iter=115128 obj=5.139369344965797e7 pinf=462296.6573907852 (1759) dinf=0.0 (0) time=8742.5391806s
[ Info: iter=115254 obj=5.139420541176699e7 pinf=298977.64987964195 (1704) dinf=0.0 (0) time=8754.2123376s
[ Info: iter=115380 obj=5.1399830172588274e7 pinf=2.740660613831834e6 (1988) dinf=0.0 (0) time=8764.0790914s
[ Info: iter=115506 obj=5.140017314895009e7 pinf=615068.558405259 (1842) dinf=0.0 (0) time=8779.0870676s
[ Info: iter=115632 obj=5.140026805268084e7 pinf=1.6023440829787483e6 (1846) dinf=0.0 (0) time=8793.2653641s
[ Info: iter=115758 obj=5.1400546052902296e7 pinf=135300.14950460722 (1365) dinf=0.0 (0) time=8805.2465319s
[ Info: iter=115884 obj=5.1401662901396625e7 pinf=63898.754941731604 (1144) dinf=0.0 (0) time=8816.7930171s
[ Info: iter=116010 obj=5.1401923532905795e7 pinf=304988.72041121405 (1302) dinf=0.0 (0) time=8828.095634s
[ Info: iter=116136 obj=5.140233238851872e7 pinf=179696.7549366561 (1503) dinf=0.0 (0) time=8840.5812825s
[ Info: iter=116262 obj=5.140254047108001e7 pinf=139303.43159402418 (1296) dinf=0.0 (0) time=8851.9383793s
[ Info: iter=116388 obj=5.140267632758861e7 pinf=111238.45911071608 (1248) dinf=0.0 (0) time=8862.5331339s
[ Info: iter=116514 obj=5.140546506529029e7 pinf=3.1571333903142246e6 (2240) dinf=0.0 (0) time=8873.4441858s
[ Info: iter=116640 obj=5.140633480085805e7 pinf=292648.45899902936 (1296) dinf=0.0 (0) time=8885.680852s
[ Info: iter=116766 obj=5.140642999228123e7 pinf=38671.95089024564 (963) dinf=0.0 (0) time=8897.279463s
[ Info: iter=116892 obj=5.1406601243876725e7 pinf=130378.30451921136 (1262) dinf=0.0 (0) time=8908.4576524s
[ Info: iter=117018 obj=5.14067332271061e7 pinf=251347.6741595472 (1267) dinf=0.0 (0) time=8921.7621174s
[ Info: iter=117144 obj=5.140703157441267e7 pinf=27694.605876989026 (1019) dinf=0.0 (0) time=8933.2429884s
[ Info: iter=117270 obj=5.1410912945675276e7 pinf=58030.129225326185 (1022) dinf=0.0 (0) time=8948.8890171s
[ Info: iter=117396 obj=5.141199847667705e7 pinf=3.7836375457849214e6 (2183) dinf=0.0 (0) time=8959.6526104s
[ Info: iter=117522 obj=5.141374687231893e7 pinf=596046.2670719674 (1406) dinf=0.0 (0) time=8972.3460455s
[ Info: iter=117648 obj=5.1424831677876316e7 pinf=2.7095283000414264e6 (2008) dinf=0.0 (0) time=8982.8084942s
[ Info: iter=117774 obj=5.142494223851294e7 pinf=123813.63184100362 (1191) dinf=0.0 (0) time=8995.190542s
[ Info: iter=117900 obj=5.1425039549086586e7 pinf=13441.423648394588 (697) dinf=0.0 (0) time=9007.1032571s
[ Info: iter=118026 obj=5.1425073608852424e7 pinf=48905.861901094155 (738) dinf=0.0 (0) time=9019.0116161s
[ Info: iter=118152 obj=5.142511767069079e7 pinf=49621.659027244576 (791) dinf=0.0 (0) time=9030.1223045s
[ Info: iter=118278 obj=5.142516886203834e7 pinf=12636.052591849622 (586) dinf=0.0 (0) time=9040.7996264s
[ Info: iter=118404 obj=5.142521350998026e7 pinf=6827.317606456846 (561) dinf=0.0 (0) time=9051.3772352s
[ Info: iter=118530 obj=5.142527266600106e7 pinf=3736.675124413303 (571) dinf=0.0 (0) time=9061.9222563s
[ Info: iter=118656 obj=5.1425435027277626e7 pinf=25775.49627862641 (680) dinf=0.0 (0) time=9072.3646926s
[ Info: iter=118782 obj=5.142559100802438e7 pinf=4318.120675308655 (369) dinf=0.0 (0) time=9082.7123337s
[ Info: iter=118908 obj=5.1425652105641134e7 pinf=2364.0956678778516 (282) dinf=0.0 (0) time=9092.8513221s
[ Info: iter=119034 obj=5.142566814770992e7 pinf=1971.0731934549508 (392) dinf=0.0 (0) time=9102.6936072s
[ Info: iter=119160 obj=5.142569171306603e7 pinf=0.0006599801638106633 (58) dinf=0.0 (0) time=9112.1856304s
[ Info: Solve finished: status=OPTIMAL objective=5.1425691762095265e7 iterations=119197 time=9114.1910496s
9191.152487 seconds (811.21 M allocations: 78.772 GiB, 0.29% gc time, 0.84% compilation time: <1% of which was recompilation)
5.1425691762095265e7
119197 9114.1910496
