  Activating project at `C:\Users\jiris\OneDrive\Simplex_tests`
[ Info: Loaded problem: rows=43021 columns=47148 nnz=277210
[ Info: Starting presolve
[ Info: After presolve: rows=28453 columns=31615 nnz=211789
[ Info: iter=0 obj=1.2522206406563444e6 pinf=0.0 (0) dinf=12288.550456887204 (11330) time=3.8953348s
[ Info: iter=80 obj=1.2522206406563444e6 pinf=0.0 (0) dinf=36314.16836263747 (11279) time=4.4786702s
[ Info: iter=160 obj=1.2631118905179026e6 pinf=0.0 (0) dinf=20318.10622356058 (11212) time=5.1286337s
[ Info: iter=240 obj=1.308191459725575e6 pinf=0.0 (0) dinf=12933.727267866876 (11235) time=5.9654153s
[ Info: iter=320 obj=1.3457333563381063e6 pinf=0.0 (0) dinf=13377.506131293832 (11160) time=6.6268338s
[ Info: iter=400 obj=1.365372047972791e6 pinf=0.0 (0) dinf=14946.893727017125 (11094) time=7.4429562s
[ Info: iter=480 obj=1.3679359060446832e6 pinf=0.0 (0) dinf=28616.50525971008 (11099) time=8.0503769s
[ Info: iter=560 obj=1.3679359060446832e6 pinf=0.0 (0) dinf=138541.43281870332 (11009) time=8.6642536s
[ Info: iter=640 obj=1.3679849803647539e6 pinf=0.0 (0) dinf=22377.908779322104 (11093) time=9.2679962s
[ Info: iter=720 obj=1.3679849803647539e6 pinf=0.0 (0) dinf=23874.211526644533 (11096) time=9.8893139s
[ Info: iter=800 obj=1.3807986298606545e6 pinf=0.0 (0) dinf=109464.19870492943 (11029) time=10.6104861s
[ Info: iter=880 obj=1.3807986298606545e6 pinf=0.0 (0) dinf=3.931233811007373e7 (11026) time=11.2103078s
[ Info: iter=960 obj=1.3807986298606545e6 pinf=0.0 (0) dinf=6.934687582960083e7 (11012) time=11.8367454s
[ Info: iter=1040 obj=1.380798629864512e6 pinf=0.0 (0) dinf=4.2076028911693625e7 (10975) time=12.4533071s
[ Info: iter=1120 obj=1.381985324092837e6 pinf=0.0 (0) dinf=5.73394182421111e10 (10929) time=13.2718779s
[ Info: iter=1120 obj=1.381985324092837e6 pinf=0.0 (0) dinf=5.73394182421111e10 (10929) time=13.2831366s
[ Info: iter=1121 obj=1.381985324092837e6 pinf=0.0 (0) dinf=5.7332654793817154e10 (10929) time=16.0323553s
[ Info: iter=1122 obj=1.381985324092837e6 pinf=0.0 (0) dinf=5.733132505847609e10 (10928) time=18.8204955s
[ Info: iter=1123 obj=1.381985324092837e6 pinf=0.0 (0) dinf=5.733078490386655e10 (10928) time=21.6344367s
[ Info: iter=1124 obj=1.381985324092837e6 pinf=0.0 (0) dinf=5.745294844782264e10 (10931) time=24.4102735s
[ Info: iter=1125 obj=1.381985324092837e6 pinf=0.0 (0) dinf=5.745294844782264e10 (10930) time=27.1970087s
[ Info: iter=1126 obj=1.381985324092837e6 pinf=0.0 (0) dinf=5.745203482068059e10 (10930) time=29.9703241s
[ Info: iter=1127 obj=1.381985324092837e6 pinf=0.0 (0) dinf=5.7549012606376526e10 (10930) time=32.7746034s
[ Info: iter=1128 obj=1.381985324092837e6 pinf=0.0 (0) dinf=5.752591866637067e10 (10929) time=35.6050952s
[ Info: iter=1129 obj=1.381985324092837e6 pinf=0.0 (0) dinf=5.752859708971837e10 (10930) time=38.5066487s
[ Info: iter=1130 obj=1.381985324092837e6 pinf=0.0 (0) dinf=5.767679143185556e10 (10933) time=41.2538361s
[ Info: iter=1131 obj=1.381985324092837e6 pinf=0.0 (0) dinf=5.763237609282631e10 (10931) time=44.0954441s
[ Info: iter=1132 obj=1.381985324092837e6 pinf=0.0 (0) dinf=5.773073926357495e10 (10931) time=47.0003069s
[ Info: iter=1133 obj=1.381985324092837e6 pinf=0.0 (0) dinf=5.783178085932701e10 (10932) time=50.0866927s
[ Info: iter=1134 obj=1.381985324092837e6 pinf=0.0 (0) dinf=5.7741366227869545e10 (10932) time=52.9317663s
[ Info: iter=1135 obj=1.381985324092837e6 pinf=0.0 (0) dinf=5.7232304196383804e10 (10928) time=55.6836721s
[ Info: iter=1136 obj=1.381985324092837e6 pinf=0.0 (0) dinf=5.7234089811293274e10 (10929) time=58.5694868s
[ Info: iter=1137 obj=1.381985324092837e6 pinf=0.0 (0) dinf=5.724641899303642e10 (10929) time=61.2674234s
[ Info: iter=1138 obj=1.381985324092837e6 pinf=0.0 (0) dinf=5.738294475852901e10 (10931) time=64.0381082s
[ Info: iter=1139 obj=1.381985324092837e6 pinf=0.0 (0) dinf=5.744852020427797e10 (10931) time=66.8016218s
[ Info: iter=1140 obj=1.381985324092837e6 pinf=0.0 (0) dinf=5.736280963152443e10 (10931) time=69.6175687s
[ Info: iter=1141 obj=1.381985324092837e6 pinf=0.0 (0) dinf=5.7353786859562775e10 (10931) time=72.3033063s
[ Info: iter=1142 obj=1.381985324092837e6 pinf=0.0 (0) dinf=5.7421147921764435e10 (10932) time=75.0655519s
[ Info: iter=1143 obj=1.381985324092837e6 pinf=0.0 (0) dinf=5.742114792069568e10 (10932) time=77.8921429s
[ Info: iter=1144 obj=1.381985324092837e6 pinf=0.0 (0) dinf=5.742114791962691e10 (10932) time=80.6570806s
[ Info: iter=1145 obj=1.381985324092837e6 pinf=0.0 (0) dinf=5.7359438649519035e10 (10932) time=83.6038365s
[ Info: iter=1146 obj=1.381985324092837e6 pinf=0.0 (0) dinf=5.707507795936389e10 (10928) time=86.85086s
[ Info: iter=1147 obj=1.381985324092837e6 pinf=0.0 (0) dinf=5.707957313616308e10 (10928) time=89.8322442s
[ Info: iter=1148 obj=1.381985324092837e6 pinf=0.0 (0) dinf=5.719570291110789e10 (10929) time=92.808167s
[ Info: iter=1149 obj=1.381985324092837e6 pinf=0.0 (0) dinf=5.709921521232908e10 (10929) time=95.7740415s
[ Info: iter=1150 obj=1.381985324092837e6 pinf=0.0 (0) dinf=5.714661219298248e10 (10930) time=98.6789379s
[ Info: iter=1151 obj=1.381985324092837e6 pinf=0.0 (0) dinf=5.710071225833737e10 (10930) time=101.7959154s
[ Info: iter=1152 obj=1.381985324092837e6 pinf=0.0 (0) dinf=5.710179256407118e10 (10930) time=104.8419513s
[ Info: iter=1153 obj=1.381985324092837e6 pinf=0.0 (0) dinf=5.727319004483046e10 (10932) time=107.8864768s
[ Info: iter=1154 obj=1.381985324092837e6 pinf=0.0 (0) dinf=5.744458752558974e10 (10934) time=110.7186836s
[ Info: iter=1155 obj=1.381985324092837e6 pinf=0.0 (0) dinf=5.744458752452097e10 (10934) time=113.7882506s
[ Info: iter=1156 obj=1.381985324092837e6 pinf=0.0 (0) dinf=5.738944292170823e10 (10933) time=116.7004928s
[ Info: iter=1157 obj=1.381985324092837e6 pinf=0.0 (0) dinf=5.739268675274652e10 (10934) time=119.910955s
[ Info: iter=1158 obj=1.381985324092837e6 pinf=0.0 (0) dinf=5.72941465362424e10 (10934) time=122.8639628s
[ Info: iter=1159 obj=1.381985324092837e6 pinf=0.0 (0) dinf=5.719560631973828e10 (10934) time=125.5866268s
[ Info: iter=1160 obj=1.381985324092837e6 pinf=0.0 (0) dinf=5.7188466587703064e10 (10934) time=128.2304359s
[ Info: iter=1161 obj=1.381985324092837e6 pinf=0.0 (0) dinf=5.7181326855667854e10 (10934) time=130.9780224s
[ Info: iter=1162 obj=1.381985324092837e6 pinf=0.0 (0) dinf=5.705587764711804e10 (10928) time=133.6644265s
[ Info: iter=1163 obj=1.381985324092837e6 pinf=0.0 (0) dinf=5.6989521191231895e10 (10923) time=136.403916s
[ Info: iter=1164 obj=1.381985324092837e6 pinf=0.0 (0) dinf=5.709464287769941e10 (10924) time=139.3150504s
[ Info: iter=1165 obj=1.381985324092837e6 pinf=0.0 (0) dinf=5.719976456416692e10 (10925) time=142.183309s
[ Info: iter=1166 obj=1.381985324092837e6 pinf=0.0 (0) dinf=5.7102948435687515e10 (10926) time=145.0144817s
[ Info: iter=1167 obj=1.381985324092837e6 pinf=0.0 (0) dinf=5.7006132307208115e10 (10927) time=147.7331576s
[ Info: iter=1247 obj=1.3840381584367058e6 pinf=0.0 (0) dinf=4.716954848184571e8 (10992) time=151.3804568s
[ Info: iter=1327 obj=1.384038158436706e6 pinf=0.0 (0) dinf=4.716926950863095e8 (10986) time=152.0870196s
[ Info: iter=1407 obj=1.384038158436706e6 pinf=0.0 (0) dinf=4.7169769884799814e8 (10995) time=152.7751215s
[ Info: iter=1487 obj=1.3840381652452494e6 pinf=0.0 (0) dinf=4.5116437718742037e8 (10978) time=153.4668346s
[ Info: iter=1567 obj=1.3840381652452494e6 pinf=0.0 (0) dinf=4.512232365648879e8 (10997) time=154.1587429s
[ Info: iter=1647 obj=1.384061125592744e6 pinf=0.0 (0) dinf=4.72037164860082e8 (11082) time=154.8904666s
[ Info: iter=1727 obj=1.3840611256507481e6 pinf=0.0 (0) dinf=4.7288048622234976e8 (11103) time=155.6264019s
[ Info: iter=1807 obj=1.384061125650748e6 pinf=0.0 (0) dinf=4.72874252456219e8 (11128) time=156.3349915s
[ Info: iter=1887 obj=1.3857706721747445e6 pinf=0.0 (0) dinf=4.72766535276768e8 (11147) time=157.1093142s
[ Info: iter=1967 obj=1.4017730631775688e6 pinf=0.0 (0) dinf=4.7137439808449733e8 (11133) time=157.9780067s
[ Info: iter=2047 obj=1.4017844418103518e6 pinf=0.0 (0) dinf=4.7114649877484053e8 (11138) time=158.7386341s
[ Info: iter=2086 obj=1.4017844418484848e6 pinf=0.0 (0) dinf=4.7457546130319726e8 (11131) time=159.0815189s
[ Info: iter=2087 obj=1.4017844418484848e6 pinf=0.0 (0) dinf=4.7457548533388364e8 (11130) time=162.1096329s
[ Info: iter=2089 obj=1.4017844418484848e6 pinf=0.0 (0) dinf=4.7457548233388364e8 (11129) time=165.0855144s
[ Info: iter=2097 obj=1.4017844418484848e6 pinf=0.0 (0) dinf=4.745767462125599e8 (11126) time=168.1621277s
[ Info: iter=2098 obj=1.4017844418484848e6 pinf=0.0 (0) dinf=4.7457603953725165e8 (11124) time=171.3559995s
[ Info: iter=2099 obj=1.4017844418484848e6 pinf=0.0 (0) dinf=4.745760319664741e8 (11124) time=174.5264389s
[ Info: iter=2100 obj=1.4017844418484848e6 pinf=0.0 (0) dinf=4.7457677691775316e8 (11123) time=177.4741227s
[ Info: iter=2101 obj=1.4017844418484848e6 pinf=0.0 (0) dinf=4.7457677391775316e8 (11120) time=180.4013491s
[ Info: iter=2102 obj=1.4017844418484848e6 pinf=0.0 (0) dinf=4.7457677091775316e8 (11117) time=183.3864311s
[ Info: iter=2103 obj=1.4017844418484848e6 pinf=0.0 (0) dinf=4.7457676791775304e8 (11114) time=186.4524696s
[ Info: iter=2104 obj=1.4017844418484848e6 pinf=0.0 (0) dinf=4.7457676491775304e8 (11111) time=189.5020541s
[ Info: iter=2105 obj=1.4017844418484848e6 pinf=0.0 (0) dinf=4.745784540658025e8 (11118) time=192.4598897s
[ Info: iter=2106 obj=1.4017844418484848e6 pinf=0.0 (0) dinf=4.745791779863952e8 (11121) time=195.5565914s
[ Info: iter=2107 obj=1.4017844418484848e6 pinf=0.0 (0) dinf=4.74580706263202e8 (11131) time=198.6575793s
[ Info: iter=2108 obj=1.4017844418484848e6 pinf=0.0 (0) dinf=4.745805881768641e8 (11138) time=201.7603543s
[ Info: iter=2109 obj=1.4017844418484848e6 pinf=0.0 (0) dinf=4.745804273056212e8 (11137) time=204.7796696s
[ Info: iter=2110 obj=1.4017844418484848e6 pinf=0.0 (0) dinf=4.745817222755638e8 (11145) time=207.7820921s
[ Info: iter=2111 obj=1.4017844418484848e6 pinf=0.0 (0) dinf=4.7458301724550635e8 (11153) time=210.8235889s
[ Info: iter=2112 obj=1.4017844418484848e6 pinf=0.0 (0) dinf=4.7458436401424664e8 (11162) time=214.1532654s
[ Info: iter=2113 obj=1.4017844418484848e6 pinf=0.0 (0) dinf=4.745840402608656e8 (11160) time=217.3485124s
[ Info: iter=2114 obj=1.4017844418484848e6 pinf=0.0 (0) dinf=4.745837165059988e8 (11158) time=220.299962s
[ Info: iter=2115 obj=1.4017844418484848e6 pinf=0.0 (0) dinf=4.7458339276351315e8 (11155) time=223.2563981s
[ Info: iter=2116 obj=1.4017844418484848e6 pinf=0.0 (0) dinf=4.745842021197273e8 (11160) time=226.3042365s
[ Info: iter=2117 obj=1.4017844418484848e6 pinf=0.0 (0) dinf=4.745837153559063e8 (11157) time=229.332443s
[ Info: iter=2118 obj=1.4017844418484848e6 pinf=0.0 (0) dinf=4.7458322870282227e8 (11154) time=232.331537s
[ Info: iter=2119 obj=1.4017844418484848e6 pinf=0.0 (0) dinf=4.7458274307021517e8 (11151) time=235.4969256s
[ Info: iter=2120 obj=1.4017844418484848e6 pinf=0.0 (0) dinf=4.745822558457573e8 (11148) time=238.4499598s
[ Info: iter=2121 obj=1.4017844418484848e6 pinf=0.0 (0) dinf=4.745817702320288e8 (11145) time=241.419264s
[ Info: iter=2122 obj=1.4017844418484848e6 pinf=0.0 (0) dinf=4.7458186476525134e8 (11148) time=244.4259183s
[ Info: iter=2123 obj=1.4017844418484848e6 pinf=0.0 (0) dinf=4.745816718587914e8 (11152) time=247.3769912s
[ Info: iter=2124 obj=1.4017844418484848e6 pinf=0.0 (0) dinf=4.745812846183004e8 (11142) time=250.3182439s
[ Info: iter=2125 obj=1.4017844418484848e6 pinf=0.0 (0) dinf=4.745812790079555e8 (11147) time=253.4167715s
[ Info: iter=2126 obj=1.4017844418484848e6 pinf=0.0 (0) dinf=4.745812337591818e8 (11146) time=256.4010047s
[ Info: iter=2127 obj=1.4017844418484848e6 pinf=0.0 (0) dinf=4.7458153608967286e8 (11145) time=259.3793135s
[ Info: iter=2128 obj=1.4017844418484848e6 pinf=0.0 (0) dinf=4.745815339962078e8 (11145) time=262.3584336s
[ Info: iter=2129 obj=1.4017844418484848e6 pinf=0.0 (0) dinf=4.7458101937394744e8 (11144) time=265.4699372s
[ Info: iter=2130 obj=1.4017844418484848e6 pinf=0.0 (0) dinf=4.745809965508769e8 (11144) time=268.3729254s
[ Info: iter=2131 obj=1.4017844418484848e6 pinf=0.0 (0) dinf=4.7458214788429993e8 (11144) time=271.4408705s
[ Info: iter=2132 obj=1.4017844418484848e6 pinf=0.0 (0) dinf=4.7457940355428594e8 (11139) time=274.4835999s
[ Info: iter=2133 obj=1.4017844418484848e6 pinf=0.0 (0) dinf=4.7457889132909197e8 (11133) time=277.6059702s
[ Info: iter=2134 obj=1.4017844418484848e6 pinf=0.0 (0) dinf=4.7457901754176956e8 (11135) time=280.5857201s
[ Info: iter=2135 obj=1.4017844418484848e6 pinf=0.0 (0) dinf=4.745791080165784e8 (11136) time=283.5932359s
[ Info: iter=2136 obj=1.4017844418484848e6 pinf=0.0 (0) dinf=4.745791984913873e8 (11137) time=286.5984931s
[ Info: iter=2137 obj=1.4017844418484848e6 pinf=0.0 (0) dinf=4.745792889661961e8 (11138) time=289.8266107s
[ Info: iter=2138 obj=1.4017844418484848e6 pinf=0.0 (0) dinf=4.745814127742578e8 (11145) time=293.018676s
[ Info: iter=2139 obj=1.4017844418484848e6 pinf=0.0 (0) dinf=4.745806219976995e8 (11144) time=296.0069253s
[ Info: iter=2140 obj=1.4017844418484848e6 pinf=0.0 (0) dinf=4.745868512430164e8 (11153) time=299.0100066s
[ Info: iter=2141 obj=1.4017844418484848e6 pinf=0.0 (0) dinf=4.745860500688308e8 (11155) time=302.0934651s
[ Info: iter=2142 obj=1.4017844418484848e6 pinf=0.0 (0) dinf=4.7458523476122564e8 (11157) time=305.1630025s
[ Info: iter=2143 obj=1.4017844418484848e6 pinf=0.0 (0) dinf=4.745844394759647e8 (11160) time=308.2652951s
[ Info: iter=2144 obj=1.4017844418484848e6 pinf=0.0 (0) dinf=4.7458363830177885e8 (11162) time=311.4263688s
[ Info: iter=2145 obj=1.4017844418484848e6 pinf=0.0 (0) dinf=4.745828216691658e8 (11164) time=314.583129s
[ Info: iter=2146 obj=1.4017844418484848e6 pinf=0.0 (0) dinf=4.745820050365527e8 (11166) time=317.5388727s
[ Info: iter=2147 obj=1.4017844418484848e6 pinf=0.0 (0) dinf=4.745812097512917e8 (11169) time=320.6607792s
[ Info: iter=2148 obj=1.4017844418484848e6 pinf=0.0 (0) dinf=4.7458121163744956e8 (11172) time=323.7498544s
[ Info: iter=2149 obj=1.4017844418484848e6 pinf=0.0 (0) dinf=4.7458113616889876e8 (11171) time=326.8652022s
[ Info: iter=2150 obj=1.4017844418484848e6 pinf=0.0 (0) dinf=4.7458113643436307e8 (11170) time=330.0585708s
[ Info: iter=2151 obj=1.4017844418484848e6 pinf=0.0 (0) dinf=4.7458110153015715e8 (11169) time=333.185356s
[ Info: iter=2152 obj=1.4017844418484848e6 pinf=0.0 (0) dinf=4.745810085668399e8 (11168) time=336.1623428s
[ Info: iter=2153 obj=1.4017844418484848e6 pinf=0.0 (0) dinf=4.7458089831420726e8 (11167) time=339.2391562s
[ Info: iter=2154 obj=1.4017844418484848e6 pinf=0.0 (0) dinf=4.7458070172774583e8 (11166) time=342.2662069s
[ Info: iter=2155 obj=1.4017844418484848e6 pinf=0.0 (0) dinf=4.7458044939665574e8 (11165) time=345.3322704s
[ Info: iter=2156 obj=1.4017844418484848e6 pinf=0.0 (0) dinf=4.745801004877692e8 (11164) time=348.7722398s
[ Info: iter=2157 obj=1.4017844418484848e6 pinf=0.0 (0) dinf=4.745799988848788e8 (11174) time=352.0323878s
[ Info: iter=2158 obj=1.4017844418484848e6 pinf=0.0 (0) dinf=4.7457978375300235e8 (11173) time=355.2294421s
[ Info: iter=2159 obj=1.4017844418484848e6 pinf=0.0 (0) dinf=4.7457957078471583e8 (11172) time=358.2326195s
[ Info: iter=2160 obj=1.4017844418484848e6 pinf=0.0 (0) dinf=4.7457934067829376e8 (11171) time=361.2812356s
[ Info: iter=2161 obj=1.4017844418484848e6 pinf=0.0 (0) dinf=4.745849756669508e8 (11174) time=364.3184817s
[ Info: iter=2162 obj=1.4017844418484848e6 pinf=0.0 (0) dinf=4.7458004197906953e8 (11176) time=367.5747133s
[ Info: iter=2163 obj=1.4017844418484848e6 pinf=0.0 (0) dinf=4.7458030205262095e8 (11173) time=370.7267469s
[ Info: iter=2164 obj=1.4017844418484848e6 pinf=0.0 (0) dinf=4.7458360348293716e8 (11185) time=373.7098541s
[ Info: iter=2165 obj=1.4017844418484848e6 pinf=0.0 (0) dinf=4.745802261754053e8 (11173) time=376.6960485s
[ Info: iter=2166 obj=1.4017844418484848e6 pinf=0.0 (0) dinf=4.7457933895277405e8 (11190) time=379.8325181s
[ Info: iter=2167 obj=1.4017844418484848e6 pinf=0.0 (0) dinf=4.7457948733544624e8 (11189) time=382.8332639s
[ Info: iter=2168 obj=1.4017844418484848e6 pinf=0.0 (0) dinf=4.745793921980947e8 (11188) time=385.8259113s
[ Info: iter=2169 obj=1.4017844418484848e6 pinf=0.0 (0) dinf=4.7457928323418593e8 (11187) time=388.9258581s
[ Info: iter=2170 obj=1.4017844418484848e6 pinf=0.0 (0) dinf=4.7457915719335365e8 (11186) time=392.0222201s
[ Info: iter=2171 obj=1.4017844418484848e6 pinf=0.0 (0) dinf=4.745790097198094e8 (11185) time=394.9935596s
[ Info: iter=2172 obj=1.4017844418484848e6 pinf=0.0 (0) dinf=4.7457882217017806e8 (11184) time=397.9834934s
[ Info: iter=2173 obj=1.4017844418484848e6 pinf=0.0 (0) dinf=4.745785961017697e8 (11183) time=400.9426244s
[ Info: iter=2174 obj=1.4017844418484848e6 pinf=0.0 (0) dinf=4.745782840468404e8 (11182) time=403.9660459s
[ Info: iter=2175 obj=1.4017844418484848e6 pinf=0.0 (0) dinf=4.7457792913929784e8 (11181) time=407.0113377s
[ Info: iter=2176 obj=1.4017844418484848e6 pinf=0.0 (0) dinf=4.7457749355068636e8 (11180) time=410.0608795s
[ Info: iter=2177 obj=1.4017844418484848e6 pinf=0.0 (0) dinf=4.7457874084581184e8 (11195) time=412.9722305s
[ Info: iter=2178 obj=1.4017844418484848e6 pinf=0.0 (0) dinf=4.7457710379492843e8 (11192) time=415.9694403s
[ Info: iter=2179 obj=1.4017844418484848e6 pinf=0.0 (0) dinf=4.745765943404069e8 (11186) time=418.9174343s
[ Info: iter=2180 obj=1.4017844418484848e6 pinf=0.0 (0) dinf=4.745767198682816e8 (11188) time=421.8873781s
[ Info: iter=2181 obj=1.4017844418484848e6 pinf=0.0 (0) dinf=4.745768098539456e8 (11189) time=425.0080521s
[ Info: iter=2182 obj=1.4017844418484848e6 pinf=0.0 (0) dinf=4.745768998396095e8 (11190) time=428.0353738s
[ Info: iter=2183 obj=1.4017844418484848e6 pinf=0.0 (0) dinf=4.745769898252734e8 (11191) time=431.0844483s
[ Info: iter=2184 obj=1.4017844418484848e6 pinf=0.0 (0) dinf=4.7457977010747296e8 (11166) time=434.0284756s
[ Info: iter=2185 obj=1.4017844418484848e6 pinf=0.0 (0) dinf=4.745775859231857e8 (11163) time=437.2243543s
[ Info: iter=2186 obj=1.4017844418484848e6 pinf=0.0 (0) dinf=4.745776099538721e8 (11162) time=440.3366433s
[ Info: iter=2187 obj=1.4017844418484848e6 pinf=0.0 (0) dinf=4.745778742914227e8 (11161) time=443.5260464s
[ Info: iter=2188 obj=1.4017844418484848e6 pinf=0.0 (0) dinf=4.745778712914227e8 (11158) time=446.5821869s
[ Info: iter=2189 obj=1.4017844418484848e6 pinf=0.0 (0) dinf=4.745778682914226e8 (11155) time=449.6573569s
[ Info: iter=2190 obj=1.4017844418484848e6 pinf=0.0 (0) dinf=4.745782036139482e8 (11162) time=452.6604225s
[ Info: iter=2191 obj=1.4017844418484848e6 pinf=0.0 (0) dinf=4.745784061257616e8 (11170) time=455.7935098s
[ Info: iter=2192 obj=1.4017844418484848e6 pinf=0.0 (0) dinf=4.745786163617828e8 (11173) time=458.754121s
[ Info: iter=2193 obj=1.4017844418484848e6 pinf=0.0 (0) dinf=4.745786747322426e8 (11172) time=461.8090598s
[ Info: iter=2194 obj=1.4017844418484848e6 pinf=0.0 (0) dinf=4.745787122956761e8 (11171) time=464.9202548s
[ Info: iter=2195 obj=1.4017844418484848e6 pinf=0.0 (0) dinf=4.7457872962827027e8 (11170) time=467.946222s
[ Info: iter=2196 obj=1.4017844418484848e6 pinf=0.0 (0) dinf=4.7457867923216784e8 (11169) time=470.9445031s
[ Info: iter=2197 obj=1.4017844418484848e6 pinf=0.0 (0) dinf=4.7457859972824275e8 (11168) time=474.0592417s
[ Info: iter=2198 obj=1.4017844418484848e6 pinf=0.0 (0) dinf=4.7457849379321694e8 (11167) time=476.9765708s
[ Info: iter=2199 obj=1.4017844418484848e6 pinf=0.0 (0) dinf=4.7457837165023625e8 (11166) time=480.0884883s
[ Info: iter=2200 obj=1.4017844418484848e6 pinf=0.0 (0) dinf=4.745784477479638e8 (11165) time=483.3351786s
[ Info: iter=2201 obj=1.4017844418484848e6 pinf=0.0 (0) dinf=4.7457843960864496e8 (11164) time=486.6485212s
[ Info: iter=2202 obj=1.4017844418484848e6 pinf=0.0 (0) dinf=4.745784190975615e8 (11163) time=490.0392921s
[ Info: iter=2203 obj=1.4017844418484848e6 pinf=0.0 (0) dinf=4.745783929925462e8 (11162) time=493.3058095s
[ Info: iter=2204 obj=1.4017844418484848e6 pinf=0.0 (0) dinf=4.745783541457974e8 (11161) time=496.3918611s
[ Info: iter=2205 obj=1.4017844418484848e6 pinf=0.0 (0) dinf=4.7457828047092867e8 (11160) time=499.5981592s
[ Info: iter=2206 obj=1.4017844418484848e6 pinf=0.0 (0) dinf=4.7457818895403045e8 (11159) time=502.7739454s
[ Info: iter=2207 obj=1.4017844418484848e6 pinf=0.0 (0) dinf=4.745780591611289e8 (11158) time=506.0825474s
[ Info: iter=2208 obj=1.4017844418484848e6 pinf=0.0 (0) dinf=4.7457800952197003e8 (11157) time=509.2584341s
[ Info: iter=2209 obj=1.4017844418484848e6 pinf=0.0 (0) dinf=4.745779697896183e8 (11156) time=512.3666067s
[ Info: iter=2210 obj=1.4017844418484848e6 pinf=0.0 (0) dinf=4.745779300301538e8 (11155) time=515.3874119s
[ Info: iter=2211 obj=1.4017844418484848e6 pinf=0.0 (0) dinf=4.7457789024730176e8 (11154) time=518.5218708s
[ Info: iter=2212 obj=1.4017844418484848e6 pinf=0.0 (0) dinf=4.7457789024730176e8 (11153) time=521.7724314s
[ Info: iter=2213 obj=1.4017844418484848e6 pinf=0.0 (0) dinf=4.745792706319627e8 (11163) time=524.9867324s
[ Info: iter=2214 obj=1.4017844418484848e6 pinf=0.0 (0) dinf=4.74579138152854e8 (11166) time=528.0616759s
[ Info: iter=2215 obj=1.4017844418484848e6 pinf=0.0 (0) dinf=4.745790008093076e8 (11169) time=531.1527697s
[ Info: iter=2216 obj=1.4017844418484848e6 pinf=0.0 (0) dinf=4.74578863813221e8 (11171) time=534.2816614s
[ Info: iter=2217 obj=1.4017844418484848e6 pinf=0.0 (0) dinf=4.7457845386734074e8 (11171) time=537.4333518s
[ Info: iter=2218 obj=1.4017844418484848e6 pinf=0.0 (0) dinf=4.745783199983927e8 (11173) time=540.5303595s
[ Info: iter=2219 obj=1.4017844418484848e6 pinf=0.0 (0) dinf=4.7457818612944466e8 (11175) time=543.7826123s
[ Info: iter=2220 obj=1.4017844418484848e6 pinf=0.0 (0) dinf=4.745780522604966e8 (11177) time=546.81958s
[ Info: iter=2221 obj=1.4017844418484848e6 pinf=0.0 (0) dinf=4.7457791518995434e8 (11179) time=549.7324114s
[ Info: iter=2222 obj=1.4017844418484848e6 pinf=0.0 (0) dinf=4.74577784100685e8 (11183) time=552.6845913s
[ Info: iter=2223 obj=1.4017844418484848e6 pinf=0.0 (0) dinf=4.74577784100685e8 (11182) time=555.5660024s
[ Info: iter=2224 obj=1.4017844418484848e6 pinf=0.0 (0) dinf=4.7457916448534596e8 (11192) time=558.6411804s
[ Info: iter=2225 obj=1.4017844418484848e6 pinf=0.0 (0) dinf=4.7457903311810875e8 (11191) time=561.7231304s
[ Info: iter=2226 obj=1.4017844418484848e6 pinf=0.0 (0) dinf=4.7457889591354626e8 (11190) time=564.7294032s
[ Info: iter=2227 obj=1.4017844418484848e6 pinf=0.0 (0) dinf=4.745787591259356e8 (11189) time=568.068616s
[ Info: iter=2228 obj=1.4017844418484848e6 pinf=0.0 (0) dinf=4.74578350013959e8 (11186) time=570.9699146s
[ Info: iter=2229 obj=1.4017844418484848e6 pinf=0.0 (0) dinf=4.7457821697891456e8 (11185) time=573.9158616s
[ Info: iter=2230 obj=1.4017844418484848e6 pinf=0.0 (0) dinf=4.745780839438701e8 (11184) time=576.9402912s
[ Info: iter=2231 obj=1.4017844418484848e6 pinf=0.0 (0) dinf=4.745779509088257e8 (11183) time=580.0077278s
[ Info: iter=2232 obj=1.4017844418484848e6 pinf=0.0 (0) dinf=4.7457781403186816e8 (11182) time=582.9513737s
[ Info: iter=2233 obj=1.4017844418484848e6 pinf=0.0 (0) dinf=4.745776843324382e8 (11181) time=585.7783046s
[ Info: iter=2234 obj=1.4017844418484848e6 pinf=0.0 (0) dinf=4.745770103732093e8 (11180) time=588.7158672s
[ Info: iter=2235 obj=1.4017844418484848e6 pinf=0.0 (0) dinf=4.7457779456739426e8 (11180) time=591.6507894s
[ Info: iter=2236 obj=1.4017844418484848e6 pinf=0.0 (0) dinf=4.7457820144730103e8 (11186) time=594.5405586s
[ Info: iter=2237 obj=1.4017844418484848e6 pinf=0.0 (0) dinf=4.7457813712423205e8 (11185) time=597.482143s
[ Info: iter=2238 obj=1.4017844418484848e6 pinf=0.0 (0) dinf=4.745795046115119e8 (11176) time=600.4301167s
[ Info: iter=2239 obj=1.4017844418484848e6 pinf=0.0 (0) dinf=4.745793205168699e8 (11183) time=603.4658178s
[ Info: iter=2240 obj=1.4017844418484848e6 pinf=0.0 (0) dinf=4.745799442061574e8 (11172) time=606.9711706s
[ Info: iter=2241 obj=1.4017844418484848e6 pinf=0.0 (0) dinf=4.745792293622175e8 (11173) time=610.4138027s
[ Info: iter=2242 obj=1.4017844418484848e6 pinf=0.0 (0) dinf=4.745799447061574e8 (11168) time=613.6880721s
[ Info: iter=2243 obj=1.4017844418484848e6 pinf=0.0 (0) dinf=4.7457972930018574e8 (11175) time=616.6657183s
[ Info: iter=2244 obj=1.4017844418484848e6 pinf=0.0 (0) dinf=4.745796067918455e8 (11174) time=619.6798764s
[ Info: iter=2245 obj=1.4017844418484848e6 pinf=0.0 (0) dinf=4.745786088857328e8 (11172) time=622.6245111s
[ Info: iter=2246 obj=1.4017844418484848e6 pinf=0.0 (0) dinf=4.745771324866495e8 (11165) time=625.4789731s
[ Info: iter=2247 obj=1.4017844418484848e6 pinf=0.0 (0) dinf=4.745771324866495e8 (11165) time=628.4984617s
[ Info: iter=2248 obj=1.4017844418484848e6 pinf=0.0 (0) dinf=4.7457740803658664e8 (11167) time=631.5097506s
[ Info: iter=2249 obj=1.4017844418484848e6 pinf=0.0 (0) dinf=4.7457774901915336e8 (11168) time=634.4429533s
[ Info: iter=2250 obj=1.4017844418484848e6 pinf=0.0 (0) dinf=4.74577954529988e8 (11169) time=637.4961562s
[ Info: iter=2251 obj=1.4017844418484848e6 pinf=0.0 (0) dinf=4.7458016539633733e8 (11164) time=640.4296824s
[ Info: iter=2252 obj=1.4017844418484848e6 pinf=0.0 (0) dinf=4.7457993428978014e8 (11171) time=643.3379112s
[ Info: iter=2253 obj=1.4017844418484848e6 pinf=0.0 (0) dinf=4.745798028520093e8 (11170) time=646.2515878s
[ Info: iter=2254 obj=1.4017844418484848e6 pinf=0.0 (0) dinf=4.7457744077150035e8 (11168) time=649.2738585s
[ Info: iter=2255 obj=1.4017844418484848e6 pinf=0.0 (0) dinf=4.745769296192386e8 (11162) time=652.2351623s
[ Info: iter=2256 obj=1.4017844418484848e6 pinf=0.0 (0) dinf=4.7457705556672895e8 (11164) time=655.2543337s
[ Info: iter=2257 obj=1.4017844418484848e6 pinf=0.0 (0) dinf=4.745771458521183e8 (11165) time=658.2032526s
[ Info: iter=2258 obj=1.4017844418484848e6 pinf=0.0 (0) dinf=4.745772361375077e8 (11166) time=661.062873s
[ Info: iter=2259 obj=1.4017844418484848e6 pinf=0.0 (0) dinf=4.7457732642289704e8 (11167) time=664.0102283s
[ Info: iter=2260 obj=1.4017844418484848e6 pinf=0.0 (0) dinf=4.745820033145033e8 (11160) time=666.9534636s
[ Info: iter=2261 obj=1.4017844418484848e6 pinf=0.0 (0) dinf=4.745816435009697e8 (11167) time=669.9876185s
[ Info: iter=2262 obj=1.4017844418484848e6 pinf=0.0 (0) dinf=4.7458143886338013e8 (11166) time=672.8573842s
[ Info: iter=2263 obj=1.4017844418484848e6 pinf=0.0 (0) dinf=4.7458048772013676e8 (11165) time=675.8248674s
[ Info: iter=2264 obj=1.4017844418484848e6 pinf=0.0 (0) dinf=4.74582150936528e8 (11156) time=678.8264416s
[ Info: iter=2265 obj=1.4017844418484848e6 pinf=0.0 (0) dinf=4.74581780528163e8 (11163) time=681.7908317s
[ Info: iter=2266 obj=1.4017844418484848e6 pinf=0.0 (0) dinf=4.7458156986495024e8 (11162) time=684.6978327s
[ Info: iter=2267 obj=1.4017844418484848e6 pinf=0.0 (0) dinf=4.745783980407549e8 (11155) time=687.8871611s
[ Info: iter=2268 obj=1.4017844418484848e6 pinf=0.0 (0) dinf=4.745781359746243e8 (11154) time=690.7944934s
[ Info: iter=2269 obj=1.4017844418484848e6 pinf=0.0 (0) dinf=4.745786630591777e8 (11155) time=693.8071633s
[ Info: iter=2270 obj=1.4017844418484848e6 pinf=0.0 (0) dinf=4.7458109293473434e8 (11161) time=696.7398919s
[ Info: iter=2271 obj=1.4017844418484848e6 pinf=0.0 (0) dinf=4.745818564424794e8 (11160) time=699.6926325s
[ Info: iter=2272 obj=1.4017844418484848e6 pinf=0.0 (0) dinf=4.745776399127903e8 (11153) time=702.649679s
[ Info: iter=2273 obj=1.4017844418484848e6 pinf=0.0 (0) dinf=4.745776399127903e8 (11153) time=705.5861054s
[ Info: iter=2274 obj=1.4017844418484848e6 pinf=0.0 (0) dinf=4.7457842963092834e8 (11155) time=708.5509373s
[ Info: iter=2275 obj=1.4017844418484848e6 pinf=0.0 (0) dinf=4.7457940687708706e8 (11156) time=711.5716434s
[ Info: iter=2276 obj=1.4017844418484848e6 pinf=0.0 (0) dinf=4.74579995865186e8 (11157) time=714.492964s
[ Info: iter=2277 obj=1.4017844418484848e6 pinf=0.0 (0) dinf=4.745826908422861e8 (11160) time=717.5356865s
[ Info: iter=2278 obj=1.4017844418484848e6 pinf=0.0 (0) dinf=4.7457769680342317e8 (11153) time=720.4112886s
[ Info: iter=2279 obj=1.4017844418484848e6 pinf=0.0 (0) dinf=4.7457769680342317e8 (11153) time=723.3457774s
[ Info: iter=2280 obj=1.4017844418484848e6 pinf=0.0 (0) dinf=4.7457769680342317e8 (11153) time=726.2633559s
[ Info: iter=2281 obj=1.4017844418484848e6 pinf=0.0 (0) dinf=4.7457769680342317e8 (11153) time=729.2993783s
[ Info: iter=2282 obj=1.4017844418484848e6 pinf=0.0 (0) dinf=4.745786172138696e8 (11155) time=732.2793227s
[ Info: iter=2283 obj=1.4017844418484848e6 pinf=0.0 (0) dinf=4.7458151197576386e8 (11161) time=735.1941592s
[ Info: iter=2284 obj=1.4017844418484848e6 pinf=0.0 (0) dinf=4.7458310804218954e8 (11160) time=738.2119327s
[ Info: iter=2285 obj=1.4017844418484848e6 pinf=0.0 (0) dinf=4.745778373800784e8 (11153) time=741.1026037s
[ Info: iter=2286 obj=1.4017844418484848e6 pinf=0.0 (0) dinf=4.745778373800784e8 (11153) time=744.0195658s
[ Info: iter=2287 obj=1.4017844418484848e6 pinf=0.0 (0) dinf=4.7457882452775085e8 (11155) time=746.9122963s
[ Info: iter=2288 obj=1.4017844418484848e6 pinf=0.0 (0) dinf=4.7458004608544934e8 (11156) time=749.8930431s
[ Info: iter=2289 obj=1.4017844418484848e6 pinf=0.0 (0) dinf=4.74580782320573e8 (11157) time=752.7908055s
[ Info: iter=2290 obj=1.4017844418484848e6 pinf=0.0 (0) dinf=4.745841235712313e8 (11161) time=755.7939819s
[ Info: iter=2291 obj=1.4017844418484848e6 pinf=0.0 (0) dinf=4.7457904789965385e8 (11154) time=758.6759987s
[ Info: iter=2292 obj=1.4017844418484848e6 pinf=0.0 (0) dinf=4.7457904789965385e8 (11154) time=761.5854184s
[ Info: iter=2293 obj=1.4017844418484848e6 pinf=0.0 (0) dinf=4.7457904789965385e8 (11154) time=764.4771261s
[ Info: iter=2294 obj=1.4017844418484848e6 pinf=0.0 (0) dinf=4.7457904789965385e8 (11154) time=767.4452623s
[ Info: iter=2295 obj=1.4017844418484848e6 pinf=0.0 (0) dinf=4.745800147809213e8 (11156) time=770.3913909s
[ Info: iter=2296 obj=1.4017844418484848e6 pinf=0.0 (0) dinf=4.7458410193805575e8 (11161) time=773.3351657s
[ Info: iter=2297 obj=1.4017844418484848e6 pinf=0.0 (0) dinf=4.745865847080512e8 (11160) time=776.2708655s
[ Info: iter=2298 obj=1.4017844418484848e6 pinf=0.0 (0) dinf=4.745785115389354e8 (11153) time=779.1741744s
[ Info: iter=2299 obj=1.4017844418484848e6 pinf=0.0 (0) dinf=4.745785115389354e8 (11153) time=782.1100115s
[ Info: iter=2300 obj=1.4017844418484848e6 pinf=0.0 (0) dinf=4.7458004710198164e8 (11155) time=785.0770381s
[ Info: iter=2301 obj=1.4017844418484848e6 pinf=0.0 (0) dinf=4.7458194730284584e8 (11156) time=788.0574677s
[ Info: iter=2302 obj=1.4017844418484848e6 pinf=0.0 (0) dinf=4.745830925574826e8 (11157) time=790.9791068s
[ Info: iter=2303 obj=1.4017844418484848e6 pinf=0.0 (0) dinf=4.746386942940157e8 (11152) time=793.952248s
[ Info: iter=2304 obj=1.4017844418484848e6 pinf=0.0 (0) dinf=4.746362363776987e8 (11159) time=796.8918578s
[ Info: iter=2305 obj=1.4017844418484848e6 pinf=0.0 (0) dinf=4.7463191463232964e8 (11158) time=799.8546867s
[ Info: iter=2306 obj=1.4017844418484848e6 pinf=0.0 (0) dinf=4.7460682859363794e8 (11151) time=802.8766827s
[ Info: iter=2307 obj=1.4017844418484848e6 pinf=0.0 (0) dinf=4.7460682859363794e8 (11151) time=805.7982549s
[ Info: iter=2308 obj=1.4017844418484848e6 pinf=0.0 (0) dinf=4.7460682859363794e8 (11151) time=808.7062389s
[ Info: iter=2309 obj=1.4017844418484848e6 pinf=0.0 (0) dinf=4.7460682859363794e8 (11151) time=811.7546047s
[ Info: iter=2310 obj=1.4017844418484848e6 pinf=0.0 (0) dinf=4.7461145199619955e8 (11153) time=814.8981563s
[ Info: iter=2311 obj=1.4017844418484848e6 pinf=0.0 (0) dinf=4.746117812079836e8 (11152) time=817.9803325s
[ Info: iter=2312 obj=1.4017844418484848e6 pinf=0.0 (0) dinf=4.7460949676382846e8 (11152) time=821.0322013s
[ Info: iter=2313 obj=1.4017844418484848e6 pinf=0.0 (0) dinf=4.7460473972442627e8 (11151) time=824.0175541s
[ Info: iter=2314 obj=1.4017844418484848e6 pinf=0.0 (0) dinf=4.7460473972442627e8 (11151) time=826.9939274s
[ Info: iter=2315 obj=1.4017844418484848e6 pinf=0.0 (0) dinf=4.7460473972442627e8 (11151) time=830.1685218s
[ Info: iter=2316 obj=1.4017844418484848e6 pinf=0.0 (0) dinf=4.7460473972442627e8 (11151) time=833.1861143s
[ Info: iter=2317 obj=1.4017844418484848e6 pinf=0.0 (0) dinf=4.7460473972442627e8 (11151) time=836.356414s
[ Info: iter=2318 obj=1.4017844418484848e6 pinf=0.0 (0) dinf=4.7460473972442627e8 (11151) time=839.350472s
[ Info: iter=2319 obj=1.4017844418484848e6 pinf=0.0 (0) dinf=4.7462169819921017e8 (11150) time=842.4291666s
[ Info: iter=2320 obj=1.4017844418484848e6 pinf=0.0 (0) dinf=4.7462837548554975e8 (11149) time=845.4893788s
[ Info: iter=2321 obj=1.4017844418484848e6 pinf=0.0 (0) dinf=4.746284216932472e8 (11152) time=848.6086154s
[ Info: iter=2322 obj=1.4017844418484848e6 pinf=0.0 (0) dinf=4.746284089928858e8 (11151) time=851.6750934s
[ Info: iter=2323 obj=1.4017844418484848e6 pinf=0.0 (0) dinf=4.746285185957761e8 (11159) time=854.7003028s
[ Info: iter=2324 obj=1.4017844418484848e6 pinf=0.0 (0) dinf=4.746286281986664e8 (11167) time=857.8668676s
[ Info: iter=2325 obj=1.4017844418484848e6 pinf=0.0 (0) dinf=4.7462876246220696e8 (11177) time=861.021353s
[ Info: iter=2326 obj=1.4017844418484848e6 pinf=0.0 (0) dinf=4.7462887200417095e8 (11185) time=864.0667968s
[ Info: iter=2327 obj=1.4017844418484848e6 pinf=0.0 (0) dinf=4.746288309030871e8 (11181) time=867.1797137s
[ Info: iter=2328 obj=1.4017844418484848e6 pinf=0.0 (0) dinf=4.746288051616522e8 (11178) time=870.2278651s
[ Info: iter=2329 obj=1.4017844418484848e6 pinf=0.0 (0) dinf=4.746287640605684e8 (11174) time=873.308979s
[ Info: iter=2330 obj=1.4017844418484848e6 pinf=0.0 (0) dinf=4.7462870925912327e8 (11170) time=876.2093713s
[ Info: iter=2331 obj=1.4017844418484848e6 pinf=0.0 (0) dinf=4.7462865445767814e8 (11166) time=879.2968718s
[ Info: iter=2332 obj=1.4017844418484848e6 pinf=0.0 (0) dinf=4.74628599656233e8 (11162) time=882.3525379s
[ Info: iter=2333 obj=1.4017844418484848e6 pinf=0.0 (0) dinf=4.746285448547879e8 (11158) time=885.1979436s
[ Info: iter=2334 obj=1.4017844418484848e6 pinf=0.0 (0) dinf=4.7462849005334276e8 (11154) time=888.2506848s
[ Info: iter=2335 obj=1.4017844418484848e6 pinf=0.0 (0) dinf=4.746284352543968e8 (11150) time=891.2045129s
[ Info: iter=2336 obj=1.4017844418484848e6 pinf=0.0 (0) dinf=4.7462841892729545e8 (11154) time=894.1547162s
[ Info: iter=2337 obj=1.4017844418484848e6 pinf=0.0 (0) dinf=4.7462838046136636e8 (11146) time=897.0480697s
[ Info: iter=2338 obj=1.4017844418484848e6 pinf=0.0 (0) dinf=4.7463012640486777e8 (11145) time=900.0664078s
[ Info: iter=2339 obj=1.4017844418484848e6 pinf=0.0 (0) dinf=4.7462998035175955e8 (11152) time=903.5641128s
[ Info: iter=2340 obj=1.4017844418484848e6 pinf=0.0 (0) dinf=4.746298972866349e8 (11151) time=907.0360867s
[ Info: iter=2341 obj=1.4017844418484848e6 pinf=0.0 (0) dinf=4.7463077717614144e8 (11141) time=910.0209698s
[ Info: iter=2342 obj=1.4017844418484848e6 pinf=0.0 (0) dinf=4.7463058536984366e8 (11148) time=912.9606533s
[ Info: iter=2343 obj=1.4017844418484848e6 pinf=0.0 (0) dinf=4.7463047628340083e8 (11147) time=915.9336617s
[ Info: iter=2344 obj=1.4017844418484848e6 pinf=0.0 (0) dinf=4.746314639083761e8 (11137) time=918.9303954s
[ Info: iter=2345 obj=1.4017844418484848e6 pinf=0.0 (0) dinf=4.746312238360592e8 (11144) time=921.9500878s
[ Info: iter=2346 obj=1.4017844418484848e6 pinf=0.0 (0) dinf=4.746310872991708e8 (11143) time=924.9705066s
[ Info: iter=2347 obj=1.4017844418484848e6 pinf=0.0 (0) dinf=4.7462860040421766e8 (11139) time=927.9602936s
[ Info: iter=2348 obj=1.4017844418484848e6 pinf=0.0 (0) dinf=4.746280958640269e8 (11133) time=930.9173655s
[ Info: iter=2349 obj=1.4017844418484848e6 pinf=0.0 (0) dinf=4.7462822017726946e8 (11135) time=933.8828933s
[ Info: iter=2350 obj=1.4017844418484848e6 pinf=0.0 (0) dinf=4.74628309295339e8 (11136) time=936.8625922s
[ Info: iter=2351 obj=1.4017844418484848e6 pinf=0.0 (0) dinf=4.746283984134085e8 (11137) time=939.8682636s
[ Info: iter=2352 obj=1.4017844418484848e6 pinf=0.0 (0) dinf=4.7462848753147805e8 (11138) time=942.8116891s
[ Info: iter=2353 obj=1.4017844418484848e6 pinf=0.0 (0) dinf=4.7463490006954926e8 (11133) time=945.7210086s
[ Info: iter=2354 obj=1.4017844418484848e6 pinf=0.0 (0) dinf=4.746344196104708e8 (11140) time=948.6420998s
[ Info: iter=2355 obj=1.4017844418484848e6 pinf=0.0 (0) dinf=4.746341463578592e8 (11139) time=951.7527622s
[ Info: iter=2356 obj=1.4017844418484848e6 pinf=0.0 (0) dinf=4.7463097601398104e8 (11138) time=954.8036933s
[ Info: iter=2357 obj=1.4017844418484848e6 pinf=0.0 (0) dinf=4.746319865855048e8 (11137) time=957.7522329s
[ Info: iter=2358 obj=1.4017844418484848e6 pinf=0.0 (0) dinf=4.746286376894276e8 (11130) time=960.6849032s
[ Info: iter=2359 obj=1.4017844418484848e6 pinf=0.0 (0) dinf=4.746286376894276e8 (11130) time=963.6763371s
[ Info: iter=2360 obj=1.4017844418484848e6 pinf=0.0 (0) dinf=4.746292627156242e8 (11132) time=966.624017s
[ Info: iter=2361 obj=1.4017844418484848e6 pinf=0.0 (0) dinf=4.7463003616176945e8 (11133) time=969.6319832s
[ Info: iter=2362 obj=1.4017844418484848e6 pinf=0.0 (0) dinf=4.746305023192168e8 (11134) time=972.5196045s
[ Info: iter=2363 obj=1.4017844418484848e6 pinf=0.0 (0) dinf=4.7463274151697254e8 (11138) time=975.4484942s
[ Info: iter=2364 obj=1.4017844418484848e6 pinf=0.0 (0) dinf=4.746318943414232e8 (11138) time=978.4024874s
[ Info: iter=2365 obj=1.4017844418484848e6 pinf=0.0 (0) dinf=4.746332193129765e8 (11137) time=981.5209789s
[ Info: iter=2366 obj=1.4017844418484848e6 pinf=0.0 (0) dinf=4.746287753435798e8 (11130) time=984.4006018s
[ Info: iter=2367 obj=1.4017844418484848e6 pinf=0.0 (0) dinf=4.746287753435798e8 (11130) time=987.3038793s
[ Info: iter=2368 obj=1.4017844418484848e6 pinf=0.0 (0) dinf=4.746295948223708e8 (11132) time=990.2845329s
[ Info: iter=2369 obj=1.4017844418484848e6 pinf=0.0 (0) dinf=4.7463060889620584e8 (11133) time=993.1895462s
[ Info: iter=2370 obj=1.4017844418484848e6 pinf=0.0 (0) dinf=4.7463122008041453e8 (11134) time=996.0746448s
[ Info: iter=2371 obj=1.4017844418484848e6 pinf=0.0 (0) dinf=4.746379259313817e8 (11129) time=999.1079201s
[ Info: iter=2372 obj=1.4017844418484848e6 pinf=0.0 (0) dinf=4.746372337558639e8 (11136) time=1002.0586791s
[ Info: iter=2373 obj=1.4017844418484848e6 pinf=0.0 (0) dinf=4.746368400932684e8 (11135) time=1005.0199454s
[ Info: iter=2374 obj=1.4017844418484848e6 pinf=0.0 (0) dinf=4.7463451703080875e8 (11133) time=1007.9515619s
[ Info: iter=2375 obj=1.4017844418484848e6 pinf=0.0 (0) dinf=4.7462899806323016e8 (11126) time=1011.0034035s
[ Info: iter=2376 obj=1.4017844418484848e6 pinf=0.0 (0) dinf=4.7462899806323016e8 (11126) time=1013.9473079s
[ Info: iter=2377 obj=1.4017844418484848e6 pinf=0.0 (0) dinf=4.746300228772762e8 (11128) time=1016.9428943s
[ Info: iter=2378 obj=1.4017844418484848e6 pinf=0.0 (0) dinf=4.7463129104567933e8 (11129) time=1020.0395785s
[ Info: iter=2379 obj=1.4017844418484848e6 pinf=0.0 (0) dinf=4.746320553731624e8 (11130) time=1023.0387565s
[ Info: iter=2380 obj=1.4017844418484848e6 pinf=0.0 (0) dinf=4.746445302208342e8 (11125) time=1026.0285361s
[ Info: iter=2381 obj=1.4017844418484848e6 pinf=0.0 (0) dinf=4.746433762805266e8 (11132) time=1029.0491615s
[ Info: iter=2382 obj=1.4017844418484848e6 pinf=0.0 (0) dinf=4.7464271999736583e8 (11131) time=1032.0115687s
[ Info: iter=2383 obj=1.4017844418484848e6 pinf=0.0 (0) dinf=4.7463769851844716e8 (11130) time=1035.0505172s
[ Info: iter=2384 obj=1.4017844418484848e6 pinf=0.0 (0) dinf=4.7463070291489404e8 (11123) time=1038.0600723s
[ Info: iter=2385 obj=1.4017844418484848e6 pinf=0.0 (0) dinf=4.7463070291489404e8 (11123) time=1041.0497125s
[ Info: iter=2386 obj=1.4017844418484848e6 pinf=0.0 (0) dinf=4.7463201166425097e8 (11125) time=1044.020021s
[ Info: iter=2387 obj=1.4017844418484848e6 pinf=0.0 (0) dinf=4.746336311918014e8 (11126) time=1046.890961s
[ Info: iter=2388 obj=1.4017844418484848e6 pinf=0.0 (0) dinf=4.7463460728410393e8 (11127) time=1049.813521s
[ Info: iter=2389 obj=1.4017844418484848e6 pinf=0.0 (0) dinf=4.7465554003658855e8 (11121) time=1052.7706342s
[ Info: iter=2390 obj=1.4017844418484848e6 pinf=0.0 (0) dinf=4.7465361648829776e8 (11128) time=1055.8178601s
[ Info: iter=2391 obj=1.4017844418484848e6 pinf=0.0 (0) dinf=4.74652522504195e8 (11127) time=1058.7267274s
[ Info: iter=2392 obj=1.4017844418484848e6 pinf=0.0 (0) dinf=4.746415452263109e8 (11120) time=1061.6767115s
[ Info: iter=2393 obj=1.4017844418484848e6 pinf=0.0 (0) dinf=4.746415452263109e8 (11120) time=1064.6325163s
[ Info: iter=2394 obj=1.4017844418484848e6 pinf=0.0 (0) dinf=4.746415452263109e8 (11120) time=1067.54379s
[ Info: iter=2395 obj=1.4017844418484848e6 pinf=0.0 (0) dinf=4.746415452263109e8 (11120) time=1070.5034957s
[ Info: iter=2396 obj=1.4017844418484848e6 pinf=0.0 (0) dinf=4.746436030379902e8 (11122) time=1073.5289713s
[ Info: iter=2397 obj=1.4017844418484848e6 pinf=0.0 (0) dinf=4.746419569973593e8 (11126) time=1076.4557941s
[ Info: iter=2398 obj=1.4017844418484848e6 pinf=0.0 (0) dinf=4.74631759188824e8 (11119) time=1079.4439744s
[ Info: iter=2399 obj=1.4017844418484848e6 pinf=0.0 (0) dinf=4.74631759188824e8 (11119) time=1082.4919092s
[ Info: iter=2400 obj=1.4017844418484848e6 pinf=0.0 (0) dinf=4.74631759188824e8 (11119) time=1085.4216905s
[ Info: iter=2401 obj=1.4017844418484848e6 pinf=0.0 (0) dinf=4.74631759188824e8 (11119) time=1088.3869224s
[ Info: iter=2402 obj=1.4017844418484848e6 pinf=0.0 (0) dinf=4.746336421987547e8 (11121) time=1091.4252427s
[ Info: iter=2403 obj=1.4017844418484848e6 pinf=0.0 (0) dinf=4.7465125349746364e8 (11126) time=1094.3531655s
[ Info: iter=2404 obj=1.4017844418484848e6 pinf=0.0 (0) dinf=4.7463433659030294e8 (11119) time=1097.3074241s
[ Info: iter=2405 obj=1.4017844418484848e6 pinf=0.0 (0) dinf=4.7463433659030294e8 (11119) time=1100.3060551s
[ Info: iter=2406 obj=1.4017844418484848e6 pinf=0.0 (0) dinf=4.7463433659030294e8 (11119) time=1103.3007301s
[ Info: iter=2407 obj=1.4017844418484848e6 pinf=0.0 (0) dinf=4.7463433659030294e8 (11119) time=1106.2628434s
[ Info: iter=2408 obj=1.4017844418484848e6 pinf=0.0 (0) dinf=4.746374749401874e8 (11121) time=1109.2484543s
[ Info: iter=2409 obj=1.4017844418484848e6 pinf=0.0 (0) dinf=4.7463762597329086e8 (11120) time=1112.266771s
[ Info: iter=2410 obj=1.4017844418484848e6 pinf=0.0 (0) dinf=4.746367503891549e8 (11120) time=1115.2025042s
[ Info: iter=2411 obj=1.4017844418484848e6 pinf=0.0 (0) dinf=4.7463467727357024e8 (11119) time=1118.197342s
[ Info: iter=2412 obj=1.4017844418484848e6 pinf=0.0 (0) dinf=4.7463467727357024e8 (11119) time=1121.1140168s
[ Info: iter=2413 obj=1.4017844418484848e6 pinf=0.0 (0) dinf=4.7463467727357024e8 (11119) time=1124.0498656s
[ Info: iter=2414 obj=1.4017844418484848e6 pinf=0.0 (0) dinf=4.7463467727357024e8 (11119) time=1126.9538883s
[ Info: iter=2415 obj=1.4017844418484848e6 pinf=0.0 (0) dinf=4.7463467727357024e8 (11119) time=1130.1750161s
[ Info: iter=2416 obj=1.4017844418484848e6 pinf=0.0 (0) dinf=4.7463467727357024e8 (11119) time=1133.212547s
[ Info: iter=2417 obj=1.4017844418484848e6 pinf=0.0 (0) dinf=4.746425476713895e8 (11118) time=1136.206781s
[ Info: iter=2418 obj=1.4017844418484848e6 pinf=0.0 (0) dinf=4.746425462061802e8 (11117) time=1139.3223264s
[ Info: iter=2419 obj=1.4017844418484848e6 pinf=0.0 (0) dinf=4.746425359505265e8 (11116) time=1142.4302995s
[ Info: iter=2420 obj=1.4017844418484848e6 pinf=0.0 (0) dinf=4.746425241673168e8 (11115) time=1145.4965441s
[ Info: iter=2421 obj=1.4017844418484848e6 pinf=0.0 (0) dinf=4.7464251092482203e8 (11114) time=1148.5264175s
[ Info: iter=2422 obj=1.4017844418484848e6 pinf=0.0 (0) dinf=4.746424942405902e8 (11113) time=1151.4435306s
[ Info: iter=2423 obj=1.4017844418484848e6 pinf=0.0 (0) dinf=4.7464247618277127e8 (11112) time=1154.4128238s
[ Info: iter=2424 obj=1.4017844418484848e6 pinf=0.0 (0) dinf=4.746424573601705e8 (11111) time=1157.5397287s
[ Info: iter=2425 obj=1.4017844418484848e6 pinf=0.0 (0) dinf=4.7464245240570223e8 (11111) time=1160.5904138s
[ Info: iter=2426 obj=1.4017844418484848e6 pinf=0.0 (0) dinf=4.746424353799318e8 (11110) time=1163.5887283s
[ Info: iter=2427 obj=1.4017844418484848e6 pinf=0.0 (0) dinf=4.746424183270487e8 (11109) time=1166.4598715s
[ Info: iter=2428 obj=1.4017844418484848e6 pinf=0.0 (0) dinf=4.746424012507779e8 (11108) time=1169.4198039s
[ Info: iter=2429 obj=1.4017844418484848e6 pinf=0.0 (0) dinf=4.746423954397488e8 (11108) time=1172.4057022s
[ Info: iter=2430 obj=1.4017844418484848e6 pinf=0.0 (0) dinf=4.746423784139784e8 (11107) time=1175.399957s
[ Info: iter=2431 obj=1.4017844418484848e6 pinf=0.0 (0) dinf=4.746423613610953e8 (11106) time=1178.5108816s
[ Info: iter=2432 obj=1.4017844418484848e6 pinf=0.0 (0) dinf=4.746423442848245e8 (11105) time=1181.5016068s
[ Info: iter=2433 obj=1.4017844418484848e6 pinf=0.0 (0) dinf=4.746423369289234e8 (11105) time=1184.4713895s
[ Info: iter=2434 obj=1.4017844418484848e6 pinf=0.0 (0) dinf=4.746423198760403e8 (11104) time=1187.5724292s
[ Info: iter=2435 obj=1.4017844418484848e6 pinf=0.0 (0) dinf=4.746423027997695e8 (11103) time=1190.5272494s
[ Info: iter=2436 obj=1.4017844418484848e6 pinf=0.0 (0) dinf=4.7464233556263435e8 (11104) time=1193.6517414s
[ Info: iter=2437 obj=1.4017844418484848e6 pinf=0.0 (0) dinf=4.74642221402553e8 (11106) time=1196.5288384s
[ Info: iter=2438 obj=1.4017844418484848e6 pinf=0.0 (0) dinf=4.7464210724247175e8 (11108) time=1199.4897525s
[ Info: iter=2439 obj=1.4017844418484848e6 pinf=0.0 (0) dinf=4.7464200103634113e8 (11110) time=1202.4781113s
[ Info: iter=2440 obj=1.4017844418484848e6 pinf=0.0 (0) dinf=4.746419115652742e8 (11114) time=1205.5443188s
[ Info: iter=2441 obj=1.4017844418484848e6 pinf=0.0 (0) dinf=4.746418189179149e8 (11116) time=1208.5287365s
[ Info: iter=2442 obj=1.4017844418484848e6 pinf=0.0 (0) dinf=4.7464171096161634e8 (11119) time=1211.5905463s
[ Info: iter=2443 obj=1.4017844418484848e6 pinf=0.0 (0) dinf=4.746416061898688e8 (11122) time=1214.5921625s
[ Info: iter=2444 obj=1.4017844418484848e6 pinf=0.0 (0) dinf=4.746414292050328e8 (11121) time=1217.6025179s
[ Info: iter=2445 obj=1.4017844418484848e6 pinf=0.0 (0) dinf=4.7464139350962365e8 (11121) time=1220.5833605s
[ Info: iter=2446 obj=1.4017844418484848e6 pinf=0.0 (0) dinf=4.746413578142145e8 (11121) time=1223.6062844s
[ Info: iter=2447 obj=1.4017844418484848e6 pinf=0.0 (0) dinf=4.746413221188054e8 (11121) time=1226.6337129s
[ Info: iter=2448 obj=1.4017844418484848e6 pinf=0.0 (0) dinf=4.746412864233963e8 (11121) time=1229.6162033s
[ Info: iter=2449 obj=1.4017844418484848e6 pinf=0.0 (0) dinf=4.746412796506023e8 (11120) time=1232.6229651s
[ Info: iter=2450 obj=1.4017844418484848e6 pinf=0.0 (0) dinf=4.746412695819183e8 (11119) time=1235.6256679s
[ Info: iter=2451 obj=1.4017844418484848e6 pinf=0.0 (0) dinf=4.746412581950592e8 (11118) time=1238.6586867s
[ Info: iter=2452 obj=1.4017844418484848e6 pinf=0.0 (0) dinf=4.746412458688697e8 (11117) time=1241.6528451s
[ Info: iter=2453 obj=1.4017844418484848e6 pinf=0.0 (0) dinf=4.7464123248211706e8 (11116) time=1244.7036302s
[ Info: iter=2454 obj=1.4017844418484848e6 pinf=0.0 (0) dinf=4.746412176341519e8 (11115) time=1247.679186s
[ Info: iter=2455 obj=1.4017844418484848e6 pinf=0.0 (0) dinf=4.746412016444123e8 (11114) time=1250.6816902s
[ Info: iter=2456 obj=1.4017844418484848e6 pinf=0.0 (0) dinf=4.746411844313941e8 (11113) time=1253.6565053s
[ Info: iter=2457 obj=1.4017844418484848e6 pinf=0.0 (0) dinf=4.746411661074338e8 (11112) time=1256.6148812s
[ Info: iter=2458 obj=1.4017844418484848e6 pinf=0.0 (0) dinf=4.7464114698272717e8 (11111) time=1259.6072857s
[ Info: iter=2459 obj=1.4017844418484848e6 pinf=0.0 (0) dinf=4.746411194593421e8 (11111) time=1262.6774623s
[ Info: iter=2460 obj=1.4017844418484848e6 pinf=0.0 (0) dinf=4.746410919754337e8 (11111) time=1265.7678096s
[ Info: iter=2461 obj=1.4017844418484848e6 pinf=0.0 (0) dinf=4.7464106475881755e8 (11111) time=1268.778881s
[ Info: iter=2462 obj=1.4017844418484848e6 pinf=0.0 (0) dinf=4.7464105455188286e8 (11110) time=1271.7933218s
[ Info: iter=2463 obj=1.4017844418484848e6 pinf=0.0 (0) dinf=4.7464103849899983e8 (11110) time=1274.9522836s
[ Info: iter=2464 obj=1.4017844418484848e6 pinf=0.0 (0) dinf=4.74641021422729e8 (11109) time=1277.9640499s
[ Info: iter=2465 obj=1.4017844418484848e6 pinf=0.0 (0) dinf=4.74640993737296e8 (11111) time=1280.9659952s
[ Info: iter=2466 obj=1.4017844418484848e6 pinf=0.0 (0) dinf=4.746411209668834e8 (11115) time=1283.9160538s
[ Info: iter=2467 obj=1.4017844418484848e6 pinf=0.0 (0) dinf=4.746408994853151e8 (11113) time=1287.0376142s
[ Info: iter=2468 obj=1.4017844418484848e6 pinf=0.0 (0) dinf=4.74640873292887e8 (11115) time=1290.0381461s
[ Info: iter=2469 obj=1.4017844418484848e6 pinf=0.0 (0) dinf=4.746408818810148e8 (11115) time=1293.0701183s
[ Info: iter=2470 obj=1.4017844418484848e6 pinf=0.0 (0) dinf=4.7464087109064806e8 (11115) time=1296.0957581s
[ Info: iter=2471 obj=1.4017844418484848e6 pinf=0.0 (0) dinf=4.746408663364688e8 (11114) time=1299.1008601s
[ Info: iter=2472 obj=1.4017844418484848e6 pinf=0.0 (0) dinf=4.746408563868221e8 (11114) time=1302.0485687s
[ Info: iter=2473 obj=1.4017844418484848e6 pinf=0.0 (0) dinf=4.746408454137877e8 (11113) time=1305.1299199s
[ Info: iter=2474 obj=1.4026947970433228e6 pinf=0.0 (0) dinf=4.7463165053964525e8 (11152) time=1308.157619s
[ Info: iter=2475 obj=1.4029082432003804e6 pinf=0.0 (0) dinf=4.7464082877661484e8 (11111) time=1311.1693867s
[ Info: iter=2476 obj=1.4029082432003804e6 pinf=0.0 (0) dinf=4.746408444976681e8 (11117) time=1314.1279715s
[ Info: iter=2498 obj=1.4046081085097748e6 pinf=0.0 (0) dinf=4.746448214735969e8 (11125) time=1317.470996s
[ Info: iter=2500 obj=1.406019515325677e6 pinf=0.0 (0) dinf=4.7465407705462503e8 (11140) time=1320.5610512s
[ Info: iter=2501 obj=1.4069325858117787e6 pinf=0.0 (0) dinf=4.746556333936883e8 (11139) time=1323.5840549s
[ Info: iter=2502 obj=1.408233666992874e6 pinf=0.0 (0) dinf=4.746470509868387e8 (11102) time=1326.6236673s
[ Info: iter=2503 obj=1.408233666992874e6 pinf=0.0 (0) dinf=4.746471336286926e8 (11106) time=1329.6368753s
[ Info: iter=2504 obj=1.408233666992874e6 pinf=0.0 (0) dinf=4.7464699298026e8 (11104) time=1332.5736046s
[ Info: iter=2505 obj=1.4086210257260657e6 pinf=0.0 (0) dinf=4.746469576421443e8 (11103) time=1335.7211531s
[ Info: iter=2506 obj=1.4086210257260657e6 pinf=0.0 (0) dinf=4.746475538862065e8 (11111) time=1338.7981198s
[ Info: iter=2507 obj=1.4086210257260657e6 pinf=0.0 (0) dinf=4.7464710719610095e8 (11105) time=1341.839168s
[ Info: iter=2508 obj=1.4086210257260657e6 pinf=0.0 (0) dinf=4.7464719249692905e8 (11107) time=1344.878423s
[ Info: iter=2509 obj=1.4086210257260657e6 pinf=0.0 (0) dinf=4.746470573205011e8 (11105) time=1347.7798742s
[ Info: iter=2510 obj=1.4091810635439742e6 pinf=0.0 (0) dinf=4.7465505913562065e8 (11136) time=1350.69487s
[ Info: iter=2511 obj=1.4130517968949543e6 pinf=0.0 (0) dinf=4.7464464184845245e8 (11127) time=1353.8158091s
[ Info: iter=2591 obj=1.4217077653550236e6 pinf=0.0 (0) dinf=4.466860847266824e8 (11082) time=1357.9878873s
[ Info: iter=2671 obj=1.421707766778482e6 pinf=0.0 (0) dinf=4.441166435250211e8 (11222) time=1358.9616433s
[ Info: iter=2751 obj=1.421707766778482e6 pinf=0.0 (0) dinf=4.439761549454728e8 (11169) time=1359.7981301s
[ Info: iter=2831 obj=1.4217077670984773e6 pinf=0.0 (0) dinf=4.4165338739428157e8 (11042) time=1360.6399806s
[ Info: iter=2911 obj=1.4217077670984773e6 pinf=0.0 (0) dinf=8.613215325508423e8 (10922) time=1361.4058131s
[ Info: Restarting simplex on original LP after NUMERICAL_ERROR: SingularException: matrix is singular; factorization failed. Zero pivot found at index 0; completed iterations=2991
[ Info: iter=2991 obj=2.793025071873255e6 pinf=0.0 (0) dinf=12380.398223383017 (12075) time=1362.4263583s
[ Info: iter=3071 obj=2.809548907316631e6 pinf=0.0 (0) dinf=12318.757617160018 (12042) time=1363.1902188s
[ Info: iter=3151 obj=2.8095489120263397e6 pinf=0.0 (0) dinf=21495.243656724637 (11996) time=1364.1108848s
