EVENT phase_one count=1 iter=0 row=0 entering=0 pinf=0.0 dinf=12288.550456887204
EVENT correction_attempt count=1 iter=125 row=3833 entering=23674 pinf=0.0 dinf=562621.0254980393
EVENT correction_attempt count=2 iter=126 row=4727 entering=23074 pinf=0.0 dinf=12801.768029488665
EVENT correction_attempt count=3 iter=133 row=3811 entering=22810 pinf=0.0 dinf=77793.15755406715
EVENT correction_attempt count=4 iter=371 row=19915 entering=22091 pinf=0.0 dinf=22229.74200133711
EVENT correction_attempt count=5 iter=378 row=12721 entering=49561 pinf=0.0 dinf=12492.86434283157
EVENT correction_attempt count=6 iter=388 row=2792 entering=49564 pinf=0.0 dinf=12800.903050513509
EVENT correction_attempt count=7 iter=390 row=17636 entering=49884 pinf=0.0 dinf=29058.534736793616
EVENT correction_attempt count=8 iter=399 row=9706 entering=13730 pinf=0.0 dinf=30364.61518346922
EVENT correction_attempt count=9 iter=591 row=14706 entering=24405 pinf=0.0 dinf=4.43348611580669e6
EVENT correction_attempt count=10 iter=595 row=11696 entering=24394 pinf=0.0 dinf=4.626575930402368e6
SMALL_ACCEPTED_PIVOT iter=1076 pivot=0.23041538141562845 direction_norm=5.2797841900247924e7 relative_pivot=4.3641060528753635e-9 snapshot=.superpowers/performance/runtime-primal-pivot-prefix.toml.accepted_pivot.1076.bin
SMALL_ACCEPTED_PIVOT iter=1077 pivot=0.5713265090860381 direction_norm=2.2914200248207384e8 relative_pivot=2.4933294764705302e-9 snapshot=.superpowers/performance/runtime-primal-pivot-prefix.toml.accepted_pivot.1077.bin
SMALL_ACCEPTED_PIVOT iter=1078 pivot=-0.2847731751907288 direction_norm=4.01070139119987e8 relative_pivot=7.100333518111505e-10 snapshot=.superpowers/performance/runtime-primal-pivot-prefix.toml.accepted_pivot.1078.bin
EVENT refactor_residual count=1 iter=1079 row=19719 entering=23374 pinf=0.0 dinf=4.411507178073935e21
PIVOT stored_forward=1.0 stored_tableau=-1.2874316997095579e-16 direction_norm=1.8250000000013666 row_residual_ratio=1.1699162405200438e11
SNAPSHOT .superpowers/performance/runtime-primal-pivot-prefix.toml.refactor_residual.1079.bin
EVENT refactor_residual count=2 iter=1082 row=1722 entering=11585 pinf=0.0 dinf=3.6905838571446136e22
PIVOT stored_forward=1.0 stored_tableau=1.0 direction_norm=1.0 row_residual_ratio=3.106361187304277e9
EVENT refactor_residual count=3 iter=1083 row=2334 entering=22113 pinf=0.0 dinf=3.6905838571446136e22
PIVOT stored_forward=0.049126284409374145 stored_tableau=0.0 direction_norm=74283.80581786616 row_residual_ratio=3.289878389020151e10
EVENT refactor_residual count=4 iter=1084 row=15434 entering=22113 pinf=0.0 dinf=8.389453356957537e22
PIVOT stored_forward=292597.63283518574 stored_tableau=0.0 direction_norm=292597.63283518574 row_residual_ratio=1.4154380182874133e12
EVENT refactor_residual count=5 iter=1088 row=1722 entering=11586 pinf=0.0 dinf=1.3798106027171862e23
PIVOT stored_forward=1.0 stored_tableau=1.0 direction_norm=1.0 row_residual_ratio=2.7719539420094347e9
EVENT refactor_residual count=6 iter=1091 row=5429 entering=12517 pinf=0.0 dinf=1.3798106027171862e23
PIVOT stored_forward=74.13770555305432 stored_tableau=0.0 direction_norm=487.6508472588927 row_residual_ratio=1.5605635363575354e13
EVENT refactor_residual count=7 iter=1095 row=5429 entering=12517 pinf=0.0 dinf=1.3798106027171862e23
PIVOT stored_forward=74.13770555305432 stored_tableau=0.0 direction_norm=487.6508472588927 row_residual_ratio=1.7585633726617387e13
EVENT refactor_residual count=8 iter=1096 row=5429 entering=12517 pinf=0.0 dinf=1.3798106027171862e23
PIVOT stored_forward=74.13770555305432 stored_tableau=0.0 direction_norm=487.6508472588927 row_residual_ratio=1.5028925945769412e13
EVENT refactor_residual count=9 iter=1103 row=1722 entering=11584 pinf=0.0 dinf=1.3798106027171862e23
PIVOT stored_forward=1.0 stored_tableau=1.0 direction_norm=1.0 row_residual_ratio=2.7719539420094347e9
EVENT refactor_pivot count=1 iter=1129 row=25205 entering=2949 pinf=0.0 dinf=7.891268255644322e22
PIVOT stored_forward=8.111505116082066e-17 stored_tableau=-0.8422561122915085 direction_norm=3.099700867022522e21 row_residual_ratio=1.7592177655812e13
EVENT certification_failed count=1 iter=1129 row=25205 entering=2949 pinf=166.82147875306006 dinf=7.538217016358209e23
EVENT phase_one count=2 iter=0 row=0 entering=0 pinf=0.0 dinf=12380.398223383017
[ Info: Loaded problem: rows=43021 columns=47148 nnz=277210
[ Info: Starting presolve
[ Info: After presolve: rows=28453 columns=31615 nnz=211789
[ Info: iter=0 obj=1.2522206406563444e6 pinf=0.0 (0) dinf=12288.550456887204 (11330) time=2.332513965s
[ Info: iter=80 obj=1.2522206406563444e6 pinf=0.0 (0) dinf=36314.16836263747 (11279) time=2.665630674s
[ Info: iter=160 obj=1.2631118905179026e6 pinf=0.0 (0) dinf=20318.10622356058 (11212) time=2.941584282s
[ Info: iter=240 obj=1.3081914597255755e6 pinf=0.0 (0) dinf=12933.727267866876 (11235) time=3.209701289s
[ Info: iter=320 obj=1.3457333563381066e6 pinf=0.0 (0) dinf=13377.506131293816 (11160) time=3.485046797s
[ Info: iter=400 obj=1.365372047972791e6 pinf=0.0 (0) dinf=14946.893727017134 (11094) time=3.766760805s
[ Info: iter=480 obj=1.3679359060446834e6 pinf=0.0 (0) dinf=28616.505259710084 (11099) time=4.026996512s
[ Info: iter=560 obj=1.367935906044684e6 pinf=0.0 (0) dinf=138541.4328187033 (11009) time=4.29644682s
[ Info: iter=640 obj=1.367984980364754e6 pinf=0.0 (0) dinf=22377.908779322108 (11093) time=4.555110327s
[ Info: iter=720 obj=1.367984980364754e6 pinf=0.0 (0) dinf=23874.21152664453 (11096) time=4.82889156s
[ Info: iter=800 obj=1.380798629860655e6 pinf=0.0 (0) dinf=109464.19870492947 (11029) time=5.101379125s
[ Info: iter=880 obj=1.380798629860655e6 pinf=0.0 (0) dinf=3.931233811007373e7 (11026) time=5.357109187s
[ Info: iter=960 obj=1.380798629860655e6 pinf=0.0 (0) dinf=6.934687582960077e7 (11012) time=5.623629851s
[ Info: iter=1040 obj=1.3807986298636138e6 pinf=0.0 (0) dinf=4.2076028911693625e7 (10975) time=5.882610814s
[ Info: iter=1079 obj=1.3790946121396092e6 pinf=1.9835540204002857 (233) dinf=3.6905838571446136e22 (10917) time=6.162741381s
[ Info: iter=1082 obj=1.3790946121396092e6 pinf=1.9835540204002857 (233) dinf=3.6905838571446136e22 (10909) time=7.881394095s
[ Info: iter=1083 obj=1.378864710672949e6 pinf=2.361470600365473 (233) dinf=4.194726678478769e22 (10910) time=9.579261905s
[ Info: iter=1084 obj=1.377631104258666e6 pinf=4.389297805874459 (238) dinf=1.3798106027171862e23 (10909) time=11.268618712s
[ Info: iter=1088 obj=1.377631104258666e6 pinf=4.389297805874459 (238) dinf=1.3798106027171862e23 (10905) time=12.982821276s
[ Info: iter=1091 obj=1.377631104258666e6 pinf=4.389297805874459 (238) dinf=1.3798106027171862e23 (10856) time=14.680737959s
[ Info: iter=1095 obj=1.377631104258666e6 pinf=4.389297805874459 (238) dinf=1.3798106027171862e23 (10895) time=16.383873042s
[ Info: iter=1096 obj=1.377631104258666e6 pinf=4.389297805874459 (238) dinf=1.3798106027171862e23 (10892) time=18.084255125s
[ Info: iter=1103 obj=1.377631104258666e6 pinf=4.389297805874459 (238) dinf=1.3798106027171862e23 (10848) time=19.842297511s
[ Info: iter=1129 obj=1.3507185900507434e6 pinf=166.82147875306006 (482) dinf=7.538217016358209e23 (10844) time=21.728999995s
[ Info: Restarting simplex on original LP after NUMERICAL_ERROR: primal feasibility lost; completed iterations=1129
[ Info: iter=1129 obj=2.793025071873255e6 pinf=0.0 (0) dinf=12380.398223383017 (12075) time=21.824619799s
[ Info: Solve finished: status=ITERATION_LIMIT reason=iteration limit reached iterations=1200 time=22.173273214s
Dict{String, Any}("kernel_seconds" => Dict("pricing" => 15.323256891, "refactorization" => 0.132328914, "ftran" => 13.346387633, "btran" => 0.645369966), "basis_update" => "bartels_golub", "peak_rss" => 0x0000000079a71000, "counts" => Dict("refactor_residual" => 9, "certification_failed" => 1, "primal_point_preserved" => 59, "correction_attempt" => 53, "checkpoint" => 1, "correction" => 14, "pricing_scanned_entries" => 80096453, "refactor_other" => 2, "pivot_completed" => 1200, "pivot_rejected" => 32, "pricing_full_scan" => 1243, "pricing" => 1243, "refactor_initial" => 4, "refactor_pivot" => 1, "pricing_scored_entries" => 13919022, "refactor_limit" => 13, "pivot_proposed" => 1242, "phase_one" => 2), "input" => "/home/jspitz/mps/runtime.mps", "outer_seconds" => 22.181394914, "input_sha256" => "d0ac16e1a52a7d3411cbac28616bba9d3beb0c0edbdb2d72ab0477ce075f6c68", "refactorizations" => 25, "seconds" => 22.173273214, "allocated_bytes" => 2829075872, "julia" => "1.13.0", "algorithm" => "primal", "iterations" => 1200, "status" => "ITERATION_LIMIT", "message" => "iteration limit reached")
