[ Info: Loaded problem: rows=43021 columns=47148 nnz=277210
[ Info: Starting presolve
[ Info: After presolve: rows=28453 columns=31615 nnz=211789
[ Info: iter=80 obj=-77795.8076828801 pinf=246.1482611475381 (370) dinf=0.0 (0) time=3.540010743s
[ Info: iter=160 obj=-12567.365623658372 pinf=125.28552036200347 (292) dinf=0.0 (0) time=3.781456453s
[ Info: iter=240 obj=-817.3518407489905 pinf=22.679308522596607 (156) dinf=0.0 (0) time=3.995742963s
[ Info: iter=257 obj=-7.509524188788394e6 pinf=383149.01107378054 (3089) dinf=36998.32632978309 (226) time=4.124735468s
[ Info: iter=337 obj=-7.808027941838834e6 pinf=109599.0643979763 (3016) dinf=0.0 (0) time=4.427431081s
[ Info: iter=417 obj=-2.2853844035067055e6 pinf=60074.314304500804 (2933) dinf=0.0 (0) time=4.711261994s
[ Info: iter=497 obj=-530621.0877673206 pinf=52483.09157571571 (2942) dinf=0.0 (0) time=5.016043807s
[ Info: iter=577 obj=164468.49993766547 pinf=151997.97631239655 (2954) dinf=0.0 (0) time=5.332592721s
[ Info: iter=657 obj=572589.3769480296 pinf=57238.92384973288 (3021) dinf=0.0 (0) time=5.653864235s
[ Info: iter=737 obj=1.0842600478897637e6 pinf=50976.41636561077 (3218) dinf=0.0 (0) time=6.102428154s
[ Info: iter=817 obj=2.2965681554261264e6 pinf=60907.48206217069 (3275) dinf=0.0 (0) time=6.414241668s
[ Info: iter=897 obj=3.058648589875774e6 pinf=240146.7944467208 (3318) dinf=0.0 (0) time=6.741033382s
[ Info: iter=977 obj=3.3187176178630576e6 pinf=9.384839283851564e6 (3377) dinf=0.0 (0) time=7.063733696s
[ Info: iter=1057 obj=4.168899847606366e6 pinf=1.5031547425337506e7 (3496) dinf=0.0 (0) time=7.38437271s
[ Info: iter=1137 obj=4.363801828634674e6 pinf=5.565076706487678e6 (3525) dinf=0.0 (0) time=8.414442555s
[ Info: iter=1217 obj=4.710756261016378e6 pinf=1.164876186965354e6 (3583) dinf=0.0 (0) time=8.736031873s
[ Info: iter=1297 obj=5.326874262480176e6 pinf=1.0499501719613492e6 (3611) dinf=0.0 (0) time=9.089295298s
[ Info: iter=1377 obj=5.5892322968613785e6 pinf=1.049056288735595e6 (3683) dinf=0.0 (0) time=9.416808421s
[ Info: iter=1457 obj=5.72910179447647e6 pinf=1.0521614497177482e6 (3747) dinf=0.0 (0) time=9.804337149s
[ Info: iter=1537 obj=6.062901985267193e6 pinf=2.388210620981863e6 (3786) dinf=0.0 (0) time=10.137311772s
[ Info: iter=1617 obj=6.148425621254354e6 pinf=1.084971495467183e6 (3794) dinf=0.0 (0) time=10.468559695s
[ Info: iter=1697 obj=6.159057546126314e6 pinf=1.2016173978137583e6 (3814) dinf=0.0 (0) time=10.790695718s
[ Info: iter=1777 obj=6.172640194708636e6 pinf=1.0726547601649861e6 (3847) dinf=0.0 (0) time=11.147630843s
[ Info: iter=1857 obj=6.553186522290303e6 pinf=1.1070551975518009e6 (3894) dinf=0.0 (0) time=11.480110367s
[ Info: iter=1937 obj=6.654771518787278e6 pinf=1.1004705844137007e6 (3905) dinf=0.0 (0) time=11.834801592s
[ Info: iter=2017 obj=6.708132297492314e6 pinf=1.1424087702440151e6 (3926) dinf=0.0 (0) time=12.178454916s
[ Info: iter=2097 obj=6.836041094841335e6 pinf=1.0449762159318994e6 (3956) dinf=0.0 (0) time=12.535624741s
[ Info: iter=2177 obj=6.871373475387485e6 pinf=1.0449188584117338e6 (3970) dinf=0.0 (0) time=12.891333666s
[ Info: iter=2257 obj=6.906584087213784e6 pinf=1.0388634572701713e6 (4002) dinf=0.0 (0) time=13.237044291s
[ Info: iter=2337 obj=6.918580020773119e6 pinf=1.0495394196524639e6 (4042) dinf=0.0 (0) time=13.618446118s
[ Info: iter=2417 obj=7.011581659015803e6 pinf=1.074023358451929e6 (4035) dinf=0.0 (0) time=13.985732344s
[ Info: iter=2497 obj=7.119070402502591e6 pinf=1.0703520406435733e6 (4049) dinf=0.0 (0) time=14.336775269s
[ Info: iter=2577 obj=7.515603269988371e6 pinf=1.2654712405634364e6 (4027) dinf=0.0 (0) time=15.524746552s
[ Info: iter=2657 obj=7.785974925109563e6 pinf=1.2556852757013023e6 (4061) dinf=0.0 (0) time=15.899097779s
[ Info: iter=2737 obj=7.798800535711624e6 pinf=1.3050150324407623e6 (4084) dinf=0.0 (0) time=16.281942306s
[ Info: iter=2817 obj=8.081275848511245e6 pinf=1.2942097611542619e6 (4114) dinf=0.0 (0) time=16.668728329s
[ Info: iter=2897 obj=8.527618348411245e6 pinf=1.7852914854974262e6 (4116) dinf=0.0 (0) time=17.045269438s
[ Info: iter=2977 obj=1.1996729282671373e7 pinf=636998.7693665422 (4153) dinf=0.0 (0) time=17.544795049s
[ Info: iter=3057 obj=1.247426275720298e7 pinf=631044.2520977646 (4175) dinf=0.0 (0) time=17.931144158s
[ Info: iter=3137 obj=1.4956757039972419e7 pinf=130839.36785733566 (4205) dinf=0.0 (0) time=18.324275967s
[ Info: iter=3217 obj=1.5054689588294925e7 pinf=127794.91992740562 (4239) dinf=0.0 (0) time=18.696023576s
[ Info: iter=3297 obj=1.5115891629084181e7 pinf=126714.617312347 (4264) dinf=0.0 (0) time=19.085961885s
[ Info: iter=3377 obj=1.512429784872481e7 pinf=179506.73191232522 (4241) dinf=0.0 (0) time=19.482743994s
[ Info: iter=3457 obj=1.5256973842764003e7 pinf=132555.4346897067 (4218) dinf=0.0 (0) time=19.908344204s
[ Info: iter=3537 obj=1.5272284439642087e7 pinf=139393.40288854387 (4229) dinf=0.0 (0) time=20.282274713s
[ Info: iter=3617 obj=1.5272284439642087e7 pinf=141241.85518765746 (4256) dinf=0.0 (0) time=20.671678222s
[ Info: iter=3697 obj=1.5296727842466736e7 pinf=136424.36208846688 (4291) dinf=0.0 (0) time=21.066141031s
[ Info: iter=3777 obj=1.543956233928353e7 pinf=138540.4372214317 (4292) dinf=0.0 (0) time=21.512819941s
[ Info: iter=3857 obj=1.5505660307433542e7 pinf=138793.47194489645 (4291) dinf=0.0 (0) time=21.984887352s
[ Info: iter=3937 obj=1.5926546661047675e7 pinf=218770.87942347856 (4347) dinf=0.0 (0) time=22.412295462s
[ Info: iter=4017 obj=1.6276338201995652e7 pinf=148878.36794805672 (4363) dinf=0.0 (0) time=22.826803472s
[ Info: iter=4097 obj=1.6467996920768367e7 pinf=199751.57087684996 (4405) dinf=0.0 (0) time=23.277816582s
[ Info: iter=4177 obj=1.6624817479431812e7 pinf=206701.25730105193 (4429) dinf=0.0 (0) time=23.711545792s
[ Info: iter=4257 obj=1.6643646762926139e7 pinf=218800.1782420327 (4466) dinf=0.0 (0) time=24.124905602s
[ Info: iter=4337 obj=1.6643646762926139e7 pinf=218247.23018532214 (4485) dinf=0.0 (0) time=24.552189911s
[ Info: iter=4417 obj=1.6658964279136874e7 pinf=290985.9792213159 (4514) dinf=0.0 (0) time=24.982251673s
[ Info: iter=4497 obj=1.9193591416064825e7 pinf=652117.6831266222 (4545) dinf=0.0 (0) time=25.406021339s
[ Info: iter=4577 obj=2.1003765379325606e7 pinf=660863.274201069 (4535) dinf=0.0 (0) time=25.846892907s
[ Info: iter=4657 obj=2.104579214604458e7 pinf=667508.5165811317 (4593) dinf=0.0 (0) time=26.320350081s
[ Info: iter=4737 obj=2.1096164084021475e7 pinf=699507.2221533336 (4621) dinf=0.0 (0) time=26.781932052s
[ Info: iter=4817 obj=2.1169956065702386e7 pinf=828739.2792797145 (4726) dinf=0.0 (0) time=27.236234023s
[ Info: iter=4897 obj=2.230965008943607e7 pinf=832769.4492147657 (4740) dinf=0.0 (0) time=27.677916891s
[ Info: iter=4977 obj=2.236543303961304e7 pinf=766099.7918537405 (4752) dinf=0.0 (0) time=28.150739865s
[ Info: iter=5057 obj=2.2442660857053675e7 pinf=783401.6581165778 (4786) dinf=0.0 (0) time=28.599544835s
[ Info: iter=5137 obj=2.2635255713830408e7 pinf=820798.942757224 (4806) dinf=0.0 (0) time=29.108514014s
[ Info: iter=5217 obj=2.3343119204568766e7 pinf=820145.0936058101 (4778) dinf=0.0 (0) time=29.621358993s
[ Info: iter=5297 obj=2.3532628921560206e7 pinf=908764.4867918218 (4813) dinf=0.0 (0) time=30.140669174s
[ Info: iter=5377 obj=2.3615978556921374e7 pinf=740514.6744138866 (4788) dinf=0.0 (0) time=30.638051051s
[ Info: iter=5457 obj=2.396724274141237e7 pinf=915794.4849347699 (4792) dinf=0.0 (0) time=31.133584628s
[ Info: iter=5537 obj=2.4165023532985233e7 pinf=1.173456207424691e6 (4802) dinf=0.0 (0) time=31.678753113s
[ Info: iter=5617 obj=2.4165023532985233e7 pinf=1.165756172580919e6 (4808) dinf=0.0 (0) time=32.220865097s
[ Info: iter=5697 obj=2.416624424429249e7 pinf=897099.6546868205 (4829) dinf=0.0 (0) time=32.771113244s
[ Info: iter=5777 obj=2.41664717131138e7 pinf=2.7286692044275724e6 (4845) dinf=0.0 (0) time=33.274291105s
[ Info: iter=5857 obj=2.41722823065741e7 pinf=976736.6711480289 (4875) dinf=0.0 (0) time=33.781337366s
[ Info: iter=5937 obj=2.4217725523264438e7 pinf=1.0379378396478774e6 (4926) dinf=0.0 (0) time=34.316677225s
[ Info: iter=6017 obj=2.4361124467401788e7 pinf=1.0024017727411645e6 (4871) dinf=0.0 (0) time=34.89652998s
[ Info: iter=6097 obj=2.4915499030444533e7 pinf=905019.49577432 (4878) dinf=0.0 (0) time=35.423169339s
[ Info: iter=6177 obj=2.5597934332983203e7 pinf=359271.31418241566 (4830) dinf=0.0 (0) time=35.977815896s
[ Info: iter=6257 obj=2.5880785876518324e7 pinf=89982.3228758875 (4758) dinf=0.0 (0) time=36.489643356s
[ Info: iter=6337 obj=2.5932838827086527e7 pinf=91136.08896823978 (4749) dinf=0.0 (0) time=36.96581402s
[ Info: iter=6417 obj=2.6105383535555154e7 pinf=525670.8509045448 (4833) dinf=0.0 (0) time=37.47198208s
[ Info: iter=6497 obj=2.639707738827304e7 pinf=50455.529409828036 (4727) dinf=0.0 (0) time=37.978169741s
[ Info: iter=6577 obj=2.6617627217324108e7 pinf=64327.76081565983 (4764) dinf=0.0 (0) time=38.476418403s
[ Info: iter=6657 obj=2.6940957282006714e7 pinf=71504.93613993777 (4736) dinf=0.0 (0) time=38.957442565s
[ Info: iter=6737 obj=2.707167295609886e7 pinf=44536.612761095734 (4712) dinf=0.0 (0) time=39.441010628s
[ Info: iter=6817 obj=2.7245747916017424e7 pinf=41118.6541709733 (4685) dinf=0.0 (0) time=39.917595291s
[ Info: iter=6897 obj=2.7590061564281322e7 pinf=40245.82813312607 (4687) dinf=0.0 (0) time=40.409020953s
[ Info: iter=6977 obj=2.77184523036264e7 pinf=47713.39031018015 (4731) dinf=0.0 (0) time=40.903814036s
[ Info: iter=7057 obj=2.8806250811799265e7 pinf=54836.636859651975 (4769) dinf=0.0 (0) time=41.426114835s
[ Info: iter=7137 obj=2.891896079190682e7 pinf=55593.25088855995 (4794) dinf=0.0 (0) time=41.936534934s
[ Info: iter=7217 obj=2.9008230950833756e7 pinf=135624.0643262588 (4936) dinf=0.0 (0) time=42.475184134s
[ Info: iter=7297 obj=2.9226394598985597e7 pinf=51052.208837251004 (4801) dinf=0.0 (0) time=43.054013233s
[ Info: iter=7377 obj=2.9258355459052928e7 pinf=229881.34828461986 (4918) dinf=0.0 (0) time=43.604454732s
[ Info: iter=7457 obj=2.9327667907333314e7 pinf=49367.8177800379 (4870) dinf=0.0 (0) time=44.115461831s
[ Info: iter=7537 obj=2.9366729386270992e7 pinf=514739.36318251933 (4887) dinf=0.0 (0) time=44.67292953s
[ Info: iter=7617 obj=2.9429254521893002e7 pinf=58492.27204873487 (4867) dinf=0.0 (0) time=45.234308229s
[ Info: iter=7697 obj=2.945184446488881e7 pinf=87568.64932510856 (4904) dinf=0.0 (0) time=45.782856728s
[ Info: iter=7777 obj=2.9463252508803476e7 pinf=115966.55514153778 (5009) dinf=0.0 (0) time=46.291618727s
[ Info: iter=7857 obj=2.949110435730761e7 pinf=56909.540542095994 (4979) dinf=0.0 (0) time=46.846309827s
[ Info: iter=7937 obj=2.951594117436178e7 pinf=163860.8290449423 (4977) dinf=0.0 (0) time=47.375488826s
[ Info: iter=8017 obj=2.95258725893979e7 pinf=40354.302456339974 (4882) dinf=0.0 (0) time=47.919445325s
[ Info: iter=8097 obj=2.953415472816767e7 pinf=233192.83770953133 (4926) dinf=0.0 (0) time=48.443109024s
[ Info: iter=8177 obj=2.9547939318357214e7 pinf=38343.65983678704 (4848) dinf=0.0 (0) time=49.024340125s
[ Info: iter=8257 obj=2.9568866732644748e7 pinf=45574.49648895764 (4928) dinf=0.0 (0) time=49.524443427s
[ Info: iter=8337 obj=2.965131489588441e7 pinf=73620.68034012096 (4996) dinf=0.0 (0) time=50.072937528s
[ Info: iter=8417 obj=2.9782451130952675e7 pinf=76235.57854594637 (4992) dinf=0.0 (0) time=50.61795073s
[ Info: iter=8497 obj=2.9805306475173965e7 pinf=64345.491731206545 (4986) dinf=0.0 (0) time=51.155533332s
[ Info: iter=8577 obj=2.9868644208114825e7 pinf=84988.18890817792 (5005) dinf=0.0 (0) time=51.681483533s
[ Info: iter=8657 obj=2.988285120449794e7 pinf=166751.67394865424 (5003) dinf=0.0 (0) time=52.344849835s
[ Info: iter=8737 obj=2.9948697851244353e7 pinf=93475.68768842284 (4982) dinf=0.0 (0) time=52.988134238s
[ Info: iter=8817 obj=3.0165721637803867e7 pinf=189735.28644573432 (5057) dinf=0.0 (0) time=53.557485839s
[ Info: iter=8897 obj=3.0365514973115444e7 pinf=66049.79561179593 (5023) dinf=0.0 (0) time=54.174197741s
[ Info: iter=8977 obj=3.039642871997746e7 pinf=206171.03254080162 (5017) dinf=0.0 (0) time=54.795592643s
[ Info: iter=9057 obj=3.052598789340075e7 pinf=33745.10525366323 (4950) dinf=0.0 (0) time=55.416859945s
[ Info: iter=9137 obj=3.05606514274519e7 pinf=47414.35241118367 (4950) dinf=0.0 (0) time=55.983407947s
[ Info: iter=9217 obj=3.061224674443031e7 pinf=125724.85045962888 (4962) dinf=0.0 (0) time=56.582627449s
[ Info: iter=9297 obj=3.065943714065223e7 pinf=53112.25259839263 (5007) dinf=0.0 (0) time=57.203302937s
[ Info: iter=9377 obj=3.071504563393933e7 pinf=3.2717696324819447e6 (5104) dinf=0.0 (0) time=57.821340624s
[ Info: iter=9457 obj=3.0919642652218446e7 pinf=111296.5933219503 (5095) dinf=0.0 (0) time=58.441278811s
[ Info: iter=9537 obj=3.1096361749706693e7 pinf=39669.379207306636 (5018) dinf=0.0 (0) time=59.083926398s
[ Info: iter=9617 obj=3.1245602660250604e7 pinf=135321.4269144363 (5131) dinf=0.0 (0) time=59.775982683s
[ Info: iter=9697 obj=3.1308153404280327e7 pinf=109187.16503774932 (5146) dinf=0.0 (0) time=60.491286768s
[ Info: iter=9777 obj=3.141810096328002e7 pinf=245669.6488988741 (5110) dinf=0.0 (0) time=61.150594054s
[ Info: iter=9857 obj=3.1682988384579152e7 pinf=84768.91773238935 (5096) dinf=0.0 (0) time=61.81594874s
[ Info: iter=9937 obj=3.174804022924323e7 pinf=81781.70926687033 (5073) dinf=0.0 (0) time=62.498498526s
[ Info: iter=10017 obj=3.2038549210264266e7 pinf=43337.70196708394 (5051) dinf=0.0 (0) time=63.170418412s
[ Info: iter=10097 obj=3.2441450700437307e7 pinf=78493.61760557434 (5147) dinf=0.0 (0) time=63.867464697s
[ Info: iter=10177 obj=3.253435696042496e7 pinf=134987.3611520321 (5161) dinf=0.0 (0) time=64.579962982s
[ Info: iter=10257 obj=3.2749268045239054e7 pinf=186456.77540316829 (5230) dinf=0.0 (0) time=65.31007638s
[ Info: iter=10337 obj=3.2847848540468164e7 pinf=286804.3169364643 (5293) dinf=0.0 (0) time=66.015621079s
[ Info: iter=10417 obj=3.29643980527009e7 pinf=246219.68150902164 (5234) dinf=0.0 (0) time=66.694340578s
[ Info: iter=10497 obj=3.301371125585007e7 pinf=116804.92830585319 (5175) dinf=0.0 (0) time=67.409552977s
[ Info: iter=10577 obj=3.305344690038977e7 pinf=173811.74624150826 (5228) dinf=0.0 (0) time=68.138178677s
[ Info: iter=10657 obj=3.3058338932310384e7 pinf=435834.66974188574 (5165) dinf=0.0 (0) time=68.784720176s
[ Info: iter=10737 obj=3.307269063264117e7 pinf=99226.07246652238 (5169) dinf=0.0 (0) time=69.440743275s
[ Info: iter=10817 obj=3.309064152381488e7 pinf=70384.64290311637 (5178) dinf=0.0 (0) time=70.145632075s
[ Info: iter=10897 obj=3.3155174393712237e7 pinf=475989.37293034536 (5325) dinf=0.0 (0) time=70.843595874s
[ Info: iter=10977 obj=3.3255167360687643e7 pinf=87836.81734938546 (5171) dinf=0.0 (0) time=71.562140973s
[ Info: iter=11057 obj=3.3349411589602713e7 pinf=29010.434885625564 (5114) dinf=0.0 (0) time=72.307466372s
[ Info: iter=11137 obj=3.353079823404625e7 pinf=27254.835645576768 (5093) dinf=0.0 (0) time=72.979151845s
[ Info: iter=11217 obj=3.3563930010716446e7 pinf=88950.83888123892 (5170) dinf=0.0 (0) time=73.694084483s
[ Info: iter=11297 obj=3.363894981206863e7 pinf=101778.93580072463 (5145) dinf=0.0 (0) time=74.434086719s
[ Info: iter=11377 obj=3.3665860485674076e7 pinf=47110.62339984495 (5160) dinf=0.0 (0) time=75.133997458s
[ Info: iter=11457 obj=3.3684823446177505e7 pinf=76727.08054604096 (5176) dinf=0.0 (0) time=75.7991505s
[ Info: iter=11537 obj=3.373620800496962e7 pinf=50650.70850484623 (5148) dinf=0.0 (0) time=76.537945735s
[ Info: iter=11617 obj=3.3796810604638085e7 pinf=3.409153396910519e7 (5131) dinf=0.0 (0) time=77.264724172s
[ Info: iter=11697 obj=3.3852116507831074e7 pinf=3.2155786639228803e6 (5151) dinf=0.0 (0) time=77.961797612s
[ Info: iter=11777 obj=3.3869700529953524e7 pinf=31386.986221337265 (5117) dinf=0.0 (0) time=78.637872453s
[ Info: iter=11857 obj=3.400583212379129e7 pinf=59467.93674313573 (5149) dinf=0.0 (0) time=79.327127993s
[ Info: iter=11937 obj=3.403529721886024e7 pinf=86461.51074665923 (5233) dinf=0.0 (0) time=80.16605922s
[ Info: iter=12017 obj=3.411084207141934e7 pinf=35962.79603992776 (5155) dinf=0.0 (0) time=80.867985176s
[ Info: iter=12097 obj=3.425042872929174e7 pinf=147094.45348383658 (5222) dinf=0.0 (0) time=81.613468779s
[ Info: iter=12177 obj=3.543468809767984e7 pinf=34360.47740943035 (5136) dinf=0.0 (0) time=82.323836383s
[ Info: iter=12257 obj=3.5785846937324926e7 pinf=81353.93209434452 (5112) dinf=0.0 (0) time=83.077005487s
[ Info: iter=12337 obj=3.6181002592912115e7 pinf=334400.476008451 (5285) dinf=0.0 (0) time=83.791793791s
[ Info: iter=12417 obj=3.6217376397270925e7 pinf=418737.4285616258 (5281) dinf=0.0 (0) time=84.552819895s
[ Info: iter=12497 obj=3.6243250340167776e7 pinf=62327.68322780706 (5146) dinf=0.0 (0) time=85.302192799s
[ Info: iter=12577 obj=3.625141847242226e7 pinf=134412.43728298257 (5193) dinf=0.0 (0) time=86.056459002s
[ Info: iter=12657 obj=3.627878272390318e7 pinf=75574.58760106524 (5214) dinf=0.0 (0) time=86.837910007s
[ Info: iter=12737 obj=3.630268724397609e7 pinf=65513.496260401254 (5229) dinf=0.0 (0) time=87.681044311s
[ Info: iter=12817 obj=3.6321603352152884e7 pinf=34651.18063713424 (5182) dinf=0.0 (0) time=88.372707314s
[ Info: iter=12897 obj=3.633798534617357e7 pinf=29303.23042751468 (5201) dinf=0.0 (0) time=89.091774739s
[ Info: iter=12977 obj=3.636245369107463e7 pinf=162338.81554860953 (5236) dinf=0.0 (0) time=89.973982691s
[ Info: iter=13057 obj=3.6389527266704395e7 pinf=68529.4611837995 (5273) dinf=0.0 (0) time=90.719345835s
[ Info: iter=13137 obj=3.639842298567769e7 pinf=52665.27715152306 (5133) dinf=0.0 (0) time=91.423876976s
[ Info: iter=13217 obj=3.641917159813915e7 pinf=378739.27489269286 (5335) dinf=0.0 (0) time=92.215674122s
[ Info: iter=13297 obj=3.6452252437826864e7 pinf=31688.38858584245 (5152) dinf=0.0 (0) time=93.332380688s
[ Info: iter=13377 obj=3.648011317787731e7 pinf=3.549309611637378e6 (5205) dinf=0.0 (0) time=94.039044529s
[ Info: iter=13457 obj=3.649481711681531e7 pinf=248473.05067826045 (5284) dinf=0.0 (0) time=94.829569875s
[ Info: iter=13537 obj=3.6589884074578255e7 pinf=2.421731028357277e6 (5388) dinf=0.0 (0) time=95.733043828s
[ Info: iter=13617 obj=3.673411440473035e7 pinf=804841.3363012259 (5279) dinf=0.0 (0) time=96.600755779s
[ Info: iter=13697 obj=3.675639968840134e7 pinf=54958.67855579112 (5187) dinf=0.0 (0) time=97.503015091s
[ Info: iter=13777 obj=3.679728407485779e7 pinf=155549.10040049156 (5485) dinf=0.0 (0) time=98.326590696s
[ Info: iter=13857 obj=3.684470733910671e7 pinf=739069.6791789829 (5655) dinf=0.0 (0) time=99.262010502s
[ Info: iter=13937 obj=3.690970285410637e7 pinf=4.553448545976648e6 (5663) dinf=0.0 (0) time=100.210509308s
[ Info: iter=14017 obj=3.712335990494999e7 pinf=117442.75800583223 (5457) dinf=0.0 (0) time=101.082941614s
[ Info: iter=14097 obj=3.723623238109313e7 pinf=487859.38315576914 (5546) dinf=0.0 (0) time=101.949795819s
[ Info: iter=14177 obj=3.741952314251322e7 pinf=67244.06100272697 (5319) dinf=0.0 (0) time=102.815285725s
[ Info: iter=14257 obj=3.74441184901782e7 pinf=49491.49761137452 (5371) dinf=0.0 (0) time=103.59314063s
[ Info: iter=14337 obj=3.770501966700532e7 pinf=87850.91455352012 (5364) dinf=0.0 (0) time=104.366803135s
[ Info: iter=14417 obj=3.771149904349089e7 pinf=29047.051195022552 (5288) dinf=0.0 (0) time=105.140611839s
[ Info: iter=14497 obj=3.7724635268455945e7 pinf=96532.13719322202 (5386) dinf=0.0 (0) time=105.940208542s
[ Info: iter=14577 obj=3.7740213026371345e7 pinf=244250.61573609826 (5377) dinf=0.0 (0) time=106.744686945s
[ Info: iter=14657 obj=3.782465801811323e7 pinf=35210.90182505205 (5359) dinf=0.0 (0) time=107.541091348s
[ Info: iter=14737 obj=3.796831114588713e7 pinf=438013.30386836303 (5497) dinf=0.0 (0) time=108.370669651s
[ Info: iter=14817 obj=3.806862728552173e7 pinf=439643.031317214 (5421) dinf=0.0 (0) time=109.326911155s
[ Info: iter=14897 obj=3.8111547954768255e7 pinf=20886.750845492137 (5307) dinf=0.0 (0) time=110.238122458s
[ Info: iter=14977 obj=3.81234132865981e7 pinf=52154.27170435657 (5270) dinf=0.0 (0) time=111.033137561s
[ Info: iter=15057 obj=3.814513819500737e7 pinf=226644.99237179075 (5465) dinf=0.0 (0) time=111.827597264s
[ Info: iter=15137 obj=3.8160914328085154e7 pinf=189455.824463849 (5440) dinf=0.0 (0) time=112.615741267s
[ Info: iter=15217 obj=3.818027932809247e7 pinf=63298.49886515719 (5477) dinf=0.0 (0) time=113.403878466s
[ Info: iter=15297 obj=3.8216382520357475e7 pinf=166956.87484976754 (5491) dinf=0.0 (0) time=114.329248064s
[ Info: iter=15377 obj=3.8217931457111195e7 pinf=19978.527144076314 (5335) dinf=0.0 (0) time=118.254361954s
[ Info: iter=15457 obj=3.8241596891563654e7 pinf=85115.37943787302 (5403) dinf=0.0 (0) time=119.085872652s
[ Info: iter=15537 obj=3.8250712028706245e7 pinf=1.8325096199934965e6 (5515) dinf=0.0 (0) time=120.08838405s
[ Info: iter=15617 obj=3.8263622972694814e7 pinf=64045.09949434983 (5402) dinf=0.0 (0) time=121.127021539s
[ Info: iter=15697 obj=3.830650205500596e7 pinf=25485.12428874713 (5334) dinf=0.0 (0) time=122.238369414s
[ Info: iter=15777 obj=3.8328107504248366e7 pinf=36988.45997989804 (5369) dinf=0.0 (0) time=123.108497394s
[ Info: iter=15857 obj=3.833794322612125e7 pinf=86080.32133312697 (5443) dinf=0.0 (0) time=123.933087275s
[ Info: iter=15937 obj=3.834865268187995e7 pinf=277249.4830542058 (5521) dinf=0.0 (0) time=125.235684345s
[ Info: iter=16017 obj=3.83761892508401e7 pinf=135162.64126228256 (5484) dinf=0.0 (0) time=126.237193123s
[ Info: iter=16097 obj=3.8405530674694076e7 pinf=242142.43990418452 (5569) dinf=0.0 (0) time=127.204134201s
[ Info: iter=16177 obj=3.841474868784599e7 pinf=2.2168880592104876e6 (5554) dinf=0.0 (0) time=129.315688029s
[ Info: iter=16257 obj=3.8449953864806384e7 pinf=130765.69815576075 (5572) dinf=0.0 (0) time=130.247102569s
[ Info: iter=16337 obj=3.845817365752487e7 pinf=216091.78776173596 (5653) dinf=0.0 (0) time=131.348206598s
[ Info: iter=16417 obj=3.84684387952217e7 pinf=184975.03532246378 (5485) dinf=0.0 (0) time=132.457600626s
[ Info: iter=16497 obj=3.848419899802872e7 pinf=107715.8477604829 (5555) dinf=0.0 (0) time=133.493823459s
[ Info: iter=16577 obj=3.8504587016060375e7 pinf=96591.02239752281 (5541) dinf=0.0 (0) time=134.527887993s
[ Info: iter=16657 obj=3.856740564145515e7 pinf=63794.82851731611 (5451) dinf=0.0 (0) time=135.534658728s
[ Info: iter=16737 obj=3.861058337496813e7 pinf=279901.3667931048 (5458) dinf=0.0 (0) time=136.517949664s
[ Info: iter=16817 obj=3.861648037131961e7 pinf=42480.769092637434 (5359) dinf=0.0 (0) time=137.516129602s
[ Info: iter=16897 obj=3.8731060288393855e7 pinf=605774.452788505 (5529) dinf=0.0 (0) time=138.432391545s
[ Info: iter=16977 obj=3.882808614792967e7 pinf=903205.9482338311 (5667) dinf=0.0 (0) time=139.383358186s
[ Info: iter=17057 obj=3.896524993310809e7 pinf=70495.41369149397 (5419) dinf=0.0 (0) time=140.425870922s
[ Info: iter=17137 obj=3.905186981062381e7 pinf=52031.58726340327 (5385) dinf=0.0 (0) time=141.472593257s
[ Info: iter=17217 obj=3.9089530616102174e7 pinf=268253.86549395754 (5471) dinf=0.0 (0) time=142.583381889s
[ Info: iter=17297 obj=3.911718685319523e7 pinf=49291.95883307428 (5348) dinf=0.0 (0) time=143.642567223s
[ Info: iter=17377 obj=3.928843237790785e7 pinf=383407.8715479067 (5522) dinf=0.0 (0) time=144.608711364s
[ Info: iter=17457 obj=3.9373473075617805e7 pinf=299419.9476970713 (5503) dinf=0.0 (0) time=145.672717265s
[ Info: iter=17537 obj=3.94045317128964e7 pinf=149820.30540329282 (5469) dinf=0.0 (0) time=146.747164181s
[ Info: iter=17617 obj=3.9447752233107105e7 pinf=95821.74003055922 (5346) dinf=0.0 (0) time=147.898318197s
[ Info: iter=17697 obj=3.94962051886905e7 pinf=205507.51781552957 (5490) dinf=0.0 (0) time=148.894572712s
[ Info: iter=17777 obj=3.95071035088074e7 pinf=28748.36051208455 (5229) dinf=0.0 (0) time=149.849735226s
[ Info: iter=17857 obj=3.951261134803392e7 pinf=85197.14602190744 (5377) dinf=0.0 (0) time=151.007296442s
[ Info: iter=17937 obj=3.972352250826432e7 pinf=188389.46631082895 (5510) dinf=0.0 (0) time=152.048140657s
[ Info: iter=18017 obj=4.0043485389442034e7 pinf=397780.75154370186 (5450) dinf=0.0 (0) time=153.037657671s
[ Info: iter=18097 obj=4.013407749058753e7 pinf=6.421391473965735e7 (5699) dinf=0.0 (0) time=154.105107986s
[ Info: iter=18177 obj=4.0357251346117154e7 pinf=141316.8070547672 (5302) dinf=0.0 (0) time=155.017435399s
[ Info: iter=18257 obj=4.037565851873839e7 pinf=2.529274984474058e6 (5765) dinf=0.0 (0) time=156.068677914s
[ Info: iter=18337 obj=4.038591948325507e7 pinf=2.8705269690302115e7 (5810) dinf=0.0 (0) time=157.091637629s
[ Info: iter=18417 obj=4.062300231399445e7 pinf=126874.52158405459 (5395) dinf=0.0 (0) time=158.191964544s
[ Info: iter=18497 obj=4.064721741616435e7 pinf=286563.8488408923 (5490) dinf=0.0 (0) time=159.27410786s
[ Info: iter=18577 obj=4.0664337156602055e7 pinf=607647.6314943298 (5379) dinf=0.0 (0) time=160.430842076s
[ Info: iter=18657 obj=4.06783745405386e7 pinf=278877.97954291914 (5497) dinf=0.0 (0) time=162.014641082s
[ Info: iter=18737 obj=4.070478953753169e7 pinf=1.7155289124799457e6 (5684) dinf=0.0 (0) time=163.281950183s
[ Info: iter=18817 obj=4.071828898844331e7 pinf=97970.60852809182 (5392) dinf=0.0 (0) time=164.440004684s
[ Info: iter=18897 obj=4.0726364730326526e7 pinf=302791.4981160775 (5489) dinf=0.0 (0) time=165.646304685s
[ Info: iter=18977 obj=4.073454219245677e7 pinf=179669.21151365282 (5404) dinf=0.0 (0) time=166.828371186s
[ Info: iter=19057 obj=4.074798917199038e7 pinf=2.744706668710901e6 (5715) dinf=0.0 (0) time=168.025699287s
[ Info: iter=19137 obj=4.075719599661167e7 pinf=114653.5352730164 (5293) dinf=0.0 (0) time=169.387096386s
[ Info: iter=19217 obj=4.07911322811252e7 pinf=661432.8029837064 (5542) dinf=0.0 (0) time=170.561178585s
[ Info: iter=19297 obj=4.0828382377788275e7 pinf=51046.952854361494 (5251) dinf=0.0 (0) time=171.740741783s
[ Info: iter=19377 obj=4.084025150833085e7 pinf=174317.87565811674 (5459) dinf=0.0 (0) time=172.957006981s
[ Info: iter=19457 obj=4.098001741889418e7 pinf=110376.57628087384 (5281) dinf=0.0 (0) time=174.350432679s
[ Info: iter=19537 obj=4.099733373268904e7 pinf=262854.279895106 (5382) dinf=0.0 (0) time=175.518097777s
[ Info: iter=19617 obj=4.100230193020864e7 pinf=84299.48887182842 (5389) dinf=0.0 (0) time=176.736185875s
[ Info: iter=19697 obj=4.108602624378042e7 pinf=1.261874677192992e6 (5466) dinf=0.0 (0) time=177.97658857s
[ Info: iter=19777 obj=4.1182467117553376e7 pinf=401953.00113347603 (5394) dinf=0.0 (0) time=179.197542565s
[ Info: iter=19857 obj=4.120564208246137e7 pinf=298501.2712690505 (5359) dinf=0.0 (0) time=180.462881259s
[ Info: iter=19937 obj=4.121453411669522e7 pinf=212024.6320149817 (5372) dinf=0.0 (0) time=181.672988254s
[ Info: iter=20017 obj=4.1229706000133425e7 pinf=752105.7631473178 (5592) dinf=0.0 (0) time=182.808258449s
[ Info: iter=20097 obj=4.123953278969213e7 pinf=437657.12039021327 (5543) dinf=0.0 (0) time=184.014939544s
[ Info: iter=20177 obj=4.1254443271954335e7 pinf=3.569062423414373e6 (5665) dinf=0.0 (0) time=185.224262037s
[ Info: iter=20257 obj=4.1347286357820794e7 pinf=146407.17397459384 (5395) dinf=0.0 (0) time=186.248344329s
[ Info: iter=20337 obj=4.136646184461288e7 pinf=207778.44361231552 (5448) dinf=0.0 (0) time=187.45296132s
[ Info: iter=20417 obj=4.13731476815805e7 pinf=61596.26124867797 (5259) dinf=0.0 (0) time=188.484241911s
[ Info: iter=20497 obj=4.138468755407271e7 pinf=491893.5558579714 (5618) dinf=0.0 (0) time=189.656110202s
[ Info: iter=20577 obj=4.1390683551315665e7 pinf=428753.36915588484 (5392) dinf=0.0 (0) time=191.10793729s
[ Info: iter=20657 obj=4.139743643822158e7 pinf=61980.73580809045 (5223) dinf=0.0 (0) time=192.322220381s
[ Info: iter=20737 obj=4.145976507627194e7 pinf=258362.09198860914 (5349) dinf=0.0 (0) time=193.518035375s
[ Info: iter=20817 obj=4.146350827436432e7 pinf=100622.59424677267 (5329) dinf=0.0 (0) time=194.827359673s
[ Info: iter=20897 obj=4.147247173847761e7 pinf=1.4778342216771315e6 (5481) dinf=0.0 (0) time=196.130686871s
[ Info: iter=20977 obj=4.1517684107183635e7 pinf=203545.1454554127 (5402) dinf=0.0 (0) time=197.427408768s
[ Info: iter=21057 obj=4.1534828426618375e7 pinf=230526.24322761 (5511) dinf=0.0 (0) time=198.705591866s
[ Info: iter=21137 obj=4.15464211912145e7 pinf=696860.7623681945 (5431) dinf=0.0 (0) time=199.947662364s
[ Info: iter=21217 obj=4.1592405054022856e7 pinf=122786.23459487085 (5468) dinf=0.0 (0) time=201.253237056s
[ Info: iter=21297 obj=4.1602153874943614e7 pinf=280078.870794552 (5572) dinf=0.0 (0) time=202.591804535s
[ Info: iter=21377 obj=4.174489587097357e7 pinf=163305.7303927899 (5438) dinf=0.0 (0) time=203.906250414s
[ Info: iter=21457 obj=4.1754467467176124e7 pinf=217244.10966853274 (5470) dinf=0.0 (0) time=205.246059992s
[ Info: iter=21537 obj=4.1761290550567746e7 pinf=841409.2155591068 (5638) dinf=0.0 (0) time=206.664702569s
[ Info: iter=21617 obj=4.1778017313587174e7 pinf=566657.4563221872 (5331) dinf=0.0 (0) time=208.062712347s
[ Info: iter=21697 obj=4.178791402490013e7 pinf=1.5682479668895795e6 (5665) dinf=0.0 (0) time=209.353594726s
[ Info: iter=21777 obj=4.1790520875943795e7 pinf=26274.498745901128 (5202) dinf=0.0 (0) time=210.671929705s
[ Info: iter=21857 obj=4.179824316131839e7 pinf=26347.47499040214 (5182) dinf=0.0 (0) time=211.970058284s
[ Info: iter=21937 obj=4.180940212159167e7 pinf=133026.500446318 (5367) dinf=0.0 (0) time=213.277128263s
[ Info: iter=22017 obj=4.1817009190883726e7 pinf=3.2303547141157934e6 (5684) dinf=0.0 (0) time=214.578478742s
[ Info: iter=22097 obj=4.183461265083718e7 pinf=1.085345195656259e6 (5519) dinf=0.0 (0) time=215.91233882s
[ Info: iter=22177 obj=4.184147934826815e7 pinf=1.2126650864554187e6 (5616) dinf=0.0 (0) time=217.151798802s
[ Info: iter=22257 obj=4.1848754901121765e7 pinf=250132.8802987517 (5285) dinf=0.0 (0) time=218.365974388s
[ Info: iter=22337 obj=4.18551479730735e7 pinf=2.4419801521281516e6 (5561) dinf=0.0 (0) time=219.583169774s
[ Info: iter=22417 obj=4.207325770844434e7 pinf=88811.92091059225 (5320) dinf=0.0 (0) time=220.941561258s
[ Info: iter=22497 obj=4.256095184049296e7 pinf=1.9146461438545722e6 (5733) dinf=0.0 (0) time=222.239323344s
[ Info: iter=22577 obj=4.258247724753924e7 pinf=4.970139088622093e6 (5642) dinf=0.0 (0) time=223.46586423s
[ Info: iter=22657 obj=4.2589544106581606e7 pinf=5.44823182282715e6 (5580) dinf=0.0 (0) time=224.942304413s
[ Info: iter=22737 obj=4.259669407323918e7 pinf=4.141926512452397e6 (5663) dinf=0.0 (0) time=226.280627803s
[ Info: iter=22817 obj=4.259993691288463e7 pinf=1.9466263413170828e6 (5656) dinf=0.0 (0) time=227.632252693s
[ Info: iter=22897 obj=4.2650249786598414e7 pinf=5.10297923912201e6 (5699) dinf=0.0 (0) time=228.928785284s
[ Info: iter=22977 obj=4.265694722874208e7 pinf=5.657808677375565e6 (5736) dinf=0.0 (0) time=230.134773575s
[ Info: iter=23057 obj=4.266143906379141e7 pinf=3.479430023730506e6 (5734) dinf=0.0 (0) time=231.599002765s
[ Info: iter=23137 obj=4.267000741167884e7 pinf=675617.5922038729 (5422) dinf=0.0 (0) time=233.289414153s
[ Info: iter=23217 obj=4.281903832069619e7 pinf=280336.3840994094 (5322) dinf=0.0 (0) time=234.627752246s
[ Info: iter=23297 obj=4.2822917856537566e7 pinf=56244.291551157585 (5077) dinf=0.0 (0) time=236.017280038s
[ Info: iter=23377 obj=4.282956340650767e7 pinf=1.367874097232518e6 (5535) dinf=0.0 (0) time=237.60051463s
[ Info: iter=23457 obj=4.283414792715417e7 pinf=857524.492618397 (5473) dinf=0.0 (0) time=238.945188222s
[ Info: iter=23537 obj=4.2842550756468564e7 pinf=466639.315680625 (5489) dinf=0.0 (0) time=240.336892915s
[ Info: iter=23617 obj=4.284744690112634e7 pinf=3.3411537204414974e6 (5604) dinf=0.0 (0) time=241.686889209s
[ Info: iter=23697 obj=4.2852631569715515e7 pinf=162813.17041070174 (5265) dinf=0.0 (0) time=242.949504005s
[ Info: iter=23777 obj=4.285562950732969e7 pinf=482658.1993753322 (5333) dinf=0.0 (0) time=244.3579175s
[ Info: iter=23857 obj=4.285637438751067e7 pinf=448930.4104364067 (5540) dinf=0.0 (0) time=245.692427695s
[ Info: iter=23937 obj=4.286427096197284e7 pinf=3.390146064172599e6 (5650) dinf=0.0 (0) time=247.015417691s
[ Info: iter=24017 obj=4.286890191470117e7 pinf=2.2477151970261084e6 (5614) dinf=0.0 (0) time=248.377353887s
[ Info: iter=24097 obj=4.287699485978556e7 pinf=1.0302498941891917e6 (5596) dinf=0.0 (0) time=249.799727683s
[ Info: iter=24177 obj=4.2967308868674114e7 pinf=168144.81496503137 (5282) dinf=0.0 (0) time=251.057341281s
[ Info: iter=24257 obj=4.2974462999892525e7 pinf=2.0466110026283872e6 (5461) dinf=0.0 (0) time=252.292492279s
[ Info: iter=24337 obj=4.2981910852258325e7 pinf=1.857037412846846e6 (5358) dinf=0.0 (0) time=253.761036377s
[ Info: iter=24417 obj=4.299642024777238e7 pinf=1.6338922122678906e6 (5226) dinf=0.0 (0) time=255.130634675s
[ Info: iter=24497 obj=4.300234763519111e7 pinf=2.5544813662689207e6 (5384) dinf=0.0 (0) time=256.477173373s
[ Info: iter=24577 obj=4.300556174973162e7 pinf=75480.32571616836 (5202) dinf=0.0 (0) time=257.871481669s
[ Info: iter=24657 obj=4.30123304821548e7 pinf=382259.63873372745 (5373) dinf=0.0 (0) time=259.165823165s
[ Info: iter=24737 obj=4.30136227816195e7 pinf=208889.55102001806 (5266) dinf=0.0 (0) time=260.450057961s
[ Info: iter=24817 obj=4.302569607031968e7 pinf=8.734694101431606e6 (5360) dinf=0.0 (0) time=261.680271157s
[ Info: iter=24897 obj=4.303452342454902e7 pinf=69158.30543015414 (5036) dinf=0.0 (0) time=263.044634852s
[ Info: iter=24977 obj=4.3037442927954115e7 pinf=218415.3828046991 (5248) dinf=0.0 (0) time=264.377557648s
[ Info: iter=25057 obj=4.303858640606056e7 pinf=233117.3630389824 (5140) dinf=0.0 (0) time=265.757279244s
[ Info: iter=25137 obj=4.305017786266107e7 pinf=140585.05233114603 (5173) dinf=0.0 (0) time=267.088967939s
[ Info: iter=25217 obj=4.310602416939277e7 pinf=4.217472538202105e6 (5669) dinf=0.0 (0) time=268.374165235s
[ Info: iter=25297 obj=4.328370244238579e7 pinf=105233.97351185737 (5126) dinf=0.0 (0) time=269.688627831s
[ Info: iter=25377 obj=4.331144390321491e7 pinf=203400.66308026572 (5312) dinf=0.0 (0) time=271.093081627s
[ Info: iter=25457 obj=4.332212501264217e7 pinf=147688.68580873412 (5112) dinf=0.0 (0) time=272.415267423s
[ Info: iter=25537 obj=4.3326238172737926e7 pinf=112431.49270383874 (5136) dinf=0.0 (0) time=273.84719882s
[ Info: iter=25617 obj=4.3328525476953536e7 pinf=155328.194389567 (5197) dinf=0.0 (0) time=275.32922182s
[ Info: iter=25697 obj=4.3330009968573585e7 pinf=81861.19785856875 (5260) dinf=0.0 (0) time=276.522593019s
[ Info: iter=25777 obj=4.3335186261062786e7 pinf=192726.7832106639 (5219) dinf=0.0 (0) time=277.838872018s
[ Info: iter=25857 obj=4.33424356022564e7 pinf=241890.18038365323 (5187) dinf=0.0 (0) time=279.133125018s
[ Info: iter=25937 obj=4.334691605232594e7 pinf=126111.23121693436 (5124) dinf=0.0 (0) time=280.545347417s
[ Info: iter=26017 obj=4.3349436992342666e7 pinf=178919.09142517624 (5177) dinf=0.0 (0) time=281.871290615s
[ Info: iter=26097 obj=4.3351925800986245e7 pinf=168352.496005691 (5055) dinf=0.0 (0) time=283.183213312s
[ Info: iter=26177 obj=4.335464793523767e7 pinf=322210.5859403345 (5132) dinf=0.0 (0) time=284.560673209s
[ Info: iter=26257 obj=4.335719051602443e7 pinf=765495.0287219054 (5289) dinf=0.0 (0) time=285.912808105s
[ Info: iter=26337 obj=4.336374869007983e7 pinf=123311.83744322197 (5081) dinf=0.0 (0) time=287.400425402s
[ Info: iter=26417 obj=4.339665019797507e7 pinf=250277.7345281531 (5208) dinf=0.0 (0) time=288.665780599s
[ Info: iter=26497 obj=4.340690243259525e7 pinf=309956.59844161966 (5224) dinf=0.0 (0) time=290.044034597s
[ Info: iter=26577 obj=4.3415538545105025e7 pinf=157114.4567766738 (5015) dinf=0.0 (0) time=291.686729394s
[ Info: iter=26657 obj=4.341706096145385e7 pinf=27479.67364009091 (4903) dinf=0.0 (0) time=293.124228792s
[ Info: iter=26737 obj=4.341881248111017e7 pinf=9.61292383399644e6 (5054) dinf=0.0 (0) time=294.29058999s
[ Info: iter=26817 obj=4.341977245366448e7 pinf=49882.36430008441 (4978) dinf=0.0 (0) time=295.730863988s
[ Info: iter=26897 obj=4.346915478508305e7 pinf=85380.1143255778 (5099) dinf=0.0 (0) time=297.384119597s
[ Info: iter=26977 obj=4.347527938996546e7 pinf=154873.9630622278 (5113) dinf=0.0 (0) time=298.865913544s
[ Info: iter=27057 obj=4.347722162739588e7 pinf=283652.0536990425 (5315) dinf=0.0 (0) time=300.30059009s
[ Info: iter=27137 obj=4.3482461230477065e7 pinf=244808.25601582084 (5105) dinf=0.0 (0) time=301.789261537s
[ Info: iter=27217 obj=4.3585100681280136e7 pinf=1.4518686210163565e7 (5567) dinf=0.0 (0) time=303.249189684s
[ Info: iter=27297 obj=4.358795865752589e7 pinf=4.026922475674937e6 (5411) dinf=0.0 (0) time=304.821091934s
[ Info: iter=27377 obj=4.3593266131661154e7 pinf=6.188926628727625e6 (5436) dinf=0.0 (0) time=306.374943749s
[ Info: iter=27457 obj=4.363271516519354e7 pinf=882310.4943097124 (5370) dinf=0.0 (0) time=307.920761659s
[ Info: iter=27537 obj=4.3637302867417976e7 pinf=657662.6405076056 (5209) dinf=0.0 (0) time=309.395260268s
[ Info: iter=27617 obj=4.3673847796475045e7 pinf=542060.4284360267 (5179) dinf=0.0 (0) time=310.780597776s
[ Info: iter=27697 obj=4.370079441326301e7 pinf=294107.74183822767 (5091) dinf=0.0 (0) time=312.115697084s
[ Info: iter=27777 obj=4.3702283648074344e7 pinf=1.4399085431164748e6 (5021) dinf=0.0 (0) time=313.49433979s
[ Info: iter=27857 obj=4.3817214029752195e7 pinf=18301.68127065707 (4748) dinf=0.0 (0) time=314.81021789s
[ Info: iter=27937 obj=4.388005458714045e7 pinf=58857.15256647263 (4956) dinf=0.0 (0) time=316.24282459s
[ Info: iter=28017 obj=4.3881451109170556e7 pinf=342346.2468865103 (5081) dinf=0.0 (0) time=317.62955029s
[ Info: iter=28097 obj=4.3883224734309e7 pinf=138761.17710783327 (5021) dinf=0.0 (0) time=319.045715189s
[ Info: iter=28177 obj=4.389156058079636e7 pinf=8.620580556439601e7 (5691) dinf=0.0 (0) time=320.418604889s
[ Info: iter=28257 obj=4.393711092217429e7 pinf=436404.01920986327 (5219) dinf=0.0 (0) time=321.99024079s
[ Info: iter=28337 obj=4.3947590121147074e7 pinf=63358.93992124373 (4986) dinf=0.0 (0) time=323.467716192s
[ Info: iter=28417 obj=4.39541135414862e7 pinf=868896.8274566168 (5238) dinf=0.0 (0) time=324.880062294s
[ Info: iter=28497 obj=4.3958759571097344e7 pinf=330232.34491186176 (5354) dinf=0.0 (0) time=326.307391195s
[ Info: iter=28577 obj=4.397327702954805e7 pinf=253323.9511968304 (5248) dinf=0.0 (0) time=327.914680797s
[ Info: iter=28657 obj=4.3979865197168015e7 pinf=132258.51356643045 (5092) dinf=0.0 (0) time=329.3229528s
[ Info: iter=28737 obj=4.398300295984083e7 pinf=394565.3581869664 (5202) dinf=0.0 (0) time=330.827324508s
[ Info: iter=28817 obj=4.398507570293922e7 pinf=124991.59748966468 (5110) dinf=0.0 (0) time=332.334073717s
[ Info: iter=28897 obj=4.399190225532227e7 pinf=2.4855204069355954e6 (5458) dinf=0.0 (0) time=333.863084426s
[ Info: iter=28977 obj=4.4160731453039035e7 pinf=157820.82862249424 (5123) dinf=0.0 (0) time=335.332667134s
[ Info: iter=29057 obj=4.4253124631899506e7 pinf=184617.33316504772 (5205) dinf=0.0 (0) time=336.767431942s
[ Info: iter=29137 obj=4.4282596223760754e7 pinf=870903.768258982 (5020) dinf=0.0 (0) time=338.384520081s
[ Info: iter=29217 obj=4.429902845094809e7 pinf=647110.2900734133 (5378) dinf=0.0 (0) time=340.062087529s
[ Info: iter=29297 obj=4.439954040224366e7 pinf=99711.30671480065 (4920) dinf=0.0 (0) time=341.532776171s
[ Info: iter=29377 obj=4.4406243532310575e7 pinf=1.7920294256133512e6 (5432) dinf=0.0 (0) time=343.288678322s
[ Info: iter=29457 obj=4.4469827233331226e7 pinf=69606.52907577968 (4924) dinf=0.0 (0) time=345.060679773s
[ Info: iter=29537 obj=4.448697875242029e7 pinf=95845.0640740082 (4994) dinf=0.0 (0) time=346.762406126s
[ Info: iter=29617 obj=4.449038827326144e7 pinf=111946.61811576533 (4905) dinf=0.0 (0) time=348.362525979s
[ Info: iter=29697 obj=4.449416202756816e7 pinf=123418.09253846516 (4954) dinf=0.0 (0) time=349.872832635s
[ Info: iter=29777 obj=4.450924878389914e7 pinf=107022.77405471265 (4971) dinf=0.0 (0) time=351.43309129s
[ Info: iter=29857 obj=4.451222547402015e7 pinf=90651.2699093436 (4920) dinf=0.0 (0) time=352.963590445s
[ Info: iter=29937 obj=4.451430276260933e7 pinf=2.126908883427811e6 (5512) dinf=0.0 (0) time=354.430423332s
[ Info: iter=30017 obj=4.451639103501025e7 pinf=453453.82299743476 (5098) dinf=0.0 (0) time=355.967316222s
[ Info: iter=30097 obj=4.451823437908775e7 pinf=802849.3667188702 (5039) dinf=0.0 (0) time=357.434087813s
[ Info: iter=30177 obj=4.4580155212765396e7 pinf=156939.55547172355 (4871) dinf=0.0 (0) time=358.871644104s
[ Info: Solve finished: status=TIME_LIMIT reason=time limit reached iterations=30243 time=360.011654097s
Dict{String, Any}("source" => "/home/jspitz/JSimplex.jl/.worktrees/simplex-basis-cleanup-performance/src/JSimplex.jl", "kernel_seconds" => Dict("pricing" => 11.054161945, "refactorization" => 11.591253905, "ftran" => 48.886498476, "btran" => 47.403420765), "peak_rss" => 0x00000000bc0ca000, "counts" => Dict("phase_dual" => 1, "correction_attempt" => 656, "checkpoint" => 1, "correction" => 654, "phase_auxiliary" => 1, "pricing_scanned_entries" => 860532532, "bound_flipped" => 12746, "refactor_other" => 1, "pivot_completed" => 30243, "pricing_full_scan" => 30244, "pricing" => 30244, "refactor_initial" => 1, "pricing_scored_entries" => 150264192, "refactor_limit" => 377, "pivot_proposed" => 30244), "input" => "/home/jspitz/mps/runtime.mps", "interval" => 80, "outer_seconds" => 416.788733438, "input_sha256" => "d0ac16e1a52a7d3411cbac28616bba9d3beb0c0edbdb2d72ab0477ce075f6c68", "refactorizations" => 378, "seconds" => 360.011654097, "allocated_bytes" => 17676408112, "julia" => "1.13.0", "algorithm" => "dual", "iterations" => 30243, "status" => "TIME_LIMIT", "message" => "time limit reached")
