  Activating project at `C:\Users\jiris\OneDrive\Simplex_tests`
[ Info: Loaded problem: rows=43021 columns=47148 nnz=277210
[ Info: Starting presolve
[ Info: After presolve: rows=28453 columns=31615 nnz=211789
[ Info: iter=80 obj=-77795.80768288011 pinf=246.1482611475381 (370) dinf=0.0 (0) time=3.9698259s
[ Info: iter=160 obj=-12567.36562365837 pinf=125.28552036200347 (292) dinf=0.0 (0) time=4.1035912s
[ Info: iter=240 obj=-817.3518407489901 pinf=22.679308522596607 (156) dinf=0.0 (0) time=4.231968s
[ Info: iter=257 obj=-7.509524188788395e6 pinf=383149.01107378054 (3089) dinf=36998.32632978309 (226) time=4.2689926s
[ Info: iter=337 obj=-7.808027941838834e6 pinf=109599.0643979763 (3016) dinf=0.0 (0) time=4.45808s
[ Info: iter=417 obj=-2.2853844035067065e6 pinf=60074.314304500804 (2933) dinf=0.0 (0) time=4.5898074s
[ Info: iter=497 obj=-535050.3445318134 pinf=52318.74765579776 (2940) dinf=0.0 (0) time=4.7229337s
[ Info: iter=577 obj=122084.08133958356 pinf=44372.84416298015 (2928) dinf=0.0 (0) time=4.8568216s
[ Info: iter=657 obj=665290.614742882 pinf=45840.522811359355 (3079) dinf=0.0 (0) time=4.9943201s
[ Info: iter=737 obj=1.8908270646782801e6 pinf=60594.25151593979 (3177) dinf=0.0 (0) time=5.2424152s
[ Info: iter=817 obj=2.6006339619362247e6 pinf=250604.98091050948 (3268) dinf=0.0 (0) time=5.3794315s
[ Info: iter=897 obj=3.0654598890286074e6 pinf=2.5958802127028923e6 (3306) dinf=0.0 (0) time=5.5259038s
[ Info: iter=977 obj=3.304762128348941e6 pinf=9.970886103024617e6 (3363) dinf=0.0 (0) time=5.671254s
[ Info: iter=1057 obj=4.130194287458476e6 pinf=1.541737662455428e7 (3481) dinf=0.0 (0) time=5.8150391s
[ Info: iter=1137 obj=4.320714005546367e6 pinf=8.558734907690307e6 (3514) dinf=0.0 (0) time=5.9673036s
[ Info: iter=1217 obj=4.565173759678008e6 pinf=1.1240035059762397e6 (3580) dinf=0.0 (0) time=6.6825049s
[ Info: iter=1297 obj=5.242062040097021e6 pinf=1.0098867059471649e6 (3602) dinf=0.0 (0) time=6.8289958s
[ Info: iter=1377 obj=5.579413992294515e6 pinf=1.0061589141546653e6 (3677) dinf=0.0 (0) time=6.9782836s
[ Info: iter=1457 obj=5.72961899454938e6 pinf=1.0117131838331859e6 (3714) dinf=0.0 (0) time=7.1286346s
[ Info: iter=1537 obj=6.064452165063222e6 pinf=1.1516209610098153e6 (3752) dinf=0.0 (0) time=7.392527s
[ Info: iter=1617 obj=6.149975801050383e6 pinf=1.0416484040136556e6 (3774) dinf=0.0 (0) time=7.545918s
[ Info: iter=1697 obj=6.160607725922343e6 pinf=1.2512314521690712e6 (3801) dinf=0.0 (0) time=7.6971122s
[ Info: iter=1777 obj=6.173822650909106e6 pinf=1.0347691313981856e6 (3827) dinf=0.0 (0) time=7.8498392s
[ Info: iter=1857 obj=6.554803785476937e6 pinf=1.0660125711253877e6 (3876) dinf=0.0 (0) time=8.0095337s
[ Info: iter=1937 obj=6.656388781973911e6 pinf=1.0529338549357012e6 (3884) dinf=0.0 (0) time=8.1719512s
[ Info: iter=2017 obj=6.707410848421162e6 pinf=1.1573820844355272e6 (3909) dinf=0.0 (0) time=8.3292445s
[ Info: iter=2097 obj=6.720336323887582e6 pinf=1.1562607208350275e6 (3918) dinf=0.0 (0) time=8.4871737s
[ Info: iter=2177 obj=6.798675616057817e6 pinf=466968.9773334454 (3924) dinf=0.0 (0) time=8.6476848s
[ Info: iter=2257 obj=6.949367051971971e6 pinf=1.0493769355691262e6 (3966) dinf=0.0 (0) time=8.8156368s
[ Info: iter=2337 obj=6.98719352190961e6 pinf=1.0487657745346983e6 (3992) dinf=0.0 (0) time=8.9831851s
[ Info: iter=2417 obj=6.98719352190961e6 pinf=1.0594213543941614e6 (4018) dinf=0.0 (0) time=9.1514364s
[ Info: iter=2497 obj=7.000574116812873e6 pinf=3.5968864941452118e6 (4067) dinf=0.0 (0) time=9.3361281s
[ Info: iter=2577 obj=7.105277112188671e6 pinf=1.1835929702873286e6 (4087) dinf=0.0 (0) time=9.5028782s
[ Info: iter=2657 obj=7.2520594800657015e6 pinf=1.0879210330400702e6 (4069) dinf=0.0 (0) time=9.6758107s
[ Info: iter=2737 obj=7.638198529358612e6 pinf=1.2819506152243728e6 (4061) dinf=0.0 (0) time=10.5811547s
[ Info: iter=2817 obj=7.917572337644521e6 pinf=1.2983485460076532e6 (4084) dinf=0.0 (0) time=10.758693s
[ Info: iter=2897 obj=8.072697226878653e6 pinf=1.300197839025919e6 (4109) dinf=0.0 (0) time=10.9381983s
[ Info: iter=2977 obj=8.716599989785941e6 pinf=1.7802396757402802e6 (4120) dinf=0.0 (0) time=11.1139562s
[ Info: iter=3057 obj=1.0294198968228502e7 pinf=620126.5934803078 (4130) dinf=0.0 (0) time=11.2911063s
[ Info: iter=3137 obj=1.0332616194086786e7 pinf=645347.2684056995 (4144) dinf=0.0 (0) time=11.4696204s
[ Info: iter=3217 obj=1.0375199991493203e7 pinf=6.49876504759784e6 (4149) dinf=0.0 (0) time=11.6674004s
[ Info: iter=3297 obj=1.0750410038081797e7 pinf=3.1673796197776785e6 (4167) dinf=0.0 (0) time=11.8453779s
[ Info: iter=3377 obj=1.0889971905529605e7 pinf=3.169121377000663e6 (4201) dinf=0.0 (0) time=12.026168s
[ Info: iter=3457 obj=1.0954282505739858e7 pinf=3.239225252217717e6 (4192) dinf=0.0 (0) time=12.2039026s
[ Info: iter=3537 obj=1.105647834815067e7 pinf=3.167629724004096e6 (4207) dinf=0.0 (0) time=12.4004074s
[ Info: iter=3617 obj=1.1156157700235514e7 pinf=2.4076869902283386e6 (4210) dinf=0.0 (0) time=12.5824443s
[ Info: iter=3697 obj=1.1156157700235514e7 pinf=2.3427219528320646e6 (4225) dinf=0.0 (0) time=12.7623806s
[ Info: iter=3777 obj=1.1216240719189243e7 pinf=2.3173720376037876e6 (4240) dinf=0.0 (0) time=12.9456857s
[ Info: iter=3857 obj=1.1231559597418692e7 pinf=2.295712225579589e6 (4271) dinf=0.0 (0) time=13.1314529s
[ Info: iter=3937 obj=1.1676470638233926e7 pinf=1.6985670081303543e6 (4299) dinf=0.0 (0) time=13.3162697s
[ Info: iter=4017 obj=1.1678409629101148e7 pinf=1.9214353002207177e6 (4335) dinf=0.0 (0) time=13.5034997s
[ Info: iter=4097 obj=1.1678409629101142e7 pinf=2.003290285504633e6 (4362) dinf=0.0 (0) time=13.6894344s
[ Info: iter=4177 obj=1.1707571611486891e7 pinf=1.862249797501927e6 (4367) dinf=0.0 (0) time=13.8860202s
[ Info: iter=4257 obj=1.3082123961024417e7 pinf=1.2056976788924215e7 (4323) dinf=0.0 (0) time=14.0813569s
[ Info: iter=4337 obj=1.5508089136163628e7 pinf=1.0807389113503486e7 (4368) dinf=0.0 (0) time=14.2724145s
[ Info: iter=4417 obj=1.5657439450161744e7 pinf=6.3514979180948585e6 (4389) dinf=0.0 (0) time=14.4674072s
[ Info: iter=4497 obj=1.5678030143087966e7 pinf=6.415118348968606e6 (4439) dinf=0.0 (0) time=14.6623697s
[ Info: iter=4577 obj=1.5678030143087963e7 pinf=6.409195753841628e6 (4453) dinf=0.0 (0) time=14.8520144s
[ Info: iter=4657 obj=1.5963028355549723e7 pinf=1.5755814568473236e6 (4436) dinf=0.0 (0) time=15.0594708s
[ Info: iter=4737 obj=1.8823590638565905e7 pinf=1.820521044873638e6 (4463) dinf=0.0 (0) time=15.2708582s
[ Info: iter=4817 obj=1.97007194500064e7 pinf=1.8088543779263594e6 (4475) dinf=0.0 (0) time=15.4719904s
[ Info: iter=4897 obj=1.970883094690866e7 pinf=1.8717879568260787e6 (4505) dinf=0.0 (0) time=15.676549s
[ Info: iter=4977 obj=1.973787188685791e7 pinf=4.189106673949296e7 (4510) dinf=0.0 (0) time=15.9008858s
[ Info: iter=5057 obj=1.9740336835944217e7 pinf=608539.3850231792 (4507) dinf=0.0 (0) time=16.1646759s
[ Info: iter=5137 obj=2.056865007473869e7 pinf=163248.89201071914 (4479) dinf=0.0 (0) time=16.3588336s
[ Info: iter=5217 obj=2.089527055896814e7 pinf=102526.33642526594 (4501) dinf=0.0 (0) time=16.5382795s
[ Info: iter=5297 obj=2.1361094849547036e7 pinf=520867.63873603626 (4475) dinf=0.0 (0) time=16.718746s
[ Info: iter=5377 obj=2.1488518992242597e7 pinf=3.147126796863931e6 (4516) dinf=0.0 (0) time=16.8991923s
[ Info: iter=5457 obj=2.174762192119022e7 pinf=120065.17670166174 (4546) dinf=0.0 (0) time=17.0834818s
[ Info: iter=5537 obj=2.1959347840584353e7 pinf=149218.54003501686 (4550) dinf=0.0 (0) time=17.2709269s
[ Info: iter=5617 obj=2.238278733413373e7 pinf=54866.608916639714 (4533) dinf=0.0 (0) time=17.4581642s
[ Info: iter=5697 obj=2.2705219614877388e7 pinf=207727.67394744384 (4555) dinf=0.0 (0) time=17.645454s
[ Info: iter=5777 obj=2.2948130714454696e7 pinf=126859.67254644024 (4591) dinf=0.0 (0) time=18.7108506s
[ Info: iter=5857 obj=2.3098731690317478e7 pinf=64086.08865662192 (4547) dinf=0.0 (0) time=18.8993332s
[ Info: iter=5937 obj=2.3242069955252867e7 pinf=52746.864446474756 (4541) dinf=0.0 (0) time=19.086631s
[ Info: iter=6017 obj=2.3475212299585946e7 pinf=114380.97223252176 (4575) dinf=0.0 (0) time=19.2810491s
[ Info: iter=6097 obj=2.3740098637285348e7 pinf=138959.0594294509 (4584) dinf=0.0 (0) time=19.4729105s
[ Info: iter=6177 obj=2.3859370276377466e7 pinf=112396.46268594009 (4573) dinf=0.0 (0) time=19.6872024s
[ Info: iter=6257 obj=2.4154413803893767e7 pinf=149463.2463841014 (4540) dinf=0.0 (0) time=19.8872686s
[ Info: iter=6337 obj=2.4320982078017596e7 pinf=360345.8916036994 (4544) dinf=0.0 (0) time=20.0777207s
[ Info: iter=6417 obj=2.4433621142253842e7 pinf=42926.30285438349 (4537) dinf=0.0 (0) time=20.2720531s
[ Info: iter=6497 obj=2.4452106843497004e7 pinf=43628.88812278713 (4598) dinf=0.0 (0) time=20.4732386s
[ Info: iter=6577 obj=2.457009854569813e7 pinf=45133.45854630742 (4628) dinf=0.0 (0) time=20.6631482s
[ Info: iter=6657 obj=2.459062864898115e7 pinf=129944.15842718873 (4720) dinf=0.0 (0) time=20.8582781s
[ Info: iter=6737 obj=2.4619168083863746e7 pinf=111963.06353860961 (4752) dinf=0.0 (0) time=21.049825s
[ Info: iter=6817 obj=2.4647789600926057e7 pinf=69269.51558995112 (4755) dinf=0.0 (0) time=21.2486375s
[ Info: iter=6897 obj=2.467147501492944e7 pinf=234464.75471974546 (4772) dinf=0.0 (0) time=21.443628s
[ Info: iter=6977 obj=2.473735801666888e7 pinf=54911.004113681134 (4771) dinf=0.0 (0) time=21.6382742s
[ Info: iter=7057 obj=2.477441850000969e7 pinf=2.009773588526431e6 (4806) dinf=0.0 (0) time=21.837821s
[ Info: iter=7137 obj=2.4813880558872625e7 pinf=47082.10995977346 (4813) dinf=0.0 (0) time=22.0358813s
[ Info: iter=7217 obj=2.4853839279932104e7 pinf=201579.33601070137 (4919) dinf=0.0 (0) time=22.2423121s
[ Info: iter=7297 obj=2.48762291200089e7 pinf=55383.953692086674 (4930) dinf=0.0 (0) time=22.4464677s
[ Info: iter=7377 obj=2.4899494293983515e7 pinf=47512.39720965125 (4877) dinf=0.0 (0) time=22.6499684s
[ Info: iter=7457 obj=2.5121077271634232e7 pinf=78060.78187801957 (4856) dinf=0.0 (0) time=22.8541434s
[ Info: iter=7537 obj=2.556217911435855e7 pinf=79970.77406864558 (4873) dinf=0.0 (0) time=23.0638209s
[ Info: iter=7617 obj=2.5958801144196454e7 pinf=353617.8000783628 (4993) dinf=0.0 (0) time=23.2697497s
[ Info: iter=7697 obj=2.613567439235568e7 pinf=148262.89735401105 (4994) dinf=0.0 (0) time=23.4813731s
[ Info: iter=7777 obj=2.6154183127141904e7 pinf=91980.76028190173 (4932) dinf=0.0 (0) time=23.6848178s
[ Info: iter=7857 obj=2.6186482673498884e7 pinf=774015.285400946 (4997) dinf=0.0 (0) time=23.8907568s
[ Info: iter=7937 obj=2.6583559161020342e7 pinf=664679.0674415666 (4982) dinf=0.0 (0) time=24.1004019s
[ Info: iter=8017 obj=2.700509289718065e7 pinf=1.1817668869899116e6 (4945) dinf=0.0 (0) time=24.3286748s
[ Info: iter=8097 obj=2.8235606251246054e7 pinf=66685.72939682867 (4880) dinf=0.0 (0) time=24.5433541s
[ Info: iter=8177 obj=2.835490452095393e7 pinf=75801.30797215995 (4924) dinf=0.0 (0) time=24.7573961s
[ Info: iter=8257 obj=2.8465423006437507e7 pinf=148168.16739111053 (4917) dinf=0.0 (0) time=24.9667617s
[ Info: iter=8337 obj=2.9901106083876163e7 pinf=185384.49279056722 (4904) dinf=0.0 (0) time=25.178966s
[ Info: iter=8417 obj=2.998134734266683e7 pinf=96761.27564800525 (4959) dinf=0.0 (0) time=25.4039291s
[ Info: iter=8497 obj=3.021987563415938e7 pinf=81717.59086322083 (4995) dinf=0.0 (0) time=25.6237308s
[ Info: iter=8577 obj=3.045578148815451e7 pinf=84143.90404792839 (5004) dinf=0.0 (0) time=25.837831s
[ Info: iter=8657 obj=3.046371943325651e7 pinf=40610.85357386793 (4985) dinf=0.0 (0) time=26.0541588s
[ Info: iter=8737 obj=3.0491287615521315e7 pinf=30955.705835830322 (4926) dinf=0.0 (0) time=26.2650097s
[ Info: iter=8817 obj=3.05855593523884e7 pinf=311687.41663066024 (5037) dinf=0.0 (0) time=26.4734296s
[ Info: iter=8897 obj=3.0607215532226283e7 pinf=45532.453405793734 (5042) dinf=0.0 (0) time=26.6819164s
[ Info: iter=8977 obj=3.062073300303751e7 pinf=71722.61471158947 (5044) dinf=0.0 (0) time=26.9062176s
[ Info: iter=9057 obj=3.063357462584103e7 pinf=78919.46792680395 (5037) dinf=0.0 (0) time=27.1345012s
[ Info: iter=9137 obj=3.0658873549080964e7 pinf=112800.17603843924 (5142) dinf=0.0 (0) time=27.3554801s
[ Info: iter=9217 obj=3.066923760844892e7 pinf=78783.07080203971 (5097) dinf=0.0 (0) time=27.5833798s
[ Info: iter=9297 obj=3.0716860756229986e7 pinf=84116.76944296197 (5131) dinf=0.0 (0) time=27.8035347s
[ Info: iter=9377 obj=3.0731818717134837e7 pinf=120362.89529240399 (5096) dinf=0.0 (0) time=28.028574s
[ Info: iter=9457 obj=3.0755122862988263e7 pinf=56761.59812726966 (5117) dinf=0.0 (0) time=28.2576512s
[ Info: iter=9537 obj=3.0768195248883713e7 pinf=42443.78652310812 (5102) dinf=0.0 (0) time=28.4996652s
[ Info: iter=9617 obj=3.08006804162271e7 pinf=109681.30409649722 (5144) dinf=0.0 (0) time=28.7467225s
[ Info: iter=9697 obj=3.0831182671985824e7 pinf=173941.17978507368 (5282) dinf=0.0 (0) time=28.9916777s
[ Info: iter=9777 obj=3.0844750274512712e7 pinf=82287.14555540183 (5188) dinf=0.0 (0) time=29.211925s
[ Info: iter=9857 obj=3.0860664699990183e7 pinf=194288.3836794741 (5205) dinf=0.0 (0) time=29.4462336s
[ Info: iter=9937 obj=3.0918940897019655e7 pinf=46188.92133683818 (5194) dinf=0.0 (0) time=29.6767106s
[ Info: iter=10017 obj=3.1005788721573986e7 pinf=97983.41566014172 (5210) dinf=0.0 (0) time=29.9234773s
[ Info: iter=10097 obj=3.1260750188196614e7 pinf=285490.122914887 (5167) dinf=0.0 (0) time=30.1712782s
[ Info: iter=10177 obj=3.203279140360005e7 pinf=39800.54963852013 (5120) dinf=0.0 (0) time=30.4173918s
[ Info: iter=10257 obj=3.21099969656852e7 pinf=33325.24111426448 (5126) dinf=0.0 (0) time=30.6431449s
[ Info: iter=10337 obj=3.214224720057023e7 pinf=61001.57164398898 (5191) dinf=0.0 (0) time=30.8737101s
[ Info: iter=10417 obj=3.216299045635111e7 pinf=81842.58239891937 (5215) dinf=0.0 (0) time=31.09849s
[ Info: iter=10497 obj=3.2181399754700955e7 pinf=40293.215719272215 (5166) dinf=0.0 (0) time=31.3356981s
[ Info: iter=10577 obj=3.2216055696428582e7 pinf=33870.67795430073 (5169) dinf=0.0 (0) time=31.5697136s
[ Info: iter=10657 obj=3.2246087808333844e7 pinf=139834.4601725563 (5242) dinf=0.0 (0) time=31.8064589s
[ Info: iter=10737 obj=3.227846167730224e7 pinf=57703.627814864674 (5177) dinf=0.0 (0) time=32.0468818s
[ Info: iter=10817 obj=3.228867346699498e7 pinf=29018.721474807728 (5246) dinf=0.0 (0) time=32.2789334s
[ Info: iter=10897 obj=3.2315481660088e7 pinf=32811.15083213531 (5262) dinf=0.0 (0) time=32.5196817s
[ Info: iter=10977 obj=3.2341652807834767e7 pinf=29668.76809137136 (5296) dinf=0.0 (0) time=32.7609233s
[ Info: iter=11057 obj=3.236298387047582e7 pinf=50137.489377340724 (5311) dinf=0.0 (0) time=33.0013858s
[ Info: iter=11137 obj=3.237512812864308e7 pinf=858917.262434819 (5375) dinf=0.0 (0) time=33.28368s
[ Info: iter=11217 obj=3.2392462454716768e7 pinf=58579.762242851735 (5375) dinf=0.0 (0) time=33.5707223s
[ Info: iter=11297 obj=3.2649048921264198e7 pinf=59944.187418141686 (5338) dinf=0.0 (0) time=33.8181419s
[ Info: iter=11377 obj=3.267722137644672e7 pinf=75556.8724997535 (5386) dinf=0.0 (0) time=34.0622071s
[ Info: iter=11457 obj=3.2710143447610356e7 pinf=87684.91371762977 (5345) dinf=0.0 (0) time=34.3102105s
[ Info: iter=11537 obj=3.2802276153605442e7 pinf=365345.1514451986 (5390) dinf=0.0 (0) time=34.5513394s
[ Info: iter=11617 obj=3.286026801262755e7 pinf=24574.60628752536 (5288) dinf=0.0 (0) time=34.7857536s
[ Info: iter=11697 obj=3.2887703828236304e7 pinf=23087.848183084316 (5268) dinf=0.0 (0) time=35.0208595s
[ Info: iter=11777 obj=3.3116474191584896e7 pinf=66630.39651585225 (5338) dinf=0.0 (0) time=35.27135s
[ Info: iter=11857 obj=3.3297039041640714e7 pinf=105742.6311675664 (5287) dinf=0.0 (0) time=35.5351234s
[ Info: iter=11937 obj=3.3508538485926308e7 pinf=31555.010763207432 (5290) dinf=0.0 (0) time=35.7677098s
[ Info: iter=12017 obj=3.447055416209212e7 pinf=57337.060457427346 (5293) dinf=0.0 (0) time=36.0028453s
[ Info: iter=12097 obj=3.451541818704744e7 pinf=195894.19517000133 (5339) dinf=0.0 (0) time=36.2553554s
[ Info: iter=12177 obj=3.462347592522662e7 pinf=40776.79825644573 (5311) dinf=0.0 (0) time=36.5125091s
[ Info: iter=12257 obj=3.4674155662482984e7 pinf=1.0068846758196249e6 (5431) dinf=0.0 (0) time=36.7596634s
[ Info: iter=12337 obj=3.4687671561341435e7 pinf=187592.4598621144 (5472) dinf=0.0 (0) time=37.0143056s
[ Info: iter=12417 obj=3.470857204888036e7 pinf=1.4126129665681757e6 (5480) dinf=0.0 (0) time=37.2895308s
[ Info: iter=12497 obj=3.496089761510862e7 pinf=563679.432800697 (5379) dinf=0.0 (0) time=37.541113s
[ Info: iter=12577 obj=3.5137291774522305e7 pinf=39516.337779349145 (5419) dinf=0.0 (0) time=37.7972074s
[ Info: iter=12657 obj=3.517363948856e7 pinf=67385.56691491861 (5437) dinf=0.0 (0) time=38.0442616s
[ Info: iter=12737 obj=3.519866863952732e7 pinf=233887.87450121035 (5392) dinf=0.0 (0) time=38.2961916s
[ Info: iter=12817 obj=3.5212974783268884e7 pinf=76316.80993819065 (5472) dinf=0.0 (0) time=38.539552s
[ Info: iter=12897 obj=3.523112699118382e7 pinf=172837.98168717566 (5354) dinf=0.0 (0) time=38.7844166s
[ Info: iter=12977 obj=3.526339133098534e7 pinf=38185.24204654889 (5432) dinf=0.0 (0) time=39.0351026s
[ Info: iter=13057 obj=3.529243017752464e7 pinf=78191.93865993181 (5500) dinf=0.0 (0) time=39.2924928s
[ Info: iter=13137 obj=3.530147895922028e7 pinf=105704.26353708605 (5490) dinf=0.0 (0) time=39.5473019s
[ Info: iter=13217 obj=3.541425541696796e7 pinf=558617.5023176569 (5435) dinf=0.0 (0) time=39.8077927s
[ Info: iter=13297 obj=3.544499516741994e7 pinf=130620.74593689825 (5537) dinf=0.0 (0) time=40.0637101s
[ Info: iter=13377 obj=3.5526083500921406e7 pinf=42565.669476129944 (5422) dinf=0.0 (0) time=40.3235182s
[ Info: iter=13457 obj=3.554052441161319e7 pinf=183138.21867962473 (5556) dinf=0.0 (0) time=40.5827074s
[ Info: iter=13537 obj=3.55511379621113e7 pinf=81473.95294802116 (5537) dinf=0.0 (0) time=40.855824s
[ Info: iter=13617 obj=3.557816281784954e7 pinf=70645.38576960267 (5450) dinf=0.0 (0) time=41.1146281s
[ Info: iter=13697 obj=3.567253701479496e7 pinf=34394.99460041861 (5494) dinf=0.0 (0) time=41.3852414s
[ Info: iter=13777 obj=3.578968201788855e7 pinf=49914.273521389005 (5431) dinf=0.0 (0) time=41.66247s
[ Info: iter=13857 obj=3.597762878576108e7 pinf=83626.72534185687 (5559) dinf=0.0 (0) time=41.9246824s
[ Info: iter=13937 obj=3.6471982972597905e7 pinf=1.8057056474723895e6 (5718) dinf=0.0 (0) time=42.2075381s
[ Info: iter=14017 obj=3.6650198942397006e7 pinf=77801.14296857678 (5494) dinf=0.0 (0) time=42.4876527s
[ Info: iter=14097 obj=3.668862056807294e7 pinf=30354.25566136665 (5514) dinf=0.0 (0) time=42.7513256s
[ Info: iter=14177 obj=3.672230809390196e7 pinf=61073.053727372375 (5435) dinf=0.0 (0) time=43.0182003s
[ Info: iter=14257 obj=3.672956639858708e7 pinf=22795.651535890847 (5388) dinf=0.0 (0) time=43.2768267s
[ Info: iter=14337 obj=3.6986249785641216e7 pinf=28008.240890878933 (5406) dinf=0.0 (0) time=43.5379722s
[ Info: iter=14417 obj=3.701202593092321e7 pinf=71000.62929384958 (5496) dinf=0.0 (0) time=43.8127832s
[ Info: iter=14497 obj=3.702471057714641e7 pinf=732085.2719168089 (5743) dinf=0.0 (0) time=44.0970293s
[ Info: iter=14577 obj=3.7042841406451076e7 pinf=25469.294059053704 (5388) dinf=0.0 (0) time=44.3810184s
[ Info: iter=14657 obj=3.7068959478801325e7 pinf=20039.862689621743 (5395) dinf=0.0 (0) time=44.6388674s
[ Info: iter=14737 obj=3.707039089972193e7 pinf=35500.276279671365 (5440) dinf=0.0 (0) time=44.8920954s
[ Info: iter=14817 obj=3.7082749049157195e7 pinf=943470.4631884091 (5656) dinf=0.0 (0) time=45.159308s
[ Info: iter=14897 obj=3.710921283443577e7 pinf=46956.789321589786 (5414) dinf=0.0 (0) time=45.4643863s
[ Info: iter=14977 obj=3.7182988672148295e7 pinf=45388.800385580376 (5433) dinf=0.0 (0) time=45.7442732s
[ Info: iter=15057 obj=3.72556911538608e7 pinf=88829.96746014076 (5459) dinf=0.0 (0) time=46.0208431s
[ Info: iter=15137 obj=3.730789067498123e7 pinf=560337.3519028547 (5459) dinf=0.0 (0) time=46.3091122s
[ Info: iter=15217 obj=3.733038298483505e7 pinf=1.7602316199693263e6 (5773) dinf=0.0 (0) time=46.5836171s
[ Info: iter=15297 obj=3.7355420543821305e7 pinf=272342.9233471413 (5510) dinf=0.0 (0) time=46.8586426s
[ Info: iter=15377 obj=3.7371577858477406e7 pinf=59261.09782239341 (5482) dinf=0.0 (0) time=47.1360817s
[ Info: iter=15457 obj=3.740343795698053e7 pinf=83163.68513292632 (5622) dinf=0.0 (0) time=47.4109616s
[ Info: iter=15537 obj=3.744081616109777e7 pinf=297994.6495887391 (5627) dinf=0.0 (0) time=47.6962439s
[ Info: iter=15617 obj=3.7475734761582516e7 pinf=363019.33388670254 (5748) dinf=0.0 (0) time=47.996126s
[ Info: iter=15697 obj=3.750352541029744e7 pinf=401872.6815341218 (5640) dinf=0.0 (0) time=48.3022924s
[ Info: iter=15777 obj=3.75205390826144e7 pinf=64695.73090959035 (5495) dinf=0.0 (0) time=48.6087729s
[ Info: iter=15857 obj=3.7586447317469455e7 pinf=189119.78063387118 (5574) dinf=0.0 (0) time=48.9005955s
[ Info: iter=15937 obj=3.7703907397189155e7 pinf=50061.571036086534 (5488) dinf=0.0 (0) time=49.1912012s
[ Info: iter=16017 obj=3.775128804218302e7 pinf=162520.37405181647 (5571) dinf=0.0 (0) time=49.479171s
[ Info: iter=16097 obj=3.777777211234115e7 pinf=122473.3018851915 (5663) dinf=0.0 (0) time=49.7952893s
[ Info: iter=16177 obj=3.783494362223051e7 pinf=94933.22829873288 (5524) dinf=0.0 (0) time=50.0938473s
[ Info: iter=16257 obj=3.78651276180149e7 pinf=195075.48276071806 (5697) dinf=0.0 (0) time=50.3994992s
[ Info: iter=16337 obj=3.7965763393975504e7 pinf=1.4118270629654692e6 (5716) dinf=0.0 (0) time=50.7072773s
[ Info: iter=16417 obj=3.816302777423188e7 pinf=435249.03724070964 (5649) dinf=0.0 (0) time=51.0014435s
[ Info: iter=16497 obj=3.821355610175113e7 pinf=73222.58545218884 (5579) dinf=0.0 (0) time=51.2961099s
[ Info: iter=16577 obj=3.831523804049174e7 pinf=124626.30772526654 (5601) dinf=0.0 (0) time=51.5933381s
[ Info: iter=16657 obj=3.8343259492368676e7 pinf=120058.60856924023 (5573) dinf=0.0 (0) time=51.8909459s
[ Info: iter=16737 obj=3.8399912424576625e7 pinf=1.4668270928450369e6 (5822) dinf=0.0 (0) time=52.1893268s
[ Info: iter=16817 obj=3.846073465536466e7 pinf=505316.4432218349 (5755) dinf=0.0 (0) time=52.4852386s
[ Info: iter=16897 obj=3.8592565315017395e7 pinf=557416.781057741 (5769) dinf=0.0 (0) time=52.793685s
[ Info: iter=16977 obj=3.863109881161611e7 pinf=651707.8803290693 (5855) dinf=0.0 (0) time=53.094778s
[ Info: iter=17057 obj=3.8858540399473704e7 pinf=426918.92272838287 (5726) dinf=0.0 (0) time=53.3903008s
[ Info: iter=17137 obj=3.9236761140552275e7 pinf=146151.6254948821 (5772) dinf=0.0 (0) time=53.6903188s
[ Info: iter=17217 obj=3.937834453513412e7 pinf=157196.92350962292 (5722) dinf=0.0 (0) time=54.0037771s
[ Info: iter=17297 obj=3.949135574175365e7 pinf=174740.16232562857 (5646) dinf=0.0 (0) time=54.320374s
[ Info: iter=17377 obj=3.9708568874032035e7 pinf=122859.12513523514 (5673) dinf=0.0 (0) time=54.6024803s
[ Info: iter=17457 obj=3.972628979369766e7 pinf=429284.3462812686 (5795) dinf=0.0 (0) time=54.8995339s
[ Info: iter=17537 obj=3.977953420175478e7 pinf=4.292491247016674e6 (5808) dinf=0.0 (0) time=55.2125916s
[ Info: iter=17617 obj=3.9866634657459036e7 pinf=115220.95791125829 (5609) dinf=0.0 (0) time=55.5271029s
[ Info: iter=17697 obj=3.9888438829164445e7 pinf=399428.9584418651 (5708) dinf=0.0 (0) time=55.8843944s
[ Info: iter=17777 obj=3.989920322121662e7 pinf=87552.55952662186 (5599) dinf=0.0 (0) time=56.1948218s
[ Info: iter=17857 obj=3.990256906134068e7 pinf=132929.06526591486 (5648) dinf=0.0 (0) time=56.5187455s
[ Info: iter=17937 obj=3.991189079632249e7 pinf=25964.752842464648 (5564) dinf=0.0 (0) time=56.8218782s
[ Info: iter=18017 obj=3.991720144757011e7 pinf=189779.91728919695 (5676) dinf=0.0 (0) time=57.1193392s
[ Info: iter=18097 obj=3.993564008652842e7 pinf=309691.0982170996 (5689) dinf=0.0 (0) time=57.4130663s
[ Info: iter=18177 obj=3.995090537472947e7 pinf=308584.2771685556 (5748) dinf=0.0 (0) time=57.7261306s
[ Info: iter=18257 obj=3.998264537064015e7 pinf=89202.29094055727 (5550) dinf=0.0 (0) time=58.0342874s
[ Info: iter=18417 obj=3.999499245971045e7 pinf=321761.21011599456 (5644) dinf=0.0 (0) time=58.6521899s
[ Info: iter=18577 obj=4.0040759255189344e7 pinf=73920.18506175437 (5500) dinf=0.0 (0) time=59.3160819s
[ Info: iter=18737 obj=4.0209730767683215e7 pinf=4.7426509454242615e6 (5947) dinf=0.0 (0) time=60.0227269s
[ Info: iter=18897 obj=4.038765101904625e7 pinf=594196.3516435854 (5859) dinf=0.0 (0) time=60.8033439s
[ Info: iter=19057 obj=4.08008836793485e7 pinf=1.4196062795438051e7 (6056) dinf=0.0 (0) time=61.5424246s
[ Info: iter=19217 obj=4.110182676759028e7 pinf=197653.2635514982 (5719) dinf=0.0 (0) time=62.3373386s
[ Info: iter=19377 obj=4.113095261029665e7 pinf=93974.10718759036 (5666) dinf=0.0 (0) time=63.0739825s
[ Info: iter=19537 obj=4.1199487629336625e7 pinf=3.547304676011136e6 (5929) dinf=0.0 (0) time=63.772331s
[ Info: iter=19697 obj=4.1368569267828636e7 pinf=396119.393292842 (5625) dinf=0.0 (0) time=64.518478s
[ Info: iter=19857 obj=4.139854047289702e7 pinf=3.1637978500892064e6 (5511) dinf=0.0 (0) time=65.2077913s
[ Info: iter=20017 obj=4.142138221197324e7 pinf=2.223542583394189e6 (5838) dinf=0.0 (0) time=66.0605303s
[ Info: iter=20177 obj=4.143404833263039e7 pinf=842140.0190445795 (5834) dinf=0.0 (0) time=66.8162091s
[ Info: iter=20337 obj=4.144795758004827e7 pinf=125778.31753033653 (5522) dinf=0.0 (0) time=67.6831922s
[ Info: iter=20497 obj=4.150868514631552e7 pinf=769688.2311950747 (5837) dinf=0.0 (0) time=68.4642661s
[ Info: iter=20657 obj=4.152906883244624e7 pinf=1.5801259865178424e6 (5853) dinf=0.0 (0) time=69.2756718s
[ Info: iter=20817 obj=4.155174962499762e7 pinf=411945.0273588712 (5715) dinf=0.0 (0) time=70.0349394s
[ Info: iter=20977 obj=4.157497179040688e7 pinf=3.0447960813582274e6 (5639) dinf=0.0 (0) time=70.84416s
[ Info: iter=21137 obj=4.1585187591151744e7 pinf=4.821784656078015e6 (5514) dinf=0.0 (0) time=72.8247631s
[ Info: iter=21297 obj=4.161527321335444e7 pinf=2.8164057076709727e6 (5689) dinf=0.0 (0) time=73.7725311s
[ Info: iter=21457 obj=4.163327843992923e7 pinf=1.1179051393149607e6 (5659) dinf=0.0 (0) time=74.6543066s
[ Info: iter=21617 obj=4.214469752442165e7 pinf=442503.02523213526 (5652) dinf=0.0 (0) time=75.3903083s
[ Info: iter=21777 obj=4.261679362964412e7 pinf=1.4680175950027914e6 (5657) dinf=0.0 (0) time=76.214829s
[ Info: iter=21937 obj=4.266500319752812e7 pinf=3.512946867778154e7 (5827) dinf=0.0 (0) time=77.015833s
[ Info: iter=22097 obj=4.272029381404367e7 pinf=1.1664799146577846e7 (5985) dinf=0.0 (0) time=78.0616677s
[ Info: iter=22257 obj=4.29769816051864e7 pinf=427935.65052340686 (5618) dinf=0.0 (0) time=78.8335616s
[ Info: iter=22417 obj=4.29976239680385e7 pinf=2.936792502636093e6 (5787) dinf=0.0 (0) time=79.6831036s
[ Info: iter=22577 obj=4.306904896106933e7 pinf=183495.92412376506 (5306) dinf=0.0 (0) time=80.5975022s
[ Info: iter=22737 obj=4.3100949946341455e7 pinf=1.899134474649658e6 (5479) dinf=0.0 (0) time=81.4810242s
[ Info: iter=22897 obj=4.3145931935616955e7 pinf=3.251877419160449e6 (5603) dinf=0.0 (0) time=82.2811168s
[ Info: iter=23057 obj=4.3223149384303436e7 pinf=9.761518223317172e6 (5569) dinf=0.0 (0) time=83.1575744s
[ Info: iter=23217 obj=4.324755780469636e7 pinf=2.185629138290746e6 (5477) dinf=0.0 (0) time=83.9790428s
[ Info: iter=23377 obj=4.342733574439277e7 pinf=359103.95707041066 (5193) dinf=0.0 (0) time=84.7144056s
[ Info: iter=23537 obj=4.344477088786066e7 pinf=227605.24290752027 (5149) dinf=0.0 (0) time=85.6688045s
[ Info: iter=23697 obj=4.345495611192031e7 pinf=1.0096377301989052e6 (5430) dinf=0.0 (0) time=86.5531036s
[ Info: iter=23857 obj=4.3517484723715246e7 pinf=1.966545434330662e7 (5674) dinf=0.0 (0) time=87.4135924s
[ Info: iter=24017 obj=4.3539037429740705e7 pinf=1.9275414357041756e6 (5448) dinf=0.0 (0) time=88.6638299s
[ Info: iter=24177 obj=4.36717664214384e7 pinf=84243.53670541456 (5069) dinf=0.0 (0) time=89.5072587s
[ Info: iter=24337 obj=4.368733364748522e7 pinf=5.4459545054846905e7 (5621) dinf=0.0 (0) time=90.4825204s
[ Info: iter=24497 obj=4.3911391846948035e7 pinf=5.83368486600041e8 (5718) dinf=0.0 (0) time=91.2997144s
[ Info: iter=24657 obj=4.397399040098197e7 pinf=8.825880583783584e6 (5611) dinf=0.0 (0) time=92.2861739s
[ Info: iter=24817 obj=4.401217059335619e7 pinf=1.1028045178725973e6 (5271) dinf=0.0 (0) time=93.2078923s
[ Info: iter=24977 obj=4.404254436606738e7 pinf=1.7725319283820493e6 (5389) dinf=0.0 (0) time=94.0961766s
[ Info: iter=25137 obj=4.406285511157334e7 pinf=293410.3054590536 (5081) dinf=0.0 (0) time=95.144819s
[ Info: iter=25297 obj=4.407335244233165e7 pinf=550928.1364567479 (5352) dinf=0.0 (0) time=96.1815895s
[ Info: iter=25457 obj=4.409567586784295e7 pinf=542287.5309059828 (5196) dinf=0.0 (0) time=97.0713509s
[ Info: iter=25617 obj=4.417990983636412e7 pinf=1.2783785809179961e6 (5226) dinf=0.0 (0) time=98.0480849s
[ Info: iter=25777 obj=4.433773476389435e7 pinf=3.580128675286535e7 (5557) dinf=0.0 (0) time=98.8683632s
[ Info: iter=25937 obj=4.4626459085824616e7 pinf=247882.82615392204 (5035) dinf=0.0 (0) time=99.6430508s
[ Info: iter=26097 obj=4.46576086065924e7 pinf=523484.0754536041 (5066) dinf=0.0 (0) time=100.5366461s
[ Info: iter=26257 obj=4.468204415317655e7 pinf=734280.7073328563 (5327) dinf=0.0 (0) time=101.3977303s
[ Info: iter=26417 obj=4.469446177587314e7 pinf=2.7578836673752103e7 (5707) dinf=0.0 (0) time=102.398184s
[ Info: iter=26577 obj=4.4944324593674906e7 pinf=33560.87583374537 (4743) dinf=0.0 (0) time=103.1772419s
[ Info: iter=26737 obj=4.496498746603507e7 pinf=4.477220050265359e6 (5518) dinf=0.0 (0) time=104.1551858s
[ Info: iter=26897 obj=4.512050676706323e7 pinf=3.447159462103116e6 (5556) dinf=0.0 (0) time=105.0683612s
[ Info: iter=27057 obj=4.512644117714213e7 pinf=1.024648031165004e7 (5529) dinf=0.0 (0) time=106.1593618s
[ Info: iter=27217 obj=4.516380705084504e7 pinf=1.2311828173089802e7 (5410) dinf=0.0 (0) time=107.1936225s
[ Info: iter=27377 obj=4.5192970450263135e7 pinf=2.3941256650226316e6 (5270) dinf=0.0 (0) time=108.24972s
[ Info: iter=27537 obj=4.523944740224672e7 pinf=532266.1387194818 (5036) dinf=0.0 (0) time=109.3170686s
[ Info: iter=27697 obj=4.5255973030375004e7 pinf=1.6339671488017277e6 (5094) dinf=0.0 (0) time=110.3719309s
[ Info: iter=27857 obj=4.526558021209203e7 pinf=1.7126695258134662e6 (5156) dinf=0.0 (0) time=111.474263s
[ Info: iter=28017 obj=4.527581505440836e7 pinf=309467.0296148479 (4870) dinf=0.0 (0) time=112.4158554s
[ Info: iter=28177 obj=4.534325019066228e7 pinf=1.247247739438921e6 (5124) dinf=0.0 (0) time=113.4381661s
[ Info: iter=28337 obj=4.535517104532401e7 pinf=575458.3770530565 (5148) dinf=0.0 (0) time=114.3621362s
[ Info: iter=28497 obj=4.536111268698504e7 pinf=6.543185989908207e6 (5479) dinf=0.0 (0) time=115.3695836s
[ Info: iter=28657 obj=4.543124561468497e7 pinf=962458.505133792 (5283) dinf=0.0 (0) time=116.4015507s
[ Info: iter=28817 obj=4.548143461718798e7 pinf=9.462599636395666e7 (5594) dinf=0.0 (0) time=117.2956889s
[ Info: iter=28977 obj=4.5534000438945614e7 pinf=2.2821359071643785e7 (5469) dinf=0.0 (0) time=118.4701398s
[ Info: iter=29137 obj=4.5724569481808245e7 pinf=4.021323911930076e6 (5437) dinf=0.0 (0) time=119.4524253s
[ Info: iter=29297 obj=4.576476899458309e7 pinf=5.070582034241746e6 (5619) dinf=0.0 (0) time=120.5097947s
[ Info: iter=29457 obj=4.6012065462898694e7 pinf=3.4415389664476016e6 (5273) dinf=0.0 (0) time=121.4833237s
[ Info: iter=29617 obj=4.612365976759278e7 pinf=1.8845290952337154e6 (5195) dinf=0.0 (0) time=122.5817386s
[ Info: iter=29777 obj=4.616188186136775e7 pinf=1.742627561582693e7 (5452) dinf=0.0 (0) time=123.6879521s
[ Info: iter=29937 obj=4.61921056927774e7 pinf=3.5618671353711644e6 (5284) dinf=0.0 (0) time=124.8516776s
[ Info: iter=30097 obj=4.619814132574764e7 pinf=1.8970519664752972e6 (5188) dinf=0.0 (0) time=125.9599404s
[ Info: iter=30257 obj=4.620294415684403e7 pinf=647609.147970116 (5138) dinf=0.0 (0) time=127.369175s
[ Info: iter=30417 obj=4.652083662036342e7 pinf=843897.973340016 (5224) dinf=0.0 (0) time=128.3002716s
[ Info: iter=30577 obj=4.6573767174741745e7 pinf=4.607092454841747e6 (5399) dinf=0.0 (0) time=129.3642861s
[ Info: iter=30737 obj=4.674241750264969e7 pinf=122458.20983197687 (4777) dinf=0.0 (0) time=130.2690977s
[ Info: iter=30897 obj=4.675483335155477e7 pinf=4.0134066021737913e6 (4830) dinf=0.0 (0) time=131.3005925s
[ Info: iter=31057 obj=4.677571023057814e7 pinf=8.926125676066175e6 (5531) dinf=0.0 (0) time=132.3212199s
[ Info: iter=31217 obj=4.699981160285126e7 pinf=88008.44636522858 (4668) dinf=0.0 (0) time=133.2317742s
[ Info: iter=31377 obj=4.702760722550354e7 pinf=2.181248112050671e6 (5294) dinf=0.0 (0) time=134.2985135s
[ Info: iter=31537 obj=4.703326206828287e7 pinf=486021.32514041313 (4974) dinf=0.0 (0) time=135.463247s
[ Info: iter=31697 obj=4.7042296498100385e7 pinf=1.4076749104533e6 (5096) dinf=0.0 (0) time=136.5688371s
[ Info: iter=31857 obj=4.715757266048366e7 pinf=1.6717416334667564e6 (5176) dinf=0.0 (0) time=137.6678036s
[ Info: iter=32017 obj=4.71651641681909e7 pinf=336569.3972776545 (4837) dinf=0.0 (0) time=138.8915087s
[ Info: iter=32177 obj=4.717406398836111e7 pinf=886368.176502892 (5007) dinf=0.0 (0) time=140.0800138s
[ Info: iter=32337 obj=4.7185502190656826e7 pinf=147751.0511172695 (4676) dinf=0.0 (0) time=141.2665452s
[ Info: iter=32497 obj=4.721903005647372e7 pinf=1.1008266559487116e6 (4951) dinf=0.0 (0) time=142.3116956s
[ Info: iter=32657 obj=4.722423468471615e7 pinf=1.44988120592059e6 (5090) dinf=0.0 (0) time=144.7023491s
[ Info: iter=32817 obj=4.735705895952524e7 pinf=334994.7174168869 (4669) dinf=0.0 (0) time=145.8608016s
[ Info: iter=32977 obj=4.758387400783044e7 pinf=1.6647149941438162e6 (5052) dinf=0.0 (0) time=146.9503606s
[ Info: iter=33137 obj=4.779238907324358e7 pinf=2.925511839091822e7 (5153) dinf=0.0 (0) time=148.0374378s
[ Info: iter=33297 obj=4.786051228973219e7 pinf=587996.8294456096 (4745) dinf=0.0 (0) time=149.1747281s
[ Info: iter=33457 obj=4.787036526988431e7 pinf=100300.13261651745 (4389) dinf=0.0 (0) time=150.4577622s
[ Info: iter=33617 obj=4.787593474125547e7 pinf=321419.79355944425 (4689) dinf=0.0 (0) time=151.5996825s
[ Info: iter=33777 obj=4.7882492398933955e7 pinf=1.1380664045971127e6 (4805) dinf=0.0 (0) time=152.7210999s
[ Info: iter=33937 obj=4.78863274148445e7 pinf=388113.27044507395 (4544) dinf=0.0 (0) time=153.8648284s
[ Info: iter=34097 obj=4.7973278192503974e7 pinf=2.6499371910321247e6 (4817) dinf=0.0 (0) time=155.0913061s
[ Info: iter=34257 obj=4.800614163664305e7 pinf=340091.34935390047 (4574) dinf=0.0 (0) time=156.3159781s
[ Info: iter=34417 obj=4.802612773444766e7 pinf=3.5061075329206726e6 (5153) dinf=0.0 (0) time=157.493502s
[ Info: iter=34577 obj=4.805646840946323e7 pinf=44288.63050464946 (4282) dinf=0.0 (0) time=158.6085903s
[ Info: iter=34737 obj=4.8245414345352575e7 pinf=248911.90375077815 (4686) dinf=0.0 (0) time=159.7155229s
[ Info: iter=34897 obj=4.8254083717594475e7 pinf=4.734327694451721e6 (5063) dinf=0.0 (0) time=160.8758434s
[ Info: iter=35057 obj=4.825649338830631e7 pinf=2.3913563684061877e6 (4731) dinf=0.0 (0) time=162.5532733s
[ Info: iter=35217 obj=4.8260895419131435e7 pinf=679021.8128310317 (4964) dinf=0.0 (0) time=163.8224289s
[ Info: iter=35377 obj=4.826680416190289e7 pinf=342542.3957342794 (4593) dinf=0.0 (0) time=165.266349s
[ Info: iter=35537 obj=4.82717086311547e7 pinf=118311.6398365923 (4343) dinf=0.0 (0) time=166.3979522s
[ Info: iter=35697 obj=4.827737237806388e7 pinf=7.043497832975944e6 (5114) dinf=0.0 (0) time=167.5871032s
[ Info: iter=35857 obj=4.8299009047804825e7 pinf=164431.87192807565 (4407) dinf=0.0 (0) time=168.9179819s
[ Info: iter=36017 obj=4.843158111105792e7 pinf=5.874819768108757e6 (5059) dinf=0.0 (0) time=170.2127997s
[ Info: iter=36177 obj=4.892101889356688e7 pinf=296686.1916360028 (4547) dinf=0.0 (0) time=171.2898351s
[ Info: iter=36337 obj=4.902065728785278e7 pinf=344105.18935155304 (4359) dinf=0.0 (0) time=172.3831176s
[ Info: iter=36497 obj=4.902726393445411e7 pinf=1.12265108311532e6 (4384) dinf=0.0 (0) time=173.5836005s
[ Info: iter=36657 obj=4.903226477610198e7 pinf=154615.39310673362 (4276) dinf=0.0 (0) time=174.6604849s
[ Info: iter=36817 obj=4.903535403466902e7 pinf=1.6509496650974997e6 (4747) dinf=0.0 (0) time=175.796821s
[ Info: iter=36977 obj=4.904475786919502e7 pinf=2.5491447085707826e6 (4621) dinf=0.0 (0) time=177.0779984s
[ Info: iter=37137 obj=4.904870073327134e7 pinf=1.2450034821084598e6 (4550) dinf=0.0 (0) time=178.3805065s
[ Info: iter=37297 obj=4.9051216117162555e7 pinf=556739.6294230167 (4686) dinf=0.0 (0) time=179.7205s
[ Info: iter=37457 obj=4.9065306186624214e7 pinf=1.5705903866791781e7 (5244) dinf=0.0 (0) time=180.7790376s
[ Info: iter=37617 obj=4.918602067017354e7 pinf=2.760384728563612e6 (4927) dinf=0.0 (0) time=181.9327781s
[ Info: iter=37777 obj=4.922417665592818e7 pinf=5.645724075435201e6 (4804) dinf=0.0 (0) time=183.0480784s
[ Info: iter=37937 obj=4.92336835290845e7 pinf=1.7167919442428738e7 (5038) dinf=0.0 (0) time=184.1687738s
[ Info: iter=38097 obj=4.931255046055772e7 pinf=1.0612667335239176e6 (4413) dinf=0.0 (0) time=185.4084188s
[ Info: iter=38257 obj=4.9346588343389295e7 pinf=459424.78375788307 (4253) dinf=0.0 (0) time=186.6404333s
[ Info: iter=38417 obj=4.935712740999512e7 pinf=703825.7878779516 (4443) dinf=0.0 (0) time=187.8775276s
[ Info: iter=38577 obj=4.936174682503716e7 pinf=362662.58315732854 (4269) dinf=0.0 (0) time=189.0057661s
[ Info: iter=38737 obj=4.936504900937575e7 pinf=132382.86853513707 (3911) dinf=0.0 (0) time=190.1489084s
[ Info: iter=38897 obj=4.9370140626389414e7 pinf=1.6694677023342317e6 (4195) dinf=0.0 (0) time=191.3958406s
[ Info: iter=39057 obj=4.937324436605065e7 pinf=1.8510905972176306e7 (4693) dinf=0.0 (0) time=192.6883474s
[ Info: iter=39217 obj=4.938684608850031e7 pinf=527601.6518713252 (4231) dinf=0.0 (0) time=194.1373934s
[ Info: iter=39377 obj=4.938899059939278e7 pinf=1.2945847868659985e6 (4477) dinf=0.0 (0) time=195.2709661s
[ Info: iter=39537 obj=4.939619299187565e7 pinf=392788.19159000576 (4013) dinf=0.0 (0) time=196.5177205s
[ Info: iter=39697 obj=4.949072963127759e7 pinf=57376.19375536586 (3889) dinf=0.0 (0) time=197.5484052s
[ Info: iter=39857 obj=4.94943488519334e7 pinf=3.9383718510843716e6 (4361) dinf=0.0 (0) time=198.8837381s
[ Info: iter=40017 obj=4.9645892036064446e7 pinf=411030.08507262095 (4217) dinf=0.0 (0) time=200.1221916s
[ Info: iter=40177 obj=4.968243589772905e7 pinf=211026.3658927006 (3859) dinf=0.0 (0) time=201.3172224s
[ Info: iter=40337 obj=4.96852389223996e7 pinf=1.9989854079469133e7 (4012) dinf=0.0 (0) time=202.852855s
[ Info: iter=40497 obj=4.969018911016081e7 pinf=1.390768928776584e6 (4043) dinf=0.0 (0) time=204.4885376s
[ Info: iter=40657 obj=4.970314718867207e7 pinf=321944.1365960835 (3865) dinf=0.0 (0) time=207.26471s
[ Info: iter=40817 obj=4.9706309233915344e7 pinf=1.4671525559084982e7 (4460) dinf=0.0 (0) time=208.5140174s
[ Info: iter=40977 obj=4.979517490735634e7 pinf=3.02538333119284e6 (3899) dinf=0.0 (0) time=209.683886s
[ Info: iter=41137 obj=4.9986007259495154e7 pinf=3.066697460043337e6 (3831) dinf=0.0 (0) time=210.7136096s
[ Info: iter=41297 obj=4.99950996995557e7 pinf=8.588094997188332e6 (4296) dinf=0.0 (0) time=212.0810145s
[ Info: iter=41457 obj=5.013431413118543e7 pinf=277191.25482304074 (3598) dinf=0.0 (0) time=213.2187348s
[ Info: iter=41617 obj=5.014026934052399e7 pinf=435700.54322654294 (3575) dinf=0.0 (0) time=214.6275863s
[ Info: iter=41777 obj=5.014937050884131e7 pinf=2.964386679214338e6 (4268) dinf=0.0 (0) time=215.7641314s
[ Info: iter=41937 obj=5.0201506263228e7 pinf=1.3559138081681433e6 (4015) dinf=0.0 (0) time=217.0046403s
[ Info: iter=42097 obj=5.028598448533641e7 pinf=1.2527204365604848e6 (4108) dinf=0.0 (0) time=218.0689165s
[ Info: iter=42257 obj=5.0288512006688595e7 pinf=460585.6993345103 (3861) dinf=0.0 (0) time=219.2326962s
[ Info: iter=42417 obj=5.031940713251081e7 pinf=73297.509892305 (3536) dinf=0.0 (0) time=220.4209363s
[ Info: iter=42577 obj=5.0325083399625495e7 pinf=400378.16991377133 (3838) dinf=0.0 (0) time=221.6557174s
[ Info: iter=42737 obj=5.0334785520197645e7 pinf=339981.41400711844 (3900) dinf=0.0 (0) time=222.8777078s
[ Info: iter=42897 obj=5.0400905447042435e7 pinf=1.1723224347551491e7 (4300) dinf=0.0 (0) time=224.1759839s
[ Info: iter=43057 obj=5.042383462404104e7 pinf=154882.89422925308 (3626) dinf=0.0 (0) time=225.8408375s
[ Info: iter=43217 obj=5.043323755536315e7 pinf=117591.62711336564 (3629) dinf=0.0 (0) time=227.3088346s
[ Info: iter=43377 obj=5.046680873474578e7 pinf=31929.98116531723 (3326) dinf=0.0 (0) time=228.5443783s
[ Info: iter=43537 obj=5.049118959118877e7 pinf=496435.0664827038 (3771) dinf=0.0 (0) time=229.8332112s
[ Info: iter=43697 obj=5.052739232697893e7 pinf=4.534227012053509e6 (4396) dinf=0.0 (0) time=231.112147s
[ Info: iter=43857 obj=5.06326879441184e7 pinf=203913.38494630862 (3580) dinf=0.0 (0) time=232.2406894s
[ Info: iter=44017 obj=5.068159523364801e7 pinf=1.6310132549700895e6 (4022) dinf=0.0 (0) time=233.6014408s
[ Info: iter=44177 obj=5.0715109732159965e7 pinf=252834.49459002036 (3613) dinf=0.0 (0) time=234.8515159s
[ Info: iter=44337 obj=5.075202066650193e7 pinf=2.401515118918042e6 (4097) dinf=0.0 (0) time=236.0384338s
[ Info: iter=44497 obj=5.081370829275583e7 pinf=166240.91739752737 (3143) dinf=0.0 (0) time=237.1473949s
[ Info: iter=44657 obj=5.081577729151486e7 pinf=318471.1710704306 (3527) dinf=0.0 (0) time=238.363047s
[ Info: iter=44817 obj=5.082584111842721e7 pinf=1.6474324176587437e6 (4054) dinf=0.0 (0) time=239.6743283s
[ Info: iter=44977 obj=5.0828714749710664e7 pinf=257325.9164574788 (3042) dinf=0.0 (0) time=241.11018s
[ Info: iter=45137 obj=5.083122710920285e7 pinf=1.2071454288858166e7 (4054) dinf=0.0 (0) time=242.3459449s
[ Info: iter=45297 obj=5.0844478701710634e7 pinf=414035.22735400934 (3437) dinf=0.0 (0) time=244.0056325s
[ Info: iter=45457 obj=5.085694320594029e7 pinf=180161.19181938062 (3229) dinf=0.0 (0) time=245.2860872s
[ Info: iter=45617 obj=5.0859576393863946e7 pinf=227984.59588787673 (3104) dinf=0.0 (0) time=246.7034554s
[ Info: iter=45777 obj=5.086150489941235e7 pinf=146139.57593435506 (3125) dinf=0.0 (0) time=248.1052919s
[ Info: iter=45937 obj=5.089299472128964e7 pinf=1.6013556436587786e6 (3495) dinf=0.0 (0) time=249.4031352s
[ Info: iter=46097 obj=5.089474669774247e7 pinf=97327.57633601643 (2835) dinf=0.0 (0) time=250.7712533s
[ Info: iter=46257 obj=5.089586787528313e7 pinf=118300.27616490288 (2871) dinf=0.0 (0) time=252.3259978s
[ Info: iter=46417 obj=5.0901178557695046e7 pinf=754477.9950613416 (3595) dinf=0.0 (0) time=253.5794863s
[ Info: iter=46577 obj=5.092989975311166e7 pinf=1.2027272857070349e6 (3520) dinf=0.0 (0) time=254.8364664s
[ Info: iter=46737 obj=5.09322358222424e7 pinf=1.0289283117335604e6 (3535) dinf=0.0 (0) time=256.1558786s
[ Info: iter=46897 obj=5.097652913088284e7 pinf=59221.62735309629 (2819) dinf=0.0 (0) time=257.3887986s
[ Info: iter=47057 obj=5.1015103927078314e7 pinf=390315.04701309925 (3291) dinf=0.0 (0) time=258.6571239s
[ Info: iter=47217 obj=5.104647253366603e7 pinf=53097.72330193958 (2812) dinf=0.0 (0) time=259.8921717s
[ Info: iter=47377 obj=5.1047324980990894e7 pinf=118204.03648922882 (2984) dinf=0.0 (0) time=261.2956824s
[ Info: iter=47537 obj=5.107755211879257e7 pinf=72378.91557013473 (2729) dinf=0.0 (0) time=262.5488141s
[ Info: iter=47697 obj=5.108158790889878e7 pinf=138963.08738247075 (2712) dinf=0.0 (0) time=263.8236962s
[ Info: iter=47857 obj=5.109347355798965e7 pinf=1.2154005437677372e6 (3451) dinf=0.0 (0) time=265.0895438s
[ Info: iter=48017 obj=5.112642975110478e7 pinf=57728.717382962895 (2496) dinf=0.0 (0) time=266.3000884s
[ Info: iter=48177 obj=5.112991142717774e7 pinf=588450.1290047508 (2823) dinf=0.0 (0) time=267.6435622s
[ Info: iter=48337 obj=5.1131272662677824e7 pinf=22224.511655884693 (2255) dinf=0.0 (0) time=268.9163875s
[ Info: iter=48497 obj=5.1132114460770555e7 pinf=363707.90585736005 (2872) dinf=0.0 (0) time=270.228973s
[ Info: iter=48657 obj=5.1133058540662915e7 pinf=36834.62663587491 (2385) dinf=0.0 (0) time=271.4775597s
[ Info: iter=48817 obj=5.113607366919264e7 pinf=878617.5826228884 (3162) dinf=0.0 (0) time=272.7124481s
[ Info: iter=48977 obj=5.118111015742588e7 pinf=140104.6073237352 (2612) dinf=0.0 (0) time=273.8922067s
[ Info: iter=49137 obj=5.1189934179793075e7 pinf=11652.326975058571 (1952) dinf=0.0 (0) time=275.116165s
[ Info: iter=49297 obj=5.119060167613749e7 pinf=110527.46642808968 (2391) dinf=0.0 (0) time=276.3963141s
[ Info: iter=49457 obj=5.120441565164873e7 pinf=74628.3058356936 (2291) dinf=0.0 (0) time=277.8243184s
[ Info: iter=49617 obj=5.120562626495411e7 pinf=456017.88214610494 (2417) dinf=0.0 (0) time=279.1190071s
[ Info: iter=49777 obj=5.12237542483556e7 pinf=11082.532591048259 (1851) dinf=0.0 (0) time=280.4113123s
[ Info: iter=49937 obj=5.1246786675907396e7 pinf=1.0988689550446044e6 (2693) dinf=0.0 (0) time=281.6345635s
[ Info: iter=50097 obj=5.1273822754270405e7 pinf=7960.851940297375 (1784) dinf=0.0 (0) time=282.8340338s
[ Info: iter=50257 obj=5.128111615909405e7 pinf=1.0214295290113467e6 (2553) dinf=0.0 (0) time=284.084566s
[ Info: iter=50417 obj=5.129211128686643e7 pinf=874789.277691593 (2468) dinf=0.0 (0) time=285.2944434s
[ Info: iter=50577 obj=5.129617229413994e7 pinf=173375.3528450395 (2306) dinf=0.0 (0) time=286.5506063s
[ Info: iter=50737 obj=5.132467867240623e7 pinf=27914.85888773438 (2027) dinf=0.0 (0) time=287.7568726s
[ Info: iter=50897 obj=5.1356512682848856e7 pinf=1.2044554896362408e6 (2774) dinf=0.0 (0) time=288.9638645s
[ Info: iter=51057 obj=5.135748009615921e7 pinf=306609.06213687867 (2432) dinf=0.0 (0) time=290.7067243s
[ Info: iter=51217 obj=5.136250165041107e7 pinf=1.88271317207162e6 (2701) dinf=0.0 (0) time=291.9924189s
[ Info: iter=51377 obj=5.136497850525946e7 pinf=175156.0307850441 (2130) dinf=0.0 (0) time=293.3559955s
[ Info: iter=51537 obj=5.136667735556078e7 pinf=128816.53014613816 (1728) dinf=0.0 (0) time=294.6976279s
[ Info: iter=51697 obj=5.138727942748528e7 pinf=36676.492878401055 (1538) dinf=0.0 (0) time=295.7443725s
[ Info: iter=51857 obj=5.138958684345448e7 pinf=15178.150682242198 (1389) dinf=0.0 (0) time=296.9917679s
[ Info: iter=52017 obj=5.139201753910219e7 pinf=47534.91778089656 (1432) dinf=0.0 (0) time=298.2642394s
[ Info: iter=52177 obj=5.139266244664181e7 pinf=14829.139898379965 (1186) dinf=0.0 (0) time=299.4767289s
[ Info: iter=52337 obj=5.139421987238582e7 pinf=431762.15095583413 (1766) dinf=0.0 (0) time=300.7278984s
[ Info: iter=52497 obj=5.140424363566755e7 pinf=1224.4391930274912 (990) dinf=1.0002033976466948e-7 (1) time=302.2329566s
[ Info: Restarting simplex on original LP after NUMERICAL_ERROR: dual feasibility lost; completed iterations=52497
[ Info: iter=52577 obj=-85974.82024695 pinf=145.0 (145) dinf=0.0 (0) time=303.7506116s
[ Info: iter=52657 obj=-85974.82024695 pinf=159.9275325219038 (157) dinf=0.0 (0) time=303.9603872s
[ Info: iter=52737 obj=-85974.82024695 pinf=411.87217798565445 (234) dinf=0.0 (0) time=304.171733s
[ Info: iter=52817 obj=-85974.82024695 pinf=181.73895897029013 (216) dinf=0.0 (0) time=304.3435942s
[ Info: iter=52897 obj=-84274.34802607045 pinf=153.30203386012707 (166) dinf=0.0 (0) time=304.5087721s
[ Info: iter=52977 obj=-81733.78746282936 pinf=161.02795826406643 (190) dinf=0.0 (0) time=304.6698216s
[ Info: iter=53057 obj=-81733.78746282936 pinf=161.02795826406643 (190) dinf=0.0 (0) time=304.8261481s
[ Info: iter=53137 obj=-81733.78746282936 pinf=161.02795826406643 (190) dinf=0.0 (0) time=304.9802902s
[ Info: iter=53217 obj=-73454.38433659443 pinf=217.9681978462596 (209) dinf=0.0 (0) time=305.1587505s
[ Info: iter=53297 obj=-70753.20120598607 pinf=315.2368965552715 (207) dinf=0.0 (0) time=305.3319665s
[ Info: iter=53377 obj=-58955.00270880783 pinf=145.15291864347722 (220) dinf=0.0 (0) time=305.5109731s
[ Info: iter=53457 obj=-20736.01152891881 pinf=116.53229878703101 (212) dinf=0.0 (0) time=305.6670114s
[ Info: iter=53537 obj=-7436.456678266893 pinf=109.84098430394477 (274) dinf=0.0 (0) time=305.824745s
[ Info: iter=53617 obj=-3142.101922476506 pinf=64.50300141617328 (139) dinf=0.0 (0) time=305.983083s
[ Info: iter=53697 obj=-123.90928675904833 pinf=6.771210699190359 (17) dinf=0.0 (0) time=306.1434692s
[ Info: iter=53730 obj=1.0872611597961695e6 pinf=924072.5641432051 (3993) dinf=6754.728814024816 (121) time=306.221174s
[ Info: iter=53810 obj=1.0256743779214125e6 pinf=631758.2751780258 (4255) dinf=0.0 (0) time=306.3933512s
[ Info: iter=53890 obj=1.152269445411007e6 pinf=370919.9356416783 (4176) dinf=0.0 (0) time=306.559171s
[ Info: iter=53970 obj=1.3008866131571853e6 pinf=270844.07830035844 (4122) dinf=0.0 (0) time=306.7250251s
[ Info: iter=54050 obj=1.4049426458379366e6 pinf=233648.52314424323 (4110) dinf=0.0 (0) time=306.9001301s
[ Info: iter=54130 obj=1.4765014801182998e6 pinf=189999.85318786316 (4067) dinf=0.0 (0) time=307.0790529s
[ Info: iter=54210 obj=1.5376206853584198e6 pinf=683274.6769041318 (4010) dinf=0.0 (0) time=307.2856445s
[ Info: iter=54290 obj=1.5789472757301e6 pinf=124716.48076734364 (3933) dinf=0.0 (0) time=307.4774839s
[ Info: iter=54370 obj=1.8082999390899912e6 pinf=102391.88791217611 (3946) dinf=0.0 (0) time=307.6524008s
[ Info: iter=54450 obj=2.5076180288668596e6 pinf=87652.12953516393 (3905) dinf=0.0 (0) time=307.8322954s
[ Info: iter=54530 obj=3.1571636446821964e6 pinf=73826.71038569587 (3841) dinf=0.0 (0) time=308.0136887s
[ Info: iter=54610 obj=3.260227247899417e6 pinf=74875.60528722577 (3872) dinf=0.0 (0) time=308.1894679s
[ Info: iter=54690 obj=3.4898745446128533e6 pinf=68204.1691631456 (3856) dinf=0.0 (0) time=308.3898092s
[ Info: iter=54770 obj=3.493109224148257e6 pinf=66976.32866611426 (3875) dinf=0.0 (0) time=308.5676815s
[ Info: iter=54850 obj=3.550507696602071e6 pinf=74311.23760471125 (3918) dinf=0.0 (0) time=308.7443543s
[ Info: iter=54930 obj=3.7563214556861673e6 pinf=451458.1915381252 (3933) dinf=0.0 (0) time=308.9193743s
[ Info: iter=55010 obj=3.845479793189569e6 pinf=63168.093351596806 (3945) dinf=0.0 (0) time=309.1588012s
[ Info: iter=55090 obj=3.872807129372146e6 pinf=63009.65235977508 (4007) dinf=0.0 (0) time=309.3349257s
[ Info: iter=55170 obj=3.968710480925272e6 pinf=61366.27821079578 (4037) dinf=0.0 (0) time=309.6265879s
[ Info: iter=55250 obj=3.992197801511676e6 pinf=60767.94693125153 (4041) dinf=0.0 (0) time=309.8035918s
[ Info: iter=55330 obj=4.0257416257922053e6 pinf=60101.4567601876 (4077) dinf=0.0 (0) time=309.9775582s
[ Info: iter=55410 obj=4.243708364231186e6 pinf=58926.252600433385 (4141) dinf=0.0 (0) time=310.1596455s
[ Info: iter=55490 obj=4.414742568129998e6 pinf=103441.99827296028 (4185) dinf=0.0 (0) time=310.3364576s
[ Info: iter=55570 obj=4.744763490179743e6 pinf=58891.941503762086 (4195) dinf=0.0 (0) time=310.5426483s
[ Info: iter=55650 obj=4.765603495867122e6 pinf=54688.542905159964 (4170) dinf=0.0 (0) time=310.7341674s
[ Info: iter=55730 obj=4.989899650840141e6 pinf=53745.518103476694 (4194) dinf=0.0 (0) time=310.9194852s
[ Info: iter=55810 obj=5.3049560602102345e6 pinf=126871.23538491766 (4215) dinf=0.0 (0) time=311.1210706s
[ Info: iter=55890 obj=5.6301855232076505e6 pinf=50166.063169218025 (4199) dinf=0.0 (0) time=311.3125734s
[ Info: iter=55970 obj=5.91887900729975e6 pinf=48307.5048463998 (4203) dinf=0.0 (0) time=311.5023339s
[ Info: iter=56050 obj=6.2978335906635625e6 pinf=50045.93405567672 (4216) dinf=0.0 (0) time=311.6881794s
[ Info: iter=56130 obj=6.693208855856756e6 pinf=50556.93309953035 (4352) dinf=0.0 (0) time=311.8780843s
[ Info: iter=56210 obj=6.746139680621804e6 pinf=49992.31819366148 (4339) dinf=0.0 (0) time=312.0697527s
[ Info: iter=56290 obj=6.769107967611372e6 pinf=48766.7678454215 (4329) dinf=0.0 (0) time=312.2599494s
[ Info: iter=56370 obj=6.8054904283193955e6 pinf=47236.61869204343 (4329) dinf=0.0 (0) time=312.4530928s
[ Info: iter=56450 obj=6.881710993658947e6 pinf=48115.35394164768 (4378) dinf=0.0 (0) time=312.6464959s
[ Info: iter=56530 obj=6.903086830439368e6 pinf=50258.936484510414 (4446) dinf=0.0 (0) time=312.9228335s
[ Info: iter=56610 obj=6.912285081833421e6 pinf=48206.53362476457 (4440) dinf=0.0 (0) time=313.1185035s
[ Info: iter=56690 obj=7.047043613241177e6 pinf=50205.74340270573 (4497) dinf=0.0 (0) time=313.3307131s
[ Info: iter=56770 obj=7.069017624513198e6 pinf=52957.46992416711 (4774) dinf=0.0 (0) time=313.543162s
[ Info: iter=56850 obj=7.0890852339639235e6 pinf=50856.58677186337 (4762) dinf=0.0 (0) time=313.7447268s
[ Info: iter=56930 obj=7.089085233963924e6 pinf=52529.64891574723 (4782) dinf=0.0 (0) time=313.9487783s
[ Info: iter=57010 obj=7.104603116790589e6 pinf=62122.45911422883 (4806) dinf=0.0 (0) time=314.1532248s
[ Info: iter=57090 obj=7.144933023646707e6 pinf=53413.80079490097 (4871) dinf=0.0 (0) time=314.3863472s
[ Info: iter=57170 obj=7.175968823650035e6 pinf=50938.13295838535 (4923) dinf=0.0 (0) time=314.5921574s
[ Info: iter=57250 obj=7.189435128781464e6 pinf=109444.18434776583 (4971) dinf=0.0 (0) time=314.8116634s
[ Info: iter=57330 obj=7.3900113422667105e6 pinf=83862.00823857584 (5019) dinf=0.0 (0) time=315.04456s
[ Info: iter=57410 obj=7.602951569664515e6 pinf=51040.55286476867 (5043) dinf=0.0 (0) time=315.2625707s
[ Info: iter=57490 obj=7.876551285026518e6 pinf=108360.97126817529 (5057) dinf=0.0 (0) time=315.4885942s
[ Info: iter=57570 obj=7.969809019951805e6 pinf=50320.6601135284 (5061) dinf=0.0 (0) time=315.6952422s
[ Info: iter=57650 obj=8.013544291050047e6 pinf=50402.78785450386 (5084) dinf=0.0 (0) time=315.9071244s
[ Info: iter=57730 obj=8.093377169277456e6 pinf=54574.98992466418 (5087) dinf=0.0 (0) time=316.1179159s
[ Info: iter=57810 obj=8.148081198144026e6 pinf=53469.63467634678 (5093) dinf=0.0 (0) time=316.3633693s
[ Info: iter=57890 obj=8.193990093801782e6 pinf=51986.341294390724 (5120) dinf=0.0 (0) time=316.5846961s
[ Info: iter=57970 obj=8.207513334772454e6 pinf=50408.9072710762 (5138) dinf=0.0 (0) time=316.8085904s
[ Info: iter=58050 obj=8.538986593644138e6 pinf=47693.51881316372 (5106) dinf=0.0 (0) time=317.0194217s
[ Info: iter=58130 obj=8.851292931431664e6 pinf=47622.190586930636 (5118) dinf=0.0 (0) time=317.2289749s
[ Info: iter=58210 obj=8.969135935659317e6 pinf=2.5346094220797934e7 (5154) dinf=0.0 (0) time=317.4519366s
[ Info: iter=58290 obj=9.107633692302777e6 pinf=46798.60871747307 (5142) dinf=0.0 (0) time=317.6835708s
[ Info: iter=58370 obj=9.135285481814861e6 pinf=47657.11609185701 (5156) dinf=0.0 (0) time=317.907136s
[ Info: iter=58450 obj=9.294205157276025e6 pinf=46527.88035776805 (5147) dinf=0.0 (0) time=318.1192903s
[ Info: iter=58530 obj=9.476229811723452e6 pinf=46162.841086194 (5178) dinf=0.0 (0) time=318.33786s
[ Info: iter=58610 obj=9.75091542709196e6 pinf=46213.217698135464 (5171) dinf=0.0 (0) time=318.5847944s
[ Info: iter=58690 obj=9.816809991787316e6 pinf=46563.78468987983 (5218) dinf=0.0 (0) time=318.81096s
[ Info: iter=58770 obj=9.848562142051816e6 pinf=58149.2268614407 (5287) dinf=0.0 (0) time=319.0397322s
[ Info: iter=58850 obj=9.856513950549178e6 pinf=49266.890824522095 (5268) dinf=0.0 (0) time=319.2534673s
[ Info: iter=58930 obj=9.909800252869653e6 pinf=46984.07966056546 (5260) dinf=0.0 (0) time=319.4726831s
[ Info: iter=59010 obj=9.91415664313053e6 pinf=78007.23049845955 (5296) dinf=0.0 (0) time=319.689743s
[ Info: iter=59090 obj=9.931314373240303e6 pinf=87406.08545648174 (5263) dinf=0.0 (0) time=319.9141549s
[ Info: iter=59170 obj=9.98366133420223e6 pinf=47999.88838370627 (5281) dinf=0.0 (0) time=320.1385742s
[ Info: iter=59250 obj=1.0027316967157088e7 pinf=46948.72781801461 (5271) dinf=0.0 (0) time=320.3681292s
[ Info: iter=59330 obj=1.0189279832421377e7 pinf=46099.285585501726 (5308) dinf=0.0 (0) time=320.5928116s
[ Info: iter=59410 obj=1.044897851626433e7 pinf=46609.61762547125 (5320) dinf=0.0 (0) time=320.8127696s
[ Info: iter=59490 obj=1.0557396018334575e7 pinf=53783.65249544152 (5340) dinf=0.0 (0) time=321.0339156s
[ Info: iter=59570 obj=1.0717742477955012e7 pinf=356752.5791931025 (5345) dinf=0.0 (0) time=321.2742056s
[ Info: iter=59650 obj=1.1103774372708049e7 pinf=43167.74765168776 (5313) dinf=0.0 (0) time=321.5218735s
[ Info: iter=59730 obj=1.112996492063412e7 pinf=47270.734234367104 (5321) dinf=0.0 (0) time=321.783073s
[ Info: iter=59810 obj=1.113332383029519e7 pinf=42275.33557405745 (5277) dinf=0.0 (0) time=322.0195623s
[ Info: iter=59890 obj=1.1274507046449337e7 pinf=41917.12556614297 (5317) dinf=0.0 (0) time=322.259493s
[ Info: iter=59970 obj=1.176103235021653e7 pinf=45256.43565720882 (5317) dinf=0.0 (0) time=322.5241244s
[ Info: iter=60050 obj=1.1761842695319885e7 pinf=43141.80543680108 (5359) dinf=0.0 (0) time=324.0262499s
[ Info: iter=60130 obj=1.1761842695319885e7 pinf=6.760161508440158e6 (5389) dinf=0.0 (0) time=324.3242454s
[ Info: iter=60210 obj=1.1772695814350009e7 pinf=43816.40782092521 (5380) dinf=0.0 (0) time=324.6239916s
[ Info: iter=60290 obj=1.1777138560144903e7 pinf=42269.836207700784 (5398) dinf=0.0 (0) time=324.8672779s
[ Info: iter=60370 obj=1.178922625776898e7 pinf=44354.05971737338 (5429) dinf=0.0 (0) time=325.1164035s
[ Info: iter=60450 obj=1.1800999473240985e7 pinf=42019.13493974046 (5419) dinf=0.0 (0) time=325.4319038s
[ Info: iter=60530 obj=1.1821197408696923e7 pinf=47251.37329727733 (5428) dinf=0.0 (0) time=325.6852338s
[ Info: iter=60610 obj=1.1829616802345585e7 pinf=41654.70598234525 (5430) dinf=0.0 (0) time=325.9486997s
[ Info: iter=60690 obj=1.1835830568003234e7 pinf=43630.383948781455 (5474) dinf=0.0 (0) time=326.1926862s
[ Info: iter=60770 obj=1.2065503556624053e7 pinf=41976.717953662504 (5472) dinf=0.0 (0) time=326.4392904s
[ Info: iter=60850 obj=1.207138348347279e7 pinf=41987.15024367888 (5485) dinf=0.0 (0) time=326.6883394s
[ Info: iter=60930 obj=1.21117188033831e7 pinf=42068.79524054336 (5485) dinf=0.0 (0) time=326.9264922s
[ Info: iter=61010 obj=1.21117188033831e7 pinf=43690.98583760437 (5512) dinf=0.0 (0) time=327.16562s
[ Info: iter=61090 obj=1.21117188033831e7 pinf=42125.11701496781 (5513) dinf=0.0 (0) time=327.4058456s
[ Info: iter=61170 obj=1.2133343699562974e7 pinf=42294.94436407434 (5540) dinf=0.0 (0) time=327.6492008s
[ Info: iter=61250 obj=1.2133343699562974e7 pinf=42853.20793893088 (5544) dinf=0.0 (0) time=327.8889084s
[ Info: iter=61330 obj=1.2228513376195464e7 pinf=41798.4916251177 (5547) dinf=0.0 (0) time=328.1876057s
[ Info: iter=61410 obj=1.226260369941401e7 pinf=42143.156048628305 (5576) dinf=0.0 (0) time=328.4326479s
[ Info: iter=61490 obj=1.226260369941401e7 pinf=42631.47637375432 (5578) dinf=0.0 (0) time=328.6964153s
[ Info: iter=61570 obj=1.2326004154977622e7 pinf=46153.032555961094 (5586) dinf=0.0 (0) time=328.9444546s
[ Info: iter=61650 obj=1.233380943393015e7 pinf=44416.73576947609 (5585) dinf=0.0 (0) time=329.1859975s
[ Info: iter=61730 obj=1.2357567682355259e7 pinf=193362.74129727684 (5625) dinf=0.0 (0) time=329.4330464s
[ Info: iter=61810 obj=1.2436213114458296e7 pinf=41859.81575551863 (5576) dinf=0.0 (0) time=329.6865834s
[ Info: iter=61890 obj=1.2440229264913954e7 pinf=42580.94938236195 (5597) dinf=0.0 (0) time=329.9290006s
[ Info: iter=61970 obj=1.2440229264913954e7 pinf=42709.60129039156 (5610) dinf=0.0 (0) time=330.1790243s
[ Info: iter=62050 obj=1.2511942371745955e7 pinf=45608.75025302597 (5633) dinf=0.0 (0) time=330.4267203s
[ Info: iter=62130 obj=1.2511942371745955e7 pinf=49308.54489310156 (5631) dinf=0.0 (0) time=330.6746387s
[ Info: iter=62210 obj=1.2520596759102685e7 pinf=79687.19323179792 (5624) dinf=0.0 (0) time=330.9264566s
[ Info: iter=62290 obj=1.253921273479186e7 pinf=43328.918687251185 (5677) dinf=0.0 (0) time=331.1919814s
[ Info: iter=62370 obj=1.2565912243561892e7 pinf=42078.52711594847 (5661) dinf=0.0 (0) time=331.44646s
[ Info: iter=62450 obj=1.2614466720794361e7 pinf=41865.733213545966 (5668) dinf=0.0 (0) time=331.7020702s
[ Info: iter=62530 obj=1.2855619117105916e7 pinf=42771.79292147223 (5704) dinf=0.0 (0) time=331.9607709s
[ Info: iter=62610 obj=1.3072278025463106e7 pinf=131195.71209133853 (5776) dinf=0.0 (0) time=332.2185599s
[ Info: iter=62690 obj=1.3098679716057355e7 pinf=71324.6810674191 (5799) dinf=0.0 (0) time=332.4774961s
[ Info: iter=62770 obj=1.3120179486179128e7 pinf=44218.235322760265 (5727) dinf=0.0 (0) time=332.7772928s
[ Info: iter=62850 obj=1.3200442809575321e7 pinf=41557.33010585283 (5732) dinf=0.0 (0) time=333.0308901s
[ Info: iter=62930 obj=1.3267109106085459e7 pinf=41861.27055678459 (5707) dinf=0.0 (0) time=333.3041981s
[ Info: iter=63010 obj=1.3346888084883865e7 pinf=64626.69747051739 (5760) dinf=0.0 (0) time=333.594561s
[ Info: iter=63090 obj=1.3351149982138328e7 pinf=41027.38904860906 (5724) dinf=0.0 (0) time=333.8881178s
[ Info: iter=63170 obj=1.3368529728401285e7 pinf=43139.377403267776 (5736) dinf=0.0 (0) time=334.1464631s
[ Info: iter=63250 obj=1.3368529728401285e7 pinf=44572.581746066455 (5739) dinf=0.0 (0) time=334.4096143s
[ Info: iter=63330 obj=1.3369585201641295e7 pinf=41986.26690901477 (5744) dinf=0.0 (0) time=334.6737361s
[ Info: iter=63410 obj=1.3470455327642087e7 pinf=39711.38460186182 (5736) dinf=0.0 (0) time=334.9313729s
[ Info: iter=63490 obj=1.3490262369151847e7 pinf=45503.99266853728 (5754) dinf=0.0 (0) time=335.1952558s
[ Info: iter=63570 obj=1.3490262369151847e7 pinf=40919.02593743646 (5748) dinf=0.0 (0) time=335.4748267s
[ Info: iter=63650 obj=1.3495890302929588e7 pinf=43456.74809830819 (5778) dinf=0.0 (0) time=335.7434875s
[ Info: iter=63730 obj=1.3501109785069438e7 pinf=40434.493463791754 (5814) dinf=0.0 (0) time=336.0010632s
[ Info: iter=63801 obj=1.3590176763911115e7 pinf=1.2144581055043652e16 (5845) dinf=0.016371498302195954 (157) time=337.476811s
[ Info: Solve finished: status=NUMERICAL_ERROR reason=Original LP retry failed after NUMERICAL_ERROR (dual feasibility lost): dual feasibility lost iterations=63801 time=339.343101s
418.250781 seconds (270.49 M allocations: 23.703 GiB, 1.73% gc time, 18.93% compilation time: <1% of which was recompilation)
NUMERICAL_ERROR Original LP retry failed after NUMERICAL_ERROR (dual feasibility lost): dual feasibility lost
63801 339.343101
