EVENT phase_one count=1 iter=0 row=0 entering=0 pinf=0.0 dinf=12288.550456887204
EVENT correction_attempt count=1 iter=125 row=3833 entering=23674 pinf=0.0 dinf=562621.0254980393
EVENT correction_attempt count=2 iter=126 row=4727 entering=23074 pinf=0.0 dinf=12801.768029488665
EVENT correction_attempt count=3 iter=133 row=3811 entering=22810 pinf=0.0 dinf=77793.15755406715
EVENT correction_attempt count=4 iter=371 row=19915 entering=22091 pinf=0.0 dinf=22229.74200133711
EVENT correction_attempt count=5 iter=378 row=12721 entering=49561 pinf=0.0 dinf=12492.86434283157
EVENT correction_attempt count=6 iter=388 row=2792 entering=49564 pinf=0.0 dinf=12800.903050513509
EVENT correction_attempt count=7 iter=390 row=17636 entering=49884 pinf=0.0 dinf=29058.534736793616
EVENT correction_attempt count=8 iter=399 row=9706 entering=13730 pinf=0.0 dinf=30364.61518346922
EVENT correction_attempt count=9 iter=591 row=14706 entering=24405 pinf=0.0 dinf=4.43348611580669e6
EVENT correction_attempt count=10 iter=595 row=11696 entering=24394 pinf=0.0 dinf=4.626575930402368e6
EVENT refactor_pivot count=1 iter=2322 row=19721 entering=24398 pinf=0.0 dinf=3.69750222736082e6
PIVOT stored_forward=2.539635751898089e-14 stored_tableau=0.0 direction_norm=508962.8207537797 row_residual_ratio=1.0e12
EVENT refactor_pivot count=2 iter=2323 row=19721 entering=24398 pinf=0.0 dinf=3.697649451352726e6
PIVOT stored_forward=2.539635751898089e-14 stored_tableau=0.0 direction_norm=508962.8207537797 row_residual_ratio=1.0e12
EVENT refactor_pivot count=3 iter=2331 row=19721 entering=24398 pinf=0.0 dinf=3.7024470223785774e6
PIVOT stored_forward=2.539635751898089e-14 stored_tableau=0.0 direction_norm=508962.8207537797 row_residual_ratio=1.0e12
EVENT refactor_pivot count=4 iter=2332 row=19721 entering=24398 pinf=0.0 dinf=3.7024421547418637e6
PIVOT stored_forward=2.539635751898089e-14 stored_tableau=0.0 direction_norm=508962.8207537797 row_residual_ratio=1.0e12
EVENT refactor_pivot count=5 iter=2333 row=19721 entering=24398 pinf=0.0 dinf=3.702425554057028e6
PIVOT stored_forward=2.539635751898089e-14 stored_tableau=0.0 direction_norm=508962.8207537797 row_residual_ratio=1.0e12
EVENT refactor_pivot count=6 iter=2334 row=19721 entering=24398 pinf=0.0 dinf=3.702408926259502e6
PIVOT stored_forward=2.539635751898089e-14 stored_tableau=0.0 direction_norm=508962.8207537797 row_residual_ratio=1.0e12
EVENT refactor_pivot count=7 iter=2335 row=19721 entering=24398 pinf=0.0 dinf=3.7023922750743297e6
PIVOT stored_forward=2.539635751898089e-14 stored_tableau=0.0 direction_norm=508962.8207537797 row_residual_ratio=1.0e12
EVENT refactor_pivot count=8 iter=2336 row=19721 entering=24398 pinf=0.0 dinf=3.7023865720176552e6
PIVOT stored_forward=2.539635751898089e-14 stored_tableau=0.0 direction_norm=508962.8207537797 row_residual_ratio=1.0e12
EVENT refactor_pivot count=9 iter=2337 row=19721 entering=24398 pinf=0.0 dinf=3.702369971332819e6
PIVOT stored_forward=2.539635751898089e-14 stored_tableau=0.0 direction_norm=508962.8207537797 row_residual_ratio=1.0e12
EVENT refactor_pivot count=10 iter=2338 row=19721 entering=24398 pinf=0.0 dinf=3.7023533435352934e6
PIVOT stored_forward=2.539635751898089e-14 stored_tableau=0.0 direction_norm=508962.8207537797 row_residual_ratio=1.0e12
SMALL_ACCEPTED_PIVOT iter=2999 pivot=1.4806350483260688e-12 direction_norm=8.603629673800597e6 relative_pivot=1.7209423283696588e-19 snapshot=.superpowers/performance/runtime-primal-bounded-preference-prefix.toml.accepted_pivot.2999.bin
EVENT phase_one count=2 iter=0 row=0 entering=0 pinf=0.0 dinf=12380.398223383017
[ Info: Loaded problem: rows=43021 columns=47148 nnz=277210
[ Info: Starting presolve
[ Info: After presolve: rows=28453 columns=31615 nnz=211789
[ Info: iter=0 obj=1.2522206406563444e6 pinf=0.0 (0) dinf=12288.550456887204 (11330) time=2.03854475s
[ Info: iter=80 obj=1.2522206406563444e6 pinf=0.0 (0) dinf=36314.16836263747 (11279) time=2.420301659s
[ Info: iter=160 obj=1.2631118905179026e6 pinf=0.0 (0) dinf=20318.10622356058 (11212) time=2.728454467s
[ Info: iter=240 obj=1.3081914597255755e6 pinf=0.0 (0) dinf=12933.727267866876 (11235) time=3.025755174s
[ Info: iter=320 obj=1.3457333563381066e6 pinf=0.0 (0) dinf=13377.506131293816 (11160) time=3.391002887s
[ Info: iter=400 obj=1.365372047972791e6 pinf=0.0 (0) dinf=14946.893727017134 (11094) time=3.681330198s
[ Info: iter=480 obj=1.3679359060446834e6 pinf=0.0 (0) dinf=28616.505259710084 (11099) time=3.967650608s
[ Info: iter=560 obj=1.367935906044684e6 pinf=0.0 (0) dinf=138541.4328187033 (11009) time=4.254394019s
[ Info: iter=640 obj=1.367984980364754e6 pinf=0.0 (0) dinf=22377.908779322108 (11093) time=4.54922803s
[ Info: iter=720 obj=1.367984980364754e6 pinf=0.0 (0) dinf=23874.21152664453 (11096) time=4.836050841s
[ Info: iter=800 obj=1.380798629860655e6 pinf=0.0 (0) dinf=109464.19870492947 (11029) time=5.126070051s
[ Info: iter=880 obj=1.380798629860655e6 pinf=0.0 (0) dinf=3.931233811007373e7 (11026) time=5.414035462s
[ Info: iter=960 obj=1.380798629860655e6 pinf=0.0 (0) dinf=6.934687582960077e7 (11012) time=5.718195273s
[ Info: iter=1040 obj=1.3807986298636138e6 pinf=0.0 (0) dinf=4.2076028911693625e7 (10975) time=6.020966284s
[ Info: iter=1120 obj=1.384055465474363e6 pinf=0.0 (0) dinf=53130.47369370426 (10926) time=6.404940298s
[ Info: iter=1200 obj=1.384055465474363e6 pinf=0.0 (0) dinf=59314.39292302525 (10918) time=6.71468681s
[ Info: iter=1280 obj=1.384055465474363e6 pinf=0.0 (0) dinf=67405.14581547125 (10941) time=7.020841621s
[ Info: iter=1360 obj=1.384055473604198e6 pinf=0.0 (0) dinf=89933.16446574105 (10920) time=7.310461432s
[ Info: iter=1440 obj=1.384055473604198e6 pinf=0.0 (0) dinf=101754.32572760184 (10926) time=7.616096943s
[ Info: iter=1520 obj=1.38405551090465e6 pinf=0.0 (0) dinf=307856.49174860434 (11004) time=7.927220455s
[ Info: iter=1600 obj=1.384080826953643e6 pinf=0.0 (0) dinf=317672.1900505765 (11101) time=8.228835166s
[ Info: iter=1680 obj=1.384080826953643e6 pinf=0.0 (0) dinf=304784.2802007721 (11080) time=8.538591977s
[ Info: iter=1760 obj=1.3859368661843087e6 pinf=0.0 (0) dinf=335863.7292839774 (11118) time=8.862255389s
[ Info: iter=1840 obj=1.388751790669493e6 pinf=0.0 (0) dinf=325261.91684552707 (11093) time=9.180647501s
[ Info: iter=1920 obj=1.4019392581808572e6 pinf=0.0 (0) dinf=348812.2685264239 (11126) time=9.494144212s
[ Info: iter=2000 obj=1.4042233207869786e6 pinf=0.0 (0) dinf=3.639020764123432e6 (11067) time=9.879005926s
[ Info: iter=2080 obj=1.4042233207869786e6 pinf=0.0 (0) dinf=3.6410060109251603e6 (11122) time=11.163571174s
[ Info: iter=2160 obj=1.4042233207869786e6 pinf=0.0 (0) dinf=3.639201132680422e6 (11111) time=12.596357633s
[ Info: iter=2240 obj=1.4042233207869786e6 pinf=0.0 (0) dinf=3.667627227862621e6 (11077) time=14.420190508s
[ Info: iter=2320 obj=1.4042233207869786e6 pinf=0.0 (0) dinf=3.6944430278380597e6 (11048) time=16.821091007s
[ Info: iter=2322 obj=1.4042233207869786e6 pinf=0.0 (0) dinf=3.69750222736082e6 (11050) time=16.931128912s
[ Info: iter=2323 obj=1.4042233207869786e6 pinf=0.0 (0) dinf=3.697649451352726e6 (11049) time=16.981830314s
[ Info: iter=2331 obj=1.4042233207869786e6 pinf=0.0 (0) dinf=3.7024470223785774e6 (11047) time=17.246104525s
[ Info: iter=2332 obj=1.4042233207869786e6 pinf=0.0 (0) dinf=3.7024421547418637e6 (11047) time=17.298210227s
[ Info: iter=2333 obj=1.4042233207869786e6 pinf=0.0 (0) dinf=3.702425554057028e6 (11046) time=17.343876329s
[ Info: iter=2334 obj=1.4042233207869786e6 pinf=0.0 (0) dinf=3.702408926259502e6 (11045) time=17.38673463s
[ Info: iter=2335 obj=1.4042233207869786e6 pinf=0.0 (0) dinf=3.7023922750743297e6 (11044) time=17.434577332s
[ Info: iter=2336 obj=1.4042233207869786e6 pinf=0.0 (0) dinf=3.7023865720176552e6 (11044) time=17.480747734s
[ Info: iter=2337 obj=1.4042233207869786e6 pinf=0.0 (0) dinf=3.702369971332819e6 (11043) time=17.526726736s
[ Info: iter=2338 obj=1.4042233207869786e6 pinf=0.0 (0) dinf=3.7023533435352934e6 (11042) time=17.570552738s
[ Info: iter=2339 obj=1.4042233207869786e6 pinf=0.0 (0) dinf=3.7023366923501207e6 (11041) time=17.61685954s
[ Info: iter=2340 obj=1.4042233207869786e6 pinf=0.0 (0) dinf=3.702329487421159e6 (11041) time=17.663552442s
[ Info: iter=2341 obj=1.4042233207869786e6 pinf=0.0 (0) dinf=3.7023128596236333e6 (11040) time=17.709276244s
[ Info: iter=2342 obj=1.4042233207869786e6 pinf=0.0 (0) dinf=3.702296208438461e6 (11039) time=17.756530246s
[ Info: iter=2343 obj=1.4042233207869786e6 pinf=0.0 (0) dinf=3.7021846933284127e6 (11041) time=17.802405948s
[ Info: iter=2344 obj=1.4042233207869786e6 pinf=0.0 (0) dinf=3.7020731782183642e6 (11043) time=17.846372749s
[ Info: iter=2424 obj=1.4181852485964685e6 pinf=0.0 (0) dinf=3.6939658215218326e6 (11048) time=19.211606605s
[ Info: iter=2504 obj=1.4181852485964685e6 pinf=0.0 (0) dinf=3.6902199082985804e6 (10994) time=20.11161484s
[ Info: iter=2584 obj=1.418185248596469e6 pinf=0.0 (0) dinf=1.2689484884477492e7 (10973) time=20.971839574s
[ Info: iter=2661 obj=1.418185248598223e6 pinf=0.0 (0) dinf=5.830819729983785e6 (10991) time=22.263340124s
[ Info: iter=2667 obj=1.418185248607162e6 pinf=0.0 (0) dinf=1.0335393712406196e7 (10964) time=22.381355128s
[ Info: iter=2668 obj=1.418185248607162e6 pinf=0.0 (0) dinf=1.0335366668176748e7 (10966) time=22.43174363s
[ Info: iter=2669 obj=1.418185248607162e6 pinf=0.0 (0) dinf=1.0335341082306668e7 (10968) time=22.478044432s
[ Info: iter=2670 obj=1.4181858532153927e6 pinf=0.0 (0) dinf=1.0327534707499322e7 (10972) time=22.528706834s
[ Info: iter=2671 obj=1.4181858532153927e6 pinf=0.0 (0) dinf=1.0327527593246557e7 (10971) time=22.579042036s
[ Info: iter=2675 obj=1.418185853215393e6 pinf=0.0 (0) dinf=1.0327516987521289e7 (10967) time=22.68118504s
[ Info: iter=2676 obj=1.418185853215393e6 pinf=0.0 (0) dinf=1.0327523997455599e7 (10967) time=22.733621142s
[ Info: iter=2677 obj=1.418185853215393e6 pinf=0.0 (0) dinf=1.0327514894576201e7 (10967) time=22.785846244s
[ Info: iter=2678 obj=1.418585374012237e6 pinf=0.0 (0) dinf=1.032751143938347e7 (10966) time=22.835655146s
[ Info: iter=2679 obj=1.4191482991383187e6 pinf=0.0 (0) dinf=1.0327507984190738e7 (10965) time=22.886071248s
[ Info: iter=2680 obj=1.4191482991383187e6 pinf=0.0 (0) dinf=1.0327568713004477e7 (10965) time=22.93827775s
[ Info: iter=2681 obj=1.4191482991383187e6 pinf=0.0 (0) dinf=1.0327990801289639e7 (10962) time=22.987939152s
[ Info: iter=2682 obj=1.4191482991383187e6 pinf=0.0 (0) dinf=1.0327900983524866e7 (10962) time=23.036837754s
[ Info: iter=2683 obj=1.4191482991383187e6 pinf=0.0 (0) dinf=1.032777181964356e7 (10959) time=23.095830656s
[ Info: iter=2684 obj=1.4191482991383187e6 pinf=0.0 (0) dinf=1.0328071091356866e7 (10959) time=23.147372558s
[ Info: iter=2685 obj=1.4191482991383187e6 pinf=0.0 (0) dinf=1.0328073382747019e7 (10959) time=23.19671626s
[ Info: iter=2686 obj=1.4191482991383187e6 pinf=0.0 (0) dinf=1.0328068268494252e7 (10959) time=23.245549562s
[ Info: iter=2766 obj=1.4191482993548086e6 pinf=0.0 (0) dinf=495585.7696573685 (11064) time=23.603054976s
[ Info: iter=2846 obj=1.4191482996989142e6 pinf=0.0 (0) dinf=692822.7075449376 (10958) time=23.958025089s
[ Info: iter=2926 obj=1.4191482996989142e6 pinf=0.0 (0) dinf=2.107224116132247e7 (11048) time=24.324887904s
[ Info: iter=2984 obj=1.4191482998387464e6 pinf=0.0 (0) dinf=4.2296233985148473e9 (11040) time=24.854711324s
[ Info: iter=2985 obj=1.4191482998387464e6 pinf=0.0 (0) dinf=4.229621055761386e9 (11041) time=24.904125726s
[ Info: iter=2986 obj=1.4191482998387464e6 pinf=0.0 (0) dinf=4.229618713007926e9 (11042) time=24.955641528s
[ Info: iter=2987 obj=1.4191482998387464e6 pinf=0.0 (0) dinf=4.2296163746703053e9 (11042) time=25.00550323s
[ Info: iter=2988 obj=1.4191482998387464e6 pinf=0.0 (0) dinf=4.229614044031896e9 (11043) time=25.055218932s
[ Info: iter=2989 obj=1.4191482998387464e6 pinf=0.0 (0) dinf=4.229612280759459e9 (11042) time=25.112300634s
[ Info: iter=2990 obj=1.4191482998395474e6 pinf=0.0 (0) dinf=4.2296119229992914e9 (11042) time=25.164832336s
[ Info: iter=2991 obj=1.4191482998395474e6 pinf=0.0 (0) dinf=4.2296107170926466e9 (11041) time=25.218770838s
[ Info: iter=2992 obj=1.4191482998395474e6 pinf=0.0 (0) dinf=4.2296096254711595e9 (11041) time=25.27233184s
[ Info: iter=2993 obj=1.419148299840906e6 pinf=0.0 (0) dinf=4.264589362775474e9 (11040) time=25.324095842s
[ Info: iter=2994 obj=1.4191482998422917e6 pinf=0.0 (0) dinf=4.300259722502134e9 (11039) time=25.380453644s
[ Info: iter=2995 obj=1.4191482998422917e6 pinf=0.0 (0) dinf=4.300261456109489e9 (11045) time=25.437949147s
[ Info: iter=2996 obj=1.4191482998422917e6 pinf=0.0 (0) dinf=4.300259188683366e9 (11044) time=25.499821549s
[ Info: iter=2997 obj=1.4191482998422917e6 pinf=0.0 (0) dinf=4.300261210769716e9 (11044) time=25.559899251s
[ Info: iter=2998 obj=1.4191482998422917e6 pinf=0.0 (0) dinf=4.300257698276107e9 (11042) time=25.620406154s
[ Info: Restarting simplex on original LP after NUMERICAL_ERROR: SingularException: matrix is singular; factorization failed. Zero pivot found at index 0; completed iterations=2999
[ Info: iter=2999 obj=2.793025071873255e6 pinf=0.0 (0) dinf=12380.398223383017 (12075) time=25.78348686s
[ Info: iter=3079 obj=2.809548907316631e6 pinf=0.0 (0) dinf=12318.757617160018 (12042) time=26.161151175s
[ Info: iter=3159 obj=2.809548912026339e6 pinf=0.0 (0) dinf=21495.243656724637 (11996) time=26.526208089s
[ Info: iter=3239 obj=2.8113673852518583e6 pinf=0.0 (0) dinf=51639.067471567076 (12038) time=26.908928704s
[ Info: iter=3319 obj=2.8415782266635457e6 pinf=0.0 (0) dinf=40760.31175668435 (12035) time=27.330124377s
[ Info: iter=3399 obj=2.8632683888604734e6 pinf=0.0 (0) dinf=35565.886355803435 (12021) time=27.710557942s
[ Info: iter=3479 obj=2.8695603529424556e6 pinf=0.0 (0) dinf=33927.660901955096 (12081) time=28.093157205s
[ Info: iter=3559 obj=2.8705945252908855e6 pinf=0.0 (0) dinf=45775.72030917054 (12134) time=28.477100768s
[ Info: iter=3639 obj=2.8707391121618384e6 pinf=0.0 (0) dinf=67128.38469289996 (12176) time=28.859353731s
[ Info: iter=3719 obj=2.8707391121618384e6 pinf=0.0 (0) dinf=90318.01933485639 (12180) time=29.237256598s
[ Info: iter=3799 obj=2.8758070233344003e6 pinf=0.0 (0) dinf=138091.08311966743 (12178) time=29.619877261s
[ Info: iter=3879 obj=2.8758070233344003e6 pinf=0.0 (0) dinf=2.0395468354849998e7 (12123) time=29.993011131s
[ Info: iter=3959 obj=2.8758070233344003e6 pinf=0.0 (0) dinf=5.3247632896933705e7 (12029) time=30.378601892s
[ Info: iter=4039 obj=2.8758070233344003e6 pinf=0.0 (0) dinf=5.4570123636659965e7 (12062) time=30.785558041s
[ Info: iter=4119 obj=2.8758070233344003e6 pinf=0.0 (0) dinf=6.435309607797802e7 (11980) time=31.187847392s
[ Info: iter=4199 obj=2.8758070233344003e6 pinf=0.0 (0) dinf=7.512349226704599e7 (12094) time=31.614285429s
[ Info: iter=4279 obj=2.8758070233344003e6 pinf=0.0 (0) dinf=1.0631263803146742e8 (12184) time=32.034608769s
[ Info: iter=4359 obj=2.875807673385622e6 pinf=0.0 (0) dinf=6.837672031344122e7 (12133) time=32.461238505s
[ Info: iter=4439 obj=2.875807698526422e6 pinf=0.0 (0) dinf=6.788667096729726e7 (12150) time=32.900043134s
[ Info: iter=4519 obj=2.875807698526422e6 pinf=0.0 (0) dinf=6.81406986845908e7 (12136) time=33.323443172s
[ Info: iter=4599 obj=2.875807698526422e6 pinf=0.0 (0) dinf=6.813176427986407e7 (12117) time=33.725587724s
[ Info: iter=4679 obj=2.875807698526422e6 pinf=0.0 (0) dinf=6.679396114197872e7 (12176) time=34.13600367s
[ Info: iter=4759 obj=2.875807698526422e6 pinf=0.0 (0) dinf=6.879886477428189e7 (12290) time=34.560480308s
[ Info: iter=4839 obj=2.875807698526422e6 pinf=0.0 (0) dinf=6.756147383601995e7 (12257) time=34.998525037s
[ Info: iter=4919 obj=2.875807698526422e6 pinf=0.0 (0) dinf=6.874951738182877e7 (12450) time=35.42946354s
[ Info: iter=4999 obj=2.875807698526422e6 pinf=0.0 (0) dinf=7.691572085063525e7 (12371) time=35.883108015s
[ Info: Solve finished: status=ITERATION_LIMIT reason=iteration limit reached iterations=5000 time=35.888895514s
Dict{String, Any}("kernel_seconds" => Dict("pricing" => 1.675871564, "refactorization" => 0.411194972, "ftran" => 3.749014142, "btran" => 3.746873106), "basis_update" => "bartels_golub", "peak_rss" => 0x000000007a045000, "counts" => Dict("primal_point_preserved" => 1, "correction_attempt" => 24, "checkpoint" => 1, "correction" => 21, "pricing_scanned_entries" => 626207069, "refactor_other" => 2, "pivot_completed" => 5000, "pivot_rejected" => 3946, "pricing_full_scan" => 8997, "pricing" => 8997, "refactor_initial" => 4, "refactor_pivot" => 49, "pricing_scored_entries" => 103054715, "refactor_limit" => 60, "pivot_proposed" => 8996, "phase_one" => 2), "input" => "/home/jspitz/mps/runtime.mps", "interval" => 80, "outer_seconds" => 35.896048314, "input_sha256" => "d0ac16e1a52a7d3411cbac28616bba9d3beb0c0edbdb2d72ab0477ce075f6c68", "refactorizations" => 111, "seconds" => 35.888895514, "allocated_bytes" => 6529156856, "julia" => "1.13.0", "algorithm" => "primal", "iterations" => 5000, "status" => "ITERATION_LIMIT", "message" => "iteration limit reached")
