START 1/28 Dict{String, Any}("job_index" => 1, "seconds" => 90, "reader" => "permuted", "algorithm" => "dual", "id" => "miplib/mod010", "manager" => "pfi", "seed" => 1)
DONE 1 miplib/mod010 permuted OPTIMAL passed=true iterations=664 coverage=Dict("component_proposals" => 0, "original_retry_blocked" => 0, "export_attempts" => 0, "component_certified" => 0, "component_attempts" => 0, "local_attempts" => 0)
START 2/28 Dict{String, Any}("job_index" => 2, "seconds" => 90, "reader" => "permuted", "algorithm" => "dual", "id" => "miplib/mod010", "manager" => "forrest_tomlin", "seed" => 1)
DONE 2 miplib/mod010 permuted OPTIMAL passed=true iterations=726 coverage=Dict("component_proposals" => 0, "original_retry_blocked" => 0, "export_attempts" => 0, "component_certified" => 0, "component_attempts" => 0, "local_attempts" => 0)
START 3/28 Dict{String, Any}("job_index" => 3, "seconds" => 90, "reader" => "permuted", "algorithm" => "dual", "id" => "miplib/mod010", "manager" => "suhl_suhl", "seed" => 1)
DONE 3 miplib/mod010 permuted OPTIMAL passed=true iterations=687 coverage=Dict("component_proposals" => 0, "original_retry_blocked" => 0, "export_attempts" => 0, "component_certified" => 0, "component_attempts" => 0, "local_attempts" => 0)
START 4/28 Dict{String, Any}("job_index" => 4, "seconds" => 90, "reader" => "permuted", "algorithm" => "dual", "id" => "miplib/mod010", "manager" => "bartels_golub", "seed" => 1)
DONE 4 miplib/mod010 permuted OPTIMAL passed=true iterations=708 coverage=Dict("component_proposals" => 0, "original_retry_blocked" => 0, "export_attempts" => 0, "component_certified" => 0, "component_attempts" => 0, "local_attempts" => 0)
START 5/28 Dict{String, Any}("job_index" => 5, "seconds" => 90, "reader" => "permuted", "algorithm" => "dual", "id" => "miplib/mod010", "manager" => "pfi", "seed" => 17)
DONE 5 miplib/mod010 permuted OPTIMAL passed=true iterations=765 coverage=Dict("component_proposals" => 0, "original_retry_blocked" => 0, "export_attempts" => 0, "component_certified" => 0, "component_attempts" => 0, "local_attempts" => 0)
START 6/28 Dict{String, Any}("job_index" => 6, "seconds" => 90, "reader" => "permuted", "algorithm" => "dual", "id" => "miplib/mod010", "manager" => "pfi", "seed" => 2)
DONE 6 miplib/mod010 permuted OPTIMAL passed=true iterations=668 coverage=Dict("component_proposals" => 0, "original_retry_blocked" => 0, "export_attempts" => 0, "component_certified" => 0, "component_attempts" => 0, "local_attempts" => 0)
START 7/28 Dict{String, Any}("job_index" => 7, "seconds" => 90, "reader" => "permuted", "algorithm" => "dual", "id" => "miplib/mod010", "manager" => "pfi", "seed" => 29)
DONE 7 miplib/mod010 permuted OPTIMAL passed=true iterations=778 coverage=Dict("component_proposals" => 0, "original_retry_blocked" => 0, "export_attempts" => 0, "component_certified" => 0, "component_attempts" => 0, "local_attempts" => 0)
START 8/28 Dict{String, Any}("job_index" => 8, "seconds" => 90, "reader" => "native", "algorithm" => "dual", "id" => "miplib/mod010", "manager" => "pfi")
DONE 8 miplib/mod010 native OPTIMAL passed=true iterations=679 coverage=Dict("component_proposals" => 0, "original_retry_blocked" => 0, "export_attempts" => 0, "component_certified" => 0, "component_attempts" => 0, "local_attempts" => 0)
START 9/28 Dict{String, Any}("job_index" => 9, "seconds" => 90, "reader" => "jump", "algorithm" => "dual", "id" => "miplib/mod010", "manager" => "pfi")
DONE 9 miplib/mod010 jump OPTIMAL passed=true iterations=712 coverage=Dict("component_proposals" => 0, "original_retry_blocked" => 0, "export_attempts" => 0, "component_certified" => 0, "component_attempts" => 0, "local_attempts" => 0)
START 10/28 Dict{String, Any}("job_index" => 10, "seconds" => 90, "reader" => "native", "algorithm" => "dual", "id" => "netlib/degen2", "manager" => "pfi")
DONE 10 netlib/degen2 native OPTIMAL passed=true iterations=534 coverage=Dict("component_proposals" => 0, "original_retry_blocked" => 0, "export_attempts" => 0, "component_certified" => 0, "component_attempts" => 0, "local_attempts" => 0)
START 11/28 Dict{String, Any}("job_index" => 11, "seconds" => 90, "reader" => "jump", "algorithm" => "dual", "id" => "netlib/degen2", "manager" => "pfi")
DONE 11 netlib/degen2 jump OPTIMAL passed=true iterations=548 coverage=Dict("component_proposals" => 0, "original_retry_blocked" => 0, "export_attempts" => 0, "component_certified" => 0, "component_attempts" => 0, "local_attempts" => 0)
START 12/28 Dict{String, Any}("job_index" => 12, "seconds" => 90, "reader" => "native", "algorithm" => "dual", "id" => "netlib/boeing1", "manager" => "pfi")
DONE 12 netlib/boeing1 native OPTIMAL passed=true iterations=377 coverage=Dict("component_proposals" => 0, "original_retry_blocked" => 0, "export_attempts" => 0, "component_certified" => 0, "component_attempts" => 0, "local_attempts" => 0)
START 13/28 Dict{String, Any}("job_index" => 13, "seconds" => 90, "reader" => "jump", "algorithm" => "dual", "id" => "netlib/boeing1", "manager" => "pfi")
DONE 13 netlib/boeing1 jump OPTIMAL passed=true iterations=388 coverage=Dict("component_proposals" => 0, "original_retry_blocked" => 0, "export_attempts" => 0, "component_certified" => 0, "component_attempts" => 0, "local_attempts" => 0)
START 14/28 Dict{String, Any}("job_index" => 14, "seconds" => 90, "reader" => "native", "algorithm" => "dual", "id" => "miplib/p0201", "manager" => "pfi")
DONE 14 miplib/p0201 native OPTIMAL passed=true iterations=85 coverage=Dict("component_proposals" => 0, "original_retry_blocked" => 0, "export_attempts" => 0, "component_certified" => 0, "component_attempts" => 0, "local_attempts" => 0)
START 15/28 Dict{String, Any}("job_index" => 15, "seconds" => 90, "reader" => "jump", "algorithm" => "dual", "id" => "miplib/p0201", "manager" => "pfi")
DONE 15 miplib/p0201 jump OPTIMAL passed=true iterations=85 coverage=Dict("component_proposals" => 0, "original_retry_blocked" => 0, "export_attempts" => 0, "component_certified" => 0, "component_attempts" => 0, "local_attempts" => 0)
START 16/28 Dict{String, Any}("job_index" => 16, "seconds" => 90, "reader" => "native", "algorithm" => "dual", "id" => "miplib/misc07", "manager" => "pfi")
DONE 16 miplib/misc07 native OPTIMAL passed=true iterations=143 coverage=Dict("component_proposals" => 0, "original_retry_blocked" => 0, "export_attempts" => 0, "component_certified" => 0, "component_attempts" => 0, "local_attempts" => 0)
START 17/28 Dict{String, Any}("job_index" => 17, "seconds" => 90, "reader" => "jump", "algorithm" => "dual", "id" => "miplib/misc07", "manager" => "pfi")
DONE 17 miplib/misc07 jump OPTIMAL passed=true iterations=144 coverage=Dict("component_proposals" => 0, "original_retry_blocked" => 0, "export_attempts" => 0, "component_certified" => 0, "component_attempts" => 0, "local_attempts" => 0)
START 18/28 Dict{String, Any}("job_index" => 18, "seconds" => 90, "reader" => "native", "algorithm" => "dual", "id" => "netlib/scsd6", "manager" => "pfi")
DONE 18 netlib/scsd6 native OPTIMAL passed=true iterations=288 coverage=Dict("component_proposals" => 0, "original_retry_blocked" => 0, "export_attempts" => 0, "component_certified" => 0, "component_attempts" => 0, "local_attempts" => 0)
START 19/28 Dict{String, Any}("job_index" => 19, "seconds" => 90, "reader" => "native", "algorithm" => "dual", "id" => "netlib/scsd6", "manager" => "forrest_tomlin")
DONE 19 netlib/scsd6 native OPTIMAL passed=true iterations=302 coverage=Dict("component_proposals" => 0, "original_retry_blocked" => 0, "export_attempts" => 0, "component_certified" => 0, "component_attempts" => 0, "local_attempts" => 0)
START 20/28 Dict{String, Any}("job_index" => 20, "seconds" => 90, "reader" => "native", "algorithm" => "dual", "id" => "netlib/scsd6", "manager" => "suhl_suhl")
DONE 20 netlib/scsd6 native OPTIMAL passed=true iterations=305 coverage=Dict("component_proposals" => 0, "original_retry_blocked" => 0, "export_attempts" => 0, "component_certified" => 0, "component_attempts" => 0, "local_attempts" => 0)
START 21/28 Dict{String, Any}("job_index" => 21, "seconds" => 90, "reader" => "native", "algorithm" => "dual", "id" => "netlib/scsd6", "manager" => "bartels_golub")
DONE 21 netlib/scsd6 native OPTIMAL passed=true iterations=281 coverage=Dict("component_proposals" => 0, "original_retry_blocked" => 0, "export_attempts" => 0, "component_certified" => 0, "component_attempts" => 0, "local_attempts" => 0)
START 22/28 Dict{String, Any}("job_index" => 22, "seconds" => 90, "reader" => "jump", "algorithm" => "dual", "id" => "netlib/scsd6", "manager" => "pfi")
DONE 22 netlib/scsd6 jump OPTIMAL passed=true iterations=288 coverage=Dict("component_proposals" => 0, "original_retry_blocked" => 0, "export_attempts" => 0, "component_certified" => 0, "component_attempts" => 0, "local_attempts" => 0)
START 23/28 Dict{String, Any}("job_index" => 23, "seconds" => 90, "reader" => "native", "algorithm" => "dual", "id" => "netlib/cycle", "manager" => "pfi")
DONE 23 netlib/cycle native OPTIMAL passed=true iterations=571 coverage=Dict("component_proposals" => 0, "original_retry_blocked" => 0, "export_attempts" => 0, "component_certified" => 0, "component_attempts" => 0, "local_attempts" => 0)
START 24/28 Dict{String, Any}("job_index" => 24, "seconds" => 90, "reader" => "jump", "algorithm" => "dual", "id" => "netlib/cycle", "manager" => "pfi")
DONE 24 netlib/cycle jump OPTIMAL passed=true iterations=634 coverage=Dict("component_proposals" => 0, "original_retry_blocked" => 0, "export_attempts" => 0, "component_certified" => 0, "component_attempts" => 0, "local_attempts" => 0)
START 25/28 Dict{String, Any}("job_index" => 25, "seconds" => 90, "reader" => "native", "algorithm" => "dual", "id" => "netlib/stocfor2", "manager" => "pfi")
DONE 25 netlib/stocfor2 native OPTIMAL passed=true iterations=1627 coverage=Dict("component_proposals" => 0, "original_retry_blocked" => 0, "export_attempts" => 0, "component_certified" => 0, "component_attempts" => 0, "local_attempts" => 0)
START 26/28 Dict{String, Any}("job_index" => 26, "seconds" => 90, "reader" => "jump", "algorithm" => "dual", "id" => "netlib/stocfor2", "manager" => "pfi")
DONE 26 netlib/stocfor2 jump OPTIMAL passed=true iterations=1626 coverage=Dict("component_proposals" => 0, "original_retry_blocked" => 0, "export_attempts" => 0, "component_certified" => 0, "component_attempts" => 0, "local_attempts" => 0)
START 27/28 Dict{String, Any}("job_index" => 27, "seconds" => 90, "reader" => "native", "algorithm" => "dual", "id" => "netlib/degen3", "manager" => "pfi")
DONE 27 netlib/degen3 native OPTIMAL passed=true iterations=2075 coverage=Dict("component_proposals" => 0, "original_retry_blocked" => 0, "export_attempts" => 0, "component_certified" => 0, "component_attempts" => 0, "local_attempts" => 0)
START 28/28 Dict{String, Any}("job_index" => 28, "seconds" => 90, "reader" => "jump", "algorithm" => "dual", "id" => "netlib/degen3", "manager" => "pfi")
DONE 28 netlib/degen3 jump OPTIMAL passed=true iterations=2036 coverage=Dict("component_proposals" => 0, "original_retry_blocked" => 0, "export_attempts" => 0, "component_certified" => 0, "component_attempts" => 0, "local_attempts" => 0)
