Julia=1.13.0 machine=x86_64-w64-mingw32 path=C:\Disk_D\tmp\runtime.mps
reduced=(28453, 31615) nnz=211789
RUN observe=false factor=JSimplex.SuhlSuhlFactorization{Float64, JSimplex.UMFPACKBackend} backend=JSimplex.UMFPACKBackend
END observe=false status=NUMERICAL_ERROR message=dual feasibility lost iterations=22256 refactorizations=446 pivots_recorded=50 first_bad=0
RUN observe=true factor=JSimplex.SuhlSuhlFactorization{Float64, JSimplex.UMFPACKBackend} backend=JSimplex.UMFPACKBackend
REFERENCE iteration=22206 fresh_bad=Int64[] updates=0
MEASURE iteration=22207 updates=1 fresh_count=0 fresh_sum=0.0 max_rc_gap=59.53125345722947 stored_Bx=0.0015508582800545752 fresh_Bx=0.0017561848715295092 fresh_Bty=5.017000148654915e-10 pivot=(11963, 43578, 4073, Int64[])
MEASURE iteration=22208 updates=2 fresh_count=0 fresh_sum=0.0 max_rc_gap=46.26817648974793 stored_Bx=0.00161335029029228 fresh_Bx=0.0012473535667643207 fresh_Bty=9.747509466251358e-10 pivot=(26331, 57946, 43548, Int64[])
MEASURE iteration=22209 updates=3 fresh_count=0 fresh_sum=0.0 max_rc_gap=46.266421486415766 stored_Bx=0.0017335416769950316 fresh_Bx=0.001674582347618525 fresh_Bty=2.9008333513047546e-9 pivot=(26462, 58077, 51690, [9116])
MEASURE iteration=22210 updates=4 fresh_count=0 fresh_sum=0.0 max_rc_gap=46.266421486415766 stored_Bx=0.001998173762453228 fresh_Bx=0.0015819693923778623 fresh_Bty=2.9008333513047546e-9 pivot=(26309, 9118, 9116, Int64[])
MEASURE iteration=22211 updates=5 fresh_count=0 fresh_sum=0.0 max_rc_gap=1.6060300900235234 stored_Bx=0.0021768292925157897 fresh_Bx=0.0015834735428210678 fresh_Bty=1.8995106548323474e-10 pivot=(26331, 43548, 9272, Int64[])
MEASURE iteration=22212 updates=6 fresh_count=0 fresh_sum=0.0 max_rc_gap=48.33530743493702 stored_Bx=0.0021768292925157897 fresh_Bx=0.002119767141222084 fresh_Bty=2.4859791921007724e-10 pivot=(4476, 20820, 20774, Int64[])
MEASURE iteration=22213 updates=7 fresh_count=0 fresh_sum=0.0 max_rc_gap=48.33530743493702 stored_Bx=0.0021768292925157897 fresh_Bx=0.0011125858554010826 fresh_Bty=2.4859791921007724e-10 pivot=(4071, 35686, 16648, Int64[])
MEASURE iteration=22214 updates=8 fresh_count=0 fresh_sum=0.0 max_rc_gap=48.33530743493702 stored_Bx=0.0021768292925157897 fresh_Bx=0.002119767141222084 fresh_Bty=2.4859791921007724e-10 pivot=(16901, 48516, 31344, Int64[])
MEASURE iteration=22215 updates=9 fresh_count=0 fresh_sum=0.0 max_rc_gap=48.3353296189307 stored_Bx=0.0021768292925157897 fresh_Bx=0.0008899631670415964 fresh_Bty=3.8159019867769144e-10 pivot=(8974, 40589, 51211, Int64[])
MEASURE iteration=22216 updates=10 fresh_count=0 fresh_sum=0.0 max_rc_gap=48.3353296189307 stored_Bx=0.0021768292925157897 fresh_Bx=0.0020968122524949173 fresh_Bty=3.8159019867769144e-10 pivot=(19528, 51143, 52027, Int64[])
MEASURE iteration=22217 updates=11 fresh_count=0 fresh_sum=0.0 max_rc_gap=48.3353296189307 stored_Bx=0.0021768292925157897 fresh_Bx=0.0008722476952490402 fresh_Bty=3.8159019867769144e-10 pivot=(19458, 51073, 51909, Int64[])
MEASURE iteration=22218 updates=12 fresh_count=0 fresh_sum=0.0 max_rc_gap=48.3353296189307 stored_Bx=0.0021768292925157897 fresh_Bx=0.0008722476952490402 fresh_Bty=3.8159019867769144e-10 pivot=(10917, 42532, 8300, Int64[])
MEASURE iteration=22219 updates=13 fresh_count=0 fresh_sum=0.0 max_rc_gap=48.33532165678116 stored_Bx=0.0021768292925157897 fresh_Bx=0.0020313135106788454 fresh_Bty=1.0625764821827662e-10 pivot=(183, 31798, 28223, Int64[])
MEASURE iteration=22220 updates=14 fresh_count=0 fresh_sum=0.0 max_rc_gap=48.335317586327164 stored_Bx=0.0021768292925157897 fresh_Bx=0.0018748760692295363 fresh_Bty=4.3899144401402865e-10 pivot=(6431, 38046, 15430, Int64[])
MEASURE iteration=22221 updates=15 fresh_count=0 fresh_sum=0.0 max_rc_gap=48.335317586327164 stored_Bx=0.0021768292925157897 fresh_Bx=0.0018748760692295363 fresh_Bty=4.3899144401402865e-10 pivot=(10180, 41795, 14198, Int64[])
MEASURE iteration=22222 updates=16 fresh_count=0 fresh_sum=0.0 max_rc_gap=58.43656070036195 stored_Bx=0.0016904700759338964 fresh_Bx=0.0026348221982073206 fresh_Bty=1.1752113526559143e-9 pivot=(5546, 37161, 27194, Int64[])
MEASURE iteration=22223 updates=17 fresh_count=0 fresh_sum=0.0 max_rc_gap=413.87947310434606 stored_Bx=0.001966509184199104 fresh_Bx=0.0291192799771558 fresh_Bty=4.2299694445469884e-10 pivot=(11318, 18573, 18572, Int64[])
MEASURE iteration=22224 updates=18 fresh_count=0 fresh_sum=0.0 max_rc_gap=413.8794733909169 stored_Bx=0.0017605452722099597 fresh_Bx=0.012273576852155799 fresh_Bty=9.95318740149371e-11 pivot=(11015, 17397, 17396, Int64[])
MEASURE iteration=22225 updates=19 fresh_count=0 fresh_sum=0.0 max_rc_gap=413.8794733909169 stored_Bx=0.0013822049987809938 fresh_Bx=0.010498856500817055 fresh_Bty=9.95318740149371e-11 pivot=(4073, 35688, 16564, Int64[])
MEASURE iteration=22226 updates=20 fresh_count=0 fresh_sum=0.0 max_rc_gap=413.87946439992015 stored_Bx=0.0014395073344722516 fresh_Bx=0.014996954939306306 fresh_Bty=3.73205466530635e-10 pivot=(1248, 49574, 29200, Int64[])
MEASURE iteration=22227 updates=21 fresh_count=0 fresh_sum=0.0 max_rc_gap=413.87946016578894 stored_Bx=0.0014395073344722516 fresh_Bx=0.014996954939306306 fresh_Bty=4.982609880244127e-10 pivot=(10830, 42445, 8207, Int64[])
MEASURE iteration=22228 updates=22 fresh_count=0 fresh_sum=0.0 max_rc_gap=413.87947153906225 stored_Bx=0.0018366675558732662 fresh_Bx=0.01362822920740079 fresh_Bty=2.1949750493300612e-10 pivot=(25391, 57006, 51541, [16650, 16651])
MEASURE iteration=22229 updates=23 fresh_count=0 fresh_sum=0.0 max_rc_gap=413.87947153906225 stored_Bx=0.002022155992590076 fresh_Bx=0.0219171315396558 fresh_Bty=2.1949750493300612e-10 pivot=(13804, 45461, 16651, [16650])
MEASURE iteration=22230 updates=24 fresh_count=0 fresh_sum=0.0 max_rc_gap=413.86883072346745 stored_Bx=0.0017226242483037303 fresh_Bx=0.0168512135709058 fresh_Bty=4.49460711172217e-10 pivot=(13771, 45386, 22136, Int64[])
MEASURE iteration=22231 updates=25 fresh_count=0 fresh_sum=0.0 max_rc_gap=413.86881921760096 stored_Bx=0.0017376454785930934 fresh_Bx=0.013701471704280379 fresh_Bty=6.709073857907033e-10 pivot=(14902, 35256, 29211, [21476])
MEASURE iteration=22232 updates=26 fresh_count=0 fresh_sum=0.0 max_rc_gap=413.86881921760096 stored_Bx=0.0009765625 fresh_Bx=0.013124932135767153 fresh_Bty=6.709073857907033e-10 pivot=(11276, 42891, 18360, Int64[])
MEASURE iteration=22233 updates=27 fresh_count=4 fresh_sum=950.84920856094 max_rc_gap=1107.2689944431336 stored_Bx=0.001606963535800959 fresh_Bx=0.019037830827296365 fresh_Bty=2.148357344337131e-10 pivot=(9223, 40838, 1408, Int64[])
FIRST_BAD iteration=22233 indices=[19825, 19826, 50165, 57787] sum=950.84920856094
VARIABLE index=19825 before_state=AT_LOWER before_stored_rc=7.534705546315035 before_fresh_rc=158.68343771912743 before_cost=0.0 after_state=AT_LOWER after_stored_rc=7.534705546315035 after_fresh_rc=-396.85020318096633 after_cost=0.0
VARIABLE index=19826 before_state=AT_LOWER before_stored_rc=7.534705546315035 before_fresh_rc=158.68343771912743 before_cost=0.0 after_state=AT_LOWER after_stored_rc=7.534705546315035 after_fresh_rc=-396.85020318096633 after_cost=0.0
VARIABLE index=50165 before_state=AT_UPPER before_stored_rc=-62.16430894596473 before_fresh_rc=-139.7764315191441 before_cost=0.0 after_state=AT_UPPER after_stored_rc=-62.16430894596473 after_fresh_rc=145.47998056751288 after_cost=0.0
VARIABLE index=57787 before_state=AT_LOWER before_stored_rc=17.93062946096862 before_fresh_rc=28.994146939202704 before_cost=0.0 after_state=AT_LOWER after_stored_rc=17.93062946096862 after_fresh_rc=-11.66882163149448 after_cost=0.0
CAUSE_PIVOT row=9223 leave=40838 enter=1408 below=true delta=-2.322893883551531 actual_flips=Int64[] ratio_mode=bound_flip ratio_enter=1408 ratio_flips=Int64[] candidates=26
PIVOT_VALUES updated_row=-0.017744543230273073 updated_column=-0.017744543230273076
PIVOT_FRESH row=-0.017744543230273073 column=-0.017744543230273076
TRANSPORTED_DUAL residual=6.709073857907033e-10 fresh_residual=2.148357344337131e-10 y_difference=1137.9021668826456 difference_residual=6.644707241322041e-10 B_transpose_norm=24.615317678906248 condition_lower_bound=4.215358526429109e13
ROW_SOLVE updated_residual=1.249000902703301e-16 fresh_residual=1.249000902703301e-16 rho_difference=0.0
FRESH_RATIO mode=bound_flip enter=1408 flips=Int64[] candidates=26 entering_rc=0.7346409722601428 entering_step=41.40095142076178
ROW_COEFFICIENT index=19825 updated=0.0 fresh=0.0 predicted_updated_rc=7.534705546315035 predicted_fresh_rc=158.68343771912743 transported_rc=158.68343771912743
ROW_COEFFICIENT index=19826 updated=0.0 fresh=0.0 predicted_updated_rc=7.534705546315035 predicted_fresh_rc=158.68343771912743 transported_rc=158.68343771912743
ROW_COEFFICIENT index=50165 updated=-0.0 fresh=-0.0 predicted_updated_rc=-62.16430894596473 predicted_fresh_rc=-139.7764315191441 transported_rc=-139.7764315191441
ROW_COEFFICIENT index=57787 updated=-0.0 fresh=-0.0 predicted_updated_rc=17.93062946096862 predicted_fresh_rc=28.994146939202704 transported_rc=28.994146939202704
BREAKPOINT index=1408 state=AT_LOWER rc=0.7346406481046963 coefficient=0.017744543230273073 step=41.40093315286712 width=Inf gain=Inf remaining_before=2.322893883551531
RESIDUALS_BEFORE stored_Bx=0.0009765625 fresh_Bx=0.013124932135767153 fresh_Bty=6.709073857907033e-10
RESIDUALS_AFTER stored_Bx=0.001606963535800959 fresh_Bx=0.019037830827296365 fresh_Bty=2.148357344337131e-10
MEASURE iteration=22234 updates=28 fresh_count=0 fresh_sum=0.0 max_rc_gap=413.86881921760096 stored_Bx=0.0009765625 fresh_Bx=0.009408545615769981 fresh_Bty=6.709073857907033e-10 pivot=(23687, 55302, 6365, Int64[])
MEASURE iteration=22235 updates=29 fresh_count=4 fresh_sum=950.84920856094 max_rc_gap=1107.2689944431336 stored_Bx=0.0010384368751359943 fresh_Bx=0.035606367730010254 fresh_Bty=2.148357344337131e-10 pivot=(23543, 55158, 1409, [6492])
MEASURE iteration=22236 updates=30 fresh_count=4 fresh_sum=950.84920856094 max_rc_gap=1107.2689944431336 stored_Bx=0.001606963535800959 fresh_Bx=0.019037830827296365 fresh_Bty=2.148357344337131e-10 pivot=(23675, 55290, 6492, Int64[])
MEASURE iteration=22237 updates=31 fresh_count=4 fresh_sum=950.84920856094 max_rc_gap=1107.2689944431336 stored_Bx=0.001606963535800959 fresh_Bx=0.019037830827296365 fresh_Bty=2.148357344337131e-10 pivot=(23688, 55303, 1410, Int64[])
MEASURE iteration=22238 updates=32 fresh_count=4 fresh_sum=950.8492037068228 max_rc_gap=1107.26898930478 stored_Bx=0.002033915938805843 fresh_Bx=0.015162756209038269 fresh_Bty=4.842402736160814e-10 pivot=(11330, 42945, 18576, Int64[])
MEASURE iteration=22239 updates=33 fresh_count=0 fresh_sum=0.0 max_rc_gap=413.8688527148363 stored_Bx=0.0016325816344305846 fresh_Bx=0.015271206849556157 fresh_Bty=6.259348491931325e-10 pivot=(11243, 8590, 22121, Int64[])
MEASURE iteration=22240 updates=34 fresh_count=0 fresh_sum=0.0 max_rc_gap=413.8688527148363 stored_Bx=0.0016325816344305846 fresh_Bx=0.015271206849556157 fresh_Bty=6.259348491931325e-10 pivot=(10859, 42474, 16856, [16548, 16680])
MEASURE iteration=22241 updates=35 fresh_count=0 fresh_sum=0.0 max_rc_gap=413.8688527148363 stored_Bx=0.0016325816344305846 fresh_Bx=0.015271206849556157 fresh_Bty=6.259348491931325e-10 pivot=(10837, 16681, 16680, Int64[])
MEASURE iteration=22242 updates=36 fresh_count=0 fresh_sum=0.0 max_rc_gap=413.86880941686763 stored_Bx=0.0016325816344305846 fresh_Bx=0.012407528388592104 fresh_Bty=2.6062839597307293e-10 pivot=(14961, 46576, 23576, Int64[])
MEASURE iteration=22243 updates=37 fresh_count=0 fresh_sum=0.0 max_rc_gap=413.86880941686763 stored_Bx=0.0016325816344305846 fresh_Bx=0.012407528388592104 fresh_Bty=2.6062839597307293e-10 pivot=(17632, 49247, 51338, Int64[])
MEASURE iteration=22244 updates=38 fresh_count=0 fresh_sum=0.0 max_rc_gap=413.86880941686763 stored_Bx=0.0016325816344305846 fresh_Bx=0.012407528388592104 fresh_Bty=2.6062839597307293e-10 pivot=(3962, 35577, 22535, [16059])
MEASURE iteration=22245 updates=39 fresh_count=0 fresh_sum=0.0 max_rc_gap=413.86880941686763 stored_Bx=0.002485433417659141 fresh_Bx=0.01323226491240348 fresh_Bty=2.6062839597307293e-10 pivot=(10223, 46974, 27184, Int64[])
MEASURE iteration=22246 updates=40 fresh_count=0 fresh_sum=0.0 max_rc_gap=413.86881178688463 stored_Bx=0.002485433417659141 fresh_Bx=0.0183160573209058 fresh_Bty=2.0656898414017633e-10 pivot=(20488, 52103, 9963, Int64[])
MEASURE iteration=22247 updates=41 fresh_count=0 fresh_sum=0.0 max_rc_gap=413.8688119726319 stored_Bx=0.002485433417659141 fresh_Bx=0.0183160573209058 fresh_Bty=1.515093597915204e-10 pivot=(14791, 20818, 20609, Int64[])
MEASURE iteration=22248 updates=42 fresh_count=0 fresh_sum=0.0 max_rc_gap=413.8688551056796 stored_Bx=0.001520921249082686 fresh_Bx=0.0172174245084058 fresh_Bty=1.0825189633578702e-9 pivot=(13336, 44951, 23948, [7520])
MEASURE iteration=22249 updates=43 fresh_count=0 fresh_sum=0.0 max_rc_gap=413.86885363855527 stored_Bx=0.001520921249082686 fresh_Bx=0.0260675221646558 fresh_Bty=1.07547037941913e-9 pivot=(25599, 57214, 47666, Int64[])
MEASURE iteration=22250 updates=44 fresh_count=0 fresh_sum=0.0 max_rc_gap=413.86885363855527 stored_Bx=0.0013938617649677672 fresh_Bx=0.0203302174771558 fresh_Bty=1.07547037941913e-9 pivot=(11331, 42946, 18580, Int64[])
MEASURE iteration=22251 updates=45 fresh_count=4 fresh_sum=950.8491796774036 max_rc_gap=1107.2689638682168 stored_Bx=0.0011112518072292142 fresh_Bx=0.0199959836696974 fresh_Bty=7.756170816719532e-9 pivot=(11389, 18369, 18368, Int64[])
MEASURE iteration=22252 updates=46 fresh_count=4 fresh_sum=950.8491796774036 max_rc_gap=1107.2689638682168 stored_Bx=0.0011112518072292142 fresh_Bx=0.0199959836696974 fresh_Bty=7.756170816719532e-9 pivot=(20635, 52250, 30762, Int64[])
MEASURE iteration=22253 updates=47 fresh_count=4 fresh_sum=950.849240665223 max_rc_gap=1107.269028426745 stored_Bx=0.0011112518072292142 fresh_Bx=0.018891526921859015 fresh_Bty=7.99058346076648e-9 pivot=(12008, 43623, 21630, Int64[])
MEASURE iteration=22254 updates=48 fresh_count=4 fresh_sum=950.8492125848618 max_rc_gap=1107.2689987022031 stored_Bx=0.0011112518072292142 fresh_Bx=0.022925401875829053 fresh_Bty=6.998222422978264e-9 pivot=(12019, 43634, 21718, [21674])
MEASURE iteration=22255 updates=49 fresh_count=4 fresh_sum=950.8491985953663 max_rc_gap=1107.268983893709 stored_Bx=0.0011112518072292142 fresh_Bx=0.022297069944215764 fresh_Bty=3.8392098150461633e-10 pivot=(12030, 43645, 21673, [21672, 21674])
MEASURE iteration=22256 updates=50 fresh_count=4 fresh_sum=801.7210961960537 max_rc_gap=949.407814012573 stored_Bx=0.0011112518072292142 fresh_Bx=0.013670773052747675 fresh_Bty=4.662615002037818e-10 pivot=(12041, 43656, 21806, [21762])
END observe=true status=NUMERICAL_ERROR message=dual feasibility lost iterations=22256 refactorizations=446 pivots_recorded=50 first_bad=22233
COMPARE same_trace=true same_terminal=true count=50 first_bad=22233
