Julia=1.13.0 machine=x86_64-w64-mingw32 path=C:\Disk_D\tmp\runtime.mps
reduced=(28453, 31615) nnz=211789
factor=JSimplex.SuhlSuhlFactorization{Float64, JSimplex.UMFPACKBackend} backend=JSimplex.UMFPACKBackend
SNAPSHOT iteration=22206 updates=0
SNAPSHOT iteration=22232 updates=26
SNAPSHOT iteration=22233 updates=27
SNAPSHOT iteration=22256 updates=50
END status=NUMERICAL_ERROR message=dual feasibility lost iterations=22256 refactorizations=446 pivot_count=50
PIVOT iteration=22207 row=11963 leave=43578 enter=4073
PIVOT iteration=22208 row=26331 leave=57946 enter=43548
PIVOT iteration=22209 row=26462 leave=58077 enter=51690
PIVOT iteration=22210 row=26309 leave=9118 enter=9116
PIVOT iteration=22211 row=26331 leave=43548 enter=9272
PIVOT iteration=22212 row=4476 leave=20820 enter=20774
PIVOT iteration=22213 row=4071 leave=35686 enter=16648
PIVOT iteration=22214 row=16901 leave=48516 enter=31344
PIVOT iteration=22215 row=8974 leave=40589 enter=51211
PIVOT iteration=22216 row=19528 leave=51143 enter=52027
PIVOT iteration=22217 row=19458 leave=51073 enter=51909
PIVOT iteration=22218 row=10917 leave=42532 enter=8300
PIVOT iteration=22219 row=183 leave=31798 enter=28223
PIVOT iteration=22220 row=6431 leave=38046 enter=15430
PIVOT iteration=22221 row=10180 leave=41795 enter=14198
PIVOT iteration=22222 row=5546 leave=37161 enter=27194
PIVOT iteration=22223 row=11318 leave=18573 enter=18572
PIVOT iteration=22224 row=11015 leave=17397 enter=17396
PIVOT iteration=22225 row=4073 leave=35688 enter=16564
PIVOT iteration=22226 row=1248 leave=49574 enter=29200
PIVOT iteration=22227 row=10830 leave=42445 enter=8207
PIVOT iteration=22228 row=25391 leave=57006 enter=51541
PIVOT iteration=22229 row=13804 leave=45461 enter=16651
PIVOT iteration=22230 row=13771 leave=45386 enter=22136
PIVOT iteration=22231 row=14902 leave=35256 enter=29211
PIVOT iteration=22232 row=11276 leave=42891 enter=18360
PIVOT iteration=22233 row=9223 leave=40838 enter=1408
PIVOT iteration=22234 row=23687 leave=55302 enter=6365
PIVOT iteration=22235 row=23543 leave=55158 enter=1409
PIVOT iteration=22236 row=23675 leave=55290 enter=6492
PIVOT iteration=22237 row=23688 leave=55303 enter=1410
PIVOT iteration=22238 row=11330 leave=42945 enter=18576
PIVOT iteration=22239 row=11243 leave=8590 enter=22121
PIVOT iteration=22240 row=10859 leave=42474 enter=16856
PIVOT iteration=22241 row=10837 leave=16681 enter=16680
PIVOT iteration=22242 row=14961 leave=46576 enter=23576
PIVOT iteration=22243 row=17632 leave=49247 enter=51338
PIVOT iteration=22244 row=3962 leave=35577 enter=22535
PIVOT iteration=22245 row=10223 leave=46974 enter=27184
PIVOT iteration=22246 row=20488 leave=52103 enter=9963
PIVOT iteration=22247 row=14791 leave=20818 enter=20609
PIVOT iteration=22248 row=13336 leave=44951 enter=23948
PIVOT iteration=22249 row=25599 leave=57214 enter=47666
PIVOT iteration=22250 row=11331 leave=42946 enter=18580
PIVOT iteration=22251 row=11389 leave=18369 enter=18368
PIVOT iteration=22252 row=20635 leave=52250 enter=30762
PIVOT iteration=22253 row=12008 leave=43623 enter=21630
PIVOT iteration=22254 row=12019 leave=43634 enter=21718
PIVOT iteration=22255 row=12030 leave=43645 enter=21673
PIVOT iteration=22256 row=12041 leave=43656 enter=21806
BASIS iteration=22206 size=(28453, 28453) nnz=129295 factor=SparseArrays.UMFPACK.UmfpackLU{Float64, Int64}
FLOAT64_WATCH iteration=22206 index=19825 state=AT_LOWER rc=7.53470554534033
FLOAT64_WATCH iteration=22206 index=19826 state=AT_LOWER rc=7.53470554534033
FLOAT64_WATCH iteration=22206 index=50165 state=AT_UPPER rc=-62.164308945464235
FLOAT64_WATCH iteration=22206 index=57787 state=AT_LOWER rc=17.93062946089728
FLOAT64_BAD iteration=22206 count=0 indices=Int64[]
REFINE iteration=22206 kind=dual bits=256 step=0 abs_res=3.28299165630596689879894256591796875e-10 rel_res=2.049316169840093912194187281173253921046186441681459519395042663770825161192048e-15
REFINE iteration=22206 kind=dual bits=256 step=1 abs_res=3.852004260392998372806950979647770794285003529040800618332696103607304394245148e-16 rel_res=2.40450645128919688202923633264696972141407638018104897162388501415379743023299e-21
REFINE iteration=22206 kind=dual bits=256 step=2 abs_res=1.545194605110229116656282177666759471147017576763517049124783096780699764849487e-23 rel_res=9.645447266732110080616162615339981529927161455145748670489694616580037257801962e-29
REFINE iteration=22206 kind=dual bits=256 step=3 abs_res=5.250718505729625807783876803712829283386075334080949020288729050810469181727812e-31 rel_res=3.277614890187675913518082792775108014301619189764358317067803651088916754488411e-36
REFINE iteration=22206 kind=dual bits=256 step=4 abs_res=3.496132192450793859850576078679894293168362646148436928133083529667933825690907e-38 rel_res=2.182363217441019307692210328318015582183029694204423672137210504006901507291944e-43
REFINE_END iteration=22206 kind=dual bits=256 converged=true target=1.000000000000000000000000000000000000000000000000000000000000000000000000000007e-40
WATCH iteration=22206 bits=256 index=19825 state=AT_LOWER cost=0.0 stored_rc=7.53470554534033 refined_rc=10.36883718772579096916221732070514196946459231242109053810152508160033810901785
WATCH iteration=22206 bits=256 index=19826 state=AT_LOWER cost=0.0 stored_rc=7.53470554534033 refined_rc=10.36883718772579096916221732070514196946459231242109053810152508160033810901785
WATCH iteration=22206 bits=256 index=50165 state=AT_UPPER cost=0.0 stored_rc=-62.164308945464235 refined_rc=-63.61958395343548041397753869681319323137984929219850408464984205333355377617876
WATCH iteration=22206 bits=256 index=57787 state=AT_LOWER cost=0.0 stored_rc=17.93062946089728 refined_rc=18.13807721457851731925019617803297861970663612399356172737055888707788829839635
BAD_SUMMARY iteration=22206 bits=256 count=0 indices=Int64[]
REFINE iteration=22206 kind=dual bits=512 step=0 abs_res=3.28299165630596689879894256591796875e-10 rel_res=2.04931616984009391219418728117325392104618644168145951939504266377082516119204908225844868287102050658604977593182529641070864135382892287597156619530804731e-15
REFINE iteration=22206 kind=dual bits=512 step=1 abs_res=3.852004260392998372806950979647770794285003529040800618332696103607304394245147705078125e-16 rel_res=2.40450645128919688202923633264696972141407638018104897162388501415379743023298728458870178159814556512496784751803607753892604951353263225208353741719846292e-21
REFINE iteration=22206 kind=dual bits=512 step=2 abs_res=1.545194605110229116656282177666759471147017576763517049124783096780699764849487110041081905364990234375e-23 rel_res=9.64544726673211008061616261533998152992716145514574867048969461658003725780199087522961343445949304409123482212637040602823656164345911701508224099096181741e-29
REFINE iteration=22206 kind=dual bits=512 step=3 abs_res=5.250718505729625807783876803712829283386075334080949020288729050810469181727811652187575494665281906230859532147547952263266779482364654541015625e-31 rel_res=3.27761489018767591351808279277510801430161918976435831706780365108891675448839209739434490669003378201612965394344940531666695050945089971715216159004022114e-36
REFINE iteration=22206 kind=dual bits=512 step=4 abs_res=3.49613219245079385985057607867989429316836264614843692813308352966793382569090658777895829090880931141175290223714397774010601005478804381709778681397438049e-38 rel_res=2.18236321744101930769221032831801558218302969420442367213721050400690150729193496294276056641680374462178618605534918125739153445534822820060576553281456749e-43
REFINE iteration=22206 kind=dual bits=512 step=5 abs_res=2.56587022999889351186937790934467016725958965329983737928770935257143804445931404716749426177476865779725872329468643745498113162284425925463438034057617188e-46 rel_res=1.60167307825713046559183484004967477550967644629974292841058613866044958739676229157861876343829386653602808932012835912686310965467614429287517250869730977e-51
REFINE iteration=22206 kind=dual bits=512 step=6 abs_res=6.77449550603775700854442132012686237639766221198005959744136568173477106259830999165020491598215477765826559069722659541304762814778300823022053905324666972e-54 rel_res=4.2287902731539428406528695776098182397135215116258964017709137878788575024500161598709426444060237394659202622924146925766442343772088135383195294722395345e-59
REFINE iteration=22206 kind=dual bits=512 step=7 abs_res=1.85824056237606681018730804789118222739386705220574840730321130590535658238023189714612503781888074288158539410427866978489024310141790907346123939882908543e-61 rel_res=1.15995495285995802631808638179937285160183237656280891682399468221033744074528201440808859673644491092550559097421641158959446991002468044781884115977904277e-66
REFINE iteration=22206 kind=dual bits=512 step=8 abs_res=3.23948586360219809458349492943476659973536769941529832506466946383214963440397438737234281061255385212617976144181644193727722112332790623051660622067883962e-69 rel_res=2.02215888958984055593218559846195747545203027780885904535102277747510913730302159443264735419597769828740337375068940779965840593532208365258299524982458854e-74
REFINE iteration=22206 kind=dual bits=512 step=9 abs_res=1.59170646665352915125976389624733561807736235690629861758637942806802432678511173187081710052084917744027132656959915562647570691561618631606558143362293289e-76 rel_res=9.93578461732196800495190411396252893498093100729291249556682630154736902256497654975824583704122000027336293608155433623111786991023944051728502840675446126e-82
REFINE iteration=22206 kind=dual bits=512 step=10 abs_res=2.64117147173492967717481636829763493239323929842972311802298600393031952966717982570171916778094114550908417588035820197586208004772009605125764475614031578e-84 rel_res=1.64867778264079423408210359210735932093322844373848856619456138022542723274752920210801100891707589538719712664323187632528687813605228294996569849245572455e-89
REFINE iteration=22206 kind=dual bits=512 step=11 abs_res=1.60308706265305620820909081060772719399348599668173827597341709954306076898710947030238313998089840872528973602866287050995971463884655120797376610009293883e-91 rel_res=1.00068248204228518182012339725353059507955591480586625337566147768699955800299909959970766329946294796151294934112989321025538159588944297541147193210601001e-96
REFINE_END iteration=22206 kind=dual bits=512 converged=true target=1.0e-90
WATCH iteration=22206 bits=512 index=19825 state=AT_LOWER cost=0.0 stored_rc=7.53470554534033 refined_rc=10.3688371877257909691622173207066797720313175359233369815790115353598335268044206566576956407260118304106144344389655257618780270948192032137980862832950227
WATCH iteration=22206 bits=512 index=19826 state=AT_LOWER cost=0.0 stored_rc=7.53470554534033 refined_rc=10.3688371877257909691622173207066797720313175359233369815790115353598335268044206566576956407260118304106144344389655257618780270948192032137980862832950227
WATCH iteration=22206 bits=512 index=50165 state=AT_UPPER cost=0.0 stored_rc=-62.164308945464235 refined_rc=-63.6195839534354804139775386968139828649868099042882328926456812115770645948558589278479770947954898914931122049807120002944608482236220163922863881125428401
WATCH iteration=22206 bits=512 index=57787 state=AT_LOWER cost=0.0 stored_rc=17.93062946089728 refined_rc=18.1380772145785173192501961780330911810577569814129262800243363192422374711140105153375462639902717611178852026699393435420189305469371015108953969838145787
BAD_SUMMARY iteration=22206 bits=512 count=0 indices=Int64[]
COMPARE_PRECISION iteration=22206 both_converged=true same_bad_indices=true watched_signs_match=true
BASIS iteration=22232 size=(28453, 28453) nnz=129436 factor=SparseArrays.UMFPACK.UmfpackLU{Float64, Int64}
FLOAT64_WATCH iteration=22232 index=19825 state=AT_LOWER rc=158.68343771912743
FLOAT64_WATCH iteration=22232 index=19826 state=AT_LOWER rc=158.68343771912743
FLOAT64_WATCH iteration=22232 index=50165 state=AT_UPPER rc=-139.7764315191441
FLOAT64_WATCH iteration=22232 index=57787 state=AT_LOWER rc=28.994146939202704
FLOAT64_BAD iteration=22232 count=0 indices=Int64[]
REFINE iteration=22232 kind=dual bits=256 step=0 abs_res=6.708809843971161218371427473862372412441960003071268758834122536427457816898823e-10 rel_res=4.187787826759914770956463159340090404021328226476153680614017232228655096753442e-15
REFINE iteration=22232 kind=dual bits=256 step=1 abs_res=4.397345903166663249419954610927604002311467888867073627122032367542815017857905e-14 rel_res=2.744920793944192686399237358950796763893515771790371255046281415673126710821451e-19
REFINE iteration=22232 kind=dual bits=256 step=2 abs_res=7.822528755434140528777040284115123354888643210963917831527623998564620486714176e-20 rel_res=4.882995860424524479931552544875786437961870211879408055430519226767721297283963e-25
REFINE iteration=22232 kind=dual bits=256 step=3 abs_res=2.113088729764461360594086207088010652142511664038055932673773904189203691543708e-25 rel_res=1.31903682846569915188210570069544903063490387901577652047947309976617116267427e-30
REFINE iteration=22232 kind=dual bits=256 step=4 abs_res=1.074766671134318279339425770213362351098466008158624373878676399724578322018483e-31 rel_res=6.70893181750900512141301174872273610708985142637758504686511850696381350107647e-37
REFINE iteration=22232 kind=dual bits=256 step=5 abs_res=2.056499595552829469680285519225123276810544878417966763411948261747990401525138e-37 rel_res=1.283712636412272728072132251790509186132404801303240620932226211554634746129366e-42
REFINE_END iteration=22232 kind=dual bits=256 converged=true target=1.000000000000000000000000000000000000000000000000000000000000000000000000000007e-40
WATCH iteration=22232 bits=256 index=19825 state=AT_LOWER cost=0.0 stored_rc=7.534705546315035 refined_rc=10.36883718773419374617297473506530109929327264693917268667394876969809580117627
WATCH iteration=22232 bits=256 index=19826 state=AT_LOWER cost=0.0 stored_rc=7.534705546315035 refined_rc=10.36883718773419374617297473506530109929327264693917268667394876969809580117627
WATCH iteration=22232 bits=256 index=50165 state=AT_UPPER cost=0.0 stored_rc=-62.16430894596473 refined_rc=-63.61958395343979531531380491198828666942483750574806457983855889045539877172312
WATCH iteration=22232 bits=256 index=57787 state=AT_LOWER cost=0.0 stored_rc=17.93062946096862 refined_rc=18.13807721457913199658789922744747532550638655508803718923030730846867807121243
BAD_SUMMARY iteration=22232 bits=256 count=0 indices=Int64[]
REFINE iteration=22232 kind=tableau_row_9223 bits=256 step=0 abs_res=1.285059852527683610063897012242244754410360295377021774831938216721027856692672e-16 rel_res=1.285059852527683610063897012242244754410360295377021774831938216721027856692672e-16
REFINE iteration=22232 kind=tableau_row_9223 bits=256 step=1 abs_res=1.646557347106444718168153395198234375770229602301228820744090534362653070085258e-32 rel_res=1.646557347106444718168153395198234375770229602301228820744090534362653070085258e-32
REFINE iteration=22232 kind=tableau_row_9223 bits=256 step=2 abs_res=2.495617540359690856437138772053190648845990819308343514951021402702498356894857e-48 rel_res=2.495617540359690856437138772053190648845990819308343514951021402702498356894857e-48
REFINE_END iteration=22232 kind=tableau_row_9223 bits=256 converged=true target=1.000000000000000000000000000000000000000000000000000000000000000000000000000007e-40
TABLEAU iteration=22232 bits=256 row=9223 index=19825 coefficient=0.0
TABLEAU iteration=22232 bits=256 row=9223 index=19826 coefficient=0.0
TABLEAU iteration=22232 bits=256 row=9223 index=50165 coefficient=-0.0
TABLEAU iteration=22232 bits=256 row=9223 index=57787 coefficient=-0.0
TABLEAU iteration=22232 bits=256 row=9223 index=1408 coefficient=-0.01774454323027307393348686570782815541499017671712532632917754475249557619165912
TABLEAU_END iteration=22232 bits=256 converged=true
REFINE iteration=22232 kind=dual bits=512 step=0 abs_res=6.708809843971161218371427473862372412441960003071268758834122536427457816898822784423828125e-10 rel_res=4.18778782675991477095646315934009040402132822647615368061401723222865509675345001315673444410913333605976704694286538269939413667088487467921965453553436096e-15
REFINE iteration=22232 kind=dual bits=512 step=1 abs_res=4.3973459031666632494199546109276040023114678888670736271220323675428150178579045359583687968552112579345703125e-14 rel_res=2.74492079394419268639923735895079676389351577179037125504628141567312671082145438721942606759548490133390867240218053964226443953364018098058188268009403429e-19
REFINE iteration=22232 kind=dual bits=512 step=2 abs_res=7.82252875543414052877704028411512335488864321096391783152762399856462048671417645820429227889439264165445664378495393975754268467426300048828125e-20 rel_res=4.88299586042452447993155254487578643796187021187940805543051922676772129728399093212112098639831091709150220770679635039344808664683868855095805852551599057e-25
REFINE iteration=22232 kind=dual bits=512 step=3 abs_res=2.11308872976446136059408620708801065214251166403805593267377390418920369154370839271006441384587936762039702409880065868408305362891042022965848445892333984e-25 rel_res=1.31903682846569915188210570069544903063490387901577652047947309976617116267427267108787930371294672752428217213972971831888787700539068379512943616364998302e-30
REFINE iteration=22232 kind=dual bits=512 step=4 abs_res=1.0747666711343182793394257702133623510984660081586243738786763997245783220184830986619617387844982658862136304378509521484375e-31 rel_res=6.70893181750900512141301174872273610708985142637758504686511850696381350107649663142578317880066215924378179775945820484470348278507592490976735640327056525e-37
REFINE iteration=22232 kind=dual bits=512 step=5 abs_res=2.05649959555282946968028551922512327681054487841796676341194826174799040152513761241943114012242248203006329839080471309820243568277612159648232571622361586e-37 rel_res=1.28371263641227272807213225179050918613240480130324062093222621155463474612936891154819270661629962102471533560186266676172626088708339456213989102803163452e-42
REFINE iteration=22232 kind=dual bits=512 step=6 abs_res=5.84881747418524723458079845845557323774706398364836498948346620205929824701080372442603066413799225273844814188156935909040243928912021498245366046830895357e-43 rel_res=3.6509615250676256477295708102931987252026948241996070028999074460069271333418956789260978323674308673552483611654353902745604643873627353550412662125727991e-48
REFINE iteration=22232 kind=dual bits=512 step=7 abs_res=5.46830743037051255766469539708797934335351482452868747023201802606379070996018038619035815174299014821976151434703164556593833632151412021781876821072655555e-49 rel_res=3.4134387205005511497250446504689256891298529004223432045683234004646234872564160334331660414829915856877713960687255014216664585772782385021537492565297784e-54
REFINE iteration=22232 kind=dual bits=512 step=8 abs_res=1.28826830347858781507587968635759552358437075513491014600821886673177758018490700730701649284136621577974410766026139196049467192312801184687979510899366305e-54 rel_res=8.04165633604366141804127371144657740827511290331696896323897807915502310193908828990097022391547969145474966674842746864934245611632784796240709849690338822e-60
REFINE iteration=22232 kind=dual bits=512 step=9 abs_res=2.2529891013484840161966528624961314493048582484774041398937576201924912861911374979643790002044983739800753171759904340170650552124560835743937901249443154e-60 rel_res=1.40636574174608534604616995226096306955820919001321120935944018109066701701679042537479944631551593445570326357616795053130315924992343995893583868932107785e-65
REFINE iteration=22232 kind=dual bits=512 step=10 abs_res=3.03759690947936348490236334090710531808932106373919809291663986901793830354220461566867907376121091094015924240257476475679512507859296609393130332187810489e-66 rel_res=1.8961353289142203614851632392284559558132954991411414332859080494451232654333909084198572949448375376433705224218173169712812812441545603221718871720702206e-71
REFINE iteration=22232 kind=dual bits=512 step=11 abs_res=4.00493154769239150156306914964853117393000865617039747148797101709400275422718965972499503980056418006313773481574192518176568873002008577702386529446828669e-72 rel_res=2.49996705414222471838861848709608850211321262421578805963063149694513997905924663917584202724518237007989835549429964571305612202153861039669967102486394682e-77
REFINE iteration=22232 kind=dual bits=512 step=12 abs_res=1.23495441122385181278576402858442032640467343506153271648017486875903770281875117833302219357201253124133506669014998768047510917942760322786711350517597598e-77 rel_res=7.70885920186611253081136485244706118911795888466117849390437844446777724733862287148876086697964056089674307588194378290599865511840540656285073200549026505e-83
REFINE iteration=22232 kind=dual bits=512 step=13 abs_res=1.01116190936584225932816638293243399463255702522853430282594835462495521690340662973668575550034207730424357423119621500381063423143102474968152860309411667e-83 rel_res=6.31189679452746344070982814561912140085247852971538732132396026732082251751431953259048389270829624376931500318581719210750965520808870043238981334968204836e-89
REFINE iteration=22232 kind=dual bits=512 step=14 abs_res=1.16316045453910403309440997571576590586618561230302833769732351835885044910987194151358445869368870842787563098312932415830056274462978803472067858889466947e-89 rel_res=7.26070540882113592205194248188247014067382384358263554864436620406792122522236183848536664369235682453731632319798924955989783493781013824319539990395554556e-95
REFINE_END iteration=22232 kind=dual bits=512 converged=true target=1.0e-90
WATCH iteration=22232 bits=512 index=19825 state=AT_LOWER cost=0.0 stored_rc=7.534705546315035 refined_rc=10.3688371877341937461729747333942889239145840545110974877449527742907183154909914696378201413574165838529278677492043416684409501191112676847687389136052552
WATCH iteration=22232 bits=512 index=19826 state=AT_LOWER cost=0.0 stored_rc=7.534705546315035 refined_rc=10.3688371877341937461729747333942889239145840545110974877449527742907183154909914696378201413574165838529278677492043416684409501191112676847687389136052552
WATCH iteration=22232 bits=512 index=50165 state=AT_UPPER cost=0.0 stored_rc=-62.16430894596473 refined_rc=-63.6195839534397953153138049111302523352359130720008689976282294912412467905902392719475629695954683440838694504413613585410579066848155721281420274360041197
WATCH iteration=22232 bits=512 index=57787 state=AT_LOWER cost=0.0 stored_rc=17.93062946096862 refined_rc=18.1380772145791319965878992273251635327108881041166335955160789799036533768180989547583982353375017100234464167302269177712986951940543835809231685569193157
BAD_SUMMARY iteration=22232 bits=512 count=0 indices=Int64[]
REFINE iteration=22232 kind=tableau_row_9223 bits=512 step=0 abs_res=1.28505985252768361006389701224224475441036029537702177483193821672102785669267177581787109375e-16 rel_res=1.28505985252768361006389701224224475441036029537702177483193821672102785669267177581787109375e-16
REFINE iteration=22232 kind=tableau_row_9223 bits=512 step=1 abs_res=1.64655734710644471816815339519823437577022960230122882074409053436265307008525810125894317526018539865617640316486358642578125e-32 rel_res=1.64655734710644471816815339519823437577022960230122882074409053436265307008525810125894317526018539865617640316486358642578125e-32
REFINE iteration=22232 kind=tableau_row_9223 bits=512 step=2 abs_res=2.49561754035969085643713877205319064884599081930834351495102140270249835689485713693111853812765881044812509263201426947098430543514613333400120609439909458e-48 rel_res=2.49561754035969085643713877205319064884599081930834351495102140270249835689485713693111853812765881044812509263201426947098430543514613333400120609439909458e-48
REFINE iteration=22232 kind=tableau_row_9223 bits=512 step=3 abs_res=6.96445579772140661127170968195271304755263818355515244711146504329861050105803160868902048680980089528808812856240149269568499933363139421793837958963607371e-64 rel_res=6.96445579772140661127170968195271304755263818355515244711146504329861050105803160868902048680980089528808812856240149269568499933363139421793837958963607371e-64
REFINE iteration=22232 kind=tableau_row_9223 bits=512 step=4 abs_res=2.88879584195349897484944573018932299539159214995076814146648355635768098054519326892062107859227497611120381726785559829740200119896762738839189547162414454e-80 rel_res=2.88879584195349897484944573018932299539159214995076814146648355635768098054519326892062107859227497611120381726785559829740200119896762738839189547162414454e-80
REFINE iteration=22232 kind=tableau_row_9223 bits=512 step=5 abs_res=3.26781102921562126276150749604162777143783163287148384384276843923405627326047810593985890689653789303546426713182943304186297073469270722209551209231170949e-96 rel_res=3.26781102921562126276150749604162777143783163287148384384276843923405627326047810593985890689653789303546426713182943304186297073469270722209551209231170949e-96
REFINE_END iteration=22232 kind=tableau_row_9223 bits=512 converged=true target=1.0e-90
TABLEAU iteration=22232 bits=512 row=9223 index=19825 coefficient=0.0
TABLEAU iteration=22232 bits=512 row=9223 index=19826 coefficient=0.0
TABLEAU iteration=22232 bits=512 row=9223 index=50165 coefficient=-0.0
TABLEAU iteration=22232 bits=512 row=9223 index=57787 coefficient=-0.0
TABLEAU iteration=22232 bits=512 row=9223 index=1408 coefficient=-0.0177445432302730739334868657078281554149901767171727979730545918129861191529455603099970865778242266004135185839100181161042457318179001018562951468910711818
TABLEAU_END iteration=22232 bits=512 converged=true
COMPARE_PRECISION iteration=22232 both_converged=true same_bad_indices=true watched_signs_match=true
BASIS iteration=22233 size=(28453, 28453) nnz=129437 factor=SparseArrays.UMFPACK.UmfpackLU{Float64, Int64}
FLOAT64_WATCH iteration=22233 index=19825 state=AT_LOWER rc=-396.85020318096633
FLOAT64_WATCH iteration=22233 index=19826 state=AT_LOWER rc=-396.85020318096633
FLOAT64_WATCH iteration=22233 index=50165 state=AT_UPPER rc=145.47998056751288
FLOAT64_WATCH iteration=22233 index=57787 state=AT_LOWER rc=-11.66882163149448
FLOAT64_BAD iteration=22233 count=4 indices=[19825, 19826, 50165, 57787]
REFINE iteration=22233 kind=dual bits=256 step=0 abs_res=2.148646137566715383241206628070246322491783060384951120624918985413387417793274e-10 rel_res=1.341232550659141829580457195190145023466951217987045684038780014343408160071833e-15
REFINE iteration=22233 kind=dual bits=256 step=1 abs_res=5.294319031178740015572095073058883335054837297464901804002499768676766083207883e-14 rel_res=3.30483130471762711202826699226950659308501332435358885092548600025788266046702e-19
REFINE iteration=22233 kind=dual bits=256 step=2 abs_res=3.199938016550010829488254036562035579825758941120917373388823050826721701745694e-19 rel_res=1.997472246755784885345734771600197285694420807710102248290283950574355258930512e-24
REFINE iteration=22233 kind=dual bits=256 step=3 abs_res=8.766971624882755818599986653932938218210887956451415319087023831495786296841288e-25 rel_res=5.472538036120765037761595468820063181701200991085681580250444121936670013648393e-30
REFINE iteration=22233 kind=dual bits=256 step=4 abs_res=9.760438656995198507547790040160330792922554699346110836090009151426459133445766e-31 rel_res=6.092682180928586338357276878310228664760198807824519830563618248548281305092129e-36
REFINE iteration=22233 kind=dual bits=256 step=5 abs_res=7.961602132938847212311520114801050396083089622558680684879554083764696554622808e-36 rel_res=4.969808545667642006112471448934044427235172947290780241945003491761092921856561e-41
REFINE_END iteration=22233 kind=dual bits=256 converged=true target=1.000000000000000000000000000000000000000000000000000000000000000000000000000007e-40
WATCH iteration=22233 bits=256 index=19825 state=AT_LOWER cost=0.0 stored_rc=7.534705546315035 refined_rc=10.36883718773419374617297458433279694436260183582985057839976583413158878156299
WATCH iteration=22233 bits=256 index=19826 state=AT_LOWER cost=0.0 stored_rc=7.534705546315035 refined_rc=10.36883718773419374617297458433279694436260183582985057839976583413158878156299
WATCH iteration=22233 bits=256 index=50165 state=AT_UPPER cost=0.0 stored_rc=-62.16430894596473 refined_rc=-63.61958395343979531531380483458988960954063787272307738874549967189441318596863
WATCH iteration=22233 bits=256 index=57787 state=AT_LOWER cost=0.0 stored_rc=17.93062946096862 refined_rc=18.13807721457913199658789921641442416922272882120675899738960407931601570567695
BAD_SUMMARY iteration=22233 bits=256 count=0 indices=Int64[]
REFINE iteration=22233 kind=dual bits=512 step=0 abs_res=2.14864613756671538324120662807024632249178306038495112062491898541338741779327392578125e-10 rel_res=1.34123255065914182958045719519014502346695121798704568403878001434340816007183140653290016896145641919064736099444585772610240495175359457721898770586836252e-15
REFINE iteration=22233 kind=dual bits=512 step=1 abs_res=5.29431903117874001557209507305888333505483729746490180400249976867676608320788273441706286939861566376415541851381204088330847444348291330751266059451154433e-14 rel_res=3.30483130471762711202826699226950659308501332435358885092548600025788266046702303930763961179507231584151132772314154441415746828125304936500862420578928891e-19
REFINE iteration=22233 kind=dual bits=512 step=2 abs_res=3.199938016550010829488254036562035579825758941120917373388823050826721701745693725305041965611962950788438320159912109375e-19 rel_res=1.99747224675578488534573477160019728569442080771010224829028395057435525893052363721947570459739824767958844357154630229546158456118570813662966710619808368e-24
REFINE iteration=22233 kind=dual bits=512 step=3 abs_res=8.7669716248827558185999866539329382182108879564514153190870238314957862968412882764823734760284423828125e-25 rel_res=5.47253803612076503776159546882006318170120099108568158025044412193667001364839388057306450080335657433725023183986739766226880158596523107481905774715456045e-30
REFINE iteration=22233 kind=dual bits=512 step=4 abs_res=9.7604386569951985075477900401603307929225546993461108360900091514264591334457659570151848179656912893714196213745595973114129242920178342046710895374417305e-31 rel_res=6.09268218092858633835727687831022866476019880782451983056361824854828130509207874273376120472993679523664770910930744078016136065650336666639885672269042636e-36
REFINE iteration=22233 kind=dual bits=512 step=5 abs_res=7.96160213293884721231152011480105039608308962255868068487955408376469655462280762355786149204522426414009761742071429047040709292559768073260784149169921875e-36 rel_res=4.96980854566764200611247144893404442723517294729078024194500349176109292185658556179309113013817908014238719180994823484406750884375689191326433965032646269e-41
REFINE iteration=22233 kind=dual bits=512 step=6 abs_res=1.41883925420856296095232982657714982642242290205516301687034633336509826688398587448498069248762328973156184641323211441780354960919344198266855983092682436e-41 rel_res=8.85670915571307078150888511558917441443726542644755655902098982390945606071972018178970435726928071898829740464753125671634332282412992929638160923994152417e-47
REFINE iteration=22233 kind=dual bits=512 step=7 abs_res=4.78226386143304409461830114802505141540803043623676609772524129266865174952562290077511152926178519299113616763240240949756444050415226333493723559373895118e-47 rel_res=2.98519511642745784621158343183578128799441291801702004267289628987500774525661359740208205834983817249059390893334030088728423849021858990892289471041486542e-52
REFINE iteration=22233 kind=dual bits=512 step=8 abs_res=1.24898306002536728474481206585199728882154880898247918855735340949263577991084826197669610891467366697156696152270591649102335483281603752032483068489534272e-52 rel_res=7.79642913758231272050169108702452247610612174332029795284437839448655900843808615116026580499952435132034159286631976912804604179942502488884194533493779202e-58
REFINE iteration=22233 kind=dual bits=512 step=9 abs_res=1.18559876003111992546595481297257850610846658323813498711265602632648839449308250675901380616646991384604235562691936584101994479720529399391943882834963024e-57 rel_res=7.40077028586788535454486998786236216326608903469674235128130329731943441386180497441863200522293096912369334386862998681832776477925546810377428426737007012e-63
REFINE iteration=22233 kind=dual bits=512 step=10 abs_res=1.6908601699472068695076490876206535936451367680333997298582106225135239815474874449717602091792637224619109165184579150182213534234355363558419844302013144e-63 rel_res=1.05547240138597557001961386090152680655773001723455003214273439362274161876468272671075225834204255509160595953455961536644576743967359323637590896547842394e-68
REFINE iteration=22233 kind=dual bits=512 step=11 abs_res=3.09710379304748849008908589006683431767547932920453997701980658937618855162916109643819517382393523643946282208222498565378809167157167245139839045889284819e-69 rel_res=1.93328084479718398801915412321994859472176968931313521200889803951049936892641507862608281948002060415131794034622546348759491533445576087946830394910571669e-74
REFINE iteration=22233 kind=dual bits=512 step=12 abs_res=4.69271811353760341050631649426877834115254741541459864901228819770303724799799913878360707673170581336881636484987623519826141825467352703687371374292438942e-74 rel_res=2.92929867552421337804352828273531343535217279960099382026876387558534629660820917457503224474652142009195634797476966491889873041735945076800302956631646304e-79
REFINE iteration=22233 kind=dual bits=512 step=13 abs_res=1.0908420360018057728969482245079189928821975063578044883509495214930160586367463313257590846947029289056053918233392501422743496134950609648268357202344043e-79 rel_res=6.80927780862885347457984671063993404732948090624343013197927872556928304117253786693200425639232074444406437636968367117865078533237983232041215062427764441e-85
REFINE iteration=22233 kind=dual bits=512 step=14 abs_res=1.59375861833900106004746566812248030415968689864152221892750720613454718379788401276285917778507529096012556389770395039177975244105462426559941312051045237e-85 rel_res=9.94859460306751277538482696044254980165532640460433541541804719865718306318911208345140378770821652406758764208808342721905849835223831340153541944607094853e-91
REFINE_END iteration=22233 kind=dual bits=512 converged=true target=1.0e-90
WATCH iteration=22233 bits=512 index=19825 state=AT_LOWER cost=0.0 stored_rc=7.534705546315035 refined_rc=10.3688371877341937461729747333942889239145840545110974877449527742907183154848574938325043031654579319004706697823016110148951874794253708836159515915526143
WATCH iteration=22233 bits=512 index=19826 state=AT_LOWER cost=0.0 stored_rc=7.534705546315035 refined_rc=10.3688371877341937461729747333942889239145840545110974877449527742907183154848574938325043031654579319004706697823016110148951874794253708836159515915526143
WATCH iteration=22233 bits=512 index=50165 state=AT_UPPER cost=0.0 stored_rc=-62.16430894596473 refined_rc=-63.6195839534397953153138049111302523352359130720008689976282294912412467905870895870298587521718196785522671701972362089371958867918461483431494965738044454
WATCH iteration=22233 bits=512 index=57787 state=AT_LOWER cost=0.0 stored_rc=17.93062946096862 refined_rc=18.13807721457913199658789922732516353271088810411663359551607897990365337681764997084984732954356726956719378485452566340515392057325248687118307611215645
BAD_SUMMARY iteration=22233 bits=512 count=0 indices=Int64[]
COMPARE_PRECISION iteration=22233 both_converged=true same_bad_indices=true watched_signs_match=true
BASIS iteration=22256 size=(28453, 28453) nnz=129493 factor=SparseArrays.UMFPACK.UmfpackLU{Float64, Int64}
FLOAT64_WATCH iteration=22256 index=19825 state=AT_LOWER rc=-339.1978356350196
FLOAT64_WATCH iteration=22256 index=19826 state=AT_LOWER rc=-339.1978356350196
FLOAT64_WATCH iteration=22256 index=50165 state=AT_UPPER rc=115.87653929289922
FLOAT64_WATCH iteration=22256 index=57787 state=AT_LOWER rc=-7.448885633115343
FLOAT64_BAD iteration=22256 count=4 indices=[19825, 19826, 50165, 57787]
REFINE iteration=22256 kind=dual bits=256 step=0 abs_res=4.662615002037817729739850447156247319475982199797614580205618040054105222225189e-10 rel_res=2.348917379595504127487145496157933285228783498185385193859747353749620806700107e-15
REFINE iteration=22256 kind=dual bits=256 step=1 abs_res=9.887141547051351983491809238401164080732213622899230825254420829996393482730355e-14 rel_res=4.980912771961551215958821255893933556263531580586976013078211604155242738202165e-19
REFINE iteration=22256 kind=dual bits=256 step=2 abs_res=4.003375954965744282823422830531064741316321834155718636439272523761174517320516e-19 rel_res=2.016808025874728633620741459976494296343175419367306901252469197432256540195473e-24
REFINE iteration=22256 kind=dual bits=256 step=3 abs_res=1.651424537582474264435903926091329075726033883532741343176479555956979427813247e-24 rel_res=8.319494094456825873683845299269776493025500899334772690076065607560752882247478e-30
REFINE iteration=22256 kind=dual bits=256 step=4 abs_res=2.54419696693258795007425094192477680313594186962767735139740623511648128583751e-30 rel_res=1.281707468905375577406383050648255448991457736221978855678385552069574257453368e-35
REFINE iteration=22256 kind=dual bits=256 step=5 abs_res=5.907076854693699545413485762352226191865614250765923770418255544228674003304863e-36 rel_res=2.975848419938626835201011898414126090302238010046488251844596248779065512805064e-41
REFINE_END iteration=22256 kind=dual bits=256 converged=true target=1.000000000000000000000000000000000000000000000000000000000000000000000000000007e-40
WATCH iteration=22256 bits=256 index=19825 state=AT_LOWER cost=0.0 stored_rc=7.534705546196206 refined_rc=10.36883718773507688725464773186144296647991990466088835289162644888651487284741
WATCH iteration=22256 bits=256 index=19826 state=AT_LOWER cost=0.0 stored_rc=7.534705546196206 refined_rc=10.36883718773507688725464773186144296647991990466088835289162644888651487284741
WATCH iteration=22256 bits=256 index=50165 state=AT_UPPER cost=0.0 stored_rc=-62.16430894590371 refined_rc=-63.61958395344024881618923881750407436129153597472847606976591416521906005072549
WATCH iteration=22256 bits=256 index=57787 state=AT_LOWER cost=0.0 stored_rc=17.930629460959924 refined_rc=18.13807721457919659983260637077021599761068096771709195859705266642738994214913
BAD_SUMMARY iteration=22256 bits=256 count=0 indices=Int64[]
REFINE iteration=22256 kind=dual bits=512 step=0 abs_res=4.662615002037817729739850447156247319475982199797614580205618040054105222225189208984375e-10 rel_res=2.34891737959550412748714549615793328522878349818538519385974735374962080670011196557391882202453668417206705872712558228307458119859785380747131227010828227e-15
REFINE iteration=22256 kind=dual bits=512 step=1 abs_res=9.887141547051351983491809238401164080732213622899230825254420829996393482730354662635363638401031494140625e-14 rel_res=4.98091277196155121595882125589393355626353158058697601307821160415524273820217917370839438177938297941578817428221051361537207021487817733320918319829395512e-19
REFINE iteration=22256 kind=dual bits=512 step=2 abs_res=4.003375954965744282823422830531064741316321834155718636439272523761174517320515775509193190373480319976806640625e-19 rel_res=2.01680802587472863362074145997649429634317541936730690125246919743225654019548113073415459156195382886877822544414899594550994877907924660967998060347246163e-24
REFINE iteration=22256 kind=dual bits=512 step=3 abs_res=1.65142453758247426443590392609132907572603388353274134317647955595697942781324726413232084620830164567450992763042449951171875e-24 rel_res=8.31949409445682587368384529926977649302550089933477269007606560756075288224751386299429411234002788175199342927344869417159300841131500208951078024889028131e-30
REFINE iteration=22256 kind=dual bits=512 step=4 abs_res=2.544196966932587950074250941924776803135941869627677351397406235116481285837509737392015451183112958837007067103286317433230578899383544921875e-30 rel_res=1.28170746890537557740638305064825544899145773622197885567838555206957425745336912315443206293654549020274524537169650152208911223535777150586991900468399525e-35
REFINE iteration=22256 kind=dual bits=512 step=5 abs_res=5.90707685469369954541348576235222619186561425076592377041825554422867400330486320284578975141563167285983537317953174974188845780531664786394685506820678711e-36 rel_res=2.97584841993862683520101189841412609030223801004648825184459624877906551280506893842029093048226027131139892555069625269240626921306041781238787188934017793e-41
REFINE iteration=22256 kind=dual bits=512 step=6 abs_res=6.2937830749741505872377972510466523548224512058992579622809223179031605743254109990849531651674119500015892911354320029605237396541639327551820315420627594e-41 rel_res=3.17066205160614478034438448061043575580555254832042608818989387950280143560508731623768968270174349533245637326242992055105543537777546620545164196065639501e-46
REFINE iteration=22256 kind=dual bits=512 step=7 abs_res=1.2394769906711182902285825566473479918670762813633552689036688445656761059478408656242048487048314752724365824381691383366484460797155844544170655296966288e-46 rel_res=6.24419782401864744520802401808977000645312767482052662599485019394205099252576889456087624830630464294435910894917025692994566493113006747909962956481135931e-52
REFINE iteration=22256 kind=dual bits=512 step=8 abs_res=4.34926809195927503527110719880805759669782855497493855027287722081060302621898358089636174393476101215314129869399348962224165642872417811546908864624855218e-52 rel_res=2.19106046826905856943544454683379869010210187407623099000180464492698619688932982632567792016581797738121583173310764905282639793623728894957452656988670671e-57
REFINE iteration=22256 kind=dual bits=512 step=9 abs_res=5.79248107360258295916066451629629550042819060171484335497786104082948179546814269055485150759984694183747714219977436394915458023775656192521321285106772572e-58 rel_res=2.91811772123937739014985974880189694987859486854702110452785293237668260580783286541618240090297276168930622346533261090015832495010020239647674426127316307e-63
REFINE iteration=22256 kind=dual bits=512 step=10 abs_res=3.11226149698262818299542609011293413515903748138902038995430338927880286071436202599786448181664615001945334456402297918328067179288138108863684840530732476e-63 rel_res=1.56788521396541461823246076364133805099254118361771491311653470413714144028212676676867434015737537638251828368925986334532125189725256200526262017775622746e-68
REFINE iteration=22256 kind=dual bits=512 step=11 abs_res=1.67741249647266800991337735658359635603598469524696886341067031563272702042495431143685386246423900492990727028025832100437529733909740875800503503136879238e-68 rel_res=8.45041540850636717339681152642276119844439253234998014608916355501851536808085588515535670586397372438550419503261965094337721167756000406339212397922214916e-74
REFINE iteration=22256 kind=dual bits=512 step=12 abs_res=5.96427238155888253531775633851112275189023314527772641743593982285610847013330282569149175133146661956968407923557340206454470794452346423435527634266359705e-74 rel_res=3.00466220083840789234275055578218229337948859445420444379062359384018432864959817635621377484736392373935282686662029461292893666542300591318414195051490076e-79
REFINE iteration=22256 kind=dual bits=512 step=13 abs_res=8.39572250467916525168499269053604222767516014381751096686704222356451591102107267929584566400053472880531110694987202501572393823312760377532326731745659507e-80 rel_res=4.22957042279555440174942396420777822218443176708646956206466423286133333465877650094921855408905767912474891691640266144233476689443215972914217696669736745e-85
REFINE iteration=22256 kind=dual bits=512 step=14 abs_res=2.2077301162536631281623871402337148194901675067602946259758563007683611299370428672191574476176722771341483286441123149529177889149105182003472966385921008e-85 rel_res=1.11220326732062684856851866137619900872591606668795323383165449432538976658412333333482174893302738225477392516115814421681415781582386111973773435317318678e-90
REFINE iteration=22256 kind=dual bits=512 step=15 abs_res=8.44233502305815791594824777446631835553367648961303501000121126666567549741769286841633889365129842845678956826990879974611388641828015296085761885324426737e-91 rel_res=4.253052729286499518210100971975137326983338492299815938674258132883272707142073467552147479039579658418980562404393978909116228558498670723498771516950682e-96
REFINE_END iteration=22256 kind=dual bits=512 converged=true target=1.0e-90
WATCH iteration=22256 bits=512 index=19825 state=AT_LOWER cost=0.0 stored_rc=7.534705546196206 refined_rc=10.3688371877350768872546478448488814906881033895418907518698381071313954086090455721242412529568404326236473770975544371418421763238499573914589741856853603
WATCH iteration=22256 bits=512 index=19826 state=AT_LOWER cost=0.0 stored_rc=7.534705546196206 refined_rc=10.3688371877350768872546478448488814906881033895418907518698381071313954086090455721242412529568404326236473770975544371418421763238499573914589741856853603
WATCH iteration=22256 bits=512 index=50165 state=AT_UPPER cost=0.0 stored_rc=-62.16430894590371 refined_rc=-63.6195839534402488161892388755210673021474100253435539010757459563046904754656212889060249774407141643102597629974557677938429736796605653429795407610308671
WATCH iteration=22256 bits=512 index=57787 state=AT_LOWER cost=0.0 stored_rc=17.930629460959924 refined_rc=18.1380772145791965998326063790404706202608068121356410882841031835787175142660150386075090766923328829988678518338495922678836802847340265623430075463192976
BAD_SUMMARY iteration=22256 bits=512 count=0 indices=Int64[]
COMPARE_PRECISION iteration=22256 both_converged=true same_bad_indices=true watched_signs_match=true
