┌ Info: Refined dual pivot direction
│   iteration = 46766
│   leaving_row = 13052
│   entering_index = 69584
│   old_pivot = 0.0027751298438527055
└   refined_pivot = 0.002775129843850145
┌ Info: Refined dual pivot direction
│   iteration = 48926
│   leaving_row = 36802
│   entering_index = 10781
│   old_pivot = -0.00048123064182143224
└   refined_pivot = -0.0004812306418214731
┌ Info: Refined dual pivot direction
│   iteration = 49057
│   leaving_row = 29857
│   entering_index = 38304
│   old_pivot = -0.0002255731411596067
└   refined_pivot = -0.00022557314115959935
┌ Info: Refined dual pivot direction
│   iteration = 49380
│   leaving_row = 18005
│   entering_index = 19306
│   old_pivot = -0.07916804177837511
└   refined_pivot = -0.07916804177839402
┌ Info: Refined dual pivot direction
│   iteration = 49939
│   leaving_row = 18212
│   entering_index = 74354
│   old_pivot = 1.3370913856528228
└   refined_pivot = 1.3370913856528182
┌ Info: Refined dual pivot direction
│   iteration = 52534
│   leaving_row = 8389
│   entering_index = 35856
│   old_pivot = -4.960441968709636
└   refined_pivot = -4.960441968537402
┌ Info: Refined dual pivot direction
│   iteration = 52563
│   leaving_row = 19017
│   entering_index = 66945
│   old_pivot = -0.00018180582065498673
└   refined_pivot = -0.00018180582064857354
┌ Info: Refined dual pivot direction
│   iteration = 55395
│   leaving_row = 17559
│   entering_index = 8845
│   old_pivot = -3.250040189357478e-5
└   refined_pivot = -3.2500401893577456e-5
┌ Info: Refined dual pivot direction
│   iteration = 57489
│   leaving_row = 12329
│   entering_index = 15514
│   old_pivot = 1.0
└   refined_pivot = 1.0
┌ Info: Refined dual pivot direction
│   iteration = 61860
│   leaving_row = 40040
│   entering_index = 8924
│   old_pivot = 0.24686654561780164
└   refined_pivot = 0.2468665456178322
┌ Info: Refined dual pivot direction
│   iteration = 61861
│   leaving_row = 15163
│   entering_index = 20798
│   old_pivot = -2.0843918426994827
└   refined_pivot = -2.08439184247123
┌ Info: Refined dual pivot direction
│   iteration = 61862
│   leaving_row = 33170
│   entering_index = 40397
│   old_pivot = -15.007463699834892
└   refined_pivot = -15.00746369691056
┌ Info: Refined dual pivot row, direction, and prices
│   iteration = 61864
│   leaving_row = 18864
│   original_entering_index = 66450
│   entering_index = 66450
│   old_pivot = 0.7939413879351124
└   refined_pivot = 0.7939414080044417
┌ Info: Refined dual pivot direction
│   iteration = 61865
│   leaving_row = 19359
│   entering_index = 65084
│   old_pivot = -0.2948113207762237
└   refined_pivot = -0.29481132077622413
┌ Info: Refined dual pivot row, direction, and prices
│   iteration = 61869
│   leaving_row = 40314
│   original_entering_index = 31458
│   entering_index = 31458
│   old_pivot = -0.25894385716466395
└   refined_pivot = -0.2589438460816309
before pinf=(3.43279158167948e6, 2277) dinf=(1.828238121305713e6, 1312)
exchanges=329 after pinf=(0.0, 0) dinf=(1.7017500166692964e6, 1120)
max structural diff=7.450580596923828e-9
production_projected_status=OPTIMAL iterations=62173 cleanup_iterations=18028 refactorizations=403 elapsed=211.229483551 message=optimal solution found
