Julia=1.13.0 machine=x86_64-w64-mingw32 threads=1
commit=c666364+ path=C:\Disk_D\tmp\runtime.mps bytes=10395519
original=(43021, 47148) nnz=277210 reduced=(28453, 31615) nnz=211789 scaled=(28453, 31615) nnz=211789
factor=JSimplex.SuhlSuhlFactorization{Float64, JSimplex.UMFPACKBackend} backend=JSimplex.UMFPACKBackend
make_dual_feasible=nothing iter=257
SNAP loop iter=21800 updates=43 refact=436 dinf=(0.0, 0) pinf=(1.844599016578733e13, 5364) perturbed=true
RESIDUAL Bx=b inf=0.0032904634739162678 Bty=cB inf=0.008605769219804563 x_inf=6.202356632061008e12 y_inf=156766.74796848226
SNAP before_refactor iter=21807 updates=50 refact=436 dinf=(0.0, 0) pinf=(1.8446354883983246e13, 5363) perturbed=true
RESIDUAL Bx=b inf=0.0037003972920501838 Bty=cB inf=0.008605769257410037 x_inf=6.202479160251956e12 y_inf=156766.74796848226
SNAP loop iter=21825 updates=18 refact=437 dinf=(0.0, 0) pinf=(1.8467680718831707e13, 5345) perturbed=true
RESIDUAL Bx=b inf=0.0021346962409195536 Bty=cB inf=3.9157124234634466e-5 x_inf=6.209649743314975e12 y_inf=156766.74796848226
SNAP loop iter=21850 updates=43 refact=437 dinf=(0.0, 0) pinf=(1.8465847656791656e13, 5336) perturbed=true
RESIDUAL Bx=b inf=0.005438748199218814 Bty=cB inf=0.00012101665234354186 x_inf=6.209033368851078e12 y_inf=156766.74796848226
SNAP loop iter=21875 updates=19 refact=438 dinf=(0.0, 0) pinf=(9.460965078802531e12, 5263) perturbed=true
RESIDUAL Bx=b inf=0.0015061945517109016 Bty=cB inf=6.864910929969332e-5 x_inf=3.1811926995341616e12 y_inf=156766.74796848226
SNAP loop iter=21900 updates=44 refact=438 dinf=(0.0, 0) pinf=(9.455878204709818e12, 5274) perturbed=true
RESIDUAL Bx=b inf=0.002258318637744807 Bty=cB inf=0.00021478235404805897 x_inf=3.179483341323539e12 y_inf=156766.74796848226
SNAP before_refactor iter=21906 updates=50 refact=438 dinf=(0.0, 0) pinf=(9.458476960513973e12, 5260) perturbed=true
RESIDUAL Bx=b inf=0.002758250347545583 Bty=cB inf=0.00021478237811414352 x_inf=3.180356086057748e12 y_inf=156766.74796848226
SNAP loop iter=21925 updates=19 refact=439 dinf=(0.0, 0) pinf=(9.452925442713688e12, 5251) perturbed=true
RESIDUAL Bx=b inf=0.0010173847616226361 Bty=cB inf=1.701534097264812e-5 x_inf=3.1784894483932827e12 y_inf=156766.74796848226
SNAP loop iter=21950 updates=44 refact=439 dinf=(0.0, 0) pinf=(9.450035223646719e12, 5249) perturbed=true
RESIDUAL Bx=b inf=0.0019421084434725344 Bty=cB inf=2.505712989579237e-5 x_inf=3.177518404748199e12 y_inf=156766.74796848226
SNAP before_refactor iter=21956 updates=50 refact=439 dinf=(0.0, 0) pinf=(9.450282995982963e12, 5254) perturbed=true
RESIDUAL Bx=b inf=0.002035505995186492 Bty=cB inf=2.505712989579237e-5 x_inf=3.1776016483141177e12 y_inf=156766.74796848226
SNAP loop iter=21975 updates=19 refact=440 dinf=(0.0, 0) pinf=(2.3211155852563444e14, 5504) perturbed=true
RESIDUAL Bx=b inf=0.034296125072532255 Bty=cB inf=0.054252415646858405 x_inf=7.69510682995194e13 y_inf=156766.74796848226
SNAP loop iter=22000 updates=44 refact=440 dinf=(0.0, 0) pinf=(1.26095469902156e13, 5321) perturbed=true
RESIDUAL Bx=b inf=0.03271484375 Bty=cB inf=0.054626372128550725 x_inf=4.1804015026102983e12 y_inf=156766.74796848226
SNAP before_refactor iter=22006 updates=50 refact=440 dinf=(0.0, 0) pinf=(1.261899791369387e13, 5318) perturbed=true
RESIDUAL Bx=b inf=0.03271484375 Bty=cB inf=0.05462637311972942 x_inf=4.183534819721985e12 y_inf=156766.74796848226
SNAP loop iter=22025 updates=19 refact=441 dinf=(0.0, 0) pinf=(1.2678164849695129e13, 5346) perturbed=true
RESIDUAL Bx=b inf=0.0009261697844539206 Bty=cB inf=8.562974738188265e-6 x_inf=4.203148194875466e12 y_inf=156766.74796848226
SNAP loop iter=22050 updates=44 refact=441 dinf=(0.0, 0) pinf=(1.260114418829828e13, 5334) perturbed=true
RESIDUAL Bx=b inf=0.001751935133045751 Bty=cB inf=0.0006432104202429801 x_inf=4.1776121551794307e12 y_inf=156766.74796848226
SNAP before_refactor iter=22056 updates=50 refact=441 dinf=(0.0, 0) pinf=(1.2597372351362975e13, 5338) perturbed=true
RESIDUAL Bx=b inf=0.0012460239197219052 Bty=cB inf=0.000643211809168725 x_inf=4.1763613253940366e12 y_inf=156766.74796848226
SNAP loop iter=22075 updates=19 refact=442 dinf=(0.0, 0) pinf=(1.2597402572868863e13, 5336) perturbed=true
RESIDUAL Bx=b inf=0.000958840627172908 Bty=cB inf=1.1841283254249726e-7 x_inf=4.1763713132512085e12 y_inf=156766.74796848226
SNAP loop iter=22100 updates=44 refact=442 dinf=(0.0, 0) pinf=(1.2568537462570986e13, 5367) perturbed=true
RESIDUAL Bx=b inf=0.00146484375 Bty=cB inf=0.0008483895962628772 x_inf=4.1668003532964463e12 y_inf=156766.74796848226
SNAP before_refactor iter=22106 updates=50 refact=442 dinf=(0.0, 0) pinf=(1.2568306059054795e13, 5352) perturbed=true
RESIDUAL Bx=b inf=0.0016009736146402548 Bty=cB inf=0.000848397669267542 x_inf=4.1667237861540874e12 y_inf=156766.74796848226
SNAP loop iter=22125 updates=19 refact=443 dinf=(0.0, 0) pinf=(1.2568047879837719e13, 5352) perturbed=true
RESIDUAL Bx=b inf=0.0020405064668031405 Bty=cB inf=1.17900531434227e-5 x_inf=4.1666383870569165e12 y_inf=156766.74796848226
SNAP loop iter=22150 updates=44 refact=443 dinf=(0.0, 0) pinf=(1.2562603122850246e13, 5302) perturbed=true
RESIDUAL Bx=b inf=0.0019698656397435016 Bty=cB inf=9.903730182259096e-5 x_inf=4.1648344858835264e12 y_inf=156766.74796848226
SNAP before_refactor iter=22156 updates=50 refact=443 dinf=(0.0, 0) pinf=(1.2562543389190607e13, 5297) perturbed=true
RESIDUAL Bx=b inf=0.0019666405793080715 Bty=cB inf=9.903730785509879e-5 x_inf=4.1648147286628506e12 y_inf=156766.74796848226
SNAP loop iter=22175 updates=19 refact=444 dinf=(0.0, 0) pinf=(1.2568373198548115e13, 5275) perturbed=true
RESIDUAL Bx=b inf=0.0013538410119828437 Bty=cB inf=0.0005249452448197189 x_inf=4.1667479744946704e12 y_inf=156766.74796848226
SNAP loop iter=22200 updates=44 refact=444 dinf=(0.0, 0) pinf=(1.256777546100078e13, 5256) perturbed=true
RESIDUAL Bx=b inf=0.0013401086650226168 Bty=cB inf=0.0005249453249689395 x_inf=4.1665499338407695e12 y_inf=156766.74796848226
SNAP before_refactor iter=22206 updates=50 refact=444 dinf=(0.0, 0) pinf=(1.2567172393457885e13, 5254) perturbed=true
RESIDUAL Bx=b inf=0.001346878441919483 Bty=cB inf=0.0005249453880651345 x_inf=4.1663500149286357e12 y_inf=156766.74796848226
SNAP loop iter=22225 updates=19 refact=445 dinf=(0.0, 0) pinf=(1.2562159725459867e13, 5266) perturbed=true
RESIDUAL Bx=b inf=0.0013575978331335959 Bty=cB inf=0.00010497031814793445 x_inf=4.1646879307967754e12 y_inf=156766.74796848226
SNAP loop iter=22240 updates=34 refact=445 dinf=(0.0, 0) pinf=(1.2561766367755438e13, 5287) perturbed=true
RESIDUAL Bx=b inf=0.0023171503758832638 Bty=cB inf=0.00010497005155229999 x_inf=4.164557793457904e12 y_inf=156766.74796848226
PIVOT row=10837 leave=16681 below=true delta=-1.078446069 enter=16680 flips=Int64[] exhausted=false
PIVOT_VALUES row=1.0 col=1.0 direct_row=1.0 direct_col=1.0 rc=0.0 ratio=0.0 primal_step=-1.078446069
SNAP loop iter=22241 updates=35 refact=445 dinf=(0.0, 0) pinf=(1.2561766367757662e13, 5287) perturbed=true
RESIDUAL Bx=b inf=0.0023171503758832638 Bty=cB inf=0.00010497005155229999 x_inf=4.164557793457904e12 y_inf=156766.74796848226
PIVOT row=14961 leave=46576 below=true delta=-1.3346250403214566 enter=23576 flips=Int64[] exhausted=false
PIVOT_VALUES row=-0.8456830601249999 col=-0.8456830601249999 direct_row=-0.8456830601250002 direct_col=-0.8456830601250003 rc=-2.719061071286672e-14 ratio=3.215224709461213e-14 primal_step=1.5781622019532784
SNAP loop iter=22242 updates=36 refact=445 dinf=(0.0, 0) pinf=(1.2561766367759514e13, 5287) perturbed=true
RESIDUAL Bx=b inf=0.0023171503758832638 Bty=cB inf=0.00010496988318209333 x_inf=4.164557793457904e12 y_inf=156766.74796848226
PIVOT row=17632 leave=49247 below=false delta=11.750239699777223 enter=51338 flips=Int64[] exhausted=false
PIVOT_VALUES row=1.0086338799969954 col=1.0086338799969954 direct_row=1.0086338799969954 direct_col=1.0086338799969954 rc=27.4254663916133 ratio=27.190705106688462 primal_step=11.649657951022055
SNAP loop iter=22243 updates=37 refact=445 dinf=(0.0, 0) pinf=(1.2561766367728217e13, 5286) perturbed=true
RESIDUAL Bx=b inf=0.0023171503758832638 Bty=cB inf=0.00010496988318209333 x_inf=4.164557793457904e12 y_inf=156766.74796848226
PIVOT row=3962 leave=35577 below=true delta=-1.3342860798346363 enter=22535 flips=[16059] exhausted=false
PIVOT_VALUES row=-1.0 col=-1.0 direct_row=-1.0 direct_col=-1.0 rc=343.08197460106 ratio=-343.08197460106 primal_step=1.3342860798346363
SNAP loop iter=22244 updates=38 refact=445 dinf=(0.0, 0) pinf=(1.256176636774183e13, 5286) perturbed=true
RESIDUAL Bx=b inf=0.0023171503758832638 Bty=cB inf=0.00010496988318209333 x_inf=4.164557793457904e12 y_inf=156766.74796848226
PIVOT row=10223 leave=46974 below=false delta=1.9845 enter=27184 flips=Int64[] exhausted=false
PIVOT_VALUES row=0.21337302325581395 col=0.21337302325581398 direct_row=0.21337302325581395 direct_col=0.21337302325581398 rc=56.69698757426904 ratio=265.7176934044504 primal_step=9.30061340332031
SNAP loop iter=22245 updates=39 refact=445 dinf=(0.0, 0) pinf=(1.2561721347323357e13, 5287) perturbed=true
RESIDUAL Bx=b inf=0.0025700166475858795 Bty=cB inf=0.00010496988318209333 x_inf=4.164542901762232e12 y_inf=156766.74796848226
PIVOT row=20488 leave=52103 below=true delta=-6.164892848331 enter=9963 flips=Int64[] exhausted=false
PIVOT_VALUES row=-11.8 col=-11.8 direct_row=-11.8 direct_col=-11.8 rc=173716.1564599083 ratio=-14721.708174568499 primal_step=0.5224485464687288
SNAP loop iter=22246 updates=40 refact=445 dinf=(0.0, 0) pinf=(1.2561721347242055e13, 5287) perturbed=true
RESIDUAL Bx=b inf=0.0025700166475858795 Bty=cB inf=0.00010496988318209333 x_inf=4.164542901762232e12 y_inf=156766.74796848226
PIVOT row=14791 leave=20818 below=true delta=-19.112253681991472 enter=20609 flips=Int64[] exhausted=false
PIVOT_VALUES row=-1.0 col=-1.0 direct_row=-1.0 direct_col=-1.0 rc=-2.2711812182318292e-13 ratio=2.2711812182318292e-13 primal_step=19.112253681991472
SNAP loop iter=22247 updates=41 refact=445 dinf=(0.0, 0) pinf=(1.2561721347241914e13, 5288) perturbed=true
RESIDUAL Bx=b inf=0.0025700166475858795 Bty=cB inf=0.00010496988318209333 x_inf=4.164542901762232e12 y_inf=156766.74796848226
PIVOT row=13336 leave=44951 below=true delta=-0.8906224387825993 enter=23948 flips=[7520] exhausted=false
PIVOT_VALUES row=0.16704234976469232 col=0.1670423497646923 direct_row=0.16704234976469232 direct_col=0.1670423497646923 rc=-88.35375034000924 ratio=-528.9302411302917 primal_step=-5.331716418244794
SNAP loop iter=22248 updates=42 refact=445 dinf=(0.0, 0) pinf=(1.256110243501455e13, 5287) perturbed=true
RESIDUAL Bx=b inf=0.0023789804486200974 Bty=cB inf=0.00010496988318209333 x_inf=4.1643377925100996e12 y_inf=156766.74796848226
PIVOT row=25599 leave=57214 below=true delta=-378.0490038155185 enter=47666 flips=Int64[] exhausted=false
PIVOT_VALUES row=169.7347415873016 col=169.73474158730158 direct_row=169.7347415873016 direct_col=169.73474158730158 rc=-4.467962825396793 ratio=-0.02632320751552642 primal_step=-2.227293011908657
SNAP loop iter=22249 updates=43 refact=445 dinf=(0.0, 0) pinf=(1.2561102435085014e13, 5286) perturbed=true
RESIDUAL Bx=b inf=0.0023789804486200974 Bty=cB inf=0.00010496988318209333 x_inf=4.1643377925100996e12 y_inf=156766.74796848226
PIVOT row=11331 leave=42946 below=true delta=-0.8826900792095828 enter=18580 flips=Int64[] exhausted=false
PIVOT_VALUES row=-0.50137362625 col=-0.50137362625 direct_row=-0.50137362625 direct_col=-0.50137362625 rc=796.9876840327628 ratio=-1589.6083126545643 primal_step=1.7605435008850003
SNAP loop iter=22250 updates=44 refact=445 dinf=(0.0, 0) pinf=(1.2561088815743219e13, 5286) perturbed=true
RESIDUAL Bx=b inf=0.0011338769343858849 Bty=cB inf=0.00010497000414488866 x_inf=4.1643332942380903e12 y_inf=156766.74796848226
PIVOT row=11389 leave=18369 below=true delta=-0.6614003148132956 enter=18368 flips=Int64[] exhausted=false
PIVOT_VALUES row=-0.37878787865910046 col=-0.37878787865910035 direct_row=-0.37878787865910046 direct_col=-0.37878787865910035 rc=31.723731297550884 ratio=-83.75065065400744 primal_step=1.74609683170073
SNAP loop iter=22251 updates=45 refact=445 dinf=(0.0, 0) pinf=(1.2561102015408773e13, 5286) perturbed=true
RESIDUAL Bx=b inf=0.0014118292091872086 Bty=cB inf=0.00010496988704744581 x_inf=4.1643376545234917e12 y_inf=156766.74796848226
PIVOT row=20635 leave=52250 below=false delta=0.7952159699999982 enter=30762 flips=Int64[] exhausted=false
PIVOT_VALUES row=-2.0 col=-2.0 direct_row=-2.0 direct_col=-2.0 rc=1.1998855523962119e-20 ratio=-5.9994277619810595e-21 primal_step=-0.3976079849999991
SNAP loop iter=22252 updates=46 refact=445 dinf=(0.0, 0) pinf=(1.2561102015408705e13, 5287) perturbed=true
RESIDUAL Bx=b inf=0.0014118292091872086 Bty=cB inf=0.00010496988704744581 x_inf=4.1643376545234917e12 y_inf=156766.74796848226
PIVOT row=12008 leave=43623 below=true delta=-1.611748182023589 enter=21630 flips=Int64[] exhausted=false
PIVOT_VALUES row=-1.3236263737500003 col=-1.32362637375 direct_row=-1.3236263737500003 direct_col=-1.32362637375 rc=1.8204612929979733e-15 ratio=-1.3753588845773578e-15 primal_step=1.2176760859314881
SNAP loop iter=22253 updates=47 refact=445 dinf=(0.0, 0) pinf=(1.2561102015408064e13, 5285) perturbed=true
RESIDUAL Bx=b inf=0.0014118292091872086 Bty=cB inf=0.00010496988704744581 x_inf=4.1643376545234917e12 y_inf=156766.74796848226
PIVOT row=12019 leave=43634 below=true delta=-2.6398588312370013 enter=21718 flips=[21674] exhausted=false
PIVOT_VALUES row=-1.32362637375 col=-1.32362637375 direct_row=-1.3236263737500003 direct_col=-1.32362637375 rc=0.0 ratio=-0.0 primal_step=1.9944138947291818
SNAP loop iter=22254 updates=48 refact=445 dinf=(0.0, 0) pinf=(1.256110201540872e13, 5286) perturbed=true
RESIDUAL Bx=b inf=0.0014118292091872086 Bty=cB inf=0.00010496988704744581 x_inf=4.1643376545234917e12 y_inf=156766.74796848226
PIVOT row=12030 leave=43645 below=true delta=-2.663405224091327 enter=21673 flips=[21674, 21672] exhausted=false
PIVOT_VALUES row=-0.50137362625 col=-0.50137362625 direct_row=-0.50137362625 direct_col=-0.50137362625 rc=155.1579875091661 ratio=-309.4657943411639 primal_step=5.312216448264617
SNAP loop iter=22255 updates=49 refact=445 dinf=(0.0, 0) pinf=(1.256110201548893e13, 5288) perturbed=true
RESIDUAL Bx=b inf=0.0014118292091872086 Bty=cB inf=0.00010496988704744581 x_inf=4.1643376545234917e12 y_inf=156766.74796848226
WATCH index=19825 state=AT_LOWER stored_rc=7.534705546196206 recomputed_rc=7.534705434129819 perturbed_cost=0.0 x=0.0 lower=Bound{Float64}(0.0, true) upper=Bound{Float64}(0.091526063, true)
WATCH index=19826 state=AT_LOWER stored_rc=7.534705546196206 recomputed_rc=7.534705434129819 perturbed_cost=0.0 x=0.0 lower=Bound{Float64}(0.0, true) upper=Bound{Float64}(1.402996639, true)
WATCH index=50165 state=AT_UPPER stored_rc=-62.16430894590371 recomputed_rc=-62.16430888835961 perturbed_cost=0.0 x=0.0 lower=Bound{Float64}(0.0, false) upper=Bound{Float64}(0.0, true)
WATCH index=57787 state=AT_LOWER stored_rc=17.930629460959924 recomputed_rc=17.930629452757106 perturbed_cost=0.0 x=0.0 lower=Bound{Float64}(0.0, true) upper=Bound{Float64}(0.0, false)
PIVOT row=12041 leave=43656 below=true delta=-2.5219018933205835 enter=21806 flips=[21762] exhausted=false
RATIO index=21762 state=AT_LOWER rc=0.0 coeff=1.32362637375 step=0.0 width=1.403890754 gain=1.8582268278581735
RATIO index=21806 state=AT_LOWER rc=0.0 coeff=1.32362637375 step=0.0 width=1.403890754 gain=1.8582268278581735
PIVOT_VALUES row=-1.32362637375 col=-1.32362637375 direct_row=-1.3236263737499998 direct_col=-1.32362637375 rc=0.0 ratio=-0.0 primal_step=1.905297403659099
SNAP loop iter=22256 updates=50 refact=445 dinf=(0.0, 0) pinf=(1.2561102015488125e13, 5287) perturbed=true
RESIDUAL Bx=b inf=0.0014118292091872086 Bty=cB inf=0.00010496988704744581 x_inf=4.1643376545234917e12 y_inf=156766.74796848226
WATCH index=19825 state=AT_LOWER stored_rc=7.534705546196206 recomputed_rc=7.534705434129819 perturbed_cost=0.0 x=0.0 lower=Bound{Float64}(0.0, true) upper=Bound{Float64}(0.091526063, true)
WATCH index=19826 state=AT_LOWER stored_rc=7.534705546196206 recomputed_rc=7.534705434129819 perturbed_cost=0.0 x=0.0 lower=Bound{Float64}(0.0, true) upper=Bound{Float64}(1.402996639, true)
WATCH index=50165 state=AT_UPPER stored_rc=-62.16430894590371 recomputed_rc=-62.16430888835961 perturbed_cost=0.0 x=0.0 lower=Bound{Float64}(0.0, false) upper=Bound{Float64}(0.0, true)
WATCH index=57787 state=AT_LOWER stored_rc=17.930629460959924 recomputed_rc=17.930629452757106 perturbed_cost=0.0 x=0.0 lower=Bound{Float64}(0.0, true) upper=Bound{Float64}(0.0, false)
PIVOT row=12052 leave=43667 below=true delta=-2.0997067542034147 enter=21761 flips=[21762, 21760] exhausted=false
RATIO index=21762 state=AT_UPPER rc=0.0 coeff=-1.3236263737499998 step=-0.0 width=1.403890754 gain=1.858226827858173
RATIO index=21760 state=AT_LOWER rc=155.15798750916588 coeff=0.50137362625 step=309.4657943411635 width=0.417252723 gain=0.2091995107931968
RATIO index=21761 state=AT_LOWER rc=155.1579875091661 coeff=0.50137362625 step=309.4657943411639 width=6.396037873 gain=3.2068047020183474
PIVOT_VALUES row=-0.50137362625 col=-0.50137362625 direct_row=-0.50137362625 direct_col=-0.50137362625 rc=155.1579875091661 ratio=-309.4657943411639 primal_step=4.187908266950678
SNAP before_refactor iter=22256 updates=50 refact=445 dinf=(0.0, 0) pinf=(1.2561102015488125e13, 5287) perturbed=true
RESIDUAL Bx=b inf=0.0014118292091872086 Bty=cB inf=0.00010496988704744581 x_inf=4.1643376545234917e12 y_inf=156766.74796848226
WATCH index=19825 state=AT_LOWER stored_rc=7.534705546196206 recomputed_rc=7.534705434129819 perturbed_cost=0.0 x=0.0 lower=Bound{Float64}(0.0, true) upper=Bound{Float64}(0.091526063, true)
WATCH index=19826 state=AT_LOWER stored_rc=7.534705546196206 recomputed_rc=7.534705434129819 perturbed_cost=0.0 x=0.0 lower=Bound{Float64}(0.0, true) upper=Bound{Float64}(1.402996639, true)
WATCH index=50165 state=AT_UPPER stored_rc=-62.16430894590371 recomputed_rc=-62.16430888835961 perturbed_cost=0.0 x=0.0 lower=Bound{Float64}(0.0, false) upper=Bound{Float64}(0.0, true)
WATCH index=57787 state=AT_LOWER stored_rc=17.930629460959924 recomputed_rc=17.930629452757106 perturbed_cost=0.0 x=0.0 lower=Bound{Float64}(0.0, true) upper=Bound{Float64}(0.0, false)
FRESH_Y_DIFF inf=710.2138930273238 fresh_Bty_res=4.662615002037818e-10
FRESH_RC index=19825 rc=-339.1978356350196
FRESH_RC index=19826 rc=-339.1978356350196
FRESH_RC index=50165 rc=115.87653929289922
FRESH_RC index=57787 rc=-7.448885633115343
PIVOT row=12052 leave=43667 below=true delta=-2.0997067542034147 enter=21761 flips=[21762, 21760] exhausted=false
RATIO index=21762 state=AT_UPPER rc=0.0 coeff=-1.3236263737499998 step=-0.0 width=1.403890754 gain=1.858226827858173
RATIO index=21760 state=AT_LOWER rc=155.15798750916588 coeff=0.50137362625 step=309.4657943411635 width=0.417252723 gain=0.2091995107931968
RATIO index=21761 state=AT_LOWER rc=155.1579875091661 coeff=0.50137362625 step=309.4657943411639 width=6.396037873 gain=3.2068047020183474
PIVOT_VALUES row=-0.50137362625 col=-0.50137362625 direct_row=-0.50137362625 direct_col=-0.50137362625 rc=155.1579875091661 ratio=-309.4657943411639 primal_step=4.187908266950678
SNAP terminal iter=22256 updates=0 refact=446 dinf=(801.7210961960537, 4) pinf=(1.2561062461277412e13, 5287) perturbed=true
BAD index=19825 state=AT_LOWER rc=-339.1978356350196 cost=0.0 original_scaled_cost=0.0
BAD index=19826 state=AT_LOWER rc=-339.1978356350196 cost=0.0 original_scaled_cost=0.0
BAD index=50165 state=AT_UPPER rc=115.87653929289922 cost=0.0 original_scaled_cost=0.0
BAD index=57787 state=AT_LOWER rc=-7.448885633115343 cost=0.0 original_scaled_cost=0.0
RESIDUAL Bx=b inf=0.02731552551535636 Bty=cB inf=4.662615002037818e-10 x_inf=4.1643245410430103e12 y_inf=156766.74796848226
WATCH index=19825 state=AT_LOWER stored_rc=-339.1978356350196 recomputed_rc=-339.1978356350196 perturbed_cost=0.0 x=0.0 lower=Bound{Float64}(0.0, true) upper=Bound{Float64}(0.091526063, true)
WATCH index=19826 state=AT_LOWER stored_rc=-339.1978356350196 recomputed_rc=-339.1978356350196 perturbed_cost=0.0 x=0.0 lower=Bound{Float64}(0.0, true) upper=Bound{Float64}(1.402996639, true)
WATCH index=50165 state=AT_UPPER stored_rc=115.87653929289922 recomputed_rc=115.87653929289922 perturbed_cost=0.0 x=0.0 lower=Bound{Float64}(0.0, false) upper=Bound{Float64}(0.0, true)
WATCH index=57787 state=AT_LOWER stored_rc=-7.448885633115343 recomputed_rc=-7.448885633115343 perturbed_cost=0.0 x=0.0 lower=Bound{Float64}(0.0, true) upper=Bound{Float64}(0.0, false)
PIVOT row=12052 leave=43667 below=true delta=-2.0997067542034147 enter=21761 flips=[21762, 21760] exhausted=false
RATIO index=21762 state=AT_UPPER rc=0.0 coeff=-1.3236263737499998 step=-0.0 width=1.403890754 gain=1.858226827858173
RATIO index=21760 state=AT_LOWER rc=155.1579875091561 coeff=0.50137362625 step=309.465794341144 width=0.417252723 gain=0.2091995107931968
RATIO index=21761 state=AT_LOWER rc=155.15798750915656 coeff=0.50137362625 step=309.4657943411449 width=6.396037873 gain=3.2068047020183474
PIVOT_VALUES row=-0.50137362625 col=-0.50137362625 direct_row=-0.50137362625 direct_col=-0.50137362625 rc=155.15798750915656 ratio=-309.4657943411449 primal_step=4.187908266950678
TERMINAL status=NUMERICAL_ERROR message=dual feasibility lost iterations=22256 refactorizations=446
