Julia=1.13.0 kernel=NT threads=1 BLAS_threads=6 JSimplex_path=C:\Disk_D\JSimplex.jl\src\JSimplex.jl per_run_time_limit=900.0s
Timing includes Julia compilation in the first variant; compare iterations primarily.
variant=restored initial_pinf=(3.4327915816794755e6, 2277) initial_dinf=(1.8282381213057106e6, 1312) exchanges=0 start_pinf=(3.4327915816794755e6, 2277) start_dinf=(1.8282381213057106e6, 1312) max_structural_diff=567688.4204309369
Ôöî Info: Refined dual pivot direction
Ôöé   iteration = 48722
Ôöé   leaving_row = 25257
Ôöé   entering_index = 17196
Ôöé   old_pivot = 0.0035205171085168135
Ôöö   refined_pivot = 0.0035205171085200843
Ôöî Info: Refined dual pivot direction
Ôöé   iteration = 51365
Ôöé   leaving_row = 17955
Ôöé   entering_index = 31865
Ôöé   old_pivot = -0.00034247708002957183
Ôöö   refined_pivot = -0.0003424770800295674
Ôöî Info: Refined dual pivot direction
Ôöé   iteration = 51803
Ôöé   leaving_row = 13178
Ôöé   entering_index = 32914
Ôöé   old_pivot = -0.0003877406992369318
Ôöö   refined_pivot = -0.00038774069929706256
Ôöî Info: Refined dual pivot direction
Ôöé   iteration = 52911
Ôöé   leaving_row = 30546
Ôöé   entering_index = 37500
Ôöé   old_pivot = -0.8800000002815671
Ôöö   refined_pivot = -0.8800000002816
Ôöî Info: Refined dual pivot direction
Ôöé   iteration = 53997
Ôöé   leaving_row = 16222
Ôöé   entering_index = 73235
Ôöé   old_pivot = 0.6888282466378215
Ôöö   refined_pivot = 0.6888282466379244
variant=restored status=OPTIMAL cleanup_iterations=17248 cumulative_iterations=61393 refactorizations=365 elapsed=261.7958515 objective=5.142569176210439e7 message=optimal solution found
variant=projected initial_pinf=(3.4327915816794755e6, 2277) initial_dinf=(1.8282381213057106e6, 1312) exchanges=329 start_pinf=(0.0, 0) start_dinf=(1.7017500166692948e6, 1120) max_structural_diff=9.313225746154785e-9
variant=projected status=OPTIMAL cleanup_iterations=11241 cumulative_iterations=55386 refactorizations=234 elapsed=169.4099135 objective=5.142569176210415e7 message=optimal solution found
comparison=OPTIMAL_BOTH iterations_saved=6007 objective_difference=-2.384185791015625e-7
