Julia=1.13.0 machine=x86_64-w64-mingw32 path=C:\Disk_D\tmp\runtime.mps
OPTIONS iteration_limit=100000 time_limit=6000.0 basis_update=suhl_suhl basis_refactorization=native refactorization_interval=50 verbose=false
REDUCED size=(28453, 31615) nnz=211789 factor=JSimplex.SuhlSuhlFactorization{Float64, JSimplex.UMFPACKBackend} backend=JSimplex.UMFPACKBackend setup_seconds=16.0956672
FIRST_END status=NUMERICAL_ERROR message=dual feasibility lost iteration=22256 refactorizations=446 dinf=(801.7210961960537, 4) elapsed_seconds=199.3025911
BASELINE_CHECK expected_pivots=50 observed_pivots=50 trace_matches=true baseline_matches=true
RECOVERY_START event=1 iteration=22256 refactorizations=446 updates=0 float64_dinf=801.7210961960537 float64_count=4
REFINE event=1 bits=256 step=0 abs_res=4.662615002037817729739850447156247319475982199797614580205618040054105222225189e-10 rel_res=2.348917379595504127487145496157933285228783498185385193859747353749620806700107e-15
REFINE event=1 bits=256 step=1 abs_res=9.887141547051351983491809238401164080732213622899230825254420829996393482730355e-14 rel_res=4.980912771961551215958821255893933556263531580586976013078211604155242738202165e-19
REFINE event=1 bits=256 step=2 abs_res=4.003375954965744282823422830531064741316321834155718636439272523761174517320516e-19 rel_res=2.016808025874728633620741459976494296343175419367306901252469197432256540195473e-24
REFINE event=1 bits=256 step=3 abs_res=1.651424537582474264435903926091329075726033883532741343176479555956979427813247e-24 rel_res=8.319494094456825873683845299269776493025500899334772690076065607560752882247478e-30
REFINE event=1 bits=256 step=4 abs_res=2.54419696693258795007425094192477680313594186962767735139740623511648128583751e-30 rel_res=1.281707468905375577406383050648255448991457736221978855678385552069574257453368e-35
REFINE event=1 bits=256 step=5 abs_res=5.907076854693699545413485762352226191865614250765923770418255544228674003304863e-36 rel_res=2.975848419938626835201011898414126090302238010046488251844596248779065512805064e-41
REFINE_END event=1 bits=256 converged=true corrections=5 final_abs_res=5.907076854693699545413485762352226191865614250765923770418255544228674003304863e-36
WATCH event=1 bits=256 index=19825 state=AT_LOWER stored_rc=-339.1978356350196 refined_rc=10.36883718773507688725464773186144296647991990466088835289162644888651487284741
WATCH event=1 bits=256 index=19826 state=AT_LOWER stored_rc=-339.1978356350196 refined_rc=10.36883718773507688725464773186144296647991990466088835289162644888651487284741
WATCH event=1 bits=256 index=50165 state=AT_UPPER stored_rc=115.87653929289922 refined_rc=-63.61958395344024881618923881750407436129153597472847606976591416521906005072549
WATCH event=1 bits=256 index=57787 state=AT_LOWER stored_rc=-7.448885633115343 refined_rc=18.13807721457919659983260637077021599761068096771709195859705266642738994214913
FEASIBILITY event=1 bits=256 finite=true bad=Int64[] sum=0.0
REFINE event=1 bits=512 step=0 abs_res=4.662615002037817729739850447156247319475982199797614580205618040054105222225189208984375e-10 rel_res=2.34891737959550412748714549615793328522878349818538519385974735374962080670011196557391882202453668417206705872712558228307458119859785380747131227010828227e-15
REFINE event=1 bits=512 step=1 abs_res=9.887141547051351983491809238401164080732213622899230825254420829996393482730354662635363638401031494140625e-14 rel_res=4.98091277196155121595882125589393355626353158058697601307821160415524273820217917370839438177938297941578817428221051361537207021487817733320918319829395512e-19
REFINE event=1 bits=512 step=2 abs_res=4.003375954965744282823422830531064741316321834155718636439272523761174517320515775509193190373480319976806640625e-19 rel_res=2.01680802587472863362074145997649429634317541936730690125246919743225654019548113073415459156195382886877822544414899594550994877907924660967998060347246163e-24
REFINE event=1 bits=512 step=3 abs_res=1.65142453758247426443590392609132907572603388353274134317647955595697942781324726413232084620830164567450992763042449951171875e-24 rel_res=8.31949409445682587368384529926977649302550089933477269007606560756075288224751386299429411234002788175199342927344869417159300841131500208951078024889028131e-30
REFINE event=1 bits=512 step=4 abs_res=2.544196966932587950074250941924776803135941869627677351397406235116481285837509737392015451183112958837007067103286317433230578899383544921875e-30 rel_res=1.28170746890537557740638305064825544899145773622197885567838555206957425745336912315443206293654549020274524537169650152208911223535777150586991900468399525e-35
REFINE event=1 bits=512 step=5 abs_res=5.90707685469369954541348576235222619186561425076592377041825554422867400330486320284578975141563167285983537317953174974188845780531664786394685506820678711e-36 rel_res=2.97584841993862683520101189841412609030223801004648825184459624877906551280506893842029093048226027131139892555069625269240626921306041781238787188934017793e-41
REFINE event=1 bits=512 step=6 abs_res=6.2937830749741505872377972510466523548224512058992579622809223179031605743254109990849531651674119500015892911354320029605237396541639327551820315420627594e-41 rel_res=3.17066205160614478034438448061043575580555254832042608818989387950280143560508731623768968270174349533245637326242992055105543537777546620545164196065639501e-46
REFINE event=1 bits=512 step=7 abs_res=1.2394769906711182902285825566473479918670762813633552689036688445656761059478408656242048487048314752724365824381691383366484460797155844544170655296966288e-46 rel_res=6.24419782401864744520802401808977000645312767482052662599485019394205099252576889456087624830630464294435910894917025692994566493113006747909962956481135931e-52
REFINE event=1 bits=512 step=8 abs_res=4.34926809195927503527110719880805759669782855497493855027287722081060302621898358089636174393476101215314129869399348962224165642872417811546908864624855218e-52 rel_res=2.19106046826905856943544454683379869010210187407623099000180464492698619688932982632567792016581797738121583173310764905282639793623728894957452656988670671e-57
REFINE event=1 bits=512 step=9 abs_res=5.79248107360258295916066451629629550042819060171484335497786104082948179546814269055485150759984694183747714219977436394915458023775656192521321285106772572e-58 rel_res=2.91811772123937739014985974880189694987859486854702110452785293237668260580783286541618240090297276168930622346533261090015832495010020239647674426127316307e-63
REFINE event=1 bits=512 step=10 abs_res=3.11226149698262818299542609011293413515903748138902038995430338927880286071436202599786448181664615001945334456402297918328067179288138108863684840530732476e-63 rel_res=1.56788521396541461823246076364133805099254118361771491311653470413714144028212676676867434015737537638251828368925986334532125189725256200526262017775622746e-68
REFINE event=1 bits=512 step=11 abs_res=1.67741249647266800991337735658359635603598469524696886341067031563272702042495431143685386246423900492990727028025832100437529733909740875800503503136879238e-68 rel_res=8.45041540850636717339681152642276119844439253234998014608916355501851536808085588515535670586397372438550419503261965094337721167756000406339212397922214916e-74
REFINE event=1 bits=512 step=12 abs_res=5.96427238155888253531775633851112275189023314527772641743593982285610847013330282569149175133146661956968407923557340206454470794452346423435527634266359705e-74 rel_res=3.00466220083840789234275055578218229337948859445420444379062359384018432864959817635621377484736392373935282686662029461292893666542300591318414195051490076e-79
REFINE event=1 bits=512 step=13 abs_res=8.39572250467916525168499269053604222767516014381751096686704222356451591102107267929584566400053472880531110694987202501572393823312760377532326731745659507e-80 rel_res=4.22957042279555440174942396420777822218443176708646956206466423286133333465877650094921855408905767912474891691640266144233476689443215972914217696669736745e-85
REFINE event=1 bits=512 step=14 abs_res=2.2077301162536631281623871402337148194901675067602946259758563007683611299370428672191574476176722771341483286441123149529177889149105182003472966385921008e-85 rel_res=1.11220326732062684856851866137619900872591606668795323383165449432538976658412333333482174893302738225477392516115814421681415781582386111973773435317318678e-90
REFINE event=1 bits=512 step=15 abs_res=8.44233502305815791594824777446631835553367648961303501000121126666567549741769286841633889365129842845678956826990879974611388641828015296085761885324426737e-91 rel_res=4.253052729286499518210100971975137326983338492299815938674258132883272707142073467552147479039579658418980562404393978909116228558498670723498771516950682e-96
REFINE_END event=1 bits=512 converged=true corrections=15 final_abs_res=8.44233502305815791594824777446631835553367648961303501000121126666567549741769286841633889365129842845678956826990879974611388641828015296085761885324426737e-91
WATCH event=1 bits=512 index=19825 state=AT_LOWER stored_rc=-339.1978356350196 refined_rc=10.3688371877350768872546478448488814906881033895418907518698381071313954086090455721242412529568404326236473770975544371418421763238499573914589741856853603
WATCH event=1 bits=512 index=19826 state=AT_LOWER stored_rc=-339.1978356350196 refined_rc=10.3688371877350768872546478448488814906881033895418907518698381071313954086090455721242412529568404326236473770975544371418421763238499573914589741856853603
WATCH event=1 bits=512 index=50165 state=AT_UPPER stored_rc=115.87653929289922 refined_rc=-63.6195839534402488161892388755210673021474100253435539010757459563046904754656212889060249774407141643102597629974557677938429736796605653429795407610308671
WATCH event=1 bits=512 index=57787 state=AT_LOWER stored_rc=-7.448885633115343 refined_rc=18.1380772145791965998326063790404706202608068121356410882841031835787175142660150386075090766923328829988678518338495922678836802847340265623430075463192976
FEASIBILITY event=1 bits=512 finite=true bad=Int64[] sum=0.0
RECOVERY_APPLIED event=1 iteration=22256 max_256_512_gap=3.093772411992571281185092592532083318202446140771104610901482632308281428000086e-25 converted_dinf=0.0 applied_dinf=0.0 applied_count=0 seconds=2.5552703
PROGRESS iteration=22300 refactorizations=446 updates=44 elapsed_seconds=203.1574581
PROGRESS iteration=22350 refactorizations=447 updates=44 elapsed_seconds=203.7116581
PROGRESS iteration=22400 refactorizations=448 updates=44 elapsed_seconds=204.2938744
PROGRESS iteration=22450 refactorizations=449 updates=44 elapsed_seconds=204.8400423
PROGRESS iteration=22500 refactorizations=450 updates=44 elapsed_seconds=205.4102256
PROGRESS iteration=22550 refactorizations=451 updates=44 elapsed_seconds=205.9540949
PROGRESS iteration=22600 refactorizations=452 updates=44 elapsed_seconds=206.4765358
PROGRESS iteration=22650 refactorizations=453 updates=44 elapsed_seconds=206.9853974
CONTINUATION_END status=NUMERICAL_ERROR message=dual feasibility lost iteration=22656 refactorizations=454 dinf=(355.1036866971165, 2) elapsed_seconds=207.1288167
RECOVERY_START event=2 iteration=22656 refactorizations=454 updates=0 float64_dinf=355.1036866971165 float64_count=2
REFINE event=2 bits=256 step=0 abs_res=2.5535040748536630417220294475555419921875e-10 rel_res=1.286396174179139235263841339708518851186652923282730682645486823704449248587594e-15
REFINE event=2 bits=256 step=1 abs_res=3.185273778396908897599040231390488175611757414250984921589910145835536359193441e-14 rel_res=1.604667109245845660881388159931345102260797601188064026299500347668059218278819e-19
REFINE event=2 bits=256 step=2 abs_res=8.294921373500342204235777730201285014017850124554640375405701888340988350827087e-20 rel_res=4.178789149024217775722706780737548413367228679162775876735307965798722973623133e-25
REFINE event=2 bits=256 step=3 abs_res=1.419879871790618974715175294790101332549317995503649275229772511945202512206876e-25 rel_res=7.153025729830073505338878860447731423930196238331754909233006249269378136183984e-31
REFINE event=2 bits=256 step=4 abs_res=8.460908511569279241243087466215606684118218740602749791001135335233113429969255e-31 rel_res=4.262409622348530730792671498082860051336077877114858916109504411566425362275572e-36
REFINE event=2 bits=256 step=5 abs_res=1.17511195090954278460083112105467310785535004773108460935580798163465876059118e-36 rel_res=5.919941670619229147544219110170188008132398101404899700891786098282406576896905e-42
REFINE_END event=2 bits=256 converged=true corrections=5 final_abs_res=1.17511195090954278460083112105467310785535004773108460935580798163465876059118e-36
WATCH event=2 bits=256 index=19825 state=AT_LOWER stored_rc=759.77833226861 refined_rc=536.8891095961643277336722310660786418299762121539984268504288171411446391610343
WATCH event=2 bits=256 index=19826 state=AT_LOWER stored_rc=759.77833226861 refined_rc=536.8891095961643277336722310660786418299762121539984268504288171411446391610343
WATCH event=2 bits=256 index=50165 state=AT_UPPER stored_rc=-448.4385927047749 refined_rc=-333.9890342028679866866482570322321174228911491534880854933465947837196433398534
WATCH event=2 bits=256 index=57787 state=AT_LOWER stored_rc=72.97385115239871 refined_rc=56.65920012299786139354490925540055206200204522144584218264726962725693302979301
FEASIBILITY event=2 bits=256 finite=true bad=Int64[] sum=0.0
REFINE event=2 bits=512 step=0 abs_res=2.5535040748536630417220294475555419921875e-10 rel_res=1.28639617417913923526384133970851885118665292328273068264548682370444924858759942261713134352854365669684052966911915371781614432269080756124446657160116633e-15
REFINE event=2 bits=512 step=1 abs_res=3.18527377839690889759904023139048817561175741425098492158991014583553635919344060312141664326190948486328125e-14 rel_res=1.6046671092458456608813881599313451022607976011880640262995003476680592182788158867727792220963630442487720422019877791212117510479221905671125477174509155e-19
REFINE event=2 bits=512 step=2 abs_res=8.29492137350034220423577773020128501401785012455464037540570188834098835082708660484931038005301165742769595182128268551213778891906258650124073028564453125e-20 rel_res=4.17878914902421777572270678073754841336722867916277587673530796579872297362312376522664067092584107409439539996266359457329052209936808637024091273711222254e-25
REFINE event=2 bits=512 step=3 abs_res=1.4198798717906189747151752947901013325493179955036492752297725119452025122068761220361921004951000213623046875e-25 rel_res=7.15302572983007350533887886044773142393019623833175490923300624926937813618399022426878466961863183110692009501182085823336553426488689745840781064505884853e-31
REFINE event=2 bits=512 step=4 abs_res=8.460908511569279241243087466215606684118218740602749791001135335233113429969255191807267468114450845843052366468395319998307968489825725555419921875e-31 rel_res=4.262409622348530730792671498082860051336077877114858916109504411566425362275560811120851044003934624993673197807080919792520121254796793155366273856883089e-36
REFINE event=2 bits=512 step=5 abs_res=1.1751119509095427846008311210546731078553500477310846093558079816346587605911804850848027646140090141334218073396596050336770922228879499016329646110534668e-36 rel_res=5.91994167061922914754421911017018800813239810140489970089178609828240657689690897386260383080730666845519210981720046654816605994219888182914380318131372685e-42
REFINE event=2 bits=512 step=6 abs_res=7.0026152612052120079922015909369209781297383958085619203601614778866190443300845582181479818643351883505351798462560373065592320140915205683995736762881279e-42 rel_res=3.52775527948945195077817530916405063451970854600050740811680715976584935375047192307504903983441648832912001098118516814305549812870750933472589460530946688e-47
REFINE event=2 bits=512 step=7 abs_res=1.26824960465896490724324960710076897624604112421493452846776556134379098524026785898632299374514181777607922566773817365781268465802313918562875452028526624e-47 rel_res=6.38914758509243866446308340721366523655053424203625481779283148753103576268154592039070694700127737086571462555181467380967045683703696509556222839963378162e-53
REFINE event=2 bits=512 step=8 abs_res=2.89405585002643469322375021770524241176413123741358875148752008612430124160354794684947360396795624533701276291648041289260439321690886648581231151140222323e-53 rel_res=1.4579582660537228701931888451858145553436473376842529854825773938318617805445651089699531089052469824777527529565035714300511595536917341443864710506336247e-58
REFINE event=2 bits=512 step=9 abs_res=4.09238680811197900486322254102715354109515218941827475147637754838802634430855583444385957390398104593564832189337744279396362203836443810622412915745105266e-59 rel_res=2.06164963081882864613886223049701745878803899966626359545511471112032240737930054795194843435097061949755223995573397982019876354103378931441580693895325673e-64
REFINE event=2 bits=512 step=10 abs_res=1.51144624146678796922674228037155658938582262901385051982731843744451275854395171898554845852340553478401839875339106330824031291279806674240663152030277134e-64 rel_res=7.61431587929516461819489832023669884644543425288408895385232454847732298870427601128531278038134429399458141834017763309469751487174029301751978704715103255e-70
REFINE event=2 bits=512 step=11 abs_res=3.90667627885446656608689885584134513379096066390448288462094104570795849659634691594103366349772270916934692786090192479262527279022014621005299117234547422e-70 rel_res=1.96809297011315191783944923506516022492035708883453363925813988054219683565970136449668047708298626859090650865882681580906738294057448810339471728424142795e-75
REFINE event=2 bits=512 step=12 abs_res=1.85046687224609138573848781656822646026512731602728862479943428659123291780222534762795355207241895907867554519416227696968414766437992464657785684488784487e-75 rel_res=9.32222324743706761026178751910773182643621360765733473358546830596112055820229578671219738457599837610331129251328853089280954031124483988169422023310753402e-81
REFINE event=2 bits=512 step=13 abs_res=4.69246923362527140593156594205475641623477562153291946430997348022840785829158867895412184170904911626815494234739876494733116080549093157998911455598606623e-81 rel_res=2.36395724958253726292399508888744612202275415489363816409016746901888449713930311277709368555644293342001578018848350017264752390697153916903470360574399814e-86
REFINE event=2 bits=512 step=14 abs_res=7.10889690639148821733860391397640683135199456179807582269652792500415825066971029468871310870819323935981971105332835152381295472202378863680510056017101389e-87 rel_res=3.58129750920409442797396697229636709668054298972813232304747968254193193557521949890390152311696711490747220862091697477969233861499084656455670986588395784e-92
REFINE_END event=2 bits=512 converged=true corrections=14 final_abs_res=7.10889690639148821733860391397640683135199456179807582269652792500415825066971029468871310870819323935981971105332835152381295472202378863680510056017101389e-87
WATCH event=2 bits=512 index=19825 state=AT_LOWER stored_rc=759.77833226861 refined_rc=536.889109596164327733672231039800724579810006154577654570173252640074492667762509095934542282311403942534454430547807184787909855248073162365224476140369431
WATCH event=2 bits=512 index=19826 state=AT_LOWER stored_rc=759.77833226861 refined_rc=536.889109596164327733672231039800724579810006154577654570173252640074492667762509095934542282311403942534454430547807184787909855248073162365224476140369431
WATCH event=2 bits=512 index=50165 state=AT_UPPER stored_rc=-448.4385927047749 refined_rc=-333.989034202867986686648257018738885262814218287286604413676355018641062103101969996334172410039886622154714833161405484865591445849686807116154932284167018
WATCH event=2 bits=512 index=57787 state=AT_LOWER stored_rc=72.97385115239871 refined_rc=56.6592001229978613935449092534771075605431000539508028414188413715367584305992015323254769760703564787264851578308579810383483023332410564129131917100339933
FEASIBILITY event=2 bits=512 finite=true bad=Int64[] sum=0.0
RECOVERY_APPLIED event=2 iteration=22656 max_256_512_gap=7.195303890837660958655282326951836617496273448211241186072227128121527717166139e-26 converted_dinf=0.0 applied_dinf=0.0 applied_count=0 seconds=2.0639575
PROGRESS iteration=22700 refactorizations=454 updates=44 elapsed_seconds=209.6417459
CONTINUATION_END status=NUMERICAL_ERROR message=dual feasibility lost iteration=22706 refactorizations=455 dinf=(355.1038622663624, 2) elapsed_seconds=209.7532603
RECOVERY_START event=3 iteration=22706 refactorizations=455 updates=0 float64_dinf=355.1038622663624 float64_count=2
REFINE event=3 bits=256 step=0 abs_res=2.072702064067759864707068165040238338676960678445392732838215010815474670380354e-10 rel_res=1.044179263971910225670344201320122034441170749420988174837707018979703707148092e-15
REFINE event=3 bits=256 step=1 abs_res=2.74045365427790818060696881459584684702174036336086236112182369403551831027091e-13 rel_res=1.38057703964320951115350855309757251160435400862608331179264295397898347298479e-18
REFINE event=3 bits=256 step=2 abs_res=5.371171797071706460258400672598135726354826922956359977238721995076802587557096e-19 rel_res=2.705871871776004219429822836165455628843382010770270320713322524095948417634496e-24
REFINE event=3 bits=256 step=3 abs_res=1.264048215101830723699747686904143514268684965840808456699259137881263790217756e-24 rel_res=6.367981958196607949278956017643220927083048485538804300458987437620760063185868e-30
REFINE event=3 bits=256 step=4 abs_res=5.047495310909154874990767675793490531545816515955129442629325996726132316605287e-30 rel_res=2.542811159411519244706599626805411645837003510620735239171589426903894789453633e-35
REFINE event=3 bits=256 step=5 abs_res=2.771675793764978502698090157193958969713462028374151816891882217749762878694139e-36 rel_res=1.396306029928120815864490306764640013966232529982096840981165503521377044285271e-41
REFINE_END event=3 bits=256 converged=true corrections=5 final_abs_res=2.771675793764978502698090157193958969713462028374151816891882217749762878694139e-36
WATCH event=3 bits=256 index=19825 state=AT_LOWER stored_rc=759.7784040023887 refined_rc=536.889109613731822945667647131411718495303046046567620773997856533124073011114
WATCH event=3 bits=256 index=19826 state=AT_LOWER stored_rc=759.7784040023887 refined_rc=536.889109613731822945667647131411718495303046046567620773997856533124073011114
WATCH event=3 bits=256 index=50165 state=AT_UPPER stored_rc=-448.43862953876743 refined_rc=-333.9890342118886714339506758605260036801583562463594539626412400645582158745033
WATCH event=3 bits=256 index=57787 state=AT_LOWER stored_rc=72.9738564030238 refined_rc=56.65920012428358241477329903986538292497888295775327716369494208018749966570701
FEASIBILITY event=3 bits=256 finite=true bad=Int64[] sum=0.0
REFINE event=3 bits=512 step=0 abs_res=2.0727020640677598647070681650402383386769606784453927328382150108154746703803539276123046875e-10 rel_res=1.04417926397191022567034420132012203444117074942098817483770701897970370714809619109328750178887996104921577855709166570833058730686449023765805355134805905e-15
REFINE event=3 bits=512 step=1 abs_res=2.740453654277908180606968814595846847021740363360862361121823694035518310270909753261782924871337030481299734674394130706787109375e-13 rel_res=1.38057703964320951115350855309757251160435400862608331179264295397898347298478937389387514316788939778038316479609521124138080353824227022275689506321014903e-18
REFINE event=3 bits=512 step=2 abs_res=5.371171797071706460258400672598135726354826922956359977238721995076802587557095606586067548793295145515003241598606109619140625e-19 rel_res=2.70587187177600421942982283616545562884338201077027032071332252409594841763450999681858846542042179529232479972523114332019042241300567598040320159530125608e-24
REFINE event=3 bits=512 step=3 abs_res=1.264048215101830723699747686904143514268684965840808456699259137881263790217756408118711674586193117152121967450284500955604016780853271484375e-24 rel_res=6.36798195819660794927895601764322092708304848553880430045898743762076006318586473615456545006681435369693045935993456890844518940103242870688251226637097295e-30
REFINE event=3 bits=512 step=4 abs_res=5.047495310909154874990767675793490531545816515955129442629325996726132316605287048609543497066020760569385480119597442438816869980655610561370849609375e-30 rel_res=2.54281115941151924470659962680541164583700351062073523917158942690389478945361868056345562689599127115212171414708314212610856979307496254609472893860114788e-35
REFINE event=3 bits=512 step=5 abs_res=2.77167579376497850269809015719395896971346202837415181689188221774976287869413932010940083533236061693919363157291284468185244005411504986113868653774261475e-36 rel_res=1.39630602992812081586449030676464001396623252998209684098116550352137704428526945162904489623471426594992254458395767925799401288341520842708429844036487431e-41
REFINE event=3 bits=512 step=6 abs_res=6.68144599716332930856428905284187341020778391254194247603347448369312852007035737614548029408958533389139473838512110258242857253091835886588296944399445465e-41 rel_res=3.36595764752323522564133096208288872643885532591195801839632896688606921426431741836039625027636927783915232496594763516572626909122988852925224200699908485e-46
REFINE event=3 bits=512 step=7 abs_res=2.60514626932066563764196702643767586960571454707241756208610055462368876456976978572757927287367086061280339199507432621394889029238262458923848776336761046e-46 rel_res=1.31241231491796863179241082034472483635797082938704716696245179537622058393563000724870099198919328576003993871718716976985955124118889468169044297447830349e-51
REFINE event=3 bits=512 step=8 abs_res=6.07498998636848580283182116972098946592342764634825136667962827799173885422731927744631336295210001846660743631429688928383458242234537339206605058670742044e-53 rel_res=3.06043916420570298467777249031976468367112652843350965435950312086310109737228125115848044569123078979269422003649069178873254295199153552112997422915891292e-58
REFINE event=3 bits=512 step=9 abs_res=5.81578748716740666872057543902164939123819411195782503305746117165046680342219453691328829304967105666369364113186030659268614209319744353365067819660402799e-58 rel_res=2.92985895225556215582267325948341902590733474490151655099638486927482949008273326251668175744462157859266444104013427528242119710571797025266676685333943423e-63
REFINE event=3 bits=512 step=10 abs_res=1.26178007183994812539533686914480250795579062501275582433784151677515605053051517263470683428153731667547281174403641302778236900065806791652857350842081883e-63 rel_res=6.35655557809677130376207251948070622190031054068020579575553641335247465129859563697139704715996057131023302863001306223577557952100883905402218072230338588e-69
REFINE event=3 bits=512 step=11 abs_res=8.60115131868591555133000690168037686696614749132050713078314033069145642982117546197542944671224527857432273518101444194371965340070879851445350709724131839e-70 rel_res=4.33306069837680093193909500851984258601703600705083909068781871193562904195848415352134085832474360058579372253182130936620178029172577339714881267736352406e-75
REFINE event=3 bits=512 step=12 abs_res=3.70917677275165876337649617581023360966598683260149828867975649579124229235621025269682427007074297583752416429963496073905315240175039308031792148415541533e-74 rel_res=1.86859729608824110470480635218946150993698246004553446901832659470123721947464931262423234959549790575398182476413897896301057208912577555971881150470628474e-79
REFINE event=3 bits=512 step=13 abs_res=3.29803199492675764127044928339774923319585343375717851972601258054942631893689547968217625368986289198767268206177753838259851323481479982305099421854445249e-80 rel_res=1.66147208550560474067740709810094317779221682297593164061253311240979903004721994447351957278201375316203074437938685864913273331185729372174564521318464325e-85
REFINE event=3 bits=512 step=14 abs_res=8.99611367060017155505881547702977724822502769351628049692903640622965872446449260878241365835710552855043897933930373460042430203149439816282388116362987265e-87 rel_res=4.53203357782145615101914964380103914195081221011502946887578091439542179536373677417402316250880726163396635398909748358845334909766905853896219288632449204e-92
REFINE_END event=3 bits=512 converged=true corrections=14 final_abs_res=8.99611367060017155505881547702977724822502769351628049692903640622965872446449260878241365835710552855043897933930373460042430203149439816282388116362987265e-87
WATCH event=3 bits=512 index=19825 state=AT_LOWER stored_rc=759.7784040023887 refined_rc=536.889109613731822945667647105133847239934386816277637706432121958904148361059376944665922592843654163737121541359232081071364988116225758535270886924692756
WATCH event=3 bits=512 index=19826 state=AT_LOWER stored_rc=759.7784040023887 refined_rc=536.889109613731822945667647105133847239934386816277637706432121958904148361059376944665922592843654163737121541359232081071364988116225758535270886924692756
WATCH event=3 bits=512 index=50165 state=AT_UPPER stored_rc=-448.43862953876743 refined_rc=-333.989034211888671433950675847032795136414520055926472007958939050278025439179706879324401498122061896233304163832164048431966112076005083647914869114524392
WATCH event=3 bits=512 index=57787 state=AT_LOWER stored_rc=72.9738564030238 refined_rc=56.6592001242835824147732990379419417900852836781355026332058793942598136063634483348535468079649257592357350558761038712387731386388882119249292725875273205
FEASIBILITY event=3 bits=512 finite=true bad=Int64[] sum=0.0
RECOVERY_APPLIED event=3 iteration=22706 max_256_512_gap=7.195291297132981357159678586670707605155527537709898534580299433043253216538838e-26 converted_dinf=0.0 applied_dinf=0.0 applied_count=0 seconds=2.1521707
PROGRESS iteration=22750 refactorizations=455 updates=44 elapsed_seconds=212.267598
CONTINUATION_END status=NUMERICAL_ERROR message=dual feasibility lost iteration=22756 refactorizations=456 dinf=(342.2117731477336, 2) elapsed_seconds=212.3784929
RECOVERY_START event=4 iteration=22756 refactorizations=456 updates=0 float64_dinf=342.2117731477336 float64_count=2
REFINE event=4 bits=256 step=0 abs_res=4.811369773414091223463600764304112911396318613270120145202022460262369918382319e-10 rel_res=2.423856585948757011253755033642065718870583267784339016728976507554668250963546e-15
REFINE event=4 bits=256 step=1 abs_res=3.369459766829017976200015873695928046467835989817211449225794874332400662231239e-14 rel_res=1.697455741615679149712134340656330300328202686629161033802161935715183353498406e-19
REFINE event=4 bits=256 step=2 abs_res=1.054819550214230287445100371330741882430505654395006388368364578132982897521232e-19 rel_res=5.313936434280837476707523593219274892202698140608876706602527000762712116602006e-25
REFINE event=4 bits=256 step=3 abs_res=1.561504247198761202169492924653139979473603711306427535213096816741566025266152e-25 rel_res=7.866496510980031319852156967263885173605681373253660853519762413439874772177837e-31
REFINE event=4 bits=256 step=4 abs_res=8.570328135176625087903962751759454604166326163428232345527364508544207006370029e-31 rel_res=4.317532692867491099244758135248462279142391590369751449767849605353538549313034e-36
REFINE event=4 bits=256 step=5 abs_res=5.833696550516415638236327506623879288111722202380006239911950602398998268950716e-36 rel_res=2.938881123319306104639324770018325491443525686841163551121077238694419243711833e-41
REFINE_END event=4 bits=256 converged=true corrections=5 final_abs_res=5.833696550516415638236327506623879288111722202380006239911950602398998268950716e-36
WATCH event=4 bits=256 index=19825 state=AT_LOWER stored_rc=754.5127969460232 refined_rc=531.6235102034125537384655364478942930238174504353598791364458806094749615867349
WATCH event=4 bits=256 index=19826 state=AT_LOWER stored_rc=754.5127969460232 refined_rc=531.6235102034125537384655364478942930238174504353598791364458806094749615867349
WATCH event=4 bits=256 index=50165 state=AT_UPPER stored_rc=-445.73500863482286 refined_rc=-331.2854172340544489679669829712537166716736790758421311210523390783053612944576
WATCH event=4 bits=256 index=57787 state=AT_LOWER stored_rc=72.58815251658015 refined_rc=56.27349679749590911194954456508697563568635079765847389264794940020340133685624
FEASIBILITY event=4 bits=256 finite=true bad=Int64[] sum=0.0
REFINE event=4 bits=512 step=0 abs_res=4.8113697734140912234636007643041129113963186132701201452020224602623699183823191560804843902587890625e-10 rel_res=2.42385658594875701125375503364206571887058326778433901672897650755466825096354062846208068938724727407573285003530920157709100698459199365983490609883776733e-15
REFINE event=4 bits=512 step=1 abs_res=3.36945976682901797620001587369592804646783598981721144922579487433240066223123890313670541758576948421222141405451111495494842529296875e-14 rel_res=1.69745574161567914971213434065633030032820268662916103380216193571518335349841287822965085517689202316201811509224938105074135843563062714811799921512958236e-19
REFINE event=4 bits=512 step=2 abs_res=1.05481955021423028744510037133074188243050565439500638836836457813298289752123164408383060308693757178843952715396881103515625e-19 rel_res=5.31393643428083747670752359321927489220269814060887670660252700076271211660203232843433523775545263113703213167449808227285199678863398091688041775814945993e-25
REFINE event=4 bits=512 step=3 abs_res=1.5615042471987612021694929246531399794736037113064275352130968167415660252661524509676382876932621002197265625e-25 rel_res=7.86649651098003131985215696726388517360568137325366085351976241343987477217785609394408105082567498226101101882761891348107577482537200951667178497947800471e-31
REFINE event=4 bits=512 step=4 abs_res=8.57032813517662508790396275175945460416632616342823234552736450854420700637002934751951244152223807759582996368408203125e-31 rel_res=4.31753269286749109924475813524846227914239159036975144976784960535353854931301804249236048914972690100097150477557486214780325089637288075723817307428876294e-36
REFINE event=4 bits=512 step=5 abs_res=5.83369655051641563823632750662387928811172220238000623991195060239899826895071617023467855177682969327200015099189696799082682776571573413093574345111846924e-36 rel_res=2.93888112331930610463932477001832549144352568684116355112107723869441924371181292642529647176468057438879065344798651824330732000171481309735840240700905468e-41
REFINE event=4 bits=512 step=6 abs_res=1.77059648151327823425014342934844810516951261300458832149943725517837413943675126911864427310714091297268438575568746366584224603238457095531754870165741522e-41 rel_res=8.9198547292870742386910865196872787616677750744241986230646821678544075215565672268665865377124138479395763920831368889745281627557614164460252518785632633e-47
REFINE event=4 bits=512 step=7 abs_res=1.49511720107476610366200228231210920320188306206903455969780735170257394085103403439521777506278876507824260113741502093223645353248230094322934746742248535e-47 rel_res=7.53205395813681535757081037285699013888231475984441523762328377130287331029125644361741210138088292295577587877458196736962646610677525076173887059426649111e-53
REFINE event=4 bits=512 step=8 abs_res=2.70297726293509584855755189838599176222439145207681079845937496466921596268078202695842607491666587130125851747785431970834510741504700246231879674240581327e-53 rel_res=1.36169730221878546680113589211056398691120365100861866800590264003215100381367455583147589463949561026113577799146681914727257433003480009185299203529227403e-58
REFINE event=4 bits=512 step=9 abs_res=1.17330074116844094043729556792274056780696605606838669226757065877322786957329910580490732314277522183239000319682199371977428462530029525905137068471355915e-58 rel_res=5.91081721570046060748572918670961682870683591267922320150148286819713757287629907119743357345474472669095865610775797119958076712798763755901906802477604758e-64
REFINE event=4 bits=512 step=10 abs_res=1.81956874729106175203522856893051261121500108056786203897289609464455647528707117149863999550400983171591030308611058084694785997230977773671584231837131841e-64 rel_res=9.16656565470838964567579657592886487962524732827098887076386498991825574689514523846403955673435403728612757377528606278743725198871014847621297546667217317e-70
REFINE event=4 bits=512 step=11 abs_res=5.71894171393527691705254068562335718327541314286144198766162006263551073061033082248465748112676633653249213706521703707823917002506972260315226914127770307e-70 rel_res=2.88107029615037392043457334872275764543902874292469599025998253648820780707189841377883285735432096998957946099656022588531492257980133365910675796412498594e-75
REFINE event=4 bits=512 step=12 abs_res=2.90569093845671666777378254755258843994963143526186860275298853343303405958636078530694592592353926150351760946748144785009586490491580883683424731240968454e-75 rel_res=1.46381975395591407815378104659195639722085033655257983422517987336078715985897364104266442771227016054535238024196534896778930330774830211897239705141826446e-80
REFINE event=4 bits=512 step=13 abs_res=3.86553876903859025810279422127368834698837345704785948898834744601280691887290433484363434915112886229598256206988011877116240663645030358237965742344128864e-81 rel_res=1.94736884605024719176204382596465750758553969513503063727278551081882780886818179370155257657739478978525368887207808943296579830145180570172928702085926848e-86
REFINE event=4 bits=512 step=14 abs_res=2.97457106722292406516424184592440777005055452469125242175198480264181044612492973704837358616074475731163950587815102256829756212812664162605637613236019052e-86 rel_res=1.49851996649694696984418948222328038842696754221335288606374052947716958715084119206605927880870820726000171934257814901573127278059762080868574473758314318e-91
REFINE_END event=4 bits=512 converged=true corrections=14 final_abs_res=2.97457106722292406516424184592440777005055452469125242175198480264181044612492973704837358616074475731163950587815102256829756212812664162605637613236019052e-86
WATCH event=4 bits=512 index=19825 state=AT_LOWER stored_rc=754.5127969460232 refined_rc=531.623510203412553738465536421616411691344072457249205625202956890455542769809504934303882628738837081765656480966282553081497705903128890084319355817036659
WATCH event=4 bits=512 index=19826 state=AT_LOWER stored_rc=754.5127969460232 refined_rc=531.623510203412553738465536421616411691344072457249205625202956890455542769809504934303882628738837081765656480966282553081497705903128890084319355817036659
WATCH event=4 bits=512 index=50165 state=AT_UPPER stored_rc=-445.73500863482286 refined_rc=-331.285417234054448967966982957760502953614712393701886087239444944346075482101986393486537823705947493282631439345258118720870351139622637687226803644751069
WATCH event=4 bits=512 index=57787 state=AT_LOWER stored_rc=72.58815251658015 refined_rc=56.2734967974959091119495445631635337634782039423525636774213592310048439041752310501121391103588730191038067590239442003839490604511447564027443007757670084
FEASIBILITY event=4 bits=512 finite=true bad=Int64[] sum=0.0
RECOVERY_APPLIED event=4 iteration=22756 max_256_512_gap=7.19529405684889910540199159547412047669462059036778782613951601182267960413114e-26 converted_dinf=0.0 applied_dinf=0.0 applied_count=0 seconds=2.2848485
PROGRESS iteration=22800 refactorizations=456 updates=44 elapsed_seconds=215.0778065
PROGRESS iteration=22850 refactorizations=457 updates=44 elapsed_seconds=215.6746985
PROGRESS iteration=22900 refactorizations=458 updates=44 elapsed_seconds=216.2131096
CONTINUATION_END status=NUMERICAL_ERROR message=dual feasibility lost iteration=22906 refactorizations=459 dinf=(201.1535347607893, 2) elapsed_seconds=216.4160944
RECOVERY_START event=5 iteration=22906 refactorizations=459 updates=0 float64_dinf=201.1535347607893 float64_count=2
REFINE event=5 bits=256 step=0 abs_res=1.099043160709537774994469846703138588219240082132654610577726650433305621845648e-9 rel_res=5.536724734913614798307250313117181235934920396213563255555354124870301206724514e-15
REFINE event=5 bits=256 step=1 abs_res=2.322183959963192278404174843247844324198753949598049926179787200360573807815702e-14 rel_res=1.169862461256502244148208408364084999002086694144340322418132258136483100429592e-19
REFINE event=5 bits=256 step=2 abs_res=4.212349360258688446384066956369610240180667406520622006991551311561039483422064e-21 rel_res=2.12208398439828643164964683694513352850893429934654057678354922692097615717776e-26
REFINE event=5 bits=256 step=3 abs_res=4.797796872438604055974487894919849270804169498462177044406636709616474178834167e-28 rel_res=2.417018872996064891794252136759987571922516607444965034017682148778595067611349e-33
REFINE event=5 bits=256 step=4 abs_res=2.532584044294768030182350763441150171487110129951722592645563384380676779213024e-35 rel_res=1.275857147615723442837958427293402735199577792619928710540663391017739236246205e-40
REFINE event=5 bits=256 step=5 abs_res=2.346215177591110322032393685373237235847890696789496974329924370464835251930368e-42 rel_res=1.181968831761977811205130927628436468160187745406628243258851175102009456860022e-47
REFINE_END event=5 bits=256 converged=true corrections=5 final_abs_res=2.346215177591110322032393685373237235847890696789496974329924370464835251930368e-42
WATCH event=5 bits=256 index=19825 state=AT_LOWER stored_rc=696.8794898057322 refined_rc=531.6235102034125537384655364216164145834351667765234381427645169749838548695058
WATCH event=5 bits=256 index=19826 state=AT_LOWER stored_rc=696.8794898057322 refined_rc=531.6235102034125537384655364216164145834351667765234381427645169749838548695058
WATCH event=5 bits=256 index=50165 state=AT_UPPER stored_rc=-416.141354540093 refined_rc=-331.2854172340544489679669829577605044386508426102001259753586886146601915800229
WATCH event=5 bits=256 index=57787 state=AT_LOWER stored_rc=68.3696116540475 refined_rc=56.27349679749590911194954456316353397516837148526440959424235253543186674281952
FEASIBILITY event=5 bits=256 finite=true bad=Int64[] sum=0.0
REFINE event=5 bits=512 step=0 abs_res=1.09904316070953777499446984670313858821924008213265461057772665043330562184564769268035888671875e-9 rel_res=5.53672473491361479830725031311718123593492039621356325555535412487030120672448884011263855389785613769246346400585089124550866882350350427783102162475429134e-15
REFINE event=5 bits=512 step=1 abs_res=2.32218395996319227840417484324784432419875394959804992617978720036057380781570156235894903588683202411147021848591975867748260498046875e-14 rel_res=1.16986246125650224414820840836408499900208669414434032241813225813648310042959806980823287751153989457756758920849363619380161537127236805904071855142062939e-19
REFINE event=5 bits=512 step=2 abs_res=4.212349360258688446384066956369610240180667406520622006991551311561039483422064222395420074462890625e-21 rel_res=2.12208398439828643164964683694513352850893429934654057678354922692097615717777009895717809671556186406303938240564713535088186357894011913896414052247721554e-26
REFINE event=5 bits=512 step=3 abs_res=4.797796872438604055974487894919849270804169498462177044406636709616474178834166774976210945169441401958465576171875e-28 rel_res=2.41701887299606489179425213675998757192251660744496503401768214877859506761135345127776316298423512582068961395416713651043485379390137601631951071760245104e-33
REFINE event=5 bits=512 step=4 abs_res=2.53258404429476803018235076344115017148711012995172259264556338438067677921302362482086265559055870966176371439360082149505615234375e-35 rel_res=1.27585714761572344283795842729340273519957779261992871054066339101773923624620988319494392633660210934692513122081845901721790619617213259882911884810721011e-40
REFINE event=5 bits=512 step=5 abs_res=2.34621517759111032203239368537323723584789069678949697432992437046483525193036751161771670867986331566134271253698528880704543553292751312255859375e-42 rel_res=1.18196883176197781120513092762843646816018774540662824325885117510200945686003014375956273825852300070090087808351933347549197777027014172038618867055255647e-47
REFINE event=5 bits=512 step=6 abs_res=2.31150618480319345998637434863543268494288239894828807772841921212858851952248589896173506744260936876359974483441955722350118115956151674124565404080411945e-49 rel_res=1.16448324559366657610969889156823939587036761271991345305122242007098817840583231555042924788109476804692186626120421367708359402300533959744180122422460925e-54
REFINE event=5 bits=512 step=7 abs_res=4.0359127209326980010429273168552111420131193589384092026479839081442719395561469941866415617117320582792054337841749243259245372151464353063974940518176014e-56 rel_res=2.03319929451308000704503363142668846537349907840992612152534435999906586145929290433598690199795332340144767481320175494056676653455350330002418972998198323e-61
REFINE event=5 bits=512 step=8 abs_res=7.21746951536904081296639840666971765591083256290692906783945177444874748723544064585110468082692221899686405044751239679850874085430508281113937028451480233e-63 rel_res=3.63599387338255199499584158523494697813457758487685398996803842221334214818423003583061736903657735945944518332522536755453050774662267316198838147838122483e-68
REFINE event=5 bits=512 step=9 abs_res=9.70274912619160289838662720677254250975803368722853639695831498010675887831012931144967339581640559619198222317535093033017266771032266094230418142070423031e-70 rel_res=4.88802014371884729327013160391379982022537224926201170090110459626279808820660585422417054417159846139860639887716745470122301908862781165821166601780830763e-75
REFINE event=5 bits=512 step=10 abs_res=1.31089340952344682762549871343783168237475278690595662691005796721020549064577548641410592884964429620960672384794643883394251819773740025077592649305691528e-76 rel_res=6.6039771910849611575903430457800762799142601354195297334648068784505971330475997193040020758545918389449692478338630399777432022294174120771108967152436029e-82
REFINE event=5 bits=512 step=11 abs_res=8.79418558031584362452541029147522889202034110308190471127799446207724477492521239625624681548938878990059990867684475873848149142623141090141997490978887489e-84 rel_res=4.43030688572054550713499624053032613993681093571024725747769632916883503992497086613532203842294621443533512289381517327974023147665250084400500926059335859e-89
REFINE event=5 bits=512 step=12 abs_res=9.8880723060788882599797774181044286182528269437221001131574559450177114919848012817904456083517001797725324552724580834224103145437026959439580005616935008e-91 rel_res=4.98138166678881871457188330427585229148104045013451491619973721426297185590964642697909079573186225227729923897458403482787444333278546925965463201213285387e-96
REFINE_END event=5 bits=512 converged=true corrections=12 final_abs_res=9.8880723060788882599797774181044286182528269437221001131574559450177114919848012817904456083517001797725324552724580834224103145437026959439580005616935008e-91
WATCH event=5 bits=512 index=19825 state=AT_LOWER stored_rc=696.8794898057322 refined_rc=531.62351020341255373846553642161641169134407245724920562520295689045554276980936423532688578548335873481309331385406986067148447986820803286108495254726801
WATCH event=5 bits=512 index=19826 state=AT_LOWER stored_rc=696.8794898057322 refined_rc=531.62351020341255373846553642161641169134407245724920562520295689045554276980936423532688578548335873481309331385406986067148447986820803286108495254726801
WATCH event=5 bits=512 index=50165 state=AT_UPPER stored_rc=-416.141354540093 refined_rc=-331.285417234054448967966982957760502953614712393701886087239444944346075482101914147123054280302573029749438669395175336798227602230258164887159496786996677
WATCH event=5 bits=512 index=57787 state=AT_LOWER stored_rc=68.3696116540475 refined_rc=56.2734967974959091119495445631635337634782039423525636774213592310048439041752207514773176496136236864713012132257029112152968671643746984699002128639331174
FEASIBILITY event=5 bits=512 finite=true bad=Int64[] sum=0.0
RECOVERY_APPLIED event=5 iteration=22906 max_256_512_gap=7.918996825060033142314802515029190729421035171022577220164721389462795201175444e-33 converted_dinf=0.0 applied_dinf=0.0 applied_count=0 seconds=2.4512027
PROGRESS iteration=22950 refactorizations=459 updates=44 elapsed_seconds=219.324753
PROGRESS iteration=23000 refactorizations=460 updates=44 elapsed_seconds=220.6249902
CONTINUATION_END status=TIME_LIMIT message=time limit reached iteration=23000 refactorizations=460 dinf=(0.0, 0) elapsed_seconds=220.6358825
EXPERIMENT_END status=TARGET_REACHED reason=experiment iteration cap reached iteration=23000 refactorizations=460 refinement_attempts=5 refinements_applied=5 solver_status=TIME_LIMIT solver_message=time limit reached elapsed_seconds=220.6372591
