steps=21 final_dims=(28453, 31615)
final reduced mismatch=(0, 0.0, (0, 0.0)) basis_metrics=((0.0, 0), (0.0, 0))
undo 21 SparseEqualityStep dims=(28453, 31616) mismatch=(0, 0.0, (0, 0.0)) basis_metrics=((0.0, 0), (0.0, 0))
undo 20 PresolveMap dims=(28453, 31649) mismatch=(0, 0.0, (0, 0.0)) basis_metrics=((0.0, 0), (0.0, 0))
undo 19 BoundPropagationStep dims=(28457, 31649) mismatch=(0, 0.0, (0, 0.0)) basis_metrics=((0.0, 0), (0.0, 0))
undo 18 PresolveMap dims=(28460, 31649) mismatch=(0, 0.0, (0, 0.0)) basis_metrics=((0.0, 0), (0.0, 0))
undo 17 SparseEqualityStep dims=(28477, 31692) mismatch=(0, 0.0, (0, 0.0)) basis_metrics=((0.0, 0), (0.0, 0))
undo 16 SingletonRowStep dims=(28539, 31692) mismatch=(0, 0.0, (0, 0.0)) basis_metrics=((0.0, 0), (0.0, 0))
undo 15 PresolveMap dims=(28583, 31790) mismatch=(0, 0.0, (0, 0.0)) basis_metrics=((0.0, 0), (0.0, 0))
undo 14 PresolveMap dims=(28584, 32649) mismatch=(0, 0.0, (0, 0.0)) basis_metrics=((0.0, 0), (0.0, 0))
undo 13 BoundPropagationStep dims=(28721, 32649) mismatch=(13, 203.094409121, (27396, 75.6)) basis_metrics=((455.54994161085193, 50), (18929.080294491887, 37))
undo 12 PresolveMap dims=(28735, 32649) mismatch=(13, 203.094409121, (27396, 75.6)) basis_metrics=((455.54994161085193, 50), (18929.080294491887, 37))
undo 11 SparseEqualityStep dims=(28984, 33388) mismatch=(13, 203.094409121, (27989, 75.6)) basis_metrics=((455.5499416109661, 50), (18929.08029449202, 37))
undo 10 SingletonEqualityStep dims=(28984, 33504) mismatch=(13, 203.094409121, (28067, 75.6)) basis_metrics=((455.5499416109661, 50), (18929.080294491647, 37))
undo 9 SingletonRowStep dims=(30321, 33504) mismatch=(13, 203.094409121, (28067, 75.6)) basis_metrics=((556.768370137189, 52), (21126.797673799974, 46))
undo 8 PresolveMap dims=(31395, 36657) mismatch=(13, 203.094409121, (30998, 75.6)) basis_metrics=((556.768370137189, 52), (21126.797673799974, 46))
undo 7 PresolveMap dims=(31395, 38734) mismatch=(13, 203.094409121, (33075, 75.6)) basis_metrics=((556.768370137189, 52), (21126.797673799974, 46))
undo 6 BoundPropagationStep dims=(37853, 38734) mismatch=(329, 123488.03004020022, (2868, 12755.892721)) basis_metrics=((3.414159946614257e6, 2150), (1.0032532735425872e6, 936))
undo 5 PresolveMap dims=(38150, 38734) mismatch=(329, 123488.03004020022, (2868, 12755.892721)) basis_metrics=((3.415110138195353e6, 2159), (1.0032532735425872e6, 936))
undo 4 SparseEqualityStep dims=(39892, 41483) mismatch=(329, 123488.03004020022, (2868, 12755.892721)) basis_metrics=((3.430882856850859e6, 2261), (1.0032532735425888e6, 936))
undo 3 SingletonEqualityStep dims=(39892, 46922) mismatch=(329, 123488.03004020022, (2868, 12755.892721)) basis_metrics=((3.430882856850859e6, 2261), (1.0032532735425882e6, 936))
undo 2 SingletonRowStep dims=(43021, 46922) mismatch=(329, 123488.03004020022, (2868, 12755.892721)) basis_metrics=((3.43279158167948e6, 2277), (1.828238121305713e6, 1312))
undo 1 PresolveMap dims=(43021, 47148) mismatch=(329, 123488.03004020022, (3083, 12755.892721)) basis_metrics=((3.43279158167948e6, 2277), (1.828238121305713e6, 1312))
counterfactual reassigned_nonbasic=329 basis_metrics=((0.0, 0), (1.828238121305713e6, 1312)) max_structural_difference=1.3969838619232178e-8
