TRACE event=phase_dual iter=0 offset=0 algorithm=dual pinf=(607635.5626467778, 2571) dinf=(435433.7404844512, 556) original_bounds=true original_costs=true working_objective=1.2522206406563444e6 perturbed=false refs=0
TRACE event=phase_auxiliary iter=0 offset=0 algorithm=dual pinf=(1549.1437325054662, 475) dinf=(0.0, 0) original_bounds=false original_costs=true working_objective=-157678.3740633539 perturbed=false refs=0
TRACE event=phase_dual iter=257 offset=0 algorithm=dual pinf=(382471.7804817253, 2987) dinf=(0.0, 0) original_bounds=true original_costs=false working_objective=-8.038424901402081e6 perturbed=true refs=4
[ Info: Loaded problem: rows=43021 columns=47148 nnz=277210
[ Info: Starting presolve
[ Info: After presolve: rows=28453 columns=31615 nnz=211789
[ Info: iter=80 obj=-77795.8076828801 pinf=246.1482611475381 (370) dinf=0.0 (0) time=2.158605602s
[ Info: iter=160 obj=-12567.365623658372 pinf=125.28552036200347 (292) dinf=0.0 (0) time=2.227586402s
[ Info: iter=240 obj=-817.3518407489905 pinf=22.679308522596607 (156) dinf=0.0 (0) time=2.304908702s
[ Info: iter=257 obj=-7.509524188788394e6 pinf=383149.01107378054 (3089) dinf=36998.32632978309 (226) time=2.323897802s
[ Info: iter=337 obj=-7.808027941838834e6 pinf=109599.0643979763 (3016) dinf=0.0 (0) time=2.397555002s
[ Info: iter=417 obj=-2.2853844035067055e6 pinf=60074.314304500804 (2933) dinf=0.0 (0) time=2.469072102s
[ Info: iter=497 obj=-530621.0877673206 pinf=52483.09157571571 (2942) dinf=0.0 (0) time=2.580425702s
[ Info: iter=577 obj=164468.49993766547 pinf=154962.48663255924 (2954) dinf=0.0 (0) time=2.652208502s
[ Info: iter=657 obj=572469.2623993608 pinf=57463.69965219659 (3022) dinf=0.0 (0) time=2.722998302s
[ Info: iter=737 obj=1.0840974447844254e6 pinf=51504.2793924886 (3219) dinf=0.0 (0) time=2.797276002s
[ Info: iter=817 obj=2.296405552320788e6 pinf=61437.29070671912 (3276) dinf=0.0 (0) time=2.874113802s
[ Info: iter=897 obj=2.7486364617740717e6 pinf=69149.5132499751 (3340) dinf=0.0 (0) time=2.950985802s
[ Info: iter=977 obj=3.3046015557956593e6 pinf=9.553187798928149e6 (3405) dinf=0.0 (0) time=3.135279002s
[ Info: iter=1057 obj=4.0584948016117634e6 pinf=1.5270789678111611e7 (3534) dinf=0.0 (0) time=3.212031702s
[ Info: iter=1137 obj=4.352287139430317e6 pinf=1.414985732165626e6 (3568) dinf=0.0 (0) time=3.628112303s
[ Info: iter=1217 obj=4.803997658701513e6 pinf=1.1794754350596045e6 (3608) dinf=0.0 (0) time=3.709679903s
[ Info: iter=1297 obj=5.32078193638242e6 pinf=1.067258210749358e6 (3643) dinf=0.0 (0) time=3.803726103s
[ Info: iter=1377 obj=5.588987277438116e6 pinf=1.06360506732485e6 (3712) dinf=0.0 (0) time=3.889041203s
[ Info: iter=1457 obj=5.729141972478317e6 pinf=1.06713476242058e6 (3765) dinf=0.0 (0) time=3.968984903s
[ Info: iter=1537 obj=6.062853828811555e6 pinf=1.0738556855055685e6 (3797) dinf=0.0 (0) time=4.046945303s
[ Info: iter=1617 obj=6.148377464798717e6 pinf=1.2325769877168552e6 (3816) dinf=0.0 (0) time=4.126689603s
[ Info: iter=1697 obj=6.1590093896706775e6 pinf=1.283413520645043e6 (3838) dinf=0.0 (0) time=4.205247803s
[ Info: iter=1777 obj=6.172592038252998e6 pinf=1.0930583451452053e6 (3868) dinf=0.0 (0) time=4.286147103s
[ Info: iter=1857 obj=6.553271396238214e6 pinf=1.1195637939412761e6 (3911) dinf=0.0 (0) time=4.371661403s
[ Info: iter=1937 obj=6.654790444489741e6 pinf=1.0910507336906786e6 (3919) dinf=0.0 (0) time=4.458997103s
[ Info: iter=2017 obj=6.708151223194777e6 pinf=1.1568096644484375e6 (3949) dinf=0.0 (0) time=4.546586103s
[ Info: iter=2097 obj=6.866378682402622e6 pinf=1.069644447054109e6 (3974) dinf=0.0 (0) time=4.631894903s
[ Info: iter=2177 obj=6.956764988882555e6 pinf=1.0612897112459554e6 (3993) dinf=0.0 (0) time=4.718340403s
[ Info: iter=2257 obj=6.956764988882555e6 pinf=1.0704824041395655e6 (4027) dinf=0.0 (0) time=4.806899403s
[ Info: iter=2337 obj=6.969686682848172e6 pinf=2.1513744387985766e6 (4071) dinf=0.0 (0) time=4.899290304s
[ Info: iter=2417 obj=7.0936539459260255e6 pinf=1.0647936169037253e6 (4070) dinf=0.0 (0) time=4.988328004s
[ Info: iter=2497 obj=7.499428897118868e6 pinf=1.2845319402953505e6 (4051) dinf=0.0 (0) time=5.076293804s
[ Info: iter=2577 obj=7.640796949925192e6 pinf=1.285236573698607e6 (4056) dinf=0.0 (0) time=5.170107204s
[ Info: iter=2657 obj=7.892751331440604e6 pinf=1.3181511485712398e6 (4092) dinf=0.0 (0) time=5.265511404s
[ Info: iter=2737 obj=8.070700459998213e6 pinf=1.3038095523080956e6 (4103) dinf=0.0 (0) time=5.358186904s
[ Info: iter=2817 obj=8.58149429942253e6 pinf=1.7827930117458084e6 (4112) dinf=0.0 (0) time=5.453063504s
[ Info: iter=2897 obj=1.02864122001692e7 pinf=631787.3556434492 (4143) dinf=0.0 (0) time=5.552101904s
[ Info: iter=2977 obj=1.4524882184864916e7 pinf=654078.9043412026 (4143) dinf=0.0 (0) time=5.646368904s
[ Info: iter=3057 obj=1.4811859822208028e7 pinf=144170.22960809554 (4175) dinf=0.0 (0) time=5.743761204s
[ Info: iter=3137 obj=1.4813010400770778e7 pinf=144762.5651162201 (4212) dinf=0.0 (0) time=5.841234404s
[ Info: iter=3217 obj=1.491306093486185e7 pinf=143881.7513836103 (4265) dinf=0.0 (0) time=5.937859804s
[ Info: iter=3297 obj=1.4970113258760711e7 pinf=149061.5964631343 (4288) dinf=0.0 (0) time=6.031128304s
[ Info: iter=3377 obj=1.5016559594091855e7 pinf=203642.0332927826 (4302) dinf=0.0 (0) time=6.130265705s
[ Info: iter=3457 obj=1.5016559594091855e7 pinf=193982.87885408362 (4305) dinf=0.0 (0) time=6.224689806s
[ Info: iter=3537 obj=1.5091946013645181e7 pinf=155589.80625617874 (4311) dinf=0.0 (0) time=6.322479607s
[ Info: iter=3617 obj=1.531263381294198e7 pinf=131989.20699180447 (4281) dinf=0.0 (0) time=6.424690608s
[ Info: iter=3697 obj=1.540866567559513e7 pinf=137021.83230369457 (4305) dinf=0.0 (0) time=6.521578909s
[ Info: iter=3777 obj=1.5864059131734993e7 pinf=185666.34696393824 (4364) dinf=0.0 (0) time=6.62005311s
[ Info: iter=3857 obj=1.597804692026759e7 pinf=133192.90619934237 (4399) dinf=0.0 (0) time=6.722029512s
[ Info: iter=3937 obj=1.6588102047521785e7 pinf=128861.65552988296 (4403) dinf=0.0 (0) time=6.820484213s
[ Info: iter=4017 obj=1.6604504815509666e7 pinf=130460.63807509745 (4428) dinf=0.0 (0) time=6.921258814s
[ Info: iter=4097 obj=1.67646815040939e7 pinf=137718.3800009667 (4419) dinf=0.0 (0) time=7.020940215s
[ Info: iter=4177 obj=1.677963809202723e7 pinf=131081.2429312817 (4450) dinf=0.0 (0) time=7.120138116s
[ Info: iter=4257 obj=1.6803531996198364e7 pinf=639017.5368423878 (4506) dinf=0.0 (0) time=7.221164617s
[ Info: iter=4337 obj=1.68341414920869e7 pinf=275796.93204966583 (4491) dinf=0.0 (0) time=7.328485219s
[ Info: iter=4417 obj=1.683757520967908e7 pinf=277916.76664892014 (4520) dinf=0.0 (0) time=7.43269152s
[ Info: iter=4497 obj=1.68546446820812e7 pinf=578146.8073489463 (4557) dinf=0.0 (0) time=7.539979621s
[ Info: iter=4577 obj=1.9237277328067835e7 pinf=578820.1541626587 (4571) dinf=0.0 (0) time=7.648887622s
[ Info: iter=4657 obj=2.131603562242332e7 pinf=536944.5830936884 (4571) dinf=0.0 (0) time=7.754128623s
[ Info: iter=4737 obj=2.3035227175554857e7 pinf=534074.3407794534 (4565) dinf=0.0 (0) time=7.865575325s
[ Info: iter=4817 obj=2.389565342642869e7 pinf=522913.686898073 (4592) dinf=0.0 (0) time=7.972669926s
[ Info: iter=4897 obj=2.3912701692780256e7 pinf=500932.1564527176 (4607) dinf=0.0 (0) time=8.076837227s
[ Info: iter=4977 obj=2.393470815629211e7 pinf=506357.1437063886 (4659) dinf=0.0 (0) time=8.184109028s
[ Info: iter=5057 obj=2.3940374156078786e7 pinf=510703.95773902675 (4668) dinf=0.0 (0) time=8.29057943s
[ Info: iter=5137 obj=2.3940374156078786e7 pinf=521267.4680184588 (4682) dinf=0.0 (0) time=8.395860731s
[ Info: iter=5217 obj=2.3940374156078793e7 pinf=777510.3564228382 (4648) dinf=0.0 (0) time=8.506675032s
[ Info: iter=5297 obj=2.3970566553241655e7 pinf=511291.40977750387 (4628) dinf=0.0 (0) time=8.614759933s
[ Info: iter=5377 obj=2.4214591174962204e7 pinf=543170.4258314373 (4649) dinf=0.0 (0) time=8.726219835s
[ Info: iter=5457 obj=2.422068362222807e7 pinf=543848.1840154977 (4710) dinf=0.0 (0) time=8.836024336s
[ Info: iter=5537 obj=2.4718040597994126e7 pinf=533615.0614828656 (4688) dinf=0.0 (0) time=8.951804937s
[ Info: iter=5617 obj=2.4727895193919443e7 pinf=602137.3215059898 (4695) dinf=0.0 (0) time=9.064005139s
[ Info: iter=5697 obj=2.4728108346145943e7 pinf=6.843812137550758e7 (4709) dinf=0.0 (0) time=9.18391054s
[ Info: iter=5777 obj=2.4728108346146226e7 pinf=1.5123176126285276e8 (4726) dinf=0.0 (0) time=9.308353441s
[ Info: iter=5857 obj=2.4728108346145913e7 pinf=2.1713066130595206e11 (4741) dinf=0.0 (0) time=9.481153643s
[ Info: iter=5937 obj=2.4776325337098032e7 pinf=153473.0458008918 (4700) dinf=0.0 (0) time=10.153048551s
[ Info: iter=6017 obj=2.4834275865531273e7 pinf=705289.8986547962 (4748) dinf=0.0 (0) time=10.263805052s
[ Info: iter=6097 obj=2.4856131866073452e7 pinf=2.764610347341085e6 (4845) dinf=0.0 (0) time=10.374891154s
[ Info: iter=6177 obj=2.490727372674098e7 pinf=95579.06104838217 (4831) dinf=0.0 (0) time=10.489947055s
[ Info: iter=6257 obj=2.5056884607451364e7 pinf=100141.43488596928 (4828) dinf=0.0 (0) time=10.730148658s
[ Info: iter=6337 obj=2.524994443501848e7 pinf=148184.69040136025 (4854) dinf=0.0 (0) time=10.839995359s
[ Info: iter=6417 obj=2.5514764876976684e7 pinf=100826.53239022888 (4878) dinf=0.0 (0) time=10.94904356s
[ Info: iter=6497 obj=2.5730645137227077e7 pinf=583125.5404532285 (4847) dinf=0.0 (0) time=11.060211462s
[ Info: iter=6577 obj=2.5760145246828735e7 pinf=56171.764485613654 (4869) dinf=0.0 (0) time=11.168856963s
[ Info: iter=6657 obj=2.5856215332085483e7 pinf=79445.80768661709 (4908) dinf=0.0 (0) time=11.282568564s
[ Info: iter=6737 obj=2.598525292182014e7 pinf=59487.87187447344 (4848) dinf=0.0 (0) time=11.393561166s
[ Info: iter=6817 obj=2.6022098893897653e7 pinf=75956.80628893989 (4832) dinf=0.0 (0) time=11.503686367s
[ Info: iter=6897 obj=2.604428059708177e7 pinf=52053.272543832245 (4846) dinf=0.0 (0) time=11.615071968s
[ Info: iter=6977 obj=2.613348647382113e7 pinf=52228.053487213765 (4857) dinf=0.0 (0) time=11.732363969s
[ Info: iter=7057 obj=2.6175201618191227e7 pinf=41932.001629869934 (4834) dinf=0.0 (0) time=11.845912171s
[ Info: iter=7137 obj=2.6208725889928684e7 pinf=119203.12215785924 (4881) dinf=0.0 (0) time=11.954836872s
[ Info: iter=7217 obj=2.6267551915107675e7 pinf=158273.40034277787 (4863) dinf=0.0 (0) time=12.070922473s
[ Info: iter=7297 obj=2.6306245018108636e7 pinf=48006.79855314148 (4860) dinf=0.0 (0) time=12.184759275s
[ Info: iter=7377 obj=2.639241785086593e7 pinf=95955.9286444953 (4945) dinf=0.0 (0) time=12.297179676s
[ Info: iter=7457 obj=2.6479072993325945e7 pinf=134495.99946752161 (5042) dinf=0.0 (0) time=12.417876877s
[ Info: iter=7537 obj=2.6527008080265008e7 pinf=46786.833503878006 (4932) dinf=0.0 (0) time=12.538572779s
[ Info: iter=7617 obj=2.667143250901731e7 pinf=275234.9724430553 (4982) dinf=0.0 (0) time=12.66355458s
[ Info: iter=7697 obj=2.6788822151249573e7 pinf=162132.827764816 (4870) dinf=0.0 (0) time=12.781126782s
[ Info: iter=7777 obj=2.692773279410908e7 pinf=38594.100100482385 (4870) dinf=0.0 (0) time=12.897827383s
[ Info: iter=7857 obj=2.710456792846919e7 pinf=51566.32561996858 (4898) dinf=0.0 (0) time=13.017708384s
[ Info: iter=7937 obj=2.816606483643087e7 pinf=41586.75221424509 (4949) dinf=0.0 (0) time=13.145499986s
[ Info: iter=8017 obj=2.828829880262781e7 pinf=46083.413877607425 (4986) dinf=0.0 (0) time=13.264517887s
[ Info: iter=8097 obj=2.8324930061341137e7 pinf=52070.416814369906 (5016) dinf=0.0 (0) time=13.387140389s
[ Info: iter=8177 obj=2.837675564107062e7 pinf=40638.154516701594 (4966) dinf=0.0 (0) time=13.50676639s
[ Info: iter=8257 obj=2.8378748364272796e7 pinf=43368.4408773126 (4988) dinf=0.0 (0) time=13.623117491s
[ Info: iter=8337 obj=2.8772210352586742e7 pinf=40094.36772305421 (4945) dinf=0.0 (0) time=13.744624293s
[ Info: iter=8417 obj=2.88079726669814e7 pinf=45713.462271932694 (5000) dinf=0.0 (0) time=13.864914394s
[ Info: iter=8497 obj=2.8850458632170625e7 pinf=34148.492938540825 (4942) dinf=0.0 (0) time=13.981686695s
[ Info: iter=8577 obj=2.8929591058194682e7 pinf=47613.81795201564 (5005) dinf=0.0 (0) time=14.101195797s
[ Info: iter=8657 obj=2.895560338300705e7 pinf=5.0989949868461145e6 (4999) dinf=0.0 (0) time=14.243235306s
[ Info: iter=8737 obj=2.8980644419377305e7 pinf=46573.31873623241 (4999) dinf=0.0 (0) time=14.368741515s
[ Info: iter=8817 obj=2.8995316773602694e7 pinf=84000.45557585215 (5029) dinf=0.0 (0) time=14.487265824s
[ Info: iter=8897 obj=2.9192075247824814e7 pinf=42831.61392655246 (4992) dinf=0.0 (0) time=14.615789833s
[ Info: iter=8977 obj=2.948776049087982e7 pinf=78276.08069646025 (5016) dinf=0.0 (0) time=14.737096942s
[ Info: iter=9057 obj=2.9565893425805993e7 pinf=42958.190757646815 (5037) dinf=0.0 (0) time=14.863507851s
[ Info: iter=9137 obj=2.9626811977257777e7 pinf=1.2811568343648377e6 (5086) dinf=0.0 (0) time=14.98770916s
[ Info: iter=9217 obj=2.9752962666484833e7 pinf=56246.035560331205 (5083) dinf=0.0 (0) time=15.12122207s
[ Info: iter=9297 obj=2.988918647248142e7 pinf=714765.7831440733 (5044) dinf=0.0 (0) time=15.247513779s
[ Info: iter=9377 obj=2.9909098719690964e7 pinf=122356.5148575426 (5059) dinf=0.0 (0) time=15.381290889s
[ Info: iter=9457 obj=2.99371343586891e7 pinf=48483.73708978775 (5064) dinf=0.0 (0) time=15.510074598s
[ Info: iter=9537 obj=2.996728506412824e7 pinf=91757.71988545997 (5102) dinf=0.0 (0) time=15.636574207s
[ Info: iter=9617 obj=3.0045400061206456e7 pinf=234086.94561741358 (5134) dinf=0.0 (0) time=15.761754716s
[ Info: iter=9697 obj=3.016345222532423e7 pinf=61267.76830358302 (5141) dinf=0.0 (0) time=15.893714826s
[ Info: iter=9777 obj=3.0256045235237345e7 pinf=125830.2286756227 (5098) dinf=0.0 (0) time=16.029624836s
[ Info: iter=9857 obj=3.0370099001741476e7 pinf=1.1673081414885605e6 (5201) dinf=0.0 (0) time=16.159003745s
[ Info: iter=9937 obj=3.0491367507161334e7 pinf=150444.25413789836 (5157) dinf=0.0 (0) time=16.289891755s
[ Info: iter=10017 obj=3.051486980122748e7 pinf=175108.72878594376 (5245) dinf=0.0 (0) time=16.435687865s
[ Info: iter=10097 obj=3.052215859561939e7 pinf=193254.90645635925 (5214) dinf=0.0 (0) time=16.567827675s
[ Info: iter=10177 obj=3.056888084954013e7 pinf=47972.10252932725 (5205) dinf=0.0 (0) time=16.700844284s
[ Info: iter=10257 obj=3.058158146780993e7 pinf=186763.9205897439 (5240) dinf=0.0 (0) time=16.834629794s
[ Info: iter=10337 obj=3.059982118736308e7 pinf=43370.513865793466 (5205) dinf=0.0 (0) time=16.967722004s
[ Info: iter=10417 obj=3.0623122191604212e7 pinf=489993.8926461016 (5328) dinf=0.0 (0) time=17.102771214s
[ Info: iter=10497 obj=3.071899062042677e7 pinf=76831.63873639332 (5297) dinf=0.0 (0) time=17.235265523s
[ Info: iter=10577 obj=3.0731511729842097e7 pinf=35117.38860000682 (5185) dinf=0.0 (0) time=17.365079733s
[ Info: iter=10657 obj=3.0761348147641867e7 pinf=235460.79778605376 (5286) dinf=0.0 (0) time=17.501824443s
[ Info: iter=10737 obj=3.0786564142791174e7 pinf=308508.8377511653 (5321) dinf=0.0 (0) time=17.638994553s
[ Info: iter=10817 obj=3.08069691977443e7 pinf=187046.39053261254 (5369) dinf=0.0 (0) time=17.779224163s
[ Info: iter=10897 obj=3.084443984390209e7 pinf=280717.0135259374 (5327) dinf=0.0 (0) time=17.914329373s
[ Info: iter=10977 obj=3.0941693328989472e7 pinf=66132.85217725496 (5306) dinf=0.0 (0) time=18.047267182s
[ Info: iter=11057 obj=3.0971568942713607e7 pinf=26486.77319468167 (5234) dinf=0.0 (0) time=18.178140692s
[ Info: iter=11137 obj=3.128077893875319e7 pinf=204694.7540465803 (5228) dinf=0.0 (0) time=18.305518501s
[ Info: iter=11217 obj=3.1463866605628196e7 pinf=48891.67037900165 (5223) dinf=0.0 (0) time=18.446985211s
[ Info: iter=11297 obj=3.1628205422805823e7 pinf=66411.26006563315 (5288) dinf=0.0 (0) time=18.590554522s
[ Info: iter=11377 obj=3.1865698049035795e7 pinf=46685.69124004149 (5252) dinf=0.0 (0) time=18.725165931s
[ Info: iter=11457 obj=3.1971826951012835e7 pinf=179741.86330634987 (5316) dinf=0.0 (0) time=18.865069842s
[ Info: iter=11537 obj=3.244722594845513e7 pinf=144010.77376057205 (5254) dinf=0.0 (0) time=19.005525052s
[ Info: iter=11617 obj=3.2787390270702243e7 pinf=89830.29059933076 (5261) dinf=0.0 (0) time=19.140637262s
[ Info: iter=11697 obj=3.3179947306613117e7 pinf=34535.75691932899 (5199) dinf=0.0 (0) time=19.281539972s
[ Info: iter=11777 obj=3.380543209060341e7 pinf=73390.47609416042 (5184) dinf=0.0 (0) time=19.417785482s
[ Info: iter=11857 obj=3.396312766111506e7 pinf=27942.99460188277 (5183) dinf=0.0 (0) time=19.562788592s
[ Info: iter=11937 obj=3.3993508677144125e7 pinf=25200.10261378466 (5215) dinf=0.0 (0) time=19.698060802s
[ Info: iter=12017 obj=3.400643963912392e7 pinf=55869.95451886377 (5216) dinf=0.0 (0) time=19.841677412s
[ Info: iter=12097 obj=3.402035694903301e7 pinf=30575.251672532188 (5249) dinf=0.0 (0) time=19.981921723s
[ Info: iter=12177 obj=3.402689988632999e7 pinf=1.7975228248763192e6 (5242) dinf=0.0 (0) time=20.117685932s
[ Info: iter=12257 obj=3.405499117245254e7 pinf=84424.41713268681 (5299) dinf=0.0 (0) time=20.259531343s
[ Info: iter=12337 obj=3.407191342019963e7 pinf=4.755617619616655e6 (5482) dinf=0.0 (0) time=20.412117654s
[ Info: iter=12417 obj=3.4092235865962006e7 pinf=6.879170515770635e6 (5560) dinf=0.0 (0) time=20.566532365s
[ Info: iter=12497 obj=3.4107378268346146e7 pinf=1.7563824126011012e6 (5462) dinf=0.0 (0) time=20.718768976s
[ Info: iter=12577 obj=3.411891955878642e7 pinf=215087.77138974736 (5387) dinf=0.0 (0) time=20.871316387s
[ Info: iter=12657 obj=3.414011420243457e7 pinf=140615.74467696808 (5389) dinf=0.0 (0) time=21.017801298s
[ Info: iter=12737 obj=3.414943402531912e7 pinf=48594.413733819 (5449) dinf=0.0 (0) time=21.163129008s
[ Info: iter=12817 obj=3.416520657652862e7 pinf=103285.91366132781 (5520) dinf=0.0 (0) time=21.312273219s
[ Info: iter=12897 obj=3.419480709134764e7 pinf=38331.817600548566 (5392) dinf=0.0 (0) time=21.46103413s
[ Info: iter=12977 obj=3.421424443859224e7 pinf=39065.590191613876 (5413) dinf=0.0 (0) time=21.611028441s
[ Info: iter=13057 obj=3.42353345422505e7 pinf=56204.83163022899 (5435) dinf=0.0 (0) time=21.757869251s
[ Info: iter=13137 obj=3.434751074508401e7 pinf=117435.25836466132 (5523) dinf=0.0 (0) time=21.909173362s
[ Info: iter=13217 obj=3.436798823597765e7 pinf=25552.431861390527 (5463) dinf=0.0 (0) time=22.056950973s
[ Info: iter=13297 obj=3.44222340932309e7 pinf=134949.43060767243 (5511) dinf=0.0 (0) time=22.200860082s
[ Info: iter=13377 obj=3.45327617279785e7 pinf=85984.20499383312 (5543) dinf=0.0 (0) time=22.345708489s
[ Info: iter=13457 obj=3.4564168339481354e7 pinf=139621.3982342676 (5547) dinf=0.0 (0) time=22.494173797s
[ Info: iter=13537 obj=3.4602656327349395e7 pinf=578053.5146172201 (5587) dinf=0.0 (0) time=22.646573504s
[ Info: iter=13617 obj=3.466111094318507e7 pinf=2.510631802963331e6 (5874) dinf=0.0 (0) time=22.815726113s
[ Info: iter=13697 obj=3.468597587843842e7 pinf=668529.7749483396 (5793) dinf=0.0 (0) time=22.980583621s
[ Info: iter=13777 obj=3.475935139866091e7 pinf=690465.398054118 (5679) dinf=0.0 (0) time=23.136306029s
[ Info: iter=13857 obj=3.4798991046620116e7 pinf=518926.53581170196 (5676) dinf=0.0 (0) time=23.306756338s
[ Info: iter=13937 obj=3.4812124615677476e7 pinf=108068.87605861468 (5518) dinf=0.0 (0) time=23.467615446s
[ Info: iter=14017 obj=3.483232143506156e7 pinf=310058.6367535241 (5515) dinf=0.0 (0) time=23.621054453s
[ Info: iter=14097 obj=3.484480049924986e7 pinf=283497.38325056084 (5459) dinf=0.0 (0) time=23.781446961s
[ Info: iter=14177 obj=3.491648303316645e7 pinf=1.3514365318562456e6 (5659) dinf=0.0 (0) time=23.939696469s
[ Info: iter=14257 obj=3.6218317566091746e7 pinf=115594.85507919977 (5638) dinf=0.0 (0) time=24.096623277s
[ Info: iter=14337 obj=3.623325230733118e7 pinf=246650.0626192425 (5550) dinf=0.0 (0) time=24.248925585s
[ Info: iter=14417 obj=3.625026704347799e7 pinf=6.210155877337014e6 (5886) dinf=0.0 (0) time=24.406655693s
[ Info: iter=14497 obj=3.641876034301186e7 pinf=128194.93792914225 (5651) dinf=0.0 (0) time=24.559917801s
[ Info: iter=14577 obj=3.643451086705568e7 pinf=39166.482201280865 (5576) dinf=0.0 (0) time=24.714197208s
[ Info: iter=14657 obj=3.6465693587219365e7 pinf=212626.63504576494 (5538) dinf=0.0 (0) time=24.873844116s
[ Info: iter=14737 obj=3.6668840991009645e7 pinf=38829.73670026097 (5561) dinf=0.0 (0) time=25.027994624s
[ Info: iter=14817 obj=3.6673089676534146e7 pinf=100594.2902944558 (5520) dinf=0.0 (0) time=25.191929232s
[ Info: iter=14897 obj=3.672499844805975e7 pinf=62621.21424402311 (5624) dinf=0.0 (0) time=25.35397384s
[ Info: iter=14977 obj=3.681907778725302e7 pinf=42662.53643271292 (5678) dinf=0.0 (0) time=25.521740449s
[ Info: iter=15057 obj=3.6983898947809905e7 pinf=1.8585269723893955e7 (5644) dinf=0.0 (0) time=25.693358257s
[ Info: iter=15137 obj=3.704124314511396e7 pinf=47274.63538803157 (5624) dinf=0.0 (0) time=25.876132167s
[ Info: iter=15217 obj=3.705130101140739e7 pinf=56572.59879743974 (5648) dinf=0.0 (0) time=26.040680975s
[ Info: iter=15297 obj=3.707352958798554e7 pinf=21739.91610956414 (5496) dinf=0.0 (0) time=26.217453684s
[ Info: iter=15377 obj=3.710504115428361e7 pinf=107610.24546248332 (5706) dinf=0.0 (0) time=26.399090093s
[ Info: iter=15457 obj=3.719343589588768e7 pinf=22089.436049795444 (5456) dinf=0.0 (0) time=26.568679201s
[ Info: iter=15537 obj=3.722562533164888e7 pinf=146978.88359200256 (5645) dinf=0.0 (0) time=26.73545621s
[ Info: iter=15617 obj=3.727700564133455e7 pinf=224693.02508526482 (5650) dinf=0.0 (0) time=26.901259618s
[ Info: iter=15697 obj=3.734933393697166e7 pinf=29381.037810318096 (5382) dinf=0.0 (0) time=27.063253526s
[ Info: iter=15777 obj=3.738998470919193e7 pinf=23602.9517144489 (5420) dinf=0.0 (0) time=27.224911034s
[ Info: iter=15857 obj=3.753344827514289e7 pinf=164147.9694309229 (5528) dinf=0.0 (0) time=27.391811543s
[ Info: iter=15937 obj=3.760010991582526e7 pinf=255903.28173515506 (5575) dinf=0.0 (0) time=27.552334451s
[ Info: iter=16017 obj=3.761423076843782e7 pinf=987141.6733111405 (5569) dinf=0.0 (0) time=27.721382159s
[ Info: iter=16097 obj=3.76251624007255e7 pinf=3.576296823341509e6 (5926) dinf=0.0 (0) time=27.897100868s
[ Info: iter=16177 obj=3.7730839835383035e7 pinf=1.272427417468847e6 (5893) dinf=0.0 (0) time=28.075369977s
[ Info: iter=16257 obj=3.7808261184591554e7 pinf=3.786497308816135e6 (5961) dinf=0.0 (0) time=28.254694186s
[ Info: iter=16337 obj=3.802442581247899e7 pinf=2.813902017554487e6 (5823) dinf=0.0 (0) time=28.422907995s
[ Info: iter=16417 obj=3.818461405536555e7 pinf=2.2336659292856567e6 (5811) dinf=0.0 (0) time=28.603467704s
[ Info: iter=16497 obj=3.82076742942138e7 pinf=146856.92571688254 (5741) dinf=0.0 (0) time=28.821006215s
[ Info: iter=16577 obj=3.8531155732232824e7 pinf=2.51390919035912e6 (6133) dinf=0.0 (0) time=29.005157924s
[ Info: iter=16657 obj=3.942955204432401e7 pinf=1.0863191816495706e6 (5917) dinf=0.0 (0) time=29.170144732s
[ Info: iter=16737 obj=3.949763585516448e7 pinf=3.8421768350304877e6 (6087) dinf=0.0 (0) time=29.356616341s
[ Info: iter=16817 obj=3.950698668491946e7 pinf=443516.0883240597 (5871) dinf=0.0 (0) time=29.53629985s
[ Info: iter=16897 obj=3.989554617798228e7 pinf=819335.6190650137 (5892) dinf=0.0 (0) time=29.715076659s
[ Info: iter=16977 obj=3.9909275185514286e7 pinf=347106.01490186964 (5691) dinf=0.0 (0) time=29.92139587s
[ Info: iter=17057 obj=3.992176224342687e7 pinf=287084.3336976485 (5719) dinf=0.0 (0) time=30.112182379s
[ Info: iter=17137 obj=3.9975091232030556e7 pinf=5.776123178795074e6 (5826) dinf=0.0 (0) time=30.287578692s
[ Info: iter=17217 obj=4.000241751642906e7 pinf=1.2057603363187646e6 (5800) dinf=0.0 (0) time=30.464150705s
[ Info: iter=17297 obj=4.004697138547039e7 pinf=247578.82769387963 (5680) dinf=0.0 (0) time=30.645709819s
[ Info: iter=17377 obj=4.007608297686681e7 pinf=61603.767632186 (5515) dinf=0.0 (0) time=30.832705534s
[ Info: iter=17457 obj=4.008321221742818e7 pinf=99075.29875500409 (5665) dinf=0.0 (0) time=31.016500948s
[ Info: iter=17537 obj=4.00929121734674e7 pinf=294037.90659744246 (5747) dinf=0.0 (0) time=31.202512162s
[ Info: iter=17617 obj=4.0107891303308964e7 pinf=361305.90089501214 (5694) dinf=0.0 (0) time=31.400753277s
[ Info: iter=17697 obj=4.018175520253429e7 pinf=375846.5615624659 (5682) dinf=0.0 (0) time=31.597033192s
[ Info: iter=17777 obj=4.019066508980506e7 pinf=363669.9277908159 (5672) dinf=0.0 (0) time=31.782615206s
[ Info: iter=17857 obj=4.029527958335137e7 pinf=146384.48913501695 (5576) dinf=0.0 (0) time=31.974139021s
[ Info: iter=17937 obj=4.032877700521418e7 pinf=69253.75192724752 (5487) dinf=0.0 (0) time=32.175611336s
[ Info: iter=18017 obj=4.0350255950137295e7 pinf=194322.29523860608 (5539) dinf=0.0 (0) time=32.36133245s
[ Info: iter=18097 obj=4.0440962725732535e7 pinf=588179.2395473471 (5736) dinf=0.0 (0) time=32.548493665s
[ Info: iter=18177 obj=4.065677192939019e7 pinf=340558.69071971736 (5658) dinf=0.0 (0) time=32.737039879s
[ Info: iter=18257 obj=4.067098372372013e7 pinf=669511.008528736 (5792) dinf=0.0 (0) time=32.933846794s
[ Info: iter=18337 obj=4.072211655050536e7 pinf=420755.79152866063 (5749) dinf=0.0 (0) time=33.123546009s
[ Info: iter=18417 obj=4.073516872631796e7 pinf=76126.84320482274 (5554) dinf=0.0 (0) time=33.319535024s
[ Info: iter=18497 obj=4.073929133317539e7 pinf=95677.10519461583 (5610) dinf=0.0 (0) time=33.506412538s
[ Info: iter=18577 obj=4.0744621480660036e7 pinf=275923.76044152793 (5740) dinf=0.0 (0) time=33.703591353s
[ Info: iter=18657 obj=4.0998566487848125e7 pinf=572521.7036793885 (5685) dinf=0.0 (0) time=33.885832167s
[ Info: iter=18737 obj=4.100558073482715e7 pinf=2.1671387457864206e7 (6040) dinf=0.0 (0) time=34.078007882s
[ Info: iter=18817 obj=4.102137765082632e7 pinf=2.248645064924033e6 (5784) dinf=0.0 (0) time=34.265226096s
[ Info: iter=18897 obj=4.10325333650071e7 pinf=7.731374761767688e6 (5959) dinf=0.0 (0) time=34.463170311s
[ Info: iter=18977 obj=4.10520349021691e7 pinf=5.109604240106892e6 (5821) dinf=0.0 (0) time=34.647548725s
[ Info: iter=19057 obj=4.1057585362439275e7 pinf=191282.29581389402 (5573) dinf=0.0 (0) time=34.898858544s
[ Info: iter=19137 obj=4.106977152429165e7 pinf=312447.78768625157 (5634) dinf=0.0 (0) time=35.10249436s
[ Info: iter=19217 obj=4.108277958011461e7 pinf=140208.9268620001 (5519) dinf=0.0 (0) time=35.36363378s
[ Info: iter=19297 obj=4.1096813523776405e7 pinf=217551.77526092413 (5506) dinf=0.0 (0) time=35.565658595s
[ Info: iter=19377 obj=4.110468926884394e7 pinf=189701.7385304282 (5532) dinf=0.0 (0) time=35.781289112s
[ Info: iter=19457 obj=4.1114000815416135e7 pinf=553985.3514751173 (5683) dinf=0.0 (0) time=36.615268076s
[ Info: iter=19537 obj=4.1140703448586345e7 pinf=844835.1475265999 (5713) dinf=0.0 (0) time=36.826283392s
[ Info: iter=19617 obj=4.1157200918963075e7 pinf=277938.6094339839 (5579) dinf=0.0 (0) time=37.098970313s
[ Info: iter=19697 obj=4.11738471185803e7 pinf=251170.1032124916 (5629) dinf=0.0 (0) time=37.307416328s
[ Info: iter=19777 obj=4.118665994889963e7 pinf=1.303669522813142e6 (5824) dinf=0.0 (0) time=37.498533843s
[ Info: iter=19857 obj=4.12912228551245e7 pinf=56061.56390753564 (5489) dinf=0.0 (0) time=37.692842558s
[ Info: iter=19937 obj=4.1302445503236026e7 pinf=40613.496043971114 (5436) dinf=0.0 (0) time=37.890686173s
[ Info: iter=20017 obj=4.131381469345239e7 pinf=188890.2611881684 (5392) dinf=0.0 (0) time=38.092956089s
[ Info: iter=20097 obj=4.132077951698814e7 pinf=70572.74980065208 (5389) dinf=0.0 (0) time=38.279160894s
[ Info: iter=20177 obj=4.132355633731091e7 pinf=157779.90050628094 (5484) dinf=0.0 (0) time=38.470388494s
[ Info: iter=20257 obj=4.133225732616049e7 pinf=253390.5164604481 (5523) dinf=0.0 (0) time=38.685595395s
[ Info: iter=20337 obj=4.134052170240699e7 pinf=205637.96948225985 (5410) dinf=0.0 (0) time=38.885690995s
[ Info: iter=20417 obj=4.13483950455101e7 pinf=59439.10986673227 (5455) dinf=0.0 (0) time=39.081289495s
[ Info: iter=20497 obj=4.140293651698546e7 pinf=106531.79550116394 (5428) dinf=0.0 (0) time=39.268434996s
[ Info: iter=20577 obj=4.141114520771109e7 pinf=305500.46091376053 (5423) dinf=0.0 (0) time=39.454658396s
[ Info: iter=20657 obj=4.144506832724571e7 pinf=1.1281176315338651e6 (5585) dinf=0.0 (0) time=39.648849097s
[ Info: iter=20737 obj=4.145761916196664e7 pinf=420287.4343833392 (5385) dinf=0.0 (0) time=39.834968997s
[ Info: iter=20817 obj=4.146599330766523e7 pinf=62118.09940306791 (5337) dinf=0.0 (0) time=40.022416698s
[ Info: iter=20897 obj=4.1471061539471835e7 pinf=143180.95711282734 (5457) dinf=0.0 (0) time=40.214527198s
[ Info: iter=20977 obj=4.14894882462953e7 pinf=167652.03935469795 (5558) dinf=0.0 (0) time=40.419055998s
[ Info: iter=21057 obj=4.149225155929622e7 pinf=203976.36713725864 (5450) dinf=0.0 (0) time=40.619233799s
[ Info: iter=21137 obj=4.1508700832298726e7 pinf=480229.5968369544 (5793) dinf=0.0 (0) time=40.831042699s
[ Info: iter=21217 obj=4.153257470638202e7 pinf=69091.96621352134 (5393) dinf=0.0 (0) time=41.052348s
[ Info: iter=21297 obj=4.153680211977942e7 pinf=33194.29135099517 (5178) dinf=0.0 (0) time=41.2528037s
[ Info: iter=21377 obj=4.154639611275324e7 pinf=300506.7122184137 (5501) dinf=0.0 (0) time=41.465326701s
[ Info: iter=21457 obj=4.1626944237741634e7 pinf=295247.3964777828 (5416) dinf=0.0 (0) time=41.664798701s
[ Info: iter=21537 obj=4.181562769346857e7 pinf=35016.518981547575 (5100) dinf=0.0 (0) time=41.871117502s
[ Info: iter=21617 obj=4.183892488122757e7 pinf=1.4225660741767175e6 (5510) dinf=0.0 (0) time=42.071081202s
[ Info: iter=21697 obj=4.228403498908943e7 pinf=166038.77938025096 (5281) dinf=0.0 (0) time=42.274651003s
[ Info: iter=21777 obj=4.2302537089152694e7 pinf=258724.6077021207 (5187) dinf=0.0 (0) time=42.474197803s
[ Info: iter=21857 obj=4.231215614862014e7 pinf=246394.9958064106 (5370) dinf=0.0 (0) time=42.681289403s
[ Info: iter=21937 obj=4.23212404405421e7 pinf=1.072307752328254e6 (5327) dinf=0.0 (0) time=42.876201704s
[ Info: iter=22017 obj=4.232463332395466e7 pinf=1.0361451823659907e6 (5585) dinf=0.0 (0) time=43.071889404s
[ Info: iter=22097 obj=4.254402124057263e7 pinf=270553.87593959307 (5324) dinf=0.0 (0) time=43.259741105s
[ Info: iter=22177 obj=4.255632642289767e7 pinf=863373.5796479293 (5460) dinf=0.0 (0) time=43.469685405s
[ Info: iter=22257 obj=4.2565834918552436e7 pinf=902923.3832796233 (5428) dinf=0.0 (0) time=43.679755406s
[ Info: iter=22337 obj=4.2581217260550216e7 pinf=5.359084514524576e6 (5623) dinf=0.0 (0) time=43.875661006s
[ Info: iter=22417 obj=4.2610462821653694e7 pinf=60786.19892540307 (5192) dinf=0.0 (0) time=44.071572007s
[ Info: iter=22497 obj=4.2628259876072735e7 pinf=7.964153694651087e6 (5455) dinf=0.0 (0) time=44.277199907s
[ Info: iter=22577 obj=4.2647877433752716e7 pinf=578235.1961930927 (5340) dinf=0.0 (0) time=44.479920408s
[ Info: iter=22657 obj=4.265871940775125e7 pinf=170694.6276596202 (5350) dinf=0.0 (0) time=44.689191808s
[ Info: iter=22737 obj=4.266210770368921e7 pinf=203132.54551099928 (5300) dinf=0.0 (0) time=44.892323208s
[ Info: iter=22817 obj=4.2667093289654516e7 pinf=306912.1279077485 (5458) dinf=0.0 (0) time=45.089084109s
[ Info: iter=22897 obj=4.2683389093135715e7 pinf=1.567957670336184e6 (5614) dinf=0.0 (0) time=45.297823009s
[ Info: iter=22977 obj=4.269460425436292e7 pinf=387045.3315150018 (5497) dinf=0.0 (0) time=45.50162181s
[ Info: iter=23057 obj=4.270314120193978e7 pinf=1.1772236004740119e6 (5505) dinf=0.0 (0) time=45.69782611s
[ Info: iter=23137 obj=4.2724943685092986e7 pinf=587446.286656209 (5490) dinf=0.0 (0) time=45.902504511s
[ Info: iter=23217 obj=4.2733048339009285e7 pinf=1.3974283214321057e6 (5483) dinf=0.0 (0) time=46.105451311s
[ Info: iter=23297 obj=4.27352490366099e7 pinf=1.027261443408976e6 (5612) dinf=0.0 (0) time=46.314235412s
[ Info: iter=23377 obj=4.2748339317917615e7 pinf=786191.8483625058 (5515) dinf=0.0 (0) time=46.514436214s
[ Info: iter=23457 obj=4.2784997497057445e7 pinf=1.4745401734175743e6 (5603) dinf=0.0 (0) time=46.751422216s
[ Info: iter=23537 obj=4.2797640218414515e7 pinf=1.2888336244196608e6 (5450) dinf=0.0 (0) time=46.989653717s
[ Info: iter=23617 obj=4.280504442530066e7 pinf=152792.82218079834 (5233) dinf=0.0 (0) time=47.205294419s
[ Info: iter=23697 obj=4.28128160171301e7 pinf=272099.1930572416 (5302) dinf=0.0 (0) time=47.41652482s
[ Info: iter=23777 obj=4.2817746056248456e7 pinf=536165.049433914 (5539) dinf=0.0 (0) time=47.622246022s
[ Info: iter=23857 obj=4.285605510763152e7 pinf=204220.0544735377 (5354) dinf=0.0 (0) time=47.847078124s
[ Info: iter=23937 obj=4.286851334552288e7 pinf=314789.342108375 (5350) dinf=0.0 (0) time=48.053706125s
[ Info: iter=24017 obj=4.287444239761171e7 pinf=2.74557576257189e6 (5589) dinf=0.0 (0) time=48.271039127s
[ Info: iter=24097 obj=4.293913757556716e7 pinf=53098.964028772934 (5166) dinf=0.0 (0) time=48.489448328s
[ Info: iter=24177 obj=4.294442971503994e7 pinf=813707.4564889575 (5498) dinf=0.0 (0) time=48.72003373s
[ Info: iter=24257 obj=4.301282090881506e7 pinf=410451.22870644793 (5274) dinf=0.0 (0) time=48.929509232s
[ Info: iter=24337 obj=4.311414901141046e7 pinf=272849.80970216857 (5266) dinf=0.0 (0) time=49.129758733s
[ Info: iter=24417 obj=4.3134350718425065e7 pinf=5.152966811194857e6 (5767) dinf=0.0 (0) time=49.348649435s
[ Info: iter=24497 obj=4.322501957585002e7 pinf=61853.25502187672 (5089) dinf=0.0 (0) time=49.564755836s
[ Info: iter=24577 obj=4.327497131819092e7 pinf=596476.157307037 (5425) dinf=0.0 (0) time=49.779780738s
[ Info: iter=24657 obj=4.3340874927886635e7 pinf=1.690988795817253e7 (5604) dinf=0.0 (0) time=49.992939039s
[ Info: iter=24737 obj=4.349515468114278e7 pinf=45861.30268835422 (4971) dinf=0.0 (0) time=50.188760341s
[ Info: iter=24817 obj=4.350191895378432e7 pinf=447880.8139326067 (5217) dinf=0.0 (0) time=50.429668743s
[ Info: iter=24897 obj=4.350883279142766e7 pinf=506053.6093904821 (5369) dinf=0.0 (0) time=50.657979344s
[ Info: iter=24977 obj=4.351280524522792e7 pinf=93798.98653828974 (5023) dinf=0.0 (0) time=50.896088146s
[ Info: iter=25057 obj=4.3519325834433526e7 pinf=3.755851189344137e6 (5547) dinf=0.0 (0) time=51.130407248s
[ Info: iter=25137 obj=4.3525143088893026e7 pinf=53174.434904134425 (5140) dinf=0.0 (0) time=51.361373949s
[ Info: iter=25217 obj=4.352781331445634e7 pinf=6.283044994471088e6 (5664) dinf=0.0 (0) time=51.591928251s
[ Info: iter=25297 obj=4.357547242900181e7 pinf=1.8738405219475973e7 (5615) dinf=0.0 (0) time=51.808930953s
[ Info: iter=25377 obj=4.357914704603428e7 pinf=3.835475004493067e6 (5506) dinf=0.0 (0) time=52.091777955s
[ Info: iter=25457 obj=4.360338946682976e7 pinf=2.789031515381943e6 (5399) dinf=0.0 (0) time=52.332529157s
[ Info: iter=25537 obj=4.360805220823466e7 pinf=632827.7429810421 (5221) dinf=0.0 (0) time=52.578365658s
[ Info: iter=25617 obj=4.3613998155740134e7 pinf=1.812833603781985e6 (5372) dinf=0.0 (0) time=52.80963726s
[ Info: iter=25697 obj=4.3633064673824646e7 pinf=603516.2651706595 (5330) dinf=0.0 (0) time=53.068910862s
[ Info: iter=25777 obj=4.366829177831735e7 pinf=88229.28972949409 (5096) dinf=0.0 (0) time=53.310391364s
[ Info: iter=25857 obj=4.367000854296825e7 pinf=150870.77123905247 (5145) dinf=0.0 (0) time=53.562745266s
[ Info: iter=25937 obj=4.367189637349021e7 pinf=108613.66304647013 (5063) dinf=0.0 (0) time=53.797576667s
[ Info: iter=26017 obj=4.368098834008093e7 pinf=161493.78037474165 (5019) dinf=0.0 (0) time=54.022866769s
[ Info: iter=26097 obj=4.368387120954231e7 pinf=189645.97270152735 (5009) dinf=0.0 (0) time=54.258265672s
[ Info: iter=26177 obj=4.3686790816665895e7 pinf=235833.59341478976 (5112) dinf=0.0 (0) time=54.474376178s
[ Info: iter=26257 obj=4.369377332534774e7 pinf=83812.53916145583 (4953) dinf=0.0 (0) time=54.717497884s
[ Info: iter=26337 obj=4.3701452982946165e7 pinf=1.0754000503270762e7 (5569) dinf=0.0 (0) time=54.95071649s
[ Info: iter=26417 obj=4.37904785111132e7 pinf=277214.66691448045 (5060) dinf=0.0 (0) time=55.162213995s
[ Info: iter=26497 obj=4.379606541310176e7 pinf=153785.05846706787 (5143) dinf=0.0 (0) time=55.385914401s
[ Info: iter=26577 obj=4.38228145071893e7 pinf=3.526215247538712e7 (5816) dinf=0.0 (0) time=55.615171406s
[ Info: iter=26657 obj=4.382724940522531e7 pinf=330134.3660546557 (5204) dinf=0.0 (0) time=55.911110214s
[ Info: iter=26737 obj=4.3839130255742006e7 pinf=1.3817331531606421e6 (5433) dinf=0.0 (0) time=56.130697319s
[ Info: iter=26817 obj=4.391846094833301e7 pinf=78402.55616153401 (5027) dinf=0.0 (0) time=56.361279425s
[ Info: iter=26897 obj=4.3922883451027855e7 pinf=438395.5738512198 (5204) dinf=0.0 (0) time=56.584404531s
[ Info: iter=26948 obj=4.3924480067993164e7 pinf=1.3476225466579324e11 (4993) dinf=0.0 (0) time=58.198936672s
[ Info: iter=27028 obj=4.393454229726489e7 pinf=3.3110055031517767e6 (5450) dinf=0.0 (0) time=58.492656679s
[ Info: iter=27108 obj=4.393952592304547e7 pinf=264269.85965524346 (5213) dinf=0.0 (0) time=58.717979185s
[ Info: iter=27188 obj=4.3952118657117285e7 pinf=149558.48011748676 (5069) dinf=0.0 (0) time=58.953139991s
[ Info: iter=27268 obj=4.395496245538221e7 pinf=527330.081801389 (5146) dinf=0.0 (0) time=59.181317296s
[ Info: iter=27348 obj=4.3979506989110015e7 pinf=2.3778268954199813e6 (5465) dinf=0.0 (0) time=59.470849804s
[ Info: iter=27428 obj=4.402602576222984e7 pinf=2.884181690762786e6 (5647) dinf=0.0 (0) time=59.681060209s
[ Info: iter=27508 obj=4.403110857795021e7 pinf=154912.95351087794 (5215) dinf=0.0 (0) time=59.937172515s
[ Info: iter=27588 obj=4.403447515441181e7 pinf=157174.91912419797 (5190) dinf=0.0 (0) time=60.326604925s
[ Info: iter=27668 obj=4.416317647009279e7 pinf=233007.34749182337 (5107) dinf=0.0 (0) time=60.551549131s
[ Info: iter=27748 obj=4.416968709182032e7 pinf=359023.8155360513 (5205) dinf=0.0 (0) time=60.799545837s
[ Info: iter=27828 obj=4.417682139304971e7 pinf=2.1472660756102577e6 (5517) dinf=0.0 (0) time=61.032116343s
[ Info: iter=27908 obj=4.418884265658612e7 pinf=2.711058552460004e6 (5810) dinf=0.0 (0) time=61.280983949s
[ Info: iter=27988 obj=4.422575620922327e7 pinf=4.37109216373137e6 (5773) dinf=0.0 (0) time=61.559037756s
[ Info: iter=28068 obj=4.423382508979447e7 pinf=252458.23732389486 (5328) dinf=0.0 (0) time=61.814712663s
[ Info: iter=28148 obj=4.423475585449219e7 pinf=2.0876553002223483e11 (5150) dinf=0.0 (0) time=63.615851481s
[ Info: iter=28228 obj=4.423649332313663e7 pinf=130828.88760260353 (5060) dinf=0.0 (0) time=64.051563884s
[ Info: iter=28308 obj=4.4239538608003475e7 pinf=920821.3678952559 (5191) dinf=0.0 (0) time=64.293972785s
[ Info: iter=28388 obj=4.4242335633339755e7 pinf=6.570046065828963e6 (5604) dinf=0.0 (0) time=64.521044687s
[ Info: iter=28468 obj=4.432069818078016e7 pinf=275172.14782006573 (5132) dinf=0.0 (0) time=64.797860488s
[ Info: iter=28548 obj=4.433983662780299e7 pinf=229140.527866556 (5214) dinf=0.0 (0) time=65.04128789s
[ Info: iter=28628 obj=4.434514383979991e7 pinf=183953.65284433067 (5106) dinf=0.0 (0) time=65.293092191s
[ Info: iter=28708 obj=4.442456824209897e7 pinf=208608.08843564638 (5146) dinf=0.0 (0) time=65.521694593s
[ Info: iter=28788 obj=4.443116919150173e7 pinf=203718.1709461351 (5127) dinf=0.0 (0) time=65.757833394s
[ Info: iter=28868 obj=4.4444740219270095e7 pinf=116991.23898890737 (5007) dinf=0.0 (0) time=65.987079795s
[ Info: iter=28948 obj=4.444920706802526e7 pinf=85382.54104457173 (5049) dinf=0.0 (0) time=66.220667997s
[ Info: iter=29028 obj=4.447215336521543e7 pinf=436655.0410146383 (5384) dinf=0.0 (0) time=66.454386898s
[ Info: iter=29108 obj=4.448035242143513e7 pinf=2.969810551810509e6 (5472) dinf=0.0 (0) time=66.6828855s
[ Info: iter=29188 obj=4.451513261220119e7 pinf=382682.0398359595 (4866) dinf=0.0 (0) time=66.902389801s
[ Info: iter=29268 obj=4.4526786613624275e7 pinf=187206.68902834528 (5069) dinf=0.0 (0) time=67.136009502s
[ Info: iter=29348 obj=4.462673301557766e7 pinf=1.2400319763063095e6 (5334) dinf=0.0 (0) time=67.369993204s
[ Info: iter=29428 obj=4.481067982582688e7 pinf=176450.12975574864 (4955) dinf=0.0 (0) time=67.608580805s
[ Info: iter=29508 obj=4.4830687646532e7 pinf=4.150241496100646e6 (5353) dinf=0.0 (0) time=67.848322507s
[ Info: iter=29588 obj=4.483580007345561e7 pinf=1.2975125674770718e7 (5501) dinf=0.0 (0) time=68.105784608s
[ Info: iter=29668 obj=4.485503659027664e7 pinf=1.732870611966349e6 (5239) dinf=0.0 (0) time=68.35383951s
[ Info: iter=29748 obj=4.48571205589455e7 pinf=4.313618629038851e6 (5480) dinf=0.0 (0) time=68.583538411s
[ Info: iter=29828 obj=4.4860512474401906e7 pinf=277098.5281233023 (5006) dinf=0.0 (0) time=68.816669113s
[ Info: iter=29908 obj=4.486459855150728e7 pinf=658843.6674082959 (5174) dinf=0.0 (0) time=69.044339714s
[ Info: iter=29988 obj=4.496322648571877e7 pinf=140016.45322445917 (4937) dinf=0.0 (0) time=69.268615715s
[ Info: iter=30068 obj=4.496683983249572e7 pinf=144906.703047539 (4848) dinf=0.0 (0) time=69.513400017s
[ Info: iter=30148 obj=4.499102638175962e7 pinf=295632.7097756705 (5173) dinf=0.0 (0) time=69.751767018s
[ Info: iter=30228 obj=4.4993369860495865e7 pinf=288306.9144370679 (5032) dinf=0.0 (0) time=70.02319682s
[ Info: iter=30308 obj=4.50969696213729e7 pinf=2.7375954411874868e7 (5726) dinf=0.0 (0) time=70.251571613s
[ Info: iter=30388 obj=4.5220924430240095e7 pinf=940832.2098472933 (5246) dinf=0.0 (0) time=70.464343473s
[ Info: iter=30468 obj=4.5225022754559614e7 pinf=608865.8000425181 (5103) dinf=0.0 (0) time=70.701090529s
[ Info: iter=30548 obj=4.522678601317393e7 pinf=1.2024503236888894e6 (5263) dinf=0.0 (0) time=70.934405885s
[ Info: iter=30628 obj=4.5242962899140194e7 pinf=2.0684623376675746e6 (5606) dinf=0.0 (0) time=71.172453941s
[ Info: iter=30708 obj=4.524739857174832e7 pinf=442770.8777067376 (5321) dinf=0.0 (0) time=71.437833591s
[ Info: iter=30788 obj=4.5249799072633624e7 pinf=234417.89070957416 (4973) dinf=0.0 (0) time=71.681879046s
[ Info: iter=30868 obj=4.525188700389908e7 pinf=4.1855931192180337e6 (5538) dinf=0.0 (0) time=71.951583595s
[ Info: iter=30948 obj=4.525876858052403e7 pinf=3.537903666619428e6 (5414) dinf=0.0 (0) time=72.211593947s
[ Info: iter=31028 obj=4.526306365602483e7 pinf=501670.5651250563 (5070) dinf=0.0 (0) time=72.448952102s
[ Info: iter=31108 obj=4.534150149389365e7 pinf=1.9599843763800887e6 (5362) dinf=0.0 (0) time=72.698602156s
[ Info: iter=31188 obj=4.542188347128867e7 pinf=161760.1351756708 (4918) dinf=0.0 (0) time=72.939771011s
[ Info: iter=31268 obj=4.542504552102062e7 pinf=60367.75670913401 (4707) dinf=0.0 (0) time=73.216125859s
[ Info: iter=31348 obj=4.542800848676735e7 pinf=37610.46424219958 (4662) dinf=0.0 (0) time=73.487357108s
[ Info: iter=31428 obj=4.543000279186051e7 pinf=6.172139704105762e6 (5498) dinf=0.0 (0) time=73.722538365s
[ Info: iter=31508 obj=4.5447467631615594e7 pinf=2.807950323693659e6 (5564) dinf=0.0 (0) time=74.024782908s
[ Info: iter=31588 obj=4.5517035797460996e7 pinf=17594.522482947472 (4578) dinf=0.0 (0) time=74.252667066s
[ Info: iter=31668 obj=4.553067927202551e7 pinf=321778.68066598487 (5165) dinf=0.0 (0) time=74.49661932s
[ Info: iter=31748 obj=4.553910542162392e7 pinf=316414.4575756191 (5143) dinf=0.0 (0) time=74.733634076s
[ Info: iter=31828 obj=4.554497775078371e7 pinf=682026.817211342 (5146) dinf=0.0 (0) time=74.989078528s
[ Info: iter=31908 obj=4.554731732176858e7 pinf=105121.40093660099 (4896) dinf=0.0 (0) time=75.254086879s
[ Info: iter=31988 obj=4.555207701080995e7 pinf=682383.6502859188 (5191) dinf=0.0 (0) time=75.507832531s
[ Info: iter=32068 obj=4.555887347743554e7 pinf=1.203150022261835e6 (5217) dinf=0.0 (0) time=75.772182782s
[ Info: iter=32148 obj=4.556361711042232e7 pinf=175221.61354130477 (5002) dinf=0.0 (0) time=76.034737233s
[ Info: iter=32228 obj=4.55677657712733e7 pinf=3.6417704706014525e6 (5594) dinf=0.0 (0) time=76.302596683s
[ Info: iter=32308 obj=4.556964886477495e7 pinf=956203.5772460118 (5288) dinf=0.0 (0) time=76.556863435s
[ Info: iter=32388 obj=4.558048387575011e7 pinf=747410.3658360629 (5258) dinf=0.0 (0) time=76.820547286s
[ Info: iter=32468 obj=4.558525891930619e7 pinf=179702.25005501948 (4905) dinf=0.0 (0) time=77.089873736s
[ Info: iter=32548 obj=4.559562181852038e7 pinf=807943.3913656301 (5358) dinf=0.0 (0) time=77.358611786s
[ Info: iter=32628 obj=4.559777464259949e7 pinf=1.3551561186105173e7 (5347) dinf=0.0 (0) time=77.607472339s
[ Info: iter=32708 obj=4.5601902232603565e7 pinf=120974.24191972225 (4690) dinf=0.0 (0) time=77.899701185s
[ Info: iter=32788 obj=4.5679486624683894e7 pinf=641610.3425074397 (5040) dinf=0.0 (0) time=78.131512569s
[ Info: iter=32868 obj=4.5683978676956214e7 pinf=7.891207252648302e6 (5631) dinf=0.0 (0) time=78.388503069s
[ Info: iter=32948 obj=4.569024407087406e7 pinf=676686.6407589734 (5248) dinf=0.0 (0) time=78.666583269s
[ Info: iter=33028 obj=4.5693129432950586e7 pinf=91495.73826866639 (4826) dinf=0.0 (0) time=78.91049387s
[ Info: iter=33108 obj=4.5695816197761655e7 pinf=205828.1672189784 (4976) dinf=0.0 (0) time=79.14756397s
[ Info: iter=33188 obj=4.5699010766485125e7 pinf=71629.156287473 (4759) dinf=0.0 (0) time=79.40064607s
[ Info: iter=33268 obj=4.571652873373983e7 pinf=462243.1435099548 (5280) dinf=0.0 (0) time=79.64234057s
[ Info: iter=33348 obj=4.5748517125083074e7 pinf=89263.61072360809 (4656) dinf=0.0 (0) time=79.88921167s
[ Info: iter=33428 obj=4.576877280401954e7 pinf=156523.8997101535 (4886) dinf=0.0 (0) time=80.15341137s
[ Info: iter=33508 obj=4.577154653302187e7 pinf=145998.94316057308 (4792) dinf=0.0 (0) time=80.44237337s
[ Info: iter=33588 obj=4.577261407643925e7 pinf=82006.31417651479 (4645) dinf=0.0 (0) time=80.68234387s
[ Info: iter=33668 obj=4.577329262065245e7 pinf=416031.87459524674 (4957) dinf=0.0 (0) time=80.90863457s
[ Info: iter=33748 obj=4.583456838225036e7 pinf=279943.2260673098 (4874) dinf=0.0 (0) time=81.143820271s
[ Info: iter=33828 obj=4.5928812715876885e7 pinf=284636.973476051 (4848) dinf=0.0 (0) time=81.374378571s
[ Info: iter=33908 obj=4.5963713738332026e7 pinf=90357.80963749078 (4638) dinf=0.0 (0) time=81.624260271s
[ Info: iter=33988 obj=4.596705034827376e7 pinf=93855.27283031306 (4699) dinf=0.0 (0) time=81.872486971s
[ Info: iter=34068 obj=4.59751054986173e7 pinf=82451.73671974814 (4617) dinf=0.0 (0) time=82.115948871s
[ Info: iter=34148 obj=4.6287300769890085e7 pinf=65559.11781044898 (4571) dinf=0.0 (0) time=82.328279871s
[ Info: iter=34228 obj=4.664954664205524e7 pinf=2.3401549178280034e6 (5086) dinf=0.0 (0) time=82.571154671s
[ Info: iter=34308 obj=4.6721527023064844e7 pinf=8.095556555729821e6 (5283) dinf=0.0 (0) time=82.828783571s
[ Info: iter=34388 obj=4.6867415663675636e7 pinf=61975.922722880794 (4517) dinf=0.0 (0) time=83.084119071s
[ Info: iter=34468 obj=4.687437051733658e7 pinf=5.357508129043336e6 (5138) dinf=0.0 (0) time=83.336626172s
[ Info: iter=34548 obj=4.688174485601981e7 pinf=1.99543396421853e6 (4767) dinf=0.0 (0) time=83.589887472s
[ Info: iter=34628 obj=4.688677693504295e7 pinf=1.5409971492905086e6 (4736) dinf=0.0 (0) time=83.859584372s
[ Info: iter=34708 obj=4.692027652811223e7 pinf=2.6215972461935556e6 (4897) dinf=0.0 (0) time=84.123878272s
[ Info: iter=34788 obj=4.700535437131355e7 pinf=3.7226922325514397e6 (5033) dinf=0.0 (0) time=84.371669772s
[ Info: iter=34868 obj=4.700782152494497e7 pinf=1.647830400559236e6 (4886) dinf=0.0 (0) time=84.646520872s
[ Info: iter=34948 obj=4.7011795033816755e7 pinf=158817.11217943797 (4341) dinf=0.0 (0) time=84.973869472s
[ Info: iter=35028 obj=4.7014974169524126e7 pinf=1.4797680565201684e6 (4514) dinf=0.0 (0) time=85.235661372s
[ Info: iter=35108 obj=4.7016668356618434e7 pinf=688499.853213976 (4622) dinf=0.0 (0) time=85.491769173s
[ Info: iter=35188 obj=4.701948478229181e7 pinf=1.3399095802474665e7 (5230) dinf=0.0 (0) time=85.742810273s
[ Info: iter=35268 obj=4.7022044608974546e7 pinf=225636.2653316694 (4539) dinf=0.0 (0) time=86.082374773s
[ Info: iter=35348 obj=4.702416968785233e7 pinf=88078.4759921384 (4535) dinf=0.0 (0) time=86.324867073s
[ Info: iter=35428 obj=4.702943322281947e7 pinf=141498.6370123636 (4346) dinf=0.0 (0) time=86.581411072s
[ Info: iter=35508 obj=4.705099648445032e7 pinf=150217.2361015165 (4507) dinf=0.0 (0) time=86.842488371s
[ Info: iter=35588 obj=4.705375863201966e7 pinf=702227.9523603033 (4626) dinf=0.0 (0) time=87.09310577s
[ Info: iter=35668 obj=4.710104075758003e7 pinf=222115.2068701732 (4442) dinf=0.0 (0) time=87.334497669s
[ Info: iter=35748 obj=4.7113336774976544e7 pinf=62517.49464704143 (4350) dinf=0.0 (0) time=87.620573768s
[ Info: iter=35828 obj=4.711436726284747e7 pinf=542380.60312329 (4711) dinf=0.0 (0) time=87.885881767s
[ Info: iter=35908 obj=4.7115531563787185e7 pinf=134016.85796638054 (4578) dinf=0.0 (0) time=88.157074566s
[ Info: iter=35988 obj=4.7143721274630785e7 pinf=1.203397639840119e6 (4779) dinf=0.0 (0) time=88.425359765s
[ Info: iter=36068 obj=4.716008413603437e7 pinf=56222.13197975469 (4229) dinf=0.0 (0) time=88.731287264s
[ Info: iter=36148 obj=4.7163734564103454e7 pinf=175349.08316841515 (4521) dinf=0.0 (0) time=88.999161663s
[ Info: iter=36228 obj=4.7282403410992965e7 pinf=40031.95758387047 (4243) dinf=0.0 (0) time=89.297935262s
[ Info: iter=36308 obj=4.730244652269046e7 pinf=1.0807302705711486e7 (5194) dinf=0.0 (0) time=89.570715261s
[ Info: iter=36388 obj=4.731285559172064e7 pinf=293293.1655760996 (4653) dinf=0.0 (0) time=89.877485159s
[ Info: iter=36468 obj=4.731629913074091e7 pinf=273978.9541047852 (4851) dinf=0.0 (0) time=90.165198858s
[ Info: iter=36548 obj=4.732197171361221e7 pinf=149980.7790233101 (4627) dinf=0.0 (0) time=90.446945257s
[ Info: iter=36628 obj=4.736657703703548e7 pinf=738209.3241447918 (5080) dinf=0.0 (0) time=90.736879556s
[ Info: iter=36708 obj=4.741793910944755e7 pinf=598779.3358411276 (4753) dinf=0.0 (0) time=91.000713155s
[ Info: iter=36788 obj=4.742520582554397e7 pinf=2.0927207805900094e6 (4877) dinf=0.0 (0) time=91.265968854s
[ Info: iter=36868 obj=4.749026918242596e7 pinf=280333.822173373 (4560) dinf=0.0 (0) time=91.540895453s
[ Info: iter=36948 obj=4.749156328159204e7 pinf=731179.2043248501 (4771) dinf=0.0 (0) time=91.787681452s
[ Info: iter=37028 obj=4.7498895751505286e7 pinf=194279.11439817236 (4411) dinf=0.0 (0) time=92.070124151s
[ Info: iter=37108 obj=4.750302738807048e7 pinf=7.893493841107478e6 (4665) dinf=0.0 (0) time=92.33530725s
[ Info: iter=37188 obj=4.751286535595685e7 pinf=3.119858949445156e6 (4512) dinf=0.0 (0) time=92.575975449s
[ Info: iter=37268 obj=4.751408060319692e7 pinf=1.5715766111513223e6 (4487) dinf=0.0 (0) time=92.824510049s
[ Info: iter=37348 obj=4.751628072024539e7 pinf=390502.92147092964 (4430) dinf=0.0 (0) time=93.078591048s
[ Info: iter=37428 obj=4.7572422400966346e7 pinf=302657.0277596983 (4446) dinf=0.0 (0) time=93.329627747s
[ Info: iter=37508 obj=4.759522143639462e7 pinf=106479.76915810686 (4300) dinf=0.0 (0) time=93.611474746s
[ Info: iter=37588 obj=4.7596045839575164e7 pinf=163783.84989481262 (4345) dinf=0.0 (0) time=93.905867945s
[ Info: iter=37668 obj=4.759697121991059e7 pinf=104374.69208176936 (4365) dinf=0.0 (0) time=94.210857143s
[ Info: iter=37748 obj=4.759777444164997e7 pinf=48373.81015829436 (4149) dinf=0.0 (0) time=94.477175643s
[ Info: iter=37828 obj=4.760029574203832e7 pinf=372329.9975580285 (4506) dinf=0.0 (0) time=94.731831943s
[ Info: iter=37908 obj=4.762624626861562e7 pinf=1.6422008263503374e6 (4736) dinf=0.0 (0) time=95.011012243s
[ Info: iter=37988 obj=4.770706081177464e7 pinf=455360.4997030932 (4402) dinf=0.0 (0) time=95.241481242s
[ Info: iter=38068 obj=4.771041078850725e7 pinf=152771.95050264493 (4339) dinf=0.0 (0) time=95.522321442s
[ Info: iter=38148 obj=4.771235524428428e7 pinf=172903.9810870264 (4356) dinf=0.0 (0) time=95.794270742s
[ Info: iter=38228 obj=4.771605152254747e7 pinf=962024.7352596928 (4697) dinf=0.0 (0) time=96.061859242s
[ Info: iter=38308 obj=4.771841647406554e7 pinf=636652.5594187978 (4423) dinf=0.0 (0) time=96.378072641s
[ Info: iter=38388 obj=4.7722480742781885e7 pinf=1.6906699838161757e6 (5048) dinf=0.0 (0) time=96.640828341s
[ Info: iter=38468 obj=4.772383485583383e7 pinf=158940.1687678612 (4392) dinf=0.0 (0) time=97.69634784s
[ Info: iter=38548 obj=4.790043322473279e7 pinf=84103.52095737615 (4242) dinf=0.0 (0) time=97.92255164s
[ Info: iter=38628 obj=4.795505149796818e7 pinf=134950.0238764985 (4335) dinf=0.0 (0) time=99.118398839s
[ Info: iter=38708 obj=4.795623229833633e7 pinf=2.6512258872111724e6 (4881) dinf=0.0 (0) time=99.395483339s
[ Info: iter=38788 obj=4.801990555305855e7 pinf=1.06219116446596e6 (4508) dinf=0.0 (0) time=99.660841938s
[ Info: iter=38868 obj=4.803719951973318e7 pinf=228691.4787682536 (4235) dinf=0.0 (0) time=99.919120138s
[ Info: iter=38948 obj=4.806358551532116e7 pinf=87371.41009541815 (4176) dinf=0.0 (0) time=100.229684038s
[ Info: iter=39028 obj=4.806558991307861e7 pinf=303590.05739809724 (4478) dinf=0.0 (0) time=100.495114138s
[ Info: iter=39108 obj=4.808023686204465e7 pinf=530898.3171907242 (4587) dinf=0.0 (0) time=100.763303537s
[ Info: iter=39188 obj=4.80841326653716e7 pinf=1.7589030602284987e6 (4694) dinf=0.0 (0) time=101.102561737s
[ Info: iter=39268 obj=4.820008169491559e7 pinf=396880.39621083724 (4447) dinf=0.0 (0) time=101.416311637s
[ Info: iter=39348 obj=4.844058954085528e7 pinf=1.5527471770890696e7 (5333) dinf=0.0 (0) time=101.671304736s
[ Info: iter=39428 obj=4.8553769364494324e7 pinf=82215.33187934711 (4261) dinf=0.0 (0) time=101.906327236s
[ Info: iter=39508 obj=4.855778617051109e7 pinf=119048.38109002821 (4458) dinf=0.0 (0) time=102.169440136s
[ Info: iter=39588 obj=4.8562462361702085e7 pinf=79500.02784740027 (4181) dinf=0.0 (0) time=102.423425534s
[ Info: iter=39668 obj=4.857403305312142e7 pinf=167699.5200321167 (4263) dinf=0.0 (0) time=103.420483726s
[ Info: iter=39748 obj=4.857493785272464e7 pinf=1.014184245422313e6 (4642) dinf=0.0 (0) time=103.709493223s
[ Info: iter=39828 obj=4.8576604160531e7 pinf=439166.25794926996 (4477) dinf=0.0 (0) time=103.975142421s
[ Info: iter=39908 obj=4.8580459892923936e7 pinf=815503.0721353919 (4630) dinf=0.0 (0) time=104.259150218s
[ Info: iter=39988 obj=4.858283538934719e7 pinf=1.619061311516015e6 (4587) dinf=0.0 (0) time=105.510655507s
[ Info: iter=40068 obj=4.862820650361222e7 pinf=339416.38924477884 (4340) dinf=0.0 (0) time=105.769823805s
[ Info: iter=40148 obj=4.863715412049675e7 pinf=116209.66118973843 (4224) dinf=0.0 (0) time=106.060569502s
[ Info: iter=40228 obj=4.863789347931583e7 pinf=107034.95474132359 (4111) dinf=0.0 (0) time=106.3544067s
[ Info: iter=40308 obj=4.8638523227921665e7 pinf=48137.036661561324 (4008) dinf=0.0 (0) time=106.628586697s
[ Info: iter=40388 obj=4.8641987894576326e7 pinf=86729.15016335432 (4133) dinf=0.0 (0) time=106.895124595s
[ Info: iter=40468 obj=4.865870130370423e7 pinf=21537.270475469875 (3899) dinf=0.0 (0) time=107.205456992s
[ Info: iter=40548 obj=4.8659979269322366e7 pinf=854778.1138046533 (4164) dinf=0.0 (0) time=107.48107829s
[ Info: iter=40628 obj=4.880346833048502e7 pinf=2.561893185440764e6 (4689) dinf=0.0 (0) time=107.734131787s
[ Info: iter=40708 obj=4.884303108454411e7 pinf=22860.19284075054 (3888) dinf=0.0 (0) time=108.001160385s
[ Info: iter=40788 obj=4.885175833577321e7 pinf=26220.942827711446 (3822) dinf=0.0 (0) time=108.263442583s
[ Info: iter=40868 obj=4.885467466895047e7 pinf=110698.40122147069 (4178) dinf=0.0 (0) time=108.53017988s
[ Info: iter=40948 obj=4.8881534118612155e7 pinf=2.413451565068213e6 (4514) dinf=0.0 (0) time=108.791403178s
[ Info: iter=41028 obj=4.8906605505661786e7 pinf=123846.96157363015 (4064) dinf=0.0 (0) time=109.057291876s
[ Info: iter=41108 obj=4.891008058097821e7 pinf=191828.48915816715 (4077) dinf=0.0 (0) time=109.328035573s
[ Info: iter=41188 obj=4.891085261011143e7 pinf=93558.77535045178 (4110) dinf=0.0 (0) time=109.614190471s
[ Info: iter=41268 obj=4.891142987832157e7 pinf=174272.81401427233 (4369) dinf=0.0 (0) time=109.886718568s
[ Info: iter=41348 obj=4.892113483403981e7 pinf=671713.1485863555 (4562) dinf=0.0 (0) time=110.163129766s
[ Info: iter=41428 obj=4.893530787890113e7 pinf=28634.25231859996 (3860) dinf=0.0 (0) time=110.446218058s
[ Info: iter=41508 obj=4.893691586167312e7 pinf=41058.64506034962 (3888) dinf=0.0 (0) time=110.708028247s
[ Info: iter=41588 obj=4.893920102175836e7 pinf=849147.7015032477 (4211) dinf=0.0 (0) time=110.981948335s
[ Info: iter=41668 obj=4.894139803200115e7 pinf=1.9712001017779289e6 (4554) dinf=0.0 (0) time=111.241385224s
[ Info: iter=41748 obj=4.897016183994374e7 pinf=5.940117685570944e6 (4753) dinf=0.0 (0) time=111.494422614s
[ Info: iter=41828 obj=4.899342941459048e7 pinf=175953.62668299538 (4024) dinf=0.0 (0) time=111.773572202s
[ Info: iter=41908 obj=4.8994798854267e7 pinf=73635.71246383936 (3901) dinf=0.0 (0) time=112.05042149s
[ Info: iter=41988 obj=4.899564366511324e7 pinf=137392.64301308568 (4118) dinf=0.0 (0) time=112.321276579s
[ Info: iter=42068 obj=4.900051889039988e7 pinf=190489.26088663973 (4179) dinf=0.0 (0) time=112.597177767s
[ Info: iter=42148 obj=4.901012487635757e7 pinf=90160.7468296278 (3901) dinf=0.0 (0) time=112.967477552s
[ Info: iter=42228 obj=4.9011363827008314e7 pinf=338113.0087915042 (4230) dinf=0.0 (0) time=113.223372041s
[ Info: iter=42308 obj=4.9013317592595465e7 pinf=347817.95912511786 (4213) dinf=0.0 (0) time=113.504267929s
[ Info: iter=42388 obj=4.901492353943576e7 pinf=138174.870103433 (4080) dinf=0.0 (0) time=113.790653717s
[ Info: iter=42468 obj=4.901573026872665e7 pinf=192364.75489383747 (4188) dinf=0.0 (0) time=114.064404805s
[ Info: iter=42548 obj=4.9047721153308325e7 pinf=383200.01500361605 (4406) dinf=0.0 (0) time=114.347297994s
[ Info: iter=42628 obj=4.9050359926379435e7 pinf=283029.0898053285 (4021) dinf=0.0 (0) time=114.654115381s
[ Info: iter=42708 obj=4.905269022250611e7 pinf=1.6797255166920037e6 (4733) dinf=0.0 (0) time=115.001420766s
[ Info: iter=42788 obj=4.9054313513984874e7 pinf=233486.95231665982 (4335) dinf=0.0 (0) time=115.322265553s
[ Info: iter=42868 obj=4.910891348639788e7 pinf=55938.907416220936 (3861) dinf=0.0 (0) time=115.589432041s
[ Info: iter=42948 obj=4.912319170696619e7 pinf=220938.00600342525 (4072) dinf=0.0 (0) time=115.86128873s
[ Info: iter=43028 obj=4.912859668543251e7 pinf=243417.20538140286 (4090) dinf=0.0 (0) time=116.156974117s
[ Info: iter=43108 obj=4.912951758148361e7 pinf=97123.29380355835 (4022) dinf=0.0 (0) time=116.442036705s
[ Info: iter=43188 obj=4.912981413951644e7 pinf=42491.37682743328 (3762) dinf=0.0 (0) time=116.746856593s
[ Info: iter=43268 obj=4.913039496173324e7 pinf=58062.16102432945 (3789) dinf=0.0 (0) time=117.003049582s
[ Info: iter=43348 obj=4.913087082713501e7 pinf=801042.4981584032 (4222) dinf=0.0 (0) time=117.306341969s
[ Info: iter=43428 obj=4.91721030424736e7 pinf=258480.02933502136 (4033) dinf=0.0 (0) time=117.624488656s
[ Info: iter=43508 obj=4.917349802723782e7 pinf=178241.88574862637 (3892) dinf=0.0 (0) time=117.891506944s
[ Info: iter=43588 obj=4.918751417084937e7 pinf=84491.10136832151 (3810) dinf=0.0 (0) time=118.22992703s
[ Info: iter=43668 obj=4.9215391919292495e7 pinf=39989.496645032006 (3774) dinf=0.0 (0) time=118.475597525s
[ Info: iter=43748 obj=4.921651079008959e7 pinf=210966.10456868415 (4095) dinf=0.0 (0) time=118.73842032s
[ Info: iter=43828 obj=4.9218030813832924e7 pinf=86135.0542867607 (3809) dinf=0.0 (0) time=118.989124416s
[ Info: iter=43908 obj=4.922006107095814e7 pinf=659915.6019430126 (4185) dinf=0.0 (0) time=119.272373311s
[ Info: iter=43988 obj=4.923942104867689e7 pinf=357566.7775528418 (3918) dinf=0.0 (0) time=119.534864307s
[ Info: iter=44068 obj=4.92587494565693e7 pinf=121015.15707287713 (3677) dinf=0.0 (0) time=119.787935702s
[ Info: iter=44148 obj=4.926170811722544e7 pinf=3.619564807763618e6 (4160) dinf=0.0 (0) time=120.045632298s
[ Info: iter=44228 obj=4.9281438812619e7 pinf=1.232116191847472e6 (3982) dinf=0.0 (0) time=120.306624293s
[ Info: iter=44308 obj=4.9282053867069185e7 pinf=53767.45375954649 (3628) dinf=0.0 (0) time=120.585599789s
[ Info: iter=44388 obj=4.9282608904829934e7 pinf=340607.4388280531 (4062) dinf=0.0 (0) time=120.911603683s
[ Info: iter=44468 obj=4.9285133093324855e7 pinf=3.1821316860451844e7 (4929) dinf=0.0 (0) time=121.201647178s
[ Info: iter=44548 obj=4.9356352953688845e7 pinf=64892.778919104196 (3784) dinf=0.0 (0) time=121.480848273s
[ Info: iter=44628 obj=4.9361265132097974e7 pinf=1.568461307910497e6 (4450) dinf=0.0 (0) time=121.762200568s
[ Info: iter=44708 obj=4.937799325265989e7 pinf=600936.9219792442 (4039) dinf=0.0 (0) time=122.036469864s
[ Info: iter=44788 obj=4.947014683338248e7 pinf=2.0188300213858776e6 (4379) dinf=0.0 (0) time=122.28031006s
[ Info: iter=44868 obj=4.954597744071816e7 pinf=77302.11494620131 (3706) dinf=0.0 (0) time=122.518981056s
[ Info: iter=44948 obj=4.956196915113953e7 pinf=806165.0496982568 (4249) dinf=0.0 (0) time=122.789910951s
[ Info: iter=45028 obj=4.9629565688852444e7 pinf=9.342458541787116e6 (4652) dinf=0.0 (0) time=123.174877044s
[ Info: iter=45108 obj=4.966343894698863e7 pinf=451828.43566365493 (4084) dinf=0.0 (0) time=123.463465839s
[ Info: iter=45188 obj=4.968728112513491e7 pinf=151936.8162528114 (3863) dinf=0.0 (0) time=123.739122935s
[ Info: iter=45268 obj=4.96925200604734e7 pinf=2.0825330008264566e6 (4613) dinf=0.0 (0) time=124.042440129s
[ Info: iter=45348 obj=4.9706382618706055e7 pinf=27114.58595477683 (3579) dinf=0.0 (0) time=124.412278623s
[ Info: iter=45428 obj=4.970888498459924e7 pinf=117739.80901991378 (3754) dinf=0.0 (0) time=124.703351418s
[ Info: iter=45508 obj=4.9711800052037746e7 pinf=80237.91777104636 (3803) dinf=0.0 (0) time=124.979697713s
[ Info: iter=45588 obj=4.9712917546753556e7 pinf=435119.0320499805 (3997) dinf=0.0 (0) time=125.282765508s
[ Info: iter=45668 obj=4.9715189574590966e7 pinf=1.3613085763567532e6 (4153) dinf=0.0 (0) time=125.622108002s
[ Info: iter=45748 obj=4.971621128010708e7 pinf=190644.95268511295 (3807) dinf=0.0 (0) time=125.989479696s
[ Info: iter=45828 obj=4.971649176120666e7 pinf=207550.69227534306 (3846) dinf=0.0 (0) time=126.314313591s
[ Info: iter=45908 obj=4.971722434955232e7 pinf=3.324533016534642e7 (4478) dinf=0.0 (0) time=126.59106269s
[ Info: iter=45988 obj=4.971870171449286e7 pinf=518534.50902889 (3700) dinf=0.0 (0) time=127.016674488s
[ Info: iter=46068 obj=4.971936397212585e7 pinf=301587.8199689056 (3731) dinf=0.0 (0) time=127.288281787s
[ Info: iter=46148 obj=4.971995053047618e7 pinf=430544.97491522616 (3949) dinf=0.0 (0) time=127.562457686s
[ Info: iter=46228 obj=4.9720442143519774e7 pinf=42948.57647768164 (3488) dinf=0.0 (0) time=127.888124985s
[ Info: iter=46308 obj=4.972579050201199e7 pinf=83191.23095144582 (3698) dinf=0.0 (0) time=128.162199284s
[ Info: iter=46388 obj=4.972668197249004e7 pinf=17230.481358394354 (3384) dinf=0.0 (0) time=128.434046983s
[ Info: iter=46468 obj=4.9727005970312625e7 pinf=30622.67076306209 (3429) dinf=0.0 (0) time=128.724323482s
[ Info: iter=46548 obj=4.972748716304286e7 pinf=922640.0519905901 (3759) dinf=0.0 (0) time=129.015980481s
[ Info: iter=46628 obj=4.972930733468599e7 pinf=14769.47561579928 (3341) dinf=0.0 (0) time=129.28876848s
[ Info: iter=46708 obj=4.973021787948479e7 pinf=296632.9987586404 (3682) dinf=0.0 (0) time=129.546098779s
[ Info: iter=46788 obj=4.975354555805232e7 pinf=96772.87944834998 (3478) dinf=0.0 (0) time=129.831096577s
[ Info: iter=46868 obj=4.975424545626126e7 pinf=103684.63811480402 (3647) dinf=0.0 (0) time=130.141250876s
[ Info: iter=46948 obj=4.9794068174373984e7 pinf=86779.09082626608 (3480) dinf=0.0 (0) time=130.397024475s
[ Info: iter=47028 obj=4.979493843780705e7 pinf=12805.401381289996 (3184) dinf=0.0 (0) time=130.704712674s
[ Info: iter=47108 obj=4.9937263756299645e7 pinf=18851.85455034041 (3285) dinf=0.0 (0) time=130.962005973s
[ Info: iter=47188 obj=4.999281382353849e7 pinf=787029.5128750484 (3994) dinf=0.0 (0) time=131.223076072s
[ Info: iter=47268 obj=5.0004679815754764e7 pinf=1.5156289670194252e6 (4376) dinf=0.0 (0) time=131.500385471s
[ Info: iter=47348 obj=5.002539566975457e7 pinf=603004.68125979 (4002) dinf=0.0 (0) time=131.76102797s
[ Info: iter=47428 obj=5.0026320859944165e7 pinf=40467.03370349865 (3467) dinf=0.0 (0) time=132.040590269s
[ Info: iter=47508 obj=5.0027792013032116e7 pinf=35084.82272035834 (3447) dinf=0.0 (0) time=132.327532368s
[ Info: iter=47588 obj=5.002807761616783e7 pinf=44845.316192473445 (3266) dinf=0.0 (0) time=132.602591867s
[ Info: iter=47668 obj=5.00294494143617e7 pinf=85798.7585392958 (3530) dinf=0.0 (0) time=132.944173666s
[ Info: iter=47748 obj=5.003032387208666e7 pinf=3.9388128531981623e6 (4421) dinf=0.0 (0) time=133.226469765s
[ Info: iter=47828 obj=5.005408268996371e7 pinf=79058.78188081442 (3547) dinf=0.0 (0) time=133.514229263s
[ Info: iter=47908 obj=5.005614311224721e7 pinf=168805.11597108975 (3722) dinf=0.0 (0) time=133.790083862s
[ Info: iter=47988 obj=5.006601069074857e7 pinf=397960.864845742 (3811) dinf=0.0 (0) time=134.093632361s
[ Info: iter=48068 obj=5.006768439010491e7 pinf=252445.87399173895 (3761) dinf=0.0 (0) time=134.39985046s
[ Info: iter=48148 obj=5.0126082237030536e7 pinf=3.5071613294929795e7 (4655) dinf=0.0 (0) time=134.66244236s
[ Info: iter=48228 obj=5.0196746769001365e7 pinf=63764.1424052266 (3410) dinf=0.0 (0) time=134.92473776s
[ Info: iter=48308 obj=5.0198068739314884e7 pinf=137100.41468218883 (3522) dinf=0.0 (0) time=135.25283926s
[ Info: iter=48388 obj=5.0203963928879075e7 pinf=732424.0482373283 (3859) dinf=0.0 (0) time=135.588293559s
[ Info: iter=48468 obj=5.0212233812793955e7 pinf=834424.9772228078 (3885) dinf=0.0 (0) time=135.906311559s
[ Info: iter=48548 obj=5.021287787165518e7 pinf=104246.24651777792 (3517) dinf=0.0 (0) time=136.232425659s
[ Info: iter=48628 obj=5.0214703478315875e7 pinf=1.3251517265460293e6 (4256) dinf=0.0 (0) time=136.513084958s
[ Info: iter=48708 obj=5.023957885257417e7 pinf=30044.626958548357 (3246) dinf=0.0 (0) time=136.779538758s
[ Info: iter=48788 obj=5.0240118716891676e7 pinf=180233.02797474834 (3464) dinf=0.0 (0) time=137.082439258s
[ Info: iter=48868 obj=5.024132240044798e7 pinf=464741.3280087375 (3701) dinf=0.0 (0) time=137.395847958s
[ Info: iter=48948 obj=5.0241934524948195e7 pinf=464124.3453910913 (3739) dinf=0.0 (0) time=137.700939057s
[ Info: iter=49028 obj=5.0242666109785706e7 pinf=69385.52714966642 (3309) dinf=0.0 (0) time=138.050774757s
[ Info: iter=49108 obj=5.024340001876236e7 pinf=106159.09139192342 (3219) dinf=0.0 (0) time=138.340340757s
[ Info: iter=49188 obj=5.025415216407795e7 pinf=77423.254155728 (3337) dinf=0.0 (0) time=138.641286657s
[ Info: iter=49268 obj=5.0279591146207765e7 pinf=109536.69757388809 (3320) dinf=0.0 (0) time=138.953311156s
TRACE event=feasibility_recovery iter=61630 offset=0 algorithm=dual pinf=(0.0, 0) dinf=(0.0, 0) original_bounds=true original_costs=false working_objective=5.142569176217399e7 perturbed=true refs=771
SNAPSHOT .superpowers/dual-runtime-recovery/fixed1.feasibility_recovery.0.61630.bin
TRACE event=phase_cleanup iter=61630 offset=0 algorithm=dual pinf=(0.0, 0) dinf=(0.0, 0) original_bounds=true original_costs=true working_objective=5.1425691762103125e7 perturbed=false refs=772
SNAPSHOT .superpowers/dual-runtime-recovery/fixed1.phase_cleanup.0.61630.bin
TRACE event=phase_primal iter=61630 offset=0 algorithm=primal pinf=(0.0, 0) dinf=(2.441701652259165e-6, 19) original_bounds=true original_costs=true working_objective=5.1425691762103125e7 perturbed=false refs=772
TRACE event=phase_cleanup iter=61637 offset=0 algorithm=primal pinf=(0.0, 0) dinf=(1.6797535365895834e6, 1146) original_bounds=true original_costs=true working_objective=5.142569176210311e7 perturbed=false refs=778
SNAPSHOT .superpowers/dual-runtime-recovery/fixed1.phase_cleanup.0.61637.bin
TRACE event=phase_primal iter=61637 offset=0 algorithm=primal pinf=(0.0, 0) dinf=(1.6797535365895834e6, 1146) original_bounds=true original_costs=true working_objective=5.142569176210311e7 perturbed=false refs=778
TRACE event=before_terminal iter=62400 offset=0 algorithm=primal pinf=(0.0, 0) dinf=(161652.74359719222, 454) original_bounds=true original_costs=true working_objective=5.142569176210309e7 perturbed=false refs=787
SNAPSHOT .superpowers/dual-runtime-recovery/fixed1.before_terminal.0.62400.bin
TRACE event=terminal iter=62853 offset=0 algorithm=dual pinf=(0.0, 0) dinf=(0.0, 0) original_bounds=true original_costs=true working_objective=5.1425691762103125e7 perturbed=false refs=793
SNAPSHOT .superpowers/dual-runtime-recovery/fixed1.terminal.0.62853.bin
[ Info: iter=49348 obj=5.029271666328761e7 pinf=28198.60400904793 (3195) dinf=0.0 (0) time=139.222764656s
[ Info: iter=49428 obj=5.029333505693975e7 pinf=74079.02879305049 (3151) dinf=0.0 (0) time=139.521128156s
[ Info: iter=49508 obj=5.0293927840665966e7 pinf=113874.87813139652 (3378) dinf=0.0 (0) time=139.785917456s
[ Info: iter=49588 obj=5.031337298160382e7 pinf=141298.97948645105 (3541) dinf=0.0 (0) time=140.065934655s
[ Info: iter=49668 obj=5.031653960521263e7 pinf=79346.68333398692 (3160) dinf=0.0 (0) time=140.334627155s
[ Info: iter=49748 obj=5.032050733163941e7 pinf=11820.39193102538 (3000) dinf=0.0 (0) time=140.607395755s
[ Info: iter=49828 obj=5.032165902959066e7 pinf=104708.40629370902 (3336) dinf=0.0 (0) time=140.896179555s
[ Info: iter=49908 obj=5.0322507593798645e7 pinf=76073.22430603762 (3227) dinf=0.0 (0) time=141.219212654s
[ Info: iter=49988 obj=5.032771524806912e7 pinf=113586.47430113815 (3212) dinf=0.0 (0) time=141.497092254s
[ Info: iter=50068 obj=5.033261061647699e7 pinf=2.007433537058448e6 (3941) dinf=0.0 (0) time=141.795329954s
[ Info: iter=50148 obj=5.037978396482271e7 pinf=50411.69548658917 (3100) dinf=0.0 (0) time=142.117872654s
[ Info: iter=50228 obj=5.038071786193447e7 pinf=11208.899095523568 (2877) dinf=0.0 (0) time=142.434590954s
[ Info: iter=50308 obj=5.0392258739861324e7 pinf=1.769750128522209e6 (3455) dinf=0.0 (0) time=142.701296055s
[ Info: iter=50388 obj=5.039265760972956e7 pinf=153735.94209720546 (2902) dinf=0.0 (0) time=142.987265856s
[ Info: iter=50468 obj=5.039311248936087e7 pinf=67528.17992243041 (2964) dinf=0.0 (0) time=143.276642057s
[ Info: iter=50548 obj=5.040107905130838e7 pinf=168092.30286684714 (3410) dinf=0.0 (0) time=143.581808658s
[ Info: iter=50628 obj=5.0421333506228104e7 pinf=329101.19534403464 (3460) dinf=0.0 (0) time=143.86989296s
[ Info: iter=50708 obj=5.044775103943442e7 pinf=805506.7912222382 (3574) dinf=0.0 (0) time=144.154488161s
[ Info: iter=50788 obj=5.0450282825081445e7 pinf=145666.80101623628 (3323) dinf=0.0 (0) time=144.499140762s
[ Info: iter=50868 obj=5.053179106172396e7 pinf=992431.7216033179 (3547) dinf=0.0 (0) time=144.868641363s
[ Info: iter=50948 obj=5.054728495781529e7 pinf=804159.0373894547 (3682) dinf=0.0 (0) time=145.188543765s
[ Info: iter=51028 obj=5.0548813944531925e7 pinf=68072.64685889962 (3210) dinf=0.0 (0) time=145.503638466s
[ Info: iter=51108 obj=5.058432088772479e7 pinf=2.1732634440780114e6 (3779) dinf=0.0 (0) time=145.768709567s
[ Info: iter=51188 obj=5.0617725847273335e7 pinf=1.0212229432568905e6 (3642) dinf=0.0 (0) time=146.062127968s
[ Info: iter=51268 obj=5.0619276108161226e7 pinf=498815.2180833301 (3464) dinf=0.0 (0) time=146.358873769s
[ Info: iter=51348 obj=5.063969491939777e7 pinf=56238.01273846971 (2848) dinf=0.0 (0) time=146.61389167s
[ Info: iter=51428 obj=5.064005654604383e7 pinf=510789.4084445224 (3340) dinf=0.0 (0) time=146.863020171s
[ Info: iter=51508 obj=5.066044250946628e7 pinf=563299.9230153036 (3436) dinf=0.0 (0) time=147.131666172s
[ Info: iter=51588 obj=5.070171707134746e7 pinf=463894.4927300205 (3315) dinf=0.0 (0) time=147.389014773s
[ Info: iter=51668 obj=5.071199682134016e7 pinf=13156.148616270948 (2662) dinf=0.0 (0) time=147.651759974s
[ Info: iter=51748 obj=5.0713486296269484e7 pinf=3.0527369218987036e6 (3734) dinf=0.0 (0) time=147.928273275s
[ Info: iter=51828 obj=5.071382842244482e7 pinf=135948.38839707218 (2878) dinf=0.0 (0) time=148.220232276s
[ Info: iter=51908 obj=5.0714246987476125e7 pinf=18208.67659598912 (2732) dinf=0.0 (0) time=148.503182078s
[ Info: iter=51988 obj=5.071512641220174e7 pinf=36011.297158352834 (2840) dinf=0.0 (0) time=148.821701079s
[ Info: iter=52068 obj=5.071576231406691e7 pinf=270572.1484836376 (3246) dinf=0.0 (0) time=149.14511618s
[ Info: iter=52148 obj=5.076125792540757e7 pinf=33288.49642769517 (2768) dinf=0.0 (0) time=149.423854481s
[ Info: iter=52228 obj=5.077347671903371e7 pinf=456709.0561823325 (3173) dinf=0.0 (0) time=149.727071682s
[ Info: iter=52308 obj=5.077373128258591e7 pinf=31422.988371869043 (2842) dinf=0.0 (0) time=150.057423684s
[ Info: iter=52388 obj=5.0775182797251284e7 pinf=562014.1525113202 (3277) dinf=0.0 (0) time=150.361848685s
[ Info: iter=52468 obj=5.0807802160254665e7 pinf=9015.539288523745 (2663) dinf=0.0 (0) time=150.662759587s
[ Info: iter=52548 obj=5.080840120990281e7 pinf=36547.75654488499 (2723) dinf=0.0 (0) time=150.951707689s
[ Info: iter=52628 obj=5.080875139271747e7 pinf=37731.17613272187 (2650) dinf=0.0 (0) time=151.261609992s
[ Info: iter=52708 obj=5.081769171510496e7 pinf=4.543302235036907e6 (3398) dinf=0.0 (0) time=151.531356494s
[ Info: iter=52788 obj=5.081865718884285e7 pinf=50880.19719085541 (2890) dinf=0.0 (0) time=151.938760197s
[ Info: iter=52868 obj=5.081903119816916e7 pinf=19328.909868599465 (2579) dinf=0.0 (0) time=152.2652475s
[ Info: iter=52948 obj=5.082117973556345e7 pinf=11127.656116123728 (2593) dinf=0.0 (0) time=152.587676102s
[ Info: iter=53028 obj=5.08384410215219e7 pinf=9257.336223224662 (2673) dinf=0.0 (0) time=152.856689204s
[ Info: iter=53108 obj=5.0842526654782414e7 pinf=207489.22750405647 (3214) dinf=0.0 (0) time=153.140984506s
[ Info: iter=53188 obj=5.086267148571932e7 pinf=309806.93482147105 (3280) dinf=0.0 (0) time=153.423796409s
[ Info: iter=53268 obj=5.0864891003520526e7 pinf=855768.067393995 (3588) dinf=0.0 (0) time=153.737847811s
[ Info: iter=53348 obj=5.088562845670351e7 pinf=14132.164495709036 (2590) dinf=0.0 (0) time=154.031514313s
[ Info: iter=53428 obj=5.0886692983878046e7 pinf=147608.87621501295 (2885) dinf=0.0 (0) time=154.322111215s
[ Info: iter=53508 obj=5.088812737188858e7 pinf=268372.34625685186 (2957) dinf=0.0 (0) time=154.619425318s
[ Info: iter=53588 obj=5.088933881694719e7 pinf=337662.3049373138 (2967) dinf=0.0 (0) time=154.93090782s
[ Info: iter=53668 obj=5.089103023053406e7 pinf=72122.37825047733 (2715) dinf=0.0 (0) time=155.236305422s
[ Info: iter=53748 obj=5.089316651414187e7 pinf=4214.945877258443 (2390) dinf=0.0 (0) time=155.554494325s
[ Info: iter=53828 obj=5.089380737151323e7 pinf=1.2285526104425879e6 (3191) dinf=0.0 (0) time=155.898615128s
[ Info: iter=53908 obj=5.089571396665192e7 pinf=859514.0369007924 (3236) dinf=0.0 (0) time=156.20017963s
[ Info: iter=53988 obj=5.0896433463696554e7 pinf=56571.905344620136 (2702) dinf=0.0 (0) time=156.553537433s
[ Info: iter=54068 obj=5.089791545523144e7 pinf=1.3778949961925647e6 (2981) dinf=0.0 (0) time=156.849647235s
[ Info: iter=54148 obj=5.090270733835091e7 pinf=2.334800023118677e6 (3427) dinf=0.0 (0) time=157.142215137s
[ Info: iter=54228 obj=5.090969236546032e7 pinf=1.38010887782559e6 (3428) dinf=0.0 (0) time=157.48161154s
[ Info: iter=54308 obj=5.094076850615287e7 pinf=359172.09500805166 (2966) dinf=0.0 (0) time=157.772731642s
[ Info: iter=54388 obj=5.094308200724533e7 pinf=2.1329840540955407e6 (3630) dinf=0.0 (0) time=158.070318844s
[ Info: iter=54468 obj=5.094470390127488e7 pinf=778025.7592886734 (3423) dinf=0.0 (0) time=158.374705346s
[ Info: iter=54548 obj=5.094528622449455e7 pinf=66637.32521404812 (2677) dinf=0.0 (0) time=158.727914737s
[ Info: iter=54628 obj=5.095254005786124e7 pinf=2.7319067704983135e6 (3743) dinf=0.0 (0) time=159.056867129s
[ Info: iter=54708 obj=5.095698694402644e7 pinf=27473.055843858496 (2636) dinf=0.0 (0) time=159.376641221s
[ Info: iter=54788 obj=5.095838855524626e7 pinf=197101.20435709826 (3009) dinf=0.0 (0) time=159.753418212s
[ Info: iter=54868 obj=5.095847601035079e7 pinf=16648.4185872915 (2435) dinf=0.0 (0) time=160.050384705s
[ Info: iter=54948 obj=5.096381095170309e7 pinf=154617.30454290245 (2845) dinf=0.0 (0) time=160.327453598s
[ Info: iter=55028 obj=5.096444400478163e7 pinf=389198.7369875322 (2870) dinf=0.0 (0) time=160.633817491s
[ Info: iter=55108 obj=5.0972136785671264e7 pinf=158444.6174452906 (2743) dinf=0.0 (0) time=160.932294484s
[ Info: iter=55188 obj=5.0978996459968895e7 pinf=78574.47570358848 (2698) dinf=0.0 (0) time=161.232057876s
[ Info: iter=55268 obj=5.098948668680114e7 pinf=28870.590145610848 (2459) dinf=0.0 (0) time=161.524062369s
[ Info: iter=55348 obj=5.1005171595102124e7 pinf=1.7471980253029482e6 (3259) dinf=0.0 (0) time=161.820142062s
[ Info: iter=55428 obj=5.1018873667344555e7 pinf=30501.435609696753 (2419) dinf=0.0 (0) time=162.105858755s
[ Info: iter=55508 obj=5.102024568720309e7 pinf=60520.63928094695 (2407) dinf=0.0 (0) time=162.416700748s
[ Info: iter=55588 obj=5.103712678675044e7 pinf=8.090184589651473e6 (3409) dinf=0.0 (0) time=162.71348714s
[ Info: iter=55668 obj=5.104467218134396e7 pinf=36495.48074462683 (2515) dinf=0.0 (0) time=163.016741633s
[ Info: iter=55748 obj=5.104621431071876e7 pinf=42436.84927548778 (2427) dinf=0.0 (0) time=163.303028826s
[ Info: iter=55828 obj=5.107141877947551e7 pinf=33162.22510627904 (2185) dinf=0.0 (0) time=163.595080219s
[ Info: iter=55908 obj=5.107557950903637e7 pinf=13667.719372373484 (2208) dinf=0.0 (0) time=163.899370712s
[ Info: iter=55988 obj=5.107586308491038e7 pinf=62707.87554029924 (2512) dinf=0.0 (0) time=164.188090505s
[ Info: iter=56068 obj=5.108754258119154e7 pinf=321079.45953960775 (2541) dinf=0.0 (0) time=164.478935698s
[ Info: iter=56148 obj=5.110637136689731e7 pinf=1654.5946556053107 (2076) dinf=0.0 (0) time=164.746750891s
[ Info: iter=56228 obj=5.1110447377509706e7 pinf=484729.9841587617 (2422) dinf=0.0 (0) time=165.033494184s
[ Info: iter=56308 obj=5.111153537791253e7 pinf=2482.1327758195685 (1899) dinf=0.0 (0) time=165.330039577s
[ Info: iter=56388 obj=5.111596684782523e7 pinf=11282.094379858043 (2121) dinf=0.0 (0) time=165.61218107s
[ Info: iter=56468 obj=5.111896869716324e7 pinf=25035.303931690392 (2050) dinf=0.0 (0) time=165.914399063s
[ Info: iter=56548 obj=5.112054718657662e7 pinf=11385.173808397923 (2105) dinf=0.0 (0) time=166.198981856s
[ Info: iter=56628 obj=5.113536417617785e7 pinf=52464.2278931242 (2327) dinf=0.0 (0) time=166.487666841s
[ Info: iter=56708 obj=5.1136116915511906e7 pinf=2067.691882236192 (1856) dinf=0.0 (0) time=166.780497017s
[ Info: iter=56788 obj=5.11363556275148e7 pinf=201274.55056733856 (2264) dinf=0.0 (0) time=167.058086194s
[ Info: iter=56868 obj=5.115319296658431e7 pinf=1.8776639274970095e6 (2550) dinf=0.0 (0) time=167.320452772s
[ Info: iter=56948 obj=5.116905954348594e7 pinf=37924.008588547316 (2046) dinf=0.0 (0) time=167.593129149s
[ Info: iter=57028 obj=5.116997665116963e7 pinf=1.5952452555131996e6 (2769) dinf=0.0 (0) time=167.892650124s
[ Info: iter=57108 obj=5.1195246044888236e7 pinf=122592.70198120568 (2202) dinf=0.0 (0) time=168.186427699s
[ Info: iter=57188 obj=5.122562364076229e7 pinf=4540.225905730843 (1811) dinf=0.0 (0) time=168.453476777s
[ Info: iter=57268 obj=5.122618658089022e7 pinf=5324.752049218264 (1748) dinf=0.0 (0) time=168.736602253s
[ Info: iter=57348 obj=5.122637006890609e7 pinf=12676.967674270689 (1840) dinf=0.0 (0) time=169.01430943s
[ Info: iter=57428 obj=5.122664828093453e7 pinf=99917.3707502951 (2243) dinf=0.0 (0) time=169.341256602s
[ Info: iter=57508 obj=5.124294321586209e7 pinf=752.3780554823537 (1629) dinf=0.0 (0) time=169.60311068s
[ Info: iter=57588 obj=5.124717433996234e7 pinf=1631.0284211561614 (1666) dinf=0.0 (0) time=169.894122756s
[ Info: iter=57668 obj=5.124870253636235e7 pinf=1890.337036611109 (1609) dinf=0.0 (0) time=170.175189533s
[ Info: iter=57748 obj=5.124973248061778e7 pinf=791.0766795161502 (1598) dinf=0.0 (0) time=170.465268708s
[ Info: iter=57828 obj=5.1252645296607286e7 pinf=4665.716042121257 (1622) dinf=0.0 (0) time=170.765079883s
[ Info: iter=57908 obj=5.125487087721491e7 pinf=12259.80550409325 (1783) dinf=0.0 (0) time=171.058021259s
[ Info: iter=57988 obj=5.127342042309941e7 pinf=443.62074845826857 (1516) dinf=0.0 (0) time=171.342415835s
[ Info: iter=58068 obj=5.127463391302703e7 pinf=96752.28837830262 (2052) dinf=0.0 (0) time=171.613025612s
[ Info: iter=58148 obj=5.1281385184782915e7 pinf=1.6035846229104425e6 (2931) dinf=0.0 (0) time=171.919997686s
[ Info: iter=58228 obj=5.12885063932684e7 pinf=8722.280327691944 (1715) dinf=0.0 (0) time=172.207357462s
[ Info: iter=58308 obj=5.129114340585557e7 pinf=44062.34228422472 (1810) dinf=0.0 (0) time=172.47988704s
[ Info: iter=58388 obj=5.129277597534853e7 pinf=3565.70029387595 (1520) dinf=0.0 (0) time=172.782526714s
[ Info: iter=58468 obj=5.1292961414573684e7 pinf=36870.43238367805 (1690) dinf=0.0 (0) time=173.086706989s
[ Info: iter=58548 obj=5.129441989149445e7 pinf=5531.048961676831 (1567) dinf=0.0 (0) time=173.386139564s
[ Info: iter=58628 obj=5.129514276516848e7 pinf=31035.0731458565 (1727) dinf=0.0 (0) time=173.698595338s
[ Info: iter=58708 obj=5.131875190573715e7 pinf=5388.316319630131 (1539) dinf=0.0 (0) time=173.976085414s
[ Info: iter=58788 obj=5.135570831558397e7 pinf=5518.528091623575 (1431) dinf=0.0 (0) time=174.253105091s
[ Info: iter=58868 obj=5.1358165943633296e7 pinf=2.0234988669329449e6 (2203) dinf=0.0 (0) time=174.530355572s
[ Info: iter=58948 obj=5.136100519513146e7 pinf=3417.2745018058304 (1402) dinf=0.0 (0) time=174.798371956s
[ Info: iter=59028 obj=5.136209696298299e7 pinf=449.7790955300964 (1218) dinf=0.0 (0) time=175.104746438s
[ Info: iter=59108 obj=5.136413495781955e7 pinf=1032.0005894248775 (1193) dinf=0.0 (0) time=175.394529921s
[ Info: iter=59188 obj=5.136675331130335e7 pinf=286.56223879424596 (1184) dinf=0.0 (0) time=175.668550305s
[ Info: iter=59268 obj=5.1370130395477295e7 pinf=1569.124850258208 (1136) dinf=0.0 (0) time=175.949145188s
[ Info: iter=59348 obj=5.137792882357137e7 pinf=64.28769981882634 (1204) dinf=0.0 (0) time=176.195633574s
[ Info: iter=59428 obj=5.138106617047945e7 pinf=130.28265866474277 (1021) dinf=0.0 (0) time=176.477411257s
[ Info: iter=59508 obj=5.138809691768351e7 pinf=2709.886476962957 (1146) dinf=0.0 (0) time=176.736119142s
[ Info: iter=59588 obj=5.13904134554299e7 pinf=1283.5077294672744 (1151) dinf=0.0 (0) time=177.013440825s
[ Info: iter=59668 obj=5.139261848653421e7 pinf=506387.62852296344 (1924) dinf=0.0 (0) time=177.28067921s
[ Info: iter=59748 obj=5.139432080112479e7 pinf=134378.41182240567 (1972) dinf=0.0 (0) time=177.600535291s
[ Info: iter=59828 obj=5.1402837735358655e7 pinf=5746.970012556931 (1226) dinf=0.0 (0) time=177.910834673s
[ Info: iter=59908 obj=5.1402975099240005e7 pinf=1662.5238548873465 (1091) dinf=0.0 (0) time=178.211770855s
[ Info: iter=59988 obj=5.140307717176854e7 pinf=1094.691213402815 (1027) dinf=0.0 (0) time=178.499170738s
[ Info: iter=60068 obj=5.140346910526889e7 pinf=94.83875382355149 (993) dinf=0.0 (0) time=178.777570822s
[ Info: iter=60148 obj=5.1405670441543475e7 pinf=158.7613453290796 (907) dinf=0.0 (0) time=179.039306706s
[ Info: iter=60228 obj=5.1408677255241916e7 pinf=255.85051715188084 (853) dinf=0.0 (0) time=179.297599391s
[ Info: iter=60308 obj=5.141323306403889e7 pinf=1.1231965463998115e6 (2015) dinf=0.0 (0) time=179.571127375s
[ Info: iter=60388 obj=5.141642234628275e7 pinf=2017.658007070343 (1090) dinf=0.0 (0) time=179.879819957s
[ Info: iter=60468 obj=5.141667655157829e7 pinf=635.6138331881164 (1012) dinf=0.0 (0) time=180.181079139s
[ Info: iter=60548 obj=5.141703107523808e7 pinf=1.0847465615424854e6 (1804) dinf=0.0 (0) time=180.465738022s
[ Info: iter=60628 obj=5.1417843987445936e7 pinf=185478.98481003687 (1248) dinf=0.0 (0) time=180.740565106s
[ Info: iter=60708 obj=5.14180056393973e7 pinf=51832.32083843329 (1351) dinf=0.0 (0) time=181.053500187s
[ Info: iter=60788 obj=5.141833961643803e7 pinf=873.9370633398694 (881) dinf=0.0 (0) time=181.386871468s
[ Info: iter=60868 obj=5.14184286603834e7 pinf=431.09260421467246 (805) dinf=0.0 (0) time=181.69111155s
[ Info: iter=60948 obj=5.141909479118337e7 pinf=0.8134112619902614 (714) dinf=0.0 (0) time=181.987669032s
[ Info: iter=61028 obj=5.1422408534542754e7 pinf=5.655974034987181 (659) dinf=0.0 (0) time=182.241068417s
[ Info: iter=61108 obj=5.14249513899852e7 pinf=0.18704076449449503 (597) dinf=0.0 (0) time=182.482865408s
[ Info: iter=61188 obj=5.1425476572560504e7 pinf=1.5179318315360908 (550) dinf=0.0 (0) time=182.730084007s
[ Info: iter=61268 obj=5.142562968338798e7 pinf=0.027797292440078662 (483) dinf=0.0 (0) time=182.975519505s
[ Info: iter=61348 obj=5.14256880942484e7 pinf=0.012982317428730239 (421) dinf=0.0 (0) time=183.212944003s
[ Info: iter=61428 obj=5.1425690626248136e7 pinf=0.006794785079829499 (326) dinf=0.0 (0) time=183.416782302s
[ Info: iter=61508 obj=5.142569065971315e7 pinf=0.0028032527167805316 (233) dinf=0.0 (0) time=183.617594801s
[ Info: iter=61588 obj=5.142569166707992e7 pinf=0.0003726959034362856 (99) dinf=0.0 (0) time=183.820346999s
[ Info: iter=61630 obj=5.1425691762103125e7 pinf=0.0 (0) dinf=0.0 (0) time=184.547388995s
[ Info: Starting postsolve cleanup on original LP
[ Info: iter=61637 obj=5.233721989434978e7 pinf=3.418971153956002e6 (2270) dinf=1.846430932975293e6 (1334) time=184.730057893s
[ Info: iter=61637 obj=5.142569176210311e7 pinf=0.0 (0) dinf=1.6797535365895834e6 (1146) time=185.142885891s
[ Info: Projected postsolve basis: exchanges=365
[ Info: Starting primal postsolve cleanup from feasible basis
[ Info: iter=61717 obj=5.142569176210311e7 pinf=0.0 (0) dinf=1.4367672568761818e6 (1066) time=186.184064384s
[ Info: iter=61797 obj=5.142569176210312e7 pinf=0.0 (0) dinf=1.2874623918766645e6 (984) time=186.81455958s
[ Info: iter=61877 obj=5.142569176210312e7 pinf=0.0 (0) dinf=1.2005231801952599e6 (932) time=187.493345575s
[ Info: iter=61957 obj=5.1425691762103125e7 pinf=0.0 (0) dinf=987524.6226082987 (857) time=188.25311987s
[ Info: iter=62037 obj=5.142569176210313e7 pinf=0.0 (0) dinf=851718.3310253689 (769) time=188.996755965s
[ Info: iter=62117 obj=5.14256917621031e7 pinf=0.0 (0) dinf=749603.8684633316 (708) time=189.74663146s
[ Info: iter=62197 obj=5.142569176210311e7 pinf=0.0 (0) dinf=602575.2760175568 (629) time=190.47756006s
[ Info: iter=62277 obj=5.142569176210318e7 pinf=0.0 (0) dinf=275839.1376253003 (554) time=191.216454695s
[ Info: iter=62357 obj=5.142569176210309e7 pinf=0.0 (0) dinf=184205.5517159547 (484) time=191.956635931s
[ Info: iter=62437 obj=5.142569176210311e7 pinf=0.0 (0) dinf=140199.86836915827 (415) time=192.700572666s
[ Info: iter=62517 obj=5.142569176210311e7 pinf=0.0 (0) dinf=96489.28563255638 (346) time=193.417993501s
[ Info: iter=62597 obj=5.142569176210311e7 pinf=0.0 (0) dinf=61205.41820427135 (264) time=194.144250535s
[ Info: iter=62677 obj=5.1425691762103096e7 pinf=0.0 (0) dinf=32107.17205924991 (193) time=194.877614371s
[ Info: iter=62757 obj=5.14256917621031e7 pinf=0.0 (0) dinf=5323.468124837329 (108) time=195.613198106s
[ Info: iter=62837 obj=5.1425691762103125e7 pinf=0.0 (0) dinf=241.0771130508722 (17) time=196.342161041s
[ Info: Solve finished: status=OPTIMAL objective=5.1425691762103125e7 iterations=62853 time=196.491276648s
RESULT Dict{String, Any}("seconds" => 196.491276648, "iterations" => 62853, "original_primal_certified" => true, "status" => "OPTIMAL", "objective" => 5.1425691762103125e7, "message" => "optimal solution found", "counts" => Dict("certification" => 2, "refactor_residual" => 1, "phase_primal" => 2, "phase_dual" => 2, "correction_attempt" => 5065, "correction" => 5051, "phase_auxiliary" => 1, "pricing_scanned_entries" => 1863831513, "bound_flipped" => 24547, "refactor_other" => 4, "pivot_completed" => 62853, "feasibility_recovery" => 1, "pricing_full_scan" => 62857, "pricing" => 62857, "repair" => 1, "refactor_initial" => 2, "restore_perturbations" => 1, "pricing_scored_entries" => 262388466, "refactor_limit" => 784, "pivot_proposed" => 62855, "phase_cleanup" => 2))
