STORED iter=61630 pinf=(0.0, 0) dinf=(0.0, 0) original_costs=false original_bounds=true
RECOMPUTED fresh=false verified=false iter=61630 pinf=(0.0, 0) dinf=(0.0, 0) original_costs=false original_bounds=true
QUALITY fresh=false transposed=false correction=0 ordinary=JSimplex.SolveQuality{Float64}(7.919607487088303e-10, 1.0, true, false) compensated=JSimplex.SolveQuality{Float64}(7.919607487088303e-10, 1.0, true, false)
QUALITY fresh=false transposed=false correction=1 ordinary=JSimplex.SolveQuality{Float64}(1.3942453678546228e-10, 1.0, true, false) compensated=JSimplex.SolveQuality{Float64}(1.3942453678546228e-10, 1.0, true, false)
QUALITY fresh=false transposed=false correction=2 ordinary=JSimplex.SolveQuality{Float64}(1.3942453678546228e-10, 1.0, true, false) compensated=JSimplex.SolveQuality{Float64}(1.3942453678546228e-10, 1.0, true, false)
QUALITY fresh=false transposed=false correction=3 ordinary=JSimplex.SolveQuality{Float64}(1.3942453678546228e-10, 1.0, true, false) compensated=JSimplex.SolveQuality{Float64}(1.3942453678546228e-10, 1.0, true, false)
QUALITY fresh=false transposed=true correction=0 ordinary=JSimplex.SolveQuality{Float64}(5.186057865064153e-10, 1.5841580151470558e-13, true, false) compensated=JSimplex.SolveQuality{Float64}(5.186057865064153e-10, 1.5841580151470558e-13, true, false)
QUALITY fresh=false transposed=true correction=1 ordinary=JSimplex.SolveQuality{Float64}(1.6940848039746032e-10, 9.438915741377121e-17, true, true) compensated=JSimplex.SolveQuality{Float64}(1.6940848039746032e-10, 9.438915741377121e-17, true, true)
QUALITY fresh=false transposed=true correction=2 ordinary=JSimplex.SolveQuality{Float64}(1.6940848039746032e-10, 9.438915741377121e-17, true, true) compensated=JSimplex.SolveQuality{Float64}(1.6940848039746032e-10, 9.438915741377121e-17, true, true)
QUALITY fresh=false transposed=true correction=3 ordinary=JSimplex.SolveQuality{Float64}(1.6940848039746032e-10, 9.438915741377121e-17, true, true) compensated=JSimplex.SolveQuality{Float64}(1.6940848039746032e-10, 9.438915741377121e-17, true, true)
ORIGINAL primal_feasible=true optimality=false
RECOMPUTED fresh=true verified=false iter=61630 pinf=(0.0, 0) dinf=(0.0, 0) original_costs=false original_bounds=true
QUALITY fresh=true transposed=false correction=0 ordinary=JSimplex.SolveQuality{Float64}(7.919607487088303e-10, 1.0, true, false) compensated=JSimplex.SolveQuality{Float64}(7.919607487088303e-10, 1.0, true, false)
QUALITY fresh=true transposed=false correction=1 ordinary=JSimplex.SolveQuality{Float64}(1.3942453678546228e-10, 1.0, true, false) compensated=JSimplex.SolveQuality{Float64}(1.3942453678546228e-10, 1.0, true, false)
QUALITY fresh=true transposed=false correction=2 ordinary=JSimplex.SolveQuality{Float64}(1.3942453678546228e-10, 1.0, true, false) compensated=JSimplex.SolveQuality{Float64}(1.3942453678546228e-10, 1.0, true, false)
QUALITY fresh=true transposed=false correction=3 ordinary=JSimplex.SolveQuality{Float64}(1.3942453678546228e-10, 1.0, true, false) compensated=JSimplex.SolveQuality{Float64}(1.3942453678546228e-10, 1.0, true, false)
QUALITY fresh=true transposed=true correction=0 ordinary=JSimplex.SolveQuality{Float64}(5.186057865064153e-10, 1.5841580151470558e-13, true, false) compensated=JSimplex.SolveQuality{Float64}(5.186057865064153e-10, 1.5841580151470558e-13, true, false)
QUALITY fresh=true transposed=true correction=1 ordinary=JSimplex.SolveQuality{Float64}(1.6940848039746032e-10, 9.438915741377121e-17, true, true) compensated=JSimplex.SolveQuality{Float64}(1.6940848039746032e-10, 9.438915741377121e-17, true, true)
QUALITY fresh=true transposed=true correction=2 ordinary=JSimplex.SolveQuality{Float64}(1.6940848039746032e-10, 9.438915741377121e-17, true, true) compensated=JSimplex.SolveQuality{Float64}(1.6940848039746032e-10, 9.438915741377121e-17, true, true)
QUALITY fresh=true transposed=true correction=3 ordinary=JSimplex.SolveQuality{Float64}(1.6940848039746032e-10, 9.438915741377121e-17, true, true) compensated=JSimplex.SolveQuality{Float64}(1.6940848039746032e-10, 9.438915741377121e-17, true, true)
ORIGINAL primal_feasible=true optimality=false
