WARNING: Imported binding StyledStrings.@styled_str was undeclared at import time during import to Markdown.
WARNING: Imported binding StyledStrings.styled was undeclared at import time during import to Markdown.
WARNING: Imported binding OpenSpecFun_jll.libopenspecfun was undeclared at import time during import to SpecialFunctions.
WARNING: Imported binding Bzip2_jll.libbzip2 was undeclared at import time during import to CodecBzip2.
witness_certified = true
witness = [1.000244140625]
tolerance = 0.0009765625

[[records]]
algorithm = "dual"
iterations = 0
phases = ["phase_dual"]
presolve = false
status = "INFEASIBLE"
message = "no eligible dual pivot"

    [records.events]
    flip_completed = 0
    precision_boost = 0
    phase_dual = 1
    correction_attempt = 0
    crash_pivot = 0
    lp_refinement = 0
    pricing_devex = 0
    checkpoint = 1
    restore_checkpoint = 0
    correction = 0
    artificial_removed = 0
    phase_auxiliary = 0
    pricing_pool_hit = 0
    stagnation_fallback = 0
    pricing_weight_rejected = 0
    bound_flipped = 0
    lp_correction_certification = 0
    refactor_other = 1
    pivot_completed = 0
    feasibility_recovery = 0
    pricing_full_scan = 2
    pricing = 2
    repair = 0
    pricing_phase_reset = 0
    primal_point_balanced = 0
    refactor_pivot = 0
    phase_crash = 0
    stagnation_watch = 0
    pricing_scored_entries = 2
    phase_lp_refinement = 0
    primal_projection_attempt = 0
    crash_rejected_quality = 0
    primal_point_corrected = 0
    phase_one = 0
    phase_cleanup = 0
    refactor_growth = 0
    crash_fallback = 0
    certification = 0
    refactor_residual = 0
    certification_failed = 0
    refactor_fill = 0
    phase_primal = 0
    primal_point_preserved = 0
    pricing_block_scan = 0
    pricing_trial_expired = 0
    perturbation = 0
    crash_rejected_fill = 0
    primal_point_projected = 0
    pricing_steepest_edge = 0
    refactor_cost = 0
    crash_accepted = 0
    pricing_scanned_entries = 2
    primal_prices_corrected = 0
    pivot_rejected = 0
    pricing_progress_return = 0
    refactor_initial = 1
    restore_perturbations = 0
    pricing_reset = 0
    stagnation_cost_rebase = 0
    refactor_limit = 0
    pivot_proposed = 2
    stagnation_stalled = 0
    pricing_dantzig = 0
[[records]]
algorithm = "dual"
iterations = 0
phases = []
presolve = true
status = "INFEASIBLE"
message = "singleton row 1 contradicts column bounds"

    [records.events]
    flip_completed = 0
    precision_boost = 0
    phase_dual = 0
    correction_attempt = 0
    crash_pivot = 0
    lp_refinement = 0
    pricing_devex = 0
    checkpoint = 0
    restore_checkpoint = 0
    correction = 0
    artificial_removed = 0
    phase_auxiliary = 0
    pricing_pool_hit = 0
    stagnation_fallback = 0
    pricing_weight_rejected = 0
    bound_flipped = 0
    lp_correction_certification = 0
    refactor_other = 0
    pivot_completed = 0
    feasibility_recovery = 0
    pricing_full_scan = 0
    pricing = 0
    repair = 0
    pricing_phase_reset = 0
    primal_point_balanced = 0
    refactor_pivot = 0
    phase_crash = 0
    stagnation_watch = 0
    pricing_scored_entries = 0
    phase_lp_refinement = 0
    primal_projection_attempt = 0
    crash_rejected_quality = 0
    primal_point_corrected = 0
    phase_one = 0
    phase_cleanup = 0
    refactor_growth = 0
    crash_fallback = 0
    certification = 0
    refactor_residual = 0
    certification_failed = 0
    refactor_fill = 0
    phase_primal = 0
    primal_point_preserved = 0
    pricing_block_scan = 0
    pricing_trial_expired = 0
    perturbation = 0
    crash_rejected_fill = 0
    primal_point_projected = 0
    pricing_steepest_edge = 0
    refactor_cost = 0
    crash_accepted = 0
    pricing_scanned_entries = 0
    primal_prices_corrected = 0
    pivot_rejected = 0
    pricing_progress_return = 0
    refactor_initial = 0
    restore_perturbations = 0
    pricing_reset = 0
    stagnation_cost_rebase = 0
    refactor_limit = 0
    pivot_proposed = 0
    stagnation_stalled = 0
    pricing_dantzig = 0
[[records]]
algorithm = "primal"
iterations = 1
phases = ["phase_one"]
presolve = false
status = "INFEASIBLE"
message = "phase I optimum certifies infeasibility"

    [records.events]
    flip_completed = 1
    precision_boost = 0
    phase_dual = 0
    correction_attempt = 0
    crash_pivot = 0
    lp_refinement = 0
    pricing_devex = 0
    checkpoint = 1
    restore_checkpoint = 0
    correction = 0
    artificial_removed = 0
    phase_auxiliary = 0
    pricing_pool_hit = 0
    stagnation_fallback = 0
    pricing_weight_rejected = 0
    bound_flipped = 0
    lp_correction_certification = 0
    refactor_other = 1
    pivot_completed = 0
    feasibility_recovery = 0
    pricing_full_scan = 2
    pricing = 2
    repair = 0
    pricing_phase_reset = 0
    primal_point_balanced = 0
    refactor_pivot = 0
    phase_crash = 0
    stagnation_watch = 0
    pricing_scored_entries = 1
    phase_lp_refinement = 0
    primal_projection_attempt = 0
    crash_rejected_quality = 0
    primal_point_corrected = 0
    phase_one = 1
    phase_cleanup = 0
    refactor_growth = 0
    crash_fallback = 0
    certification = 0
    refactor_residual = 0
    certification_failed = 0
    refactor_fill = 0
    phase_primal = 0
    primal_point_preserved = 0
    pricing_block_scan = 0
    pricing_trial_expired = 0
    perturbation = 0
    crash_rejected_fill = 0
    primal_point_projected = 0
    pricing_steepest_edge = 0
    refactor_cost = 0
    crash_accepted = 0
    pricing_scanned_entries = 6
    primal_prices_corrected = 0
    pivot_rejected = 0
    pricing_progress_return = 0
    refactor_initial = 2
    restore_perturbations = 0
    pricing_reset = 0
    stagnation_cost_rebase = 0
    refactor_limit = 0
    pivot_proposed = 1
    stagnation_stalled = 0
    pricing_dantzig = 0
[[records]]
algorithm = "primal"
iterations = 0
phases = []
presolve = true
status = "INFEASIBLE"
message = "singleton row 1 contradicts column bounds"

    [records.events]
    flip_completed = 0
    precision_boost = 0
    phase_dual = 0
    correction_attempt = 0
    crash_pivot = 0
    lp_refinement = 0
    pricing_devex = 0
    checkpoint = 0
    restore_checkpoint = 0
    correction = 0
    artificial_removed = 0
    phase_auxiliary = 0
    pricing_pool_hit = 0
    stagnation_fallback = 0
    pricing_weight_rejected = 0
    bound_flipped = 0
    lp_correction_certification = 0
    refactor_other = 0
    pivot_completed = 0
    feasibility_recovery = 0
    pricing_full_scan = 0
    pricing = 0
    repair = 0
    pricing_phase_reset = 0
    primal_point_balanced = 0
    refactor_pivot = 0
    phase_crash = 0
    stagnation_watch = 0
    pricing_scored_entries = 0
    phase_lp_refinement = 0
    primal_projection_attempt = 0
    crash_rejected_quality = 0
    primal_point_corrected = 0
    phase_one = 0
    phase_cleanup = 0
    refactor_growth = 0
    crash_fallback = 0
    certification = 0
    refactor_residual = 0
    certification_failed = 0
    refactor_fill = 0
    phase_primal = 0
    primal_point_preserved = 0
    pricing_block_scan = 0
    pricing_trial_expired = 0
    perturbation = 0
    crash_rejected_fill = 0
    primal_point_projected = 0
    pricing_steepest_edge = 0
    refactor_cost = 0
    crash_accepted = 0
    pricing_scanned_entries = 0
    primal_prices_corrected = 0
    pivot_rejected = 0
    pricing_progress_return = 0
    refactor_initial = 0
    restore_perturbations = 0
    pricing_reset = 0
    stagnation_cost_rebase = 0
    refactor_limit = 0
    pivot_proposed = 0
    stagnation_stalled = 0
    pricing_dantzig = 0
