CHECK presolve_tolerance
CHECK presolve
CHECK presolve_dispatch
CHECK presolve_allocation
CHECK basic_presolve_allocation
CHECK singleton_bounds_allocation
CHECK propagation_bounds_allocation
[ Info: Loaded problem: rows=2 columns=2 nnz=3
[ Info: Starting presolve
[ Info: After presolve: rows=0 columns=0 nnz=0
┌ Info: Starting simplex phase II
│   algorithm = :dual
│   iter = 0
└   time = 0.125352473
[ Info: Starting postsolve cleanup on original LP
[ Info: iter=0 obj=2.0 pinf=0.0 (0) dinf=0.0 (0) time=0.143596469s
[ Info: Starting primal postsolve cleanup from feasible basis
[ Info: Solve finished: status=OPTIMAL objective=2.0 iterations=0 time=0.143639869s
[ Info: Loaded problem: rows=3 columns=2 nnz=6
[ Info: Starting presolve
[ Info: After presolve: rows=2 columns=2 nnz=4
┌ Info: Starting simplex phase II
│   algorithm = :dual
│   iter = 0
└   time = 0.0001765
[ Info: Starting postsolve cleanup on original LP
[ Info: iter=1 obj=1.0 pinf=0.0 (0) dinf=0.0 (0) time=0.0002795s
[ Info: Starting primal postsolve cleanup from feasible basis
[ Info: Solve finished: status=OPTIMAL objective=1.0 iterations=1 time=0.0003094s
[ Info: Loaded problem: rows=3 columns=3 nnz=7
[ Info: Starting presolve
[ Info: After presolve: rows=2 columns=3 nnz=4
┌ Info: Starting simplex phase II
│   algorithm = :dual
│   iter = 0
└   time = 0.0001713
[ Info: Starting postsolve cleanup on original LP
[ Info: iter=1 obj=1.0 pinf=0.0 (0) dinf=0.0 (0) time=0.0002701s
[ Info: Starting primal postsolve cleanup from feasible basis
[ Info: Solve finished: status=OPTIMAL objective=1.0 iterations=1 time=0.0003091s
┌ Info: Starting simplex phase II
│   algorithm = :dual
│   iter = 0
└   time = 1.93e-5
[ Info: Starting postsolve cleanup on original LP
[ Info: iter=0 obj=24.0 pinf=0.0 (0) dinf=0.0 (0) time=9.470336845s
┌ Info: Starting simplex phase II
│   algorithm = :dual
│   iter = 0
└   time = 9.470370645
[ Info: Loaded problem: rows=1 columns=2 nnz=2
[ Info: Starting presolve
[ Info: After presolve: rows=0 columns=0 nnz=0
┌ Info: Starting simplex phase II
│   algorithm = :dual
│   iter = 0
└   time = 0.0001723
[ Info: Starting postsolve cleanup on original LP
[ Info: iter=0 obj=24.0 pinf=0.0 (0) dinf=0.0 (0) time=0.0002629s
[ Info: Starting primal postsolve cleanup from feasible basis
[ Info: Solve finished: status=OPTIMAL objective=24.0 iterations=0 time=0.0002966s
[ Info: Loaded problem: rows=1 columns=2 nnz=2
[ Info: Starting presolve
[ Info: After presolve: rows=0 columns=0 nnz=0
┌ Info: Starting simplex phase II
│   algorithm = :primal
│   iter = 0
└   time = 0.0001052
[ Info: Starting postsolve cleanup on original LP
[ Info: iter=0 obj=24.0 pinf=0.0 (0) dinf=0.0 (0) time=0.0001884s
[ Info: Starting primal postsolve cleanup from feasible basis
[ Info: Solve finished: status=OPTIMAL objective=24.0 iterations=0 time=0.0002179s
[ Info: Starting postsolve cleanup on original LP
[ Info: iter=0 obj=0.0 pinf=1.0 (1) dinf=0.0 (0) time=8.69e-5s
┌ Info: Starting simplex phase II
│   algorithm = :dual
│   iter = 0
└   time = 0.0001117
[ Info: Loaded problem: rows=1 columns=1 nnz=1
[ Info: Starting presolve
[ Info: After presolve: rows=0 columns=0 nnz=0
┌ Info: Starting simplex phase II
│   algorithm = :dual
│   iter = 0
└   time = 0.0001734
[ Info: Starting postsolve cleanup on original LP
[ Info: iter=0 obj=6.0 pinf=0.0 (0) dinf=0.0 (0) time=0.0002834s
[ Info: Starting primal postsolve cleanup from feasible basis
[ Info: Solve finished: status=OPTIMAL objective=6.0 iterations=0 time=0.0003217s
[ Info: Loaded problem: rows=1 columns=1 nnz=1
[ Info: Starting presolve
[ Info: After presolve: rows=0 columns=0 nnz=0
┌ Info: Starting simplex phase II
│   algorithm = :primal
│   iter = 0
└   time = 3.66e-5
[ Info: Starting postsolve cleanup on original LP
[ Info: iter=0 obj=6.0 pinf=0.0 (0) dinf=0.0 (0) time=7.44e-5s
[ Info: Starting primal postsolve cleanup from feasible basis
[ Info: Solve finished: status=OPTIMAL objective=6.0 iterations=0 time=9.04e-5s
[ Info: Loaded problem: rows=1 columns=1 nnz=1
[ Info: Starting presolve
[ Info: After presolve: rows=0 columns=0 nnz=0
[ Info: Solve finished: status=INFEASIBLE reason=empty row 1 is infeasible iterations=0 time=6.06e-5s
┌ Info: Starting simplex phase II
│   algorithm = :dual
│   iter = 0
└   time = 2.59e-5
[ Info: iter=0 obj=0.0 pinf=0.0 (0) dinf=1.0 (1) time=9.71e-5s
┌ Info: Starting simplex phase I
│   algorithm = :primal
│   iter = 0
└   time = 0.0001973
┌ Info: Starting simplex phase II
│   algorithm = :primal
│   iter = 1
└   time = 0.0002719
[ Info: Loaded problem: rows=0 columns=1 nnz=0
[ Info: Starting presolve
[ Info: After presolve: rows=0 columns=0 nnz=0
┌ Info: Starting simplex phase II
│   algorithm = :dual
│   iter = 0
└   time = 0.0001479
[ Info: Starting postsolve cleanup on original LP
[ Info: iter=0 obj=10.0 pinf=0.0 (0) dinf=0.0 (0) time=0.0002233s
[ Info: Starting primal postsolve cleanup from feasible basis
[ Info: Solve finished: status=OPTIMAL objective=10.0 iterations=0 time=0.0002561s
Test Summary:                                 | Pass  Total     Time
Presolve tolerance and allocation regressions | 1180   1180  4m01.0s
