[ Info: Loaded problem: rows=2 columns=2 nnz=3
[ Info: Starting presolve
[ Info: After presolve: rows=0 columns=0 nnz=0
┌ Info: Starting simplex phase II
│   algorithm = :dual
│   iter = 0
└   time = 0.197713095
[ Info: Starting postsolve cleanup on original LP
[ Info: iter=0 obj=2.0 pinf=0.0 (0) dinf=0.0 (0) time=0.214846094s
[ Info: Starting primal postsolve cleanup from feasible basis
[ Info: Solve finished: status=OPTIMAL objective=2.0 iterations=0 time=0.214886094s
[ Info: Loaded problem: rows=3 columns=2 nnz=6
[ Info: Starting presolve
[ Info: After presolve: rows=2 columns=2 nnz=4
┌ Info: Starting simplex phase II
│   algorithm = :dual
│   iter = 0
└   time = 0.0001614
[ Info: Starting postsolve cleanup on original LP
[ Info: iter=1 obj=1.0 pinf=0.0 (0) dinf=0.0 (0) time=0.0002553s
[ Info: Starting primal postsolve cleanup from feasible basis
[ Info: Solve finished: status=OPTIMAL objective=1.0 iterations=1 time=0.0002856s
[ Info: Loaded problem: rows=3 columns=3 nnz=7
[ Info: Starting presolve
[ Info: After presolve: rows=2 columns=3 nnz=4
┌ Info: Starting simplex phase II
│   algorithm = :dual
│   iter = 0
└   time = 0.000173
[ Info: Starting postsolve cleanup on original LP
[ Info: iter=1 obj=1.0 pinf=0.0 (0) dinf=0.0 (0) time=0.0002745s
[ Info: Starting primal postsolve cleanup from feasible basis
[ Info: Solve finished: status=OPTIMAL objective=1.0 iterations=1 time=0.0003082s
┌ Info: Starting simplex phase II
│   algorithm = :dual
│   iter = 0
└   time = 1.89e-5
[ Info: Starting postsolve cleanup on original LP
[ Info: iter=0 obj=24.0 pinf=0.0 (0) dinf=0.0 (0) time=9.211643477s
┌ Info: Starting simplex phase II
│   algorithm = :dual
│   iter = 0
└   time = 9.211679077
[ Info: Loaded problem: rows=1 columns=2 nnz=2
[ Info: Starting presolve
[ Info: After presolve: rows=0 columns=0 nnz=0
┌ Info: Starting simplex phase II
│   algorithm = :dual
│   iter = 0
└   time = 0.000385
[ Info: Starting postsolve cleanup on original LP
[ Info: iter=0 obj=24.0 pinf=0.0 (0) dinf=0.0 (0) time=0.0004969s
[ Info: Starting primal postsolve cleanup from feasible basis
[ Info: Solve finished: status=OPTIMAL objective=24.0 iterations=0 time=0.0005367s
[ Info: Loaded problem: rows=1 columns=2 nnz=2
[ Info: Starting presolve
[ Info: After presolve: rows=0 columns=0 nnz=0
┌ Info: Starting simplex phase II
│   algorithm = :primal
│   iter = 0
└   time = 0.000104
[ Info: Starting postsolve cleanup on original LP
[ Info: iter=0 obj=24.0 pinf=0.0 (0) dinf=0.0 (0) time=0.0001819s
[ Info: Starting primal postsolve cleanup from feasible basis
[ Info: Solve finished: status=OPTIMAL objective=24.0 iterations=0 time=0.0002091s
[ Info: Starting postsolve cleanup on original LP
[ Info: iter=0 obj=0.0 pinf=1.0 (1) dinf=0.0 (0) time=9.08e-5s
┌ Info: Starting simplex phase II
│   algorithm = :dual
│   iter = 0
└   time = 0.0001188
[ Info: Loaded problem: rows=1 columns=1 nnz=1
[ Info: Starting presolve
[ Info: After presolve: rows=0 columns=0 nnz=0
┌ Info: Starting simplex phase II
│   algorithm = :dual
│   iter = 0
└   time = 0.0001745
[ Info: Starting postsolve cleanup on original LP
[ Info: iter=0 obj=6.0 pinf=0.0 (0) dinf=0.0 (0) time=0.0002876s
[ Info: Starting primal postsolve cleanup from feasible basis
[ Info: Solve finished: status=OPTIMAL objective=6.0 iterations=0 time=0.0003204s
[ Info: Loaded problem: rows=1 columns=1 nnz=1
[ Info: Starting presolve
[ Info: After presolve: rows=0 columns=0 nnz=0
┌ Info: Starting simplex phase II
│   algorithm = :primal
│   iter = 0
└   time = 3.44e-5
[ Info: Starting postsolve cleanup on original LP
[ Info: iter=0 obj=6.0 pinf=0.0 (0) dinf=0.0 (0) time=7.12e-5s
[ Info: Starting primal postsolve cleanup from feasible basis
[ Info: Solve finished: status=OPTIMAL objective=6.0 iterations=0 time=8.72e-5s
[ Info: Loaded problem: rows=1 columns=1 nnz=1
[ Info: Starting presolve
[ Info: After presolve: rows=0 columns=0 nnz=0
[ Info: Solve finished: status=INFEASIBLE reason=empty row 1 is infeasible iterations=0 time=0.0001385s
┌ Info: Starting simplex phase II
│   algorithm = :dual
│   iter = 0
└   time = 4.97e-5
[ Info: iter=0 obj=0.0 pinf=0.0 (0) dinf=1.0 (1) time=9.43e-5s
┌ Info: Starting simplex phase I
│   algorithm = :primal
│   iter = 0
└   time = 0.0002062
┌ Info: Starting simplex phase II
│   algorithm = :primal
│   iter = 1
└   time = 0.0002828
[ Info: Loaded problem: rows=0 columns=1 nnz=0
[ Info: Starting presolve
[ Info: After presolve: rows=0 columns=0 nnz=0
┌ Info: Starting simplex phase II
│   algorithm = :dual
│   iter = 0
└   time = 0.0001223
[ Info: Starting postsolve cleanup on original LP
[ Info: iter=0 obj=10.0 pinf=0.0 (0) dinf=0.0 (0) time=0.0001981s
[ Info: Starting primal postsolve cleanup from feasible basis
[ Info: Solve finished: status=OPTIMAL objective=10.0 iterations=0 time=0.0002293s
Test Summary:                                 | Pass  Total     Time
Compiled postsolve and allocation regressions | 2120   2120  6m22.8s
