NEW_ACCEPT iter=2921 entering=2977 row=17246 pivot=0.01922759708774096 norm=1.750095616224547e6 quality=JSimplex.SolveQuality{Float64}(1.5421442464970818e-10, 1.0, true, false) correction_norm=7.873636843803423e-10 pivot_correction=1.5021033858766847e-18
NEW_ACCEPT iter=2924 entering=24528 row=1353 pivot=-1.0 norm=9.101998592119262e7 quality=JSimplex.SolveQuality{Float64}(1.1175870895385742e-8, 1.0, true, false) correction_norm=4.221177388623236e-8 pivot_correction=-0.0
NEW_ACCEPT iter=2925 entering=11448 row=12328 pivot=1.095 norm=1.0835712605331503e8 quality=JSimplex.SolveQuality{Float64}(1.5449939672395625e-8, 1.0000000000000002, true, false) correction_norm=5.016495952024034e-8 pivot_correction=-0.0
NEW_ACCEPT iter=2927 entering=24551 row=1419 pivot=-1.0 norm=9.101998592119262e7 quality=JSimplex.SolveQuality{Float64}(1.1175870895385742e-8, 1.0000000000000002, true, false) correction_norm=4.221177388623234e-8 pivot_correction=-0.0
NEW_ACCEPT iter=2928 entering=24581 row=1489 pivot=-1.0 norm=9.101998592119263e7 quality=JSimplex.SolveQuality{Float64}(1.1175870895385742e-8, 1.0, true, false) correction_norm=4.221177388623236e-8 pivot_correction=-0.0
NEW_ACCEPT iter=2929 entering=35192 row=2999 pivot=0.19732933714256543 norm=9.101998592119263e7 quality=JSimplex.SolveQuality{Float64}(1.1175870895385742e-8, 1.0, true, false) correction_norm=4.221177388623236e-8 pivot_correction=-5.192918824162533e-18
NEW_ACCEPT iter=2930 entering=22531 row=3000 pivot=0.9945358560195106 norm=4.612592696008146e8 quality=JSimplex.SolveQuality{Float64}(7.519863360965985e-8, 1.0000000000000002, true, false) correction_norm=2.0723308425311094e-7 pivot_correction=-4.2347688854672466e-17
NEW_ACCEPT iter=3201 entering=28199 row=20972 pivot=0.5624036978958458 norm=2.0523661841008208e9 quality=JSimplex.SolveQuality{Float64}(1.3113021850585938e-6, 1.0, true, false) correction_norm=0.5568602169388054 pivot_correction=1.2824253743080612e-12
NEW_ACCEPT iter=3220 entering=2626 row=19823 pivot=0.5717037613392421 norm=3.9767534677709794e8 quality=JSimplex.SolveQuality{Float64}(4.4124597156233547e-8, 0.7286135287265618, true, false) correction_norm=3.0371564776961166e-7 pivot_correction=6.018526174598254e-17
NEW_ACCEPT iter=3224 entering=28104 row=10391 pivot=0.50137362625 norm=1.0514921830194052e8 quality=JSimplex.SolveQuality{Float64}(1.582308553047105e-8, 0.5102040816326531, true, false) correction_norm=9.351422542180017e-8 pivot_correction=-0.0
NEW_ACCEPT iter=3233 entering=14989 row=13416 pivot=0.30459987536037664 norm=2.924971578905215e7 quality=JSimplex.SolveQuality{Float64}(8.336835007432384e-9, 1.0, true, false) correction_norm=2.407353971370962e-8 pivot_correction=-5.021212296500287e-17
NEW_ACCEPT iter=3236 entering=15297 row=13416 pivot=0.818506375224315 norm=8.12081394551021e7 quality=JSimplex.SolveQuality{Float64}(9.486998005626658e-9, 1.0, true, false) correction_norm=2.8256717569402118e-8 pivot_correction=6.050487633219403e-17
NEW_ACCEPT iter=3237 entering=55170 row=20984 pivot=-0.0008169195465498109 norm=291366.9303514007 quality=JSimplex.SolveQuality{Float64}(5.820766091346741e-11, 1.0000000000000002, true, false) correction_norm=1.933076384030482e-10 pivot_correction=1.4032216211720816e-19
NEW_ACCEPT iter=3238 entering=29243 row=6874 pivot=-1.0 norm=1.0514921830194059e8 quality=JSimplex.SolveQuality{Float64}(1.7024906243878605e-8, 0.5102040816326531, true, false) correction_norm=9.351422542180023e-8 pivot_correction=-0.0
NEW_ACCEPT iter=3241 entering=16822 row=13889 pivot=1.095 norm=1.0514921830194059e8 quality=JSimplex.SolveQuality{Float64}(1.7024906243878605e-8, 0.5102040816326531, true, false) correction_norm=9.351422542180023e-8 pivot_correction=-0.0
NEW_ACCEPT iter=3242 entering=16823 row=13889 pivot=0.2276867030821918 norm=8.120813945510206e7 quality=JSimplex.SolveQuality{Float64}(1.30385160446167e-8, 1.0, true, false) correction_norm=4.9364185524936374e-8 pivot_correction=-8.907658097717168e-18
NEW_ACCEPT iter=3245 entering=16825 row=10873 pivot=0.27472527465753427 norm=7.626207042391494e7 quality=JSimplex.SolveQuality{Float64}(1.0417529605900114e-8, 1.0, true, false) correction_norm=3.672203710334908e-8 pivot_correction=5.1642166867329815e-18
NEW_ACCEPT iter=3246 entering=26303 row=5003 pivot=-1.0 norm=1.0514924043405473e8 quality=JSimplex.SolveQuality{Float64}(2.1060445619789933e-8, 0.5102040816326531, true, false) correction_norm=4.7540109360335054e-8 pivot_correction=-0.0
NEW_ACCEPT iter=3249 entering=11032 row=3807 pivot=0.27472527465753427 norm=7.626208647577794e7 quality=JSimplex.SolveQuality{Float64}(1.210719347000122e-8, 1.0000000000000002, true, false) correction_norm=3.095139356232948e-8 pivot_correction=5.1642166867329815e-18
NEW_ACCEPT iter=3250 entering=10723 row=4915 pivot=3.640000000897534 norm=2.7759391003933686e8 quality=JSimplex.SolveQuality{Float64}(6.332993507385254e-8, 1.0, true, false) correction_norm=1.241904765761806e-7 pivot_correction=-2.8438512313068144e-16
NEW_ACCEPT iter=3262 entering=10679 row=9157 pivot=1.0 norm=7.626207042391495e7 quality=JSimplex.SolveQuality{Float64}(1.3662853146525123e-8, 1.0, true, false) correction_norm=2.650548304432382e-8 pivot_correction=-0.0
NEW_ACCEPT iter=3265 entering=10591 row=9135 pivot=1.825 norm=2.751383237706469e8 quality=JSimplex.SolveQuality{Float64}(5.21540641784668e-8, 0.5102040816326531, true, false) correction_norm=1.1726117369270737e-7 pivot_correction=-0.0
NEW_ACCEPT iter=3268 entering=10899 row=9190 pivot=1.825 norm=2.75138323770647e8 quality=JSimplex.SolveQuality{Float64}(3.353816782586792e-8, 0.5102040816326531, true, false) correction_norm=1.5272699160203228e-7 pivot_correction=-0.0
NEW_ACCEPT iter=3270 entering=10943 row=9201 pivot=1.825 norm=2.75138323770647e8 quality=JSimplex.SolveQuality{Float64}(3.353816782586792e-8, 0.5102040816326531, true, false) correction_norm=1.5272699160203228e-7 pivot_correction=-0.0
NEW_ACCEPT iter=3272 entering=11119 row=9234 pivot=1.825 norm=2.75138323770647e8 quality=JSimplex.SolveQuality{Float64}(3.353816782586792e-8, 0.5102040816326531, true, false) correction_norm=1.5272699160203228e-7 pivot_correction=-0.0
NEW_ACCEPT iter=3274 entering=11030 row=12237 pivot=0.249316939875 norm=1.0421906199890408e8 quality=JSimplex.SolveQuality{Float64}(1.654102110674358e-8, 0.510204081632653, true, false) correction_norm=2.7415345144404065e-8 pivot_correction=-0.0
NEW_ACCEPT iter=3284 entering=10811 row=9179 pivot=3.640000000897534 norm=2.75138323770647e8 quality=JSimplex.SolveQuality{Float64}(3.353816782586792e-8, 0.5102040816326531, true, false) correction_norm=1.5272699160203228e-7 pivot_correction=-2.8438512313068144e-16
NEW_ACCEPT iter=3293 entering=10767 row=9168 pivot=3.6400000008975337 norm=2.748344417064146e8 quality=JSimplex.SolveQuality{Float64}(5.3954937940435845e-8, 0.9999999999999999, true, false) correction_norm=2.1769004868115687e-7 pivot_correction=1.5970408671938115e-16
NEW_ACCEPT iter=3294 entering=10635 row=9146 pivot=1.8243184395586542 norm=2.742081674676105e8 quality=JSimplex.SolveQuality{Float64}(3.6532009621204175e-8, 1.0, true, false) correction_norm=1.0485249668266408e-7 pivot_correction=-6.579842259017489e-17
NEW_ACCEPT iter=3301 entering=1386 row=15212 pivot=-0.03304175262854485 norm=6.027893176803227e6 quality=JSimplex.SolveQuality{Float64}(9.159292401202386e-10, 1.0, true, false) correction_norm=2.4412347310157208e-9 pivot_correction=5.735018972948467e-19
NEW_ACCEPT iter=3302 entering=10990 row=4993 pivot=1.0 norm=1.8243261017563933e8 quality=JSimplex.SolveQuality{Float64}(1.8832545198446245e-8, 1.0, true, false) correction_norm=8.529481210442691e-8 pivot_correction=-0.0
NEW_ACCEPT iter=3303 entering=11034 row=5004 pivot=1.0 norm=1.8243261017563933e8 quality=JSimplex.SolveQuality{Float64}(1.8832545198446245e-8, 1.0, true, false) correction_norm=8.529481210442691e-8 pivot_correction=-0.0
NEW_ACCEPT iter=3304 entering=26293 row=66 pivot=1.136363636 norm=1.8243261017563933e8 quality=JSimplex.SolveQuality{Float64}(1.8832545198446245e-8, 1.0, true, false) correction_norm=8.529481210442691e-8 pivot_correction=-0.0
NEW_ACCEPT iter=3305 entering=26304 row=77 pivot=1.136363636 norm=1.8243261017563933e8 quality=JSimplex.SolveQuality{Float64}(1.8832545198446245e-8, 1.0, true, false) correction_norm=8.529481210442691e-8 pivot_correction=-0.0
NEW_ACCEPT iter=3306 entering=24309 row=16365 pivot=-0.52800000016896 norm=1.6054069700593564e8 quality=JSimplex.SolveQuality{Float64}(1.471360362245574e-8, 1.0, true, false) correction_norm=8.172001619853585e-8 pivot_correction=6.269763157558617e-18
NEW_ACCEPT iter=3307 entering=24320 row=19703 pivot=0.5661333335144959 norm=5.3513565668645203e8 quality=JSimplex.SolveQuality{Float64}(4.6335821622615325e-8, 1.0, true, false) correction_norm=2.1292000936676207e-7 pivot_correction=9.209713846307973e-17
NEW_ACCEPT iter=3316 entering=26326 row=5025 pivot=-1.7399697375333316 norm=1.7080607595201042e9 quality=JSimplex.SolveQuality{Float64}(3.195605086925083e-7, 0.510204081632653, true, false) correction_norm=1.2770585780892867e-6 pivot_correction=-5.609421470405171e-16
NEW_ACCEPT iter=3319 entering=11118 row=5026 pivot=-0.5747226393820216 norm=9.81661187936255e8 quality=JSimplex.SolveQuality{Float64}(1.2232108727610481e-7, 1.0, true, false) correction_norm=4.212564302388442e-7 pivot_correction=4.0906803640206725e-17
NEW_ACCEPT iter=3320 entering=11122 row=12259 pivot=0.4338039304369173 norm=1.7080607595201054e9 quality=JSimplex.SolveQuality{Float64}(2.1304928948456032e-7, 1.0, true, false) correction_norm=9.29722111815439e-7 pivot_correction=3.262939263803292e-17
NEW_ACCEPT iter=3323 entering=1410 row=9212 pivot=0.008081354190611602 norm=4.311656902496626e7 quality=JSimplex.SolveQuality{Float64}(4.665391429061599e-9, 0.9999999999999999, true, false) correction_norm=2.203413175883768e-8 pivot_correction=-1.1924872607826619e-18
NEW_ACCEPT iter=3341 entering=11120 row=12238 pivot=0.3814199406525511 norm=2.296125454111329e9 quality=JSimplex.SolveQuality{Float64}(5.689745137279437e-7, 1.0, true, false) correction_norm=1.1728914523997141e-6 pivot_correction=1.8844535574264224e-16
NEW_ACCEPT iter=3343 entering=11035 row=19693 pivot=0.1444413872218484 norm=1.5008732128916347e9 quality=JSimplex.SolveQuality{Float64}(1.4845225147357453e-7, 1.0, true, false) correction_norm=7.200210707748518e-7 pivot_correction=-7.038776560649085e-17
NEW_ACCEPT iter=3344 entering=26315 row=5015 pivot=-1.0 norm=2.059775009549376e10 quality=JSimplex.SolveQuality{Float64}(3.0361335786907817e-6, 0.5560864701267471, true, false) correction_norm=8.086679777520739e-6 pivot_correction=-0.0
NEW_ACCEPT iter=3345 entering=11078 row=19692 pivot=0.6623278105610003 norm=2.0597750095493755e10 quality=JSimplex.SolveQuality{Float64}(3.0361335786907817e-6, 1.0, true, false) correction_norm=1.6794066484885904e-5 pivot_correction=-1.112897707494012e-16
NEW_ACCEPT iter=3350 entering=50528 row=4926 pivot=-0.5263157894736843 norm=5.5341693843126625e7 quality=JSimplex.SolveQuality{Float64}(5.562645113257279e-9, 1.0, true, false) correction_norm=3.856990626951169e-8 pivot_correction=5.720262675353993e-17
NEW_ACCEPT iter=3351 entering=1398 row=12260 pivot=0.0009216511140773642 norm=4.911370128337089e7 quality=JSimplex.SolveQuality{Float64}(6.2478847261608115e-9, 1.0000000000000002, true, false) correction_norm=3.8886129972386604e-8 pivot_correction=1.963440500591485e-19
NEW_ACCEPT iter=3354 entering=11123 row=12249 pivot=0.01980873495850279 norm=1.3285805792317503e10 quality=JSimplex.SolveQuality{Float64}(1.7368929732803402e-6, 1.0, true, false) correction_norm=3.297886012970816e-5 pivot_correction=-1.8870741370245767e-17
NEW_ACCEPT iter=3366 entering=11031 row=23673 pivot=13.864555012274824 norm=2.5935265726127605e9 quality=JSimplex.SolveQuality{Float64}(5.147729600356523e-7, 0.5102040816326532, true, false) correction_norm=2.2026772672821254e-6 pivot_correction=2.9229140450759535e-14
NEW_ACCEPT iter=3367 entering=54843 row=12249 pivot=-0.00252159907839671 norm=4.316275171051571e6 quality=JSimplex.SolveQuality{Float64}(5.414077625084969e-10, 1.0, true, false) correction_norm=2.0912898031948677e-9 pivot_correction=5.937795395838828e-19
NEW_ACCEPT iter=3368 entering=53889 row=17579 pivot=-0.9905080960357343 norm=1.0493086820926763e8 quality=JSimplex.SolveQuality{Float64}(1.1851123039174729e-8, 1.0, true, false) correction_norm=6.023661466558048e-8 pivot_correction=2.939292805404739e-17
NEW_ACCEPT iter=3369 entering=46446 row=12238 pivot=4.102589624994543 norm=6.93143682935877e9 quality=JSimplex.SolveQuality{Float64}(6.949037273538073e-7, 0.6858660482341004, true, false) correction_norm=4.343788280496391e-6 pivot_correction=9.634038938848237e-16
NEW_ACCEPT iter=3370 entering=6486 row=23674 pivot=0.7553965200000001 norm=4.556865037794602e8 quality=JSimplex.SolveQuality{Float64}(6.051645683818571e-8, 1.0, true, false) correction_norm=9.590614909659345e-7 pivot_correction=-1.1102230246251565e-16
NEW_ACCEPT iter=3371 entering=11079 row=23673 pivot=63.18768251557185 norm=2.885342594657338e11 quality=JSimplex.SolveQuality{Float64}(4.182556536545336e-5, 1.0, true, false) correction_norm=0.0006583049615446031 pivot_correction=-1.723587331088109e-13
NEW_ACCEPT iter=3380 entering=11120 row=12238 pivot=0.06514278335250683 norm=1.9651717816486235e9 quality=JSimplex.SolveQuality{Float64}(3.7458363148129735e-7, 1.0, true, false) correction_norm=1.2963396908293284e-6 pivot_correction=8.077499263083355e-17
NEW_ACCEPT iter=3382 entering=11123 row=2578 pivot=0.00974949551763936 norm=7.521180239997853e9 quality=JSimplex.SolveQuality{Float64}(9.139068416537804e-7, 1.0, true, false) correction_norm=6.265252538003369e-6 pivot_correction=8.038106522688825e-16
NEW_ACCEPT iter=3383 entering=11075 row=9235 pivot=2.359735736017699 norm=5.4879490681504585e10 quality=JSimplex.SolveQuality{Float64}(1.2497797538963608e-5, 1.0, true, false) correction_norm=4.5909938474513464e-5 pivot_correction=1.603240226746158e-14
NEW_ACCEPT iter=3384 entering=22325 row=9234 pivot=4.221369362087218 norm=9.95319688396278e11 quality=JSimplex.SolveQuality{Float64}(0.00011240767851754721, 1.0, true, false) correction_norm=0.002965992611342568 pivot_correction=-3.1194914517187455e-14
NEW_ACCEPT iter=3385 entering=11031 row=12260 pivot=124.33290628781484 norm=2.4984681361126526e10 quality=JSimplex.SolveQuality{Float64}(2.2555651673398563e-6, 1.0, true, false) correction_norm=5.3402998714486146e-5 pivot_correction=8.348905177616756e-13
NEW_ACCEPT iter=3386 entering=6487 row=23670 pivot=0.75539652 norm=1.5179683252811015e8 quality=JSimplex.SolveQuality{Float64}(2.865535954064196e-8, 1.0, true, false) correction_norm=7.829077508742396e-6 pivot_correction=-0.0
NEW_ACCEPT iter=3387 entering=6488 row=23671 pivot=1.5107930400000003 norm=3.035936650562203e8 quality=JSimplex.SolveQuality{Float64}(5.731071908128392e-8, 1.0, true, false) correction_norm=1.5658155017484792e-5 pivot_correction=-2.220446049250313e-16
NEW_ACCEPT iter=3388 entering=6493 row=23676 pivot=1.51079304 norm=3.035936650562205e8 quality=JSimplex.SolveQuality{Float64}(6.269054443490637e-8, 1.0, true, false) correction_norm=1.5777364307035593e-5 pivot_correction=0.0
NEW_ACCEPT iter=3389 entering=6479 row=23662 pivot=1.525342816 norm=4.2503113107870855e9 quality=JSimplex.SolveQuality{Float64}(4.12625128623185e-7, 1.0, true, false) correction_norm=0.00022124072816715064 pivot_correction=0.0
NEW_ACCEPT iter=3390 entering=23792 row=9224 pivot=5.49169494115213 norm=6.0718733006386635e10 quality=JSimplex.SolveQuality{Float64}(7.998972530674335e-6, 1.0, true, false) correction_norm=0.003190465726265901 pivot_correction=-2.8890677432474333e-13
NEW_ACCEPT iter=3400 entering=43421 row=9224 pivot=4.016403461947708 norm=6.10920299133378e8 quality=JSimplex.SolveQuality{Float64}(0.0001458674669265747, 1.0000000000000002, true, false) correction_norm=0.00026042464235619253 pivot_correction=-9.856570044890914e-14
NEW_ACCEPT iter=3404 entering=11119 row=12238 pivot=2.182563974538474 norm=2.775939903491709e8 quality=JSimplex.SolveQuality{Float64}(0.0004711025538573253, 1.0, true, false) correction_norm=0.0011422993367703033 pivot_correction=-9.649309662838028e-14
NEW_ACCEPT iter=3406 entering=51765 row=17579 pivot=-0.9999999999999183 norm=9.795111445856339e7 quality=JSimplex.SolveQuality{Float64}(7.582083344459534e-5, 1.0, true, false) correction_norm=0.0003354235379169191 pivot_correction=-8.167078124898708e-14
NEW_ACCEPT iter=3413 entering=11080 row=2578 pivot=3.979655459686804 norm=1.5904408567024174e10 quality=JSimplex.SolveQuality{Float64}(1.4652473853455918e-6, 1.0, true, false) correction_norm=7.115359073335393e-6 pivot_correction=-3.0214844175562974e-15
NEW_ACCEPT iter=3418 entering=53879 row=2604 pivot=-0.7090916687056065 norm=2.1532962138071153e8 quality=JSimplex.SolveQuality{Float64}(2.024125786037097e-8, 1.0, true, false) correction_norm=1.8258253580473828e-7 pivot_correction=9.26054122454121e-17
NEW_ACCEPT iter=3419 entering=23792 row=12161 pivot=0.17950819669563936 norm=3.014611469400182e8 quality=JSimplex.SolveQuality{Float64}(5.6943185529116804e-8, 1.0000000000000002, true, false) correction_norm=2.2437363113879038e-7 pivot_correction=-7.871429517026167e-18
NEW_ACCEPT iter=3420 entering=10596 row=2604 pivot=1.4658125382426939 norm=1.1502638388652402e8 quality=JSimplex.SolveQuality{Float64}(1.8064011209626816e-8, 1.0000000000000002, true, false) correction_norm=4.666885956037941e-8 pivot_correction=1.3372305302944407e-16
NEW_ACCEPT iter=3421 entering=10595 row=9136 pivot=1.8059967959297776 norm=4.1433627512522316e8 quality=JSimplex.SolveQuality{Float64}(7.749954961286799e-8, 1.0, true, false) correction_norm=3.281807493503407e-7 pivot_correction=-6.939976909773179e-17
NEW_ACCEPT iter=3422 entering=26260 row=16354 pivot=-1.9 norm=4.186960374501874e8 quality=JSimplex.SolveQuality{Float64}(1.0308009289661265e-7, 0.7432716676567626, true, false) correction_norm=4.002083734971106e-7 pivot_correction=-0.0
NEW_ACCEPT iter=3423 entering=26205 row=12172 pivot=0.249316939875 norm=4.1869603745018744e8 quality=JSimplex.SolveQuality{Float64}(5.499252515630858e-8, 0.7843846445754458, true, false) correction_norm=2.3868807622807806e-7 pivot_correction=-0.0
NEW_ACCEPT iter=3425 entering=26227 row=16343 pivot=-1.9 norm=4.1869603745018744e8 quality=JSimplex.SolveQuality{Float64}(5.499252515630858e-8, 0.7843846445754458, true, false) correction_norm=2.3868807622807806e-7 pivot_correction=-0.0
NEW_ACCEPT iter=3426 entering=26282 row=55 pivot=1.136363636 norm=4.186960374501874e8 quality=JSimplex.SolveQuality{Float64}(7.077321103799503e-8, 0.9999999999999998, true, false) correction_norm=4.0020837349711017e-7 pivot_correction=-0.0
NEW_ACCEPT iter=3427 entering=21865 row=9136 pivot=0.267093730878653 norm=3.036696535636635e8 quality=JSimplex.SolveQuality{Float64}(5.090209735481674e-8, 0.5102040816326531, true, false) correction_norm=2.0507659985901548e-7 pivot_correction=-1.6435934126405703e-17
NEW_ACCEPT iter=3428 entering=26271 row=17569 pivot=-1.9285686736845533 norm=4.3065924276142305e8 quality=JSimplex.SolveQuality{Float64}(4.048251572074194e-8, 1.0, true, false) correction_norm=3.68146030329709e-7 pivot_correction=1.3784729006680804e-16
NEW_ACCEPT iter=3429 entering=53879 row=23673 pivot=0.19500583605566277 norm=2.233051115253486e8 quality=JSimplex.SolveQuality{Float64}(2.2012804118031285e-8, 1.0, true, false) correction_norm=3.746777140742465e-7 pivot_correction=1.2696599047995037e-17
NEW_ACCEPT iter=3430 entering=49398 row=9213 pivot=-1.3517246616181644 norm=4.3375763104995733e8 quality=JSimplex.SolveQuality{Float64}(6.02577199489828e-8, 1.0, true, false) correction_norm=2.561948300801126e-7 pivot_correction=-7.622834514526057e-16
NEW_ACCEPT iter=3431 entering=26249 row=24 pivot=1.136363636 norm=6.164504223799934e8 quality=JSimplex.SolveQuality{Float64}(9.591348148845983e-8, 1.0, true, false) correction_norm=5.322585595595543e-7 pivot_correction=-0.0
NEW_ACCEPT iter=3432 entering=24148 row=4949 pivot=-0.8800000002816 norm=5.424763718679867e8 quality=JSimplex.SolveQuality{Float64}(6.660504984378542e-8, 1.0, true, false) correction_norm=4.721199676579185e-7 pivot_correction=-2.2116936803494858e-17
NEW_ACCEPT iter=3433 entering=10814 row=12205 pivot=0.249316939875 norm=6.164504223799934e8 quality=JSimplex.SolveQuality{Float64}(9.591348148845983e-8, 1.0, true, false) correction_norm=5.322585595595546e-7 pivot_correction=-0.0
NEW_ACCEPT iter=3435 entering=10815 row=9180 pivot=1.8249999999999997 norm=6.164504223799934e8 quality=JSimplex.SolveQuality{Float64}(9.591348148845983e-8, 1.0, true, false) correction_norm=5.322585595595546e-7 pivot_correction=2.220446049250313e-16
NEW_ACCEPT iter=3436 entering=26216 row=4916 pivot=-1.0 norm=6.164504223799934e8 quality=JSimplex.SolveQuality{Float64}(9.591348148845983e-8, 1.0, true, false) correction_norm=5.322585595595546e-7 pivot_correction=-0.0
NEW_ACCEPT iter=3437 entering=10682 row=12183 pivot=0.249316939875 norm=6.16450422379994e8 quality=JSimplex.SolveQuality{Float64}(7.940376615571908e-8, 1.0, true, false) correction_norm=1.0596092162590855e-6 pivot_correction=-0.0
NEW_ACCEPT iter=3439 entering=10683 row=9158 pivot=1.825 norm=6.16450422379994e8 quality=JSimplex.SolveQuality{Float64}(7.940376615571908e-8, 1.0, true, false) correction_norm=1.0596092162590855e-6 pivot_correction=-0.0
NEW_ACCEPT iter=3440 entering=26238 row=4938 pivot=-1.0 norm=5.856279012609941e8 quality=JSimplex.SolveQuality{Float64}(1.043081283569336e-7, 1.0000000000000002, true, false) correction_norm=1.2065710231406535e-6 pivot_correction=-0.0
NEW_ACCEPT iter=3441 entering=10770 row=12194 pivot=0.249316939875 norm=5.856279012609938e8 quality=JSimplex.SolveQuality{Float64}(4.483480074594602e-8, 1.0, true, false) correction_norm=5.149044426649275e-7 pivot_correction=-0.0
NEW_ACCEPT iter=3443 entering=10771 row=9169 pivot=1.825 norm=5.856279012609938e8 quality=JSimplex.SolveQuality{Float64}(4.483480074594602e-8, 1.0, true, false) correction_norm=5.149044426649275e-7 pivot_correction=-0.0
NEW_ACCEPT iter=3444 entering=53889 row=17579 pivot=-0.6645633026112079 norm=3.0039980427377386e9 quality=JSimplex.SolveQuality{Float64}(4.834988776882614e-7, 1.0, true, false) correction_norm=1.4382187294576414e-6 pivot_correction=-5.740118234649493e-16
NEW_ACCEPT iter=3445 entering=10639 row=9147 pivot=1.825 norm=9.588427521223942e8 quality=JSimplex.SolveQuality{Float64}(1.1541536491714727e-7, 1.0, true, false) correction_norm=1.4012653422465483e-6 pivot_correction=-0.0
NEW_ACCEPT iter=3446 entering=24298 row=12227 pivot=0.21939890716020766 norm=8.437816221377169e8 quality=JSimplex.SolveQuality{Float64}(1.9726011621741632e-7, 1.0, true, false) correction_norm=1.1117558367297377e-6 pivot_correction=-4.7189091672880805e-18
NEW_ACCEPT iter=3450 entering=10947 row=9202 pivot=1.8249999999999997 norm=9.588427521223942e8 quality=JSimplex.SolveQuality{Float64}(1.1541536491714727e-7, 1.0, true, false) correction_norm=1.4012653422465483e-6 pivot_correction=2.220446049250313e-16
NEW_ACCEPT iter=3451 entering=46446 row=12260 pivot=7.087951669424847 norm=3.2415264799429638e10 quality=JSimplex.SolveQuality{Float64}(4.7469105997000865e-6, 1.0, true, false) correction_norm=3.1219336628417667e-5 pivot_correction=-9.346681346118366e-15
NEW_ACCEPT iter=3457 entering=11120 row=23673 pivot=0.21602201936927548 norm=1.9681780581280084e9 quality=JSimplex.SolveQuality{Float64}(3.8743019104003906e-7, 1.0, true, false) correction_norm=1.0792132939185873e-6 pivot_correction=-2.762510564517429e-18
NEW_ACCEPT iter=3461 entering=46413 row=12227 pivot=4.557907844407758 norm=6.606801954030529e8 quality=JSimplex.SolveQuality{Float64}(8.464819016193758e-8, 1.0, true, false) correction_norm=3.2742961338778093e-7 pivot_correction=4.477533289209879e-16
NEW_ACCEPT iter=3462 entering=43333 row=9147 pivot=0.547945205479452 norm=9.025685728981161e7 quality=JSimplex.SolveQuality{Float64}(1.1993399640906141e-8, 1.0, true, false) correction_norm=2.7345749657166705e-8 pivot_correction=4.375057894000429e-17
NEW_ACCEPT iter=3463 entering=10726 row=4927 pivot=1.0526315789473684 norm=1.73388173214638e8 quality=JSimplex.SolveQuality{Float64}(2.36466550919887e-8, 1.0, true, false) correction_norm=9.266718257514583e-8 pivot_correction=6.381475834064265e-17
NEW_ACCEPT iter=3464 entering=10859 row=4949 pivot=1.136363636 norm=1.73388173214638e8 quality=JSimplex.SolveQuality{Float64}(2.36466550919887e-8, 0.9216583080534742, true, false) correction_norm=9.266718257514583e-8 pivot_correction=0.0
NEW_ACCEPT iter=3465 entering=43399 row=9213 pivot=-0.4904966278114083 norm=9.025685728981161e7 quality=JSimplex.SolveQuality{Float64}(1.2890037199843216e-8, 1.0, true, false) correction_norm=7.204923323870966e-8 pivot_correction=3.3776893452802005e-17
NEW_ACCEPT iter=3466 entering=43355 row=4938 pivot=0.547945205479452 norm=1.0082803715545772e8 quality=JSimplex.SolveQuality{Float64}(1.4901161193847656e-8, 1.0, true, false) correction_norm=2.4678724814252382e-8 pivot_correction=4.375057894000429e-17
NEW_ACCEPT iter=3467 entering=51755 row=43 pivot=0.7462686565000001 norm=9.200558390435517e7 quality=JSimplex.SolveQuality{Float64}(1.6516093152919524e-8, 0.5102040816326531, true, false) correction_norm=5.054217247232757e-8 pivot_correction=-1.0454945367343455e-16
NEW_ACCEPT iter=3469 entering=10595 row=12161 pivot=3.6666666682065747 norm=4.857894831801516e8 quality=JSimplex.SolveQuality{Float64}(9.189406946413753e-8, 1.0, true, false) correction_norm=1.3670265128004856e-7 pivot_correction=1.762992097508071e-17
NEW_ACCEPT iter=3470 entering=46358 row=4905 pivot=4.051473640364888 norm=7.380612320244588e8 quality=JSimplex.SolveQuality{Float64}(8.940696716308594e-8, 1.0, true, false) correction_norm=3.0587086712402187e-7 pivot_correction=-2.6652003989602057e-16
NEW_ACCEPT iter=3471 entering=50529 row=4927 pivot=-0.5 norm=8.522622511762246e7 quality=JSimplex.SolveQuality{Float64}(9.409342660046055e-9, 0.9999999999999999, true, false) correction_norm=4.325764503352984e-8 pivot_correction=-2.0816681711721688e-17
NEW_ACCEPT iter=3472 entering=50540 row=16964 pivot=-1.0105263157894735 norm=9.684798305721596e7 quality=JSimplex.SolveQuality{Float64}(1.9419500405643834e-8, 1.0, true, false) correction_norm=5.5034816083351e-8 pivot_correction=-1.9916355422361532e-16
NEW_ACCEPT iter=3476 entering=1398 row=12260 pivot=0.0028076254865537983 norm=8.508901860571335e7 quality=JSimplex.SolveQuality{Float64}(1.2729195724022244e-8, 1.0, true, false) correction_norm=4.6879889132007406e-8 pivot_correction=2.7630529776505796e-18
NEW_ACCEPT iter=3478 entering=11123 row=12248 pivot=0.1599608703535327 norm=7.5558986899576e9 quality=JSimplex.SolveQuality{Float64}(1.5450350887070928e-6, 1.0, true, false) correction_norm=1.6426436693358634e-5 pivot_correction=-4.28172886443518e-16
NEW_ACCEPT iter=3479 entering=11076 row=9235 pivot=0.27472527465753427 norm=8.541353546994154e9 quality=JSimplex.SolveQuality{Float64}(1.0675861247538566e-6, 1.0, true, false) correction_norm=5.266270664471551e-6 pivot_correction=5.1642166867329815e-18
NEW_ACCEPT iter=3480 entering=1397 row=23676 pivot=0.2798883045676892 norm=4.9108846080249354e7 quality=JSimplex.SolveQuality{Float64}(4.753359978033028e-9, 1.0, true, false) correction_norm=3.242793855082343e-8 pivot_correction=-1.2227155528475256e-16
NEW_ACCEPT iter=3483 entering=10726 row=4927 pivot=-1.9 norm=2.51154329806771e8 quality=JSimplex.SolveQuality{Float64}(3.6667056038949756e-8, 1.0, true, false) correction_norm=1.4110508991003234e-7 pivot_correction=-0.0
NEW_ACCEPT iter=3484 entering=51150 row=16964 pivot=-1.0000000000000002 norm=1.5021191969282398e8 quality=JSimplex.SolveQuality{Float64}(2.39359055602434e-8, 0.5102040816326531, true, false) correction_norm=1.0238487183086963e-7 pivot_correction=2.2898349882893854e-16
NEW_ACCEPT iter=3485 entering=6485 row=23670 pivot=1.0090420882531999 norm=8.852262097385307e7 quality=JSimplex.SolveQuality{Float64}(1.1391637705546121e-8, 1.0, true, false) correction_norm=3.561001227780241e-8 pivot_correction=-9.230724223773818e-17
NEW_ACCEPT iter=3487 entering=57857 row=23671 pivot=0.6619040288933288 norm=1.161368393903655e8 quality=JSimplex.SolveQuality{Float64}(1.6493245689030978e-8, 1.0, true, false) correction_norm=7.40659965370905e-8 pivot_correction=-2.6642394247653753e-17
NEW_ACCEPT iter=3489 entering=24148 row=4916 pivot=0.26243888407894733 norm=2.6437297874396932e8 quality=JSimplex.SolveQuality{Float64}(3.725290298461914e-8, 0.5102040816326531, true, false) correction_norm=2.503833068254416e-7 pivot_correction=4.224476922410422e-17
NEW_ACCEPT iter=3492 entering=49365 row=4959 pivot=-1.825 norm=2.511543298067708e8 quality=JSimplex.SolveQuality{Float64}(5.195115694645492e-8, 1.0, true, false) correction_norm=1.6520069958676007e-7 pivot_correction=6.828222839709617e-33
NEW_ACCEPT iter=3493 entering=10727 row=9158 pivot=1.825 norm=2.5115432980677098e8 quality=JSimplex.SolveQuality{Float64}(2.60770320892334e-8, 0.9999999999999999, true, false) correction_norm=1.6520069958676018e-7 pivot_correction=-0.0
NEW_ACCEPT iter=3495 entering=22327 row=4905 pivot=0.24674296397493922 norm=2.4864278653356752e8 quality=JSimplex.SolveQuality{Float64}(2.60770320892334e-8, 1.0, true, false) correction_norm=1.2231255200038983e-7 pivot_correction=3.052381131855336e-17
NEW_ACCEPT iter=3500 entering=26238 row=9224 pivot=0.48417145192561695 norm=2.28385183468855e8 quality=JSimplex.SolveQuality{Float64}(2.9802322387695312e-8, 1.0, true, false) correction_norm=9.72198052974795e-8 pivot_correction=-2.3719731908171717e-17
NEW_ACCEPT iter=3501 entering=51765 row=17579 pivot=-0.9190476190476189 norm=4.304290950787962e8 quality=JSimplex.SolveQuality{Float64}(4.4983485187277806e-8, 1.0000000000000002, true, false) correction_norm=2.2029191033953248e-7 pivot_correction=-2.137619887095738e-16
NEW_ACCEPT iter=3502 entering=11124 row=4938 pivot=0.7575450027462387 norm=6.793540122244849e8 quality=JSimplex.SolveQuality{Float64}(1.2496511801719473e-7, 1.0, true, false) correction_norm=5.572070244966912e-7 pivot_correction=9.053619147747416e-17
NEW_ACCEPT iter=3503 entering=23792 row=12161 pivot=0.27272727261273416 norm=1.6098002522658712e8 quality=JSimplex.SolveQuality{Float64}(1.4464963173681342e-8, 1.0000000000000002, true, false) correction_norm=1.623913867956731e-7 pivot_correction=-5.12691261814144e-17
NEW_ACCEPT iter=3504 entering=53889 row=17579 pivot=-0.9789749273233255 norm=1.1179168419407329e8 quality=JSimplex.SolveQuality{Float64}(1.3626142129829693e-8, 1.0, true, false) correction_norm=7.436076649486293e-8 pivot_correction=-1.8243173953874417e-16
NEW_ACCEPT iter=3505 entering=49398 row=9213 pivot=-1.559704511853099 norm=2.2838518346885493e8 quality=JSimplex.SolveQuality{Float64}(2.9802322387695312e-8, 1.0, true, false) correction_norm=9.721980529747944e-8 pivot_correction=3.9446214847794506e-16
NEW_ACCEPT iter=3506 entering=10639 row=9147 pivot=1.825 norm=2.672320023845113e8 quality=JSimplex.SolveQuality{Float64}(2.9802322387695312e-8, 1.0, true, false) correction_norm=1.5072945178777002e-7 pivot_correction=-0.0
NEW_ACCEPT iter=3507 entering=53879 row=23584 pivot=10.974905226909014 norm=1.4948290133383602e10 quality=JSimplex.SolveQuality{Float64}(2.2110449930898174e-6, 1.0, true, false) correction_norm=8.84269632217957e-6 pivot_correction=4.106927724091229e-15
NEW_ACCEPT iter=3514 entering=11031 row=12238 pivot=1.0 norm=2.590877243227074e9 quality=JSimplex.SolveQuality{Float64}(3.4556535622853524e-7, 0.9455523500178487, true, false) correction_norm=8.012276599932377e-7 pivot_correction=0.0
NEW_ACCEPT iter=3516 entering=24388 row=5111 pivot=0.840000000336 norm=9.253131213531773e7 quality=JSimplex.SolveQuality{Float64}(1.2314384515564732e-8, 1.0, true, false) correction_norm=2.1772419968281802e-8 pivot_correction=-6.260484647295e-18
NEW_ACCEPT iter=3517 entering=26760 row=9303 pivot=0.50137362625 norm=1.1015632392655385e8 quality=JSimplex.SolveQuality{Float64}(2.0150536034338528e-8, 1.0, true, false) correction_norm=4.5635595817970075e-8 pivot_correction=-0.0
NEW_ACCEPT iter=3518 entering=11448 row=1784 pivot=1.095 norm=1.1015632392655385e8 quality=JSimplex.SolveQuality{Float64}(2.0150536034338528e-8, 1.0, true, false) correction_norm=4.263046863617022e-8 pivot_correction=-0.0
NEW_ACCEPT iter=3519 entering=11449 row=1784 pivot=0.2276867030821918 norm=8.507519370806284e7 quality=JSimplex.SolveQuality{Float64}(1.6989468664950077e-8, 0.9540631730897808, true, false) correction_norm=2.475276276569925e-8 pivot_correction=-8.907658097717168e-18
NEW_ACCEPT iter=3520 entering=3180 row=15992 pivot=-0.01354170186434413 norm=3.559748414334427e6 quality=JSimplex.SolveQuality{Float64}(6.198929358120415e-10, 1.0, true, false) correction_norm=1.5812781500400612e-9 pivot_correction=-1.2904309243418967e-18
NEW_ACCEPT iter=3521 entering=16826 row=6875 pivot=1.0 norm=2.6287304579547673e8 quality=JSimplex.SolveQuality{Float64}(5.630876330044807e-8, 0.5690936144774139, true, false) correction_norm=1.471155972850985e-7 pivot_correction=-0.0
NEW_ACCEPT iter=3524 entering=29244 row=1354 pivot=1.136363636 norm=2.6287304579547673e8 quality=JSimplex.SolveQuality{Float64}(3.916319318745864e-8, 0.5690936144774139, true, false) correction_norm=1.471155972850985e-7 pivot_correction=-0.0
NEW_ACCEPT iter=3525 entering=24529 row=13890 pivot=0.6886000002203518 norm=2.3132828037404463e8 quality=JSimplex.SolveQuality{Float64}(3.658855368835919e-8, 1.0, true, false) correction_norm=1.1971487283471264e-7 pivot_correction=1.3263647083929265e-16
NEW_ACCEPT iter=3526 entering=16828 row=10874 pivot=0.9503993610223642 norm=3.67854294116354e8 quality=JSimplex.SolveQuality{Float64}(3.979555697900088e-8, 1.0, true, false) correction_norm=1.8245742186635104e-7 pivot_correction=-5.5320200441059564e-17
NEW_ACCEPT iter=3528 entering=54843 row=4904 pivot=-0.024098360657943414 norm=1.1808086643099997e7 quality=JSimplex.SolveQuality{Float64}(1.2353719643354017e-9, 1.0, true, false) correction_norm=6.259358447911098e-9 pivot_correction=1.3756992460824229e-18
NEW_ACCEPT iter=3534 entering=10592 row=4893 pivot=0.7252747253424657 norm=1.3461413527269596e8 quality=JSimplex.SolveQuality{Float64}(1.622482461965356e-8, 0.5102040816326531, true, false) correction_norm=6.112090851241866e-8 pivot_correction=-5.164216686732982e-18
NEW_ACCEPT iter=3535 entering=10900 row=4970 pivot=0.7252747253424657 norm=1.3461413527269596e8 quality=JSimplex.SolveQuality{Float64}(1.622482461965356e-8, 0.5102040816326531, true, false) correction_norm=6.112090851241866e-8 pivot_correction=-5.164216686732982e-18
NEW_ACCEPT iter=3536 entering=10944 row=4981 pivot=0.7252747253424657 norm=1.3461413527269596e8 quality=JSimplex.SolveQuality{Float64}(1.622482461965356e-8, 0.5102040816326531, true, false) correction_norm=6.112090851241866e-8 pivot_correction=-5.164216686732982e-18
NEW_ACCEPT iter=3537 entering=10766 row=12193 pivot=1.0 norm=1.6008151435214695e8 quality=JSimplex.SolveQuality{Float64}(2.2351741790771484e-8, 1.0, true, false) correction_norm=9.937234027226713e-8 pivot_correction=-0.0
NEW_ACCEPT iter=3540 entering=43354 row=4937 pivot=0.5479452054794521 norm=2.684906477171454e8 quality=JSimplex.SolveQuality{Float64}(2.264554351219398e-8, 1.0, true, false) correction_norm=1.4844175302445255e-7 pivot_correction=-6.727172352251137e-17
NEW_ACCEPT iter=3541 entering=10724 row=4926 pivot=1.0 norm=1.3461413527269596e8 quality=JSimplex.SolveQuality{Float64}(1.622482461965356e-8, 0.5102040816326531, true, false) correction_norm=6.112090851241866e-8 pivot_correction=7.703719777548943e-34
NEW_ACCEPT iter=3542 entering=10634 row=9146 pivot=1.0 norm=4.899954525134342e8 quality=JSimplex.SolveQuality{Float64}(8.195638656616211e-8, 0.5868491073122355, true, false) correction_norm=3.058032579097276e-7 pivot_correction=-0.0
NEW_ACCEPT iter=3543 entering=10680 row=12182 pivot=0.725274725342466 norm=1.346141352726959e8 quality=JSimplex.SolveQuality{Float64}(1.4901161193847656e-8, 0.5102040816326531, true, false) correction_norm=7.602206970626633e-8 pivot_correction=-2.272088216117643e-16
NEW_ACCEPT iter=3544 entering=10856 row=499 pivot=1.0 norm=1.3461413527269596e8 quality=JSimplex.SolveQuality{Float64}(1.622482461965356e-8, 0.9201973440318791, true, false) correction_norm=6.112090851241866e-8 pivot_correction=-2.407412430484045e-35
NEW_ACCEPT iter=3545 entering=43343 row=9157 pivot=0.7555002074844388 norm=3.7019166604033077e8 quality=JSimplex.SolveQuality{Float64}(4.796042161142343e-8, 1.0, true, false) correction_norm=2.450256327021314e-7 pivot_correction=-2.105781901902442e-16
NEW_ACCEPT iter=3549 entering=51149 row=16963 pivot=-1.0 norm=6.730706763634798e7 quality=JSimplex.SolveQuality{Float64}(8.11241230982678e-9, 0.5102040816326531, true, false) correction_norm=3.262967830792019e-8 pivot_correction=6.938893903907231e-18
NEW_ACCEPT iter=3550 entering=10812 row=12204 pivot=0.7252747253424657 norm=1.3461413527269596e8 quality=JSimplex.SolveQuality{Float64}(1.622482461965356e-8, 0.5102040816326531, true, false) correction_norm=6.112090851241866e-8 pivot_correction=-5.164216686732982e-18
NEW_ACCEPT iter=3551 entering=43321 row=9135 pivot=0.7555002074844386 norm=3.701916660403307e8 quality=JSimplex.SolveQuality{Float64}(5.0489290948915694e-8, 1.0, true, false) correction_norm=1.8013566480838097e-7 pivot_correction=1.1466414734787103e-17
NEW_ACCEPT iter=3553 entering=43376 row=9190 pivot=0.7555002074844386 norm=3.701916660403307e8 quality=JSimplex.SolveQuality{Float64}(5.0489290948915694e-8, 1.0, true, false) correction_norm=1.8013566480838097e-7 pivot_correction=1.1466414734787103e-17
NEW_ACCEPT iter=3555 entering=11032 row=42 pivot=0.033784146503290695 norm=2.1087622097614786e8 quality=JSimplex.SolveQuality{Float64}(2.6221136224548193e-8, 1.0, true, false) correction_norm=7.136122665316656e-8 pivot_correction=-5.960413793595667e-18
NEW_ACCEPT iter=3557 entering=10723 row=15156 pivot=-2.640000000897534 norm=2.775939364114983e8 quality=JSimplex.SolveQuality{Float64}(5.038736725212676e-8, 1.0, true, false) correction_norm=2.209391463804047e-7 pivot_correction=2.8438512313068144e-16
NEW_ACCEPT iter=3558 entering=23807 row=9190 pivot=0.335920329684917 norm=6.241869125082317e9 quality=JSimplex.SolveQuality{Float64}(1.0070738489489582e-6, 0.10810043056823192, true, false) correction_norm=3.6646973196386823e-6 pivot_correction=-3.558650029835159e-17
NEW_ACCEPT iter=3559 entering=10898 row=12215 pivot=0.249316939875 norm=9.316222572048023e9 quality=JSimplex.SolveQuality{Float64}(1.430511474609375e-6, 1.0, true, false) correction_norm=5.763600321684129e-6 pivot_correction=-0.0
NEW_ACCEPT iter=3560 entering=1361 row=23640 pivot=0.7867083942673075 norm=6.464310742257215e8 quality=JSimplex.SolveQuality{Float64}(8.940696716308594e-8, 0.9999999999999999, true, false) correction_norm=4.193453111952851e-7 pivot_correction=-6.62787113619082e-17
NEW_ACCEPT iter=3561 entering=1362 row=15190 pivot=-0.0396501030710723 norm=6.464310742257215e8 quality=JSimplex.SolveQuality{Float64}(8.940696716308594e-8, 0.9999999999999999, true, false) correction_norm=4.193453111952851e-7 pivot_correction=2.7833963291298197e-18
NEW_ACCEPT iter=3562 entering=23808 row=12216 pivot=0.020479849722189195 norm=1.0923270970582169e10 quality=JSimplex.SolveQuality{Float64}(1.7113081218479504e-6, 0.19897177276246544, true, false) correction_norm=8.271025465928099e-6 pivot_correction=-3.483037252312509e-17
NEW_ACCEPT iter=3563 entering=1359 row=23638 pivot=1.0000000000000002 norm=6.464310742257215e8 quality=JSimplex.SolveQuality{Float64}(8.940696716308594e-8, 0.9999999999999999, true, false) correction_norm=4.193453111952851e-7 pivot_correction=-2.2204460492503136e-16
NEW_ACCEPT iter=3564 entering=1360 row=15187 pivot=-0.0396501030710723 norm=6.464310742257215e8 quality=JSimplex.SolveQuality{Float64}(8.940696716308594e-8, 0.9999999999999999, true, false) correction_norm=4.193453111952851e-7 pivot_correction=2.78339632912982e-18
NEW_ACCEPT iter=3565 entering=10890 row=4968 pivot=1.0 norm=1.630338950360362e10 quality=JSimplex.SolveQuality{Float64}(2.6212812677196397e-6, 1.0, true, false) correction_norm=9.800503857698715e-6 pivot_correction=-0.0
NEW_ACCEPT iter=3566 entering=26268 row=17566 pivot=-1.98 norm=1.630338950360362e10 quality=JSimplex.SolveQuality{Float64}(2.6212812677196397e-6, 1.0, true, false) correction_norm=9.800503857698715e-6 pivot_correction=-0.0
NEW_ACCEPT iter=3567 entering=26312 row=5012 pivot=-1.0 norm=1.6468070205660233e8 quality=JSimplex.SolveQuality{Float64}(1.4679237381260996e-8, 0.6001980526239642, true, false) correction_norm=1.4631759030076437e-7 pivot_correction=-0.0
NEW_ACCEPT iter=3568 entering=11066 row=12246 pivot=0.249316939875 norm=1.6468070205660233e8 quality=JSimplex.SolveQuality{Float64}(1.4679237381260996e-8, 0.6001980526239642, true, false) correction_norm=1.4631759030076437e-7 pivot_correction=-0.0
NEW_ACCEPT iter=3569 entering=11068 row=9221 pivot=0.50137362625 norm=1.6468070205660233e8 quality=JSimplex.SolveQuality{Float64}(1.4679237381260996e-8, 0.6001980526239642, true, false) correction_norm=1.4631759030076437e-7 pivot_correction=-0.0
NEW_ACCEPT iter=3570 entering=26202 row=4902 pivot=-1.0 norm=1.6468070205660233e8 quality=JSimplex.SolveQuality{Float64}(1.4679237381260996e-8, 0.6001980526239642, true, false) correction_norm=1.4631759030076437e-7 pivot_correction=-0.0
NEW_ACCEPT iter=3571 entering=10626 row=2573 pivot=1.01010101 norm=1.6468070205660233e8 quality=JSimplex.SolveQuality{Float64}(1.4679237381260996e-8, 0.6001980526239642, true, false) correction_norm=1.4631759030076435e-7 pivot_correction=-0.0
NEW_ACCEPT iter=3572 entering=10628 row=2574 pivot=1.01010101 norm=1.6468070205660233e8 quality=JSimplex.SolveQuality{Float64}(1.4679237381260996e-8, 0.6001980526239642, true, false) correction_norm=1.4631759030076435e-7 pivot_correction=-0.0
NEW_ACCEPT iter=3573 entering=22315 row=12169 pivot=0.24682377050093238 norm=1.630338950523394e8 quality=JSimplex.SolveQuality{Float64}(1.9316503885448063e-8, 1.0, true, false) correction_norm=1.9569323923563416e-7 pivot_correction=-1.426863802479763e-17
NEW_ACCEPT iter=3577 entering=22317 row=13461 pivot=1.8948087429552594 norm=1.6303389505233952e8 quality=JSimplex.SolveQuality{Float64}(3.098212934061238e-8, 0.27238150140652445, true, false) correction_norm=1.360885944602436e-7 pivot_correction=1.6276758234944234e-16
NEW_ACCEPT iter=3602 entering=2631 row=2717 pivot=0.027834390621745492 norm=4.53794911947148e6 quality=JSimplex.SolveQuality{Float64}(5.749275988391445e-10, 0.07019383718351695, true, false) correction_norm=2.4746699354018815e-9 pivot_correction=-4.9576495740109596e-18
NEW_ACCEPT iter=3603 entering=23107 row=9144 pivot=0.49635989003713604 norm=1.6303389505233952e8 quality=JSimplex.SolveQuality{Float64}(3.098212934061238e-8, 0.27238150140652445, true, false) correction_norm=7.648394968485302e-8 pivot_correction=-5.4076661737503786e-17
PRE_CERT (finite = true, max_bound_violation = 9.923975477223495e-8, phase_primal = false, row_consistent = false)
STOP JSimplex.DiagnosticObserverFailure{ErrorException}(ErrorException("Diagnostic stop before restart"))
