CAPTURE metadata=(k = 1143, j = 22991, price = -2930.929145196363, implied = -2930.929145196359, valid = true, weight = 1210.6476339507922, actual = 1210.6476339505944, norm = 342.86589951215313, refs = 15, updates = 22) row=522 pivot=8.159513556265789e-7 quality=JSimplex.SolveQuality{Float64}(1.3848258589620434e-13, 1.0, true, false)
ROW relative_agreement=3.7760613109975375e-14 row_residual=3.0791341698588326e-5
NATIVE correction_inf=2.6265400234743958e-11 pivot_correction=-6.623101383678076e-20 relative_pivot_correction=8.117029695467711e-14 corrected_pivot=8.159513556265126e-7
CORRECTED_QUALITY JSimplex.SolveQuality{Float64}(3.108918506437727e-14, 1.0, true, false)
RESIDUAL_ROW row=2219 residual=1.0089956095893336e-19 scale=1.0089956095893336e-19 ratio=1.0 rhs=0.0 col=-0.0
RESIDUAL_ROW row=6860 residual=-2.8351202071705187e-20 scale=2.8351202071705187e-20 ratio=1.0 rhs=0.0 col=0.0
RESIDUAL_ROW row=11054 residual=-3.441341576102155e-17 scale=3.441341576102155e-17 ratio=1.0 rhs=0.0 col=-6.863826487726337e-17
RESIDUAL_ROW row=3220 residual=3.311479034395442e-17 scale=1.0416173941057232e-16 ratio=0.31791702530452653 rhs=0.0 col=-6.863826487726337e-17
RESIDUAL_ROW row=10858 residual=9.000929316760787e-22 scale=1.4178067041611228e-20 ratio=0.06348488330845063 rhs=0.0 col=9.000861756292468e-22
RESIDUAL_ROW row=11015 residual=3.728268430347878e-18 scale=1.9584374627922859e-16 ratio=0.019036954210588968 rhs=0.0 col=0.0
RESIDUAL_ROW row=2209 residual=4.807420447656355e-16 scale=0.017327753224608278 ratio=2.7744049591086178e-14 rhs=0.0 col=-0.008557646165404562
RESIDUAL_ROW row=2407 residual=2.3045576592504944e-18 scale=0.00029387521165159314 ratio=7.841960015268954e-15 rhs=0.0 col=-9.963096065985952e-5
REFERENCE k=1 residual_inf=2.121306085064397982925390739374381479049353333991184278699996262770095535543592e-27 pivot=8.159513556265126696811861726773091191264019513573493896378088202745067214483043e-7
REFERENCE k=2 residual_inf=5.279747804736084285561498636826611026218422854719081287134639994282728784131869e-41 pivot=8.159513556265126696811861729150523820168611260714186616628364518940917175026588e-7
REFERENCE k=3 residual_inf=4.23624736438717219688148400666959876715462402397274681057999337274651209588453e-55 pivot=8.1595135562651266968118617291505238201685984823510099746173762673779628962887e-7
REFERENCE k=4 residual_inf=1.445447927419046447716133417918246963549525571568231699377567508061840404410001e-70 pivot=8.159513556265126696811861729150523820168598482351009974632200071565222865327478e-7
REFERENCE k=5 residual_inf=4.421718300208355648197812153753804580411392186591376069132136176726319003219163e-75 pivot=8.159513556265126696811861729150523820168598482351009974632200071565222879876452e-7
REFERENCE k=6 residual_inf=4.421718300208355648197812153753804580411392186591376069132136176726319003219163e-75 pivot=8.159513556265126696811861729150523820168598482351009974632200071565222880481558e-7
REFERENCE k=7 residual_inf=4.421718300208355648197812153753804580411392186591376069132136176726319003219163e-75 pivot=8.159513556265126696811861729150523820168598482351009974632200071565222881496821e-7
REFERENCE k=8 residual_inf=2.671081296957457599107152951728002251680699123560689711521617609156965909734383e-75 pivot=8.159513556265126696811861729150523820168598482351009974632200071565222880498195e-7
REFERENCE_FINAL relative_pivot_error=8.117029695468351344167052884957349881815961088713820055370155470673574868391722e-14 direction_error_inf=2.62654002347438594238522918626448918485462565247942928909962062302049694575561e-11
