PHASE Dict{String, Any}("iteration" => 0, "columns" => 34186, "rows" => 28453, "phase" => "phase_one")
PROGRESS iter=1000 refs=13 pinf=0.0 working_objective=605736.1552120332
PROGRESS iter=2000 refs=25 pinf=0.0 working_objective=605597.4047789848
PROGRESS iter=3000 refs=45 pinf=0.0 working_objective=605519.502530759
SNAPSHOT .superpowers/phase1-rejections/fixed-runtime-pfi.toml.1.before_workspace_change.bin
PHASE Dict{String, Any}("iteration" => 0, "columns" => 50676, "rows" => 43021, "phase" => "phase_one")
PROGRESS iter=1000 refs=13 pinf=0.0 working_objective=908708.2323455362
[ Info: Restarting simplex on original LP after NUMERICAL_ERROR: primal feasibility lost; completed iterations=3683
PROGRESS iter=2000 refs=25 pinf=0.0 working_objective=908708.2229332933
PROGRESS iter=3000 refs=38 pinf=0.0 working_objective=908708.2135403431
PROGRESS iter=4000 refs=50 pinf=0.0 working_objective=908708.211961583
PROGRESS iter=5000 refs=63 pinf=0.0 working_objective=908708.2078619638
PROGRESS iter=6000 refs=75 pinf=0.0 working_objective=908708.2011170532
PROGRESS iter=7000 refs=88 pinf=0.0 working_objective=908708.2011170593
PROGRESS iter=8000 refs=100 pinf=0.0 working_objective=908708.1942095568
PROGRESS iter=9000 refs=113 pinf=0.0 working_objective=908708.1942091491
PROGRESS iter=10000 refs=125 pinf=0.0 working_objective=908708.1942088542
PROGRESS iter=11000 refs=569 pinf=0.0 working_objective=908708.1942094492
PROGRESS iter=12000 refs=581 pinf=0.0 working_objective=908708.194209429
PROGRESS iter=13000 refs=594 pinf=0.0 working_objective=908708.1942094957
PROGRESS iter=14000 refs=606 pinf=0.0 working_objective=908708.1942120697
PROGRESS iter=15000 refs=619 pinf=0.0 working_objective=908708.1942095357
PROGRESS iter=16000 refs=631 pinf=0.0 working_objective=908708.1942079351
PROGRESS iter=17000 refs=866 pinf=0.0 working_objective=908708.1942112297
SNAPSHOT .superpowers/phase1-rejections/fixed-runtime-pfi.toml.2.time_limit.bin
