Dict{String, Any}("iteration" => 1, "seconds" => 2.398959378, "configured_interval" => 80, "upper_entries" => 28453, "working_objective" => -157678.3740633539, "history_entries" => 0, "kernels" => Dict("pricing" => 0.0001866, "ftran" => 0.0007733, "btran" => 0.0003334), "updates" => 1, "effective_interval" => 80, "refactorizations" => 0)
Dict{String, Any}("iteration" => 2000, "seconds" => 7.78028348, "configured_interval" => 80, "upper_entries" => 31875, "working_objective" => 6.701355719266206e6, "history_entries" => 217, "kernels" => Dict("pricing" => 0.462367444, "refactorization" => 0.23876662, "ftran" => 0.871293099, "btran" => 0.522675541), "updates" => 63, "effective_interval" => 80, "refactorizations" => 25)
Dict{String, Any}("iteration" => 4000, "seconds" => 14.13520118, "configured_interval" => 80, "upper_entries" => 32117, "working_objective" => 1.6275336257182937e7, "history_entries" => 139, "kernels" => Dict("pricing" => 0.953886824, "refactorization" => 1.11203336, "ftran" => 1.905354067, "btran" => 1.037030892), "updates" => 63, "effective_interval" => 80, "refactorizations" => 50)
Dict{String, Any}("iteration" => 6000, "seconds" => 20.78644486, "configured_interval" => 80, "upper_entries" => 54246, "working_objective" => 2.4328867832335223e7, "history_entries" => 349, "kernels" => Dict("pricing" => 1.500754918, "refactorization" => 1.459997462, "ftran" => 3.163904849, "btran" => 1.791014781), "updates" => 63, "effective_interval" => 80, "refactorizations" => 75)
Dict{String, Any}("iteration" => 8000, "seconds" => 28.283751645, "configured_interval" => 80, "upper_entries" => 40638, "working_objective" => 2.952274595273814e7, "history_entries" => 320, "kernels" => Dict("pricing" => 2.05789602, "refactorization" => 1.919387709, "ftran" => 4.058734072, "btran" => 2.696863208), "updates" => 63, "effective_interval" => 80, "refactorizations" => 100)
Dict{String, Any}("iteration" => 10000, "seconds" => 36.673355312, "configured_interval" => 80, "upper_entries" => 67159, "working_objective" => 3.1969360277166072e7, "history_entries" => 241, "kernels" => Dict("pricing" => 2.594623212, "refactorization" => 2.423262527, "ftran" => 4.971419698, "btran" => 3.802357411), "updates" => 63, "effective_interval" => 80, "refactorizations" => 125)
Dict{String, Any}("iteration" => 12000, "seconds" => 46.612571412, "configured_interval" => 80, "upper_entries" => 125310, "working_objective" => 3.409303575329243e7, "history_entries" => 621, "kernels" => Dict("pricing" => 3.139620632, "refactorization" => 2.95541335, "ftran" => 6.044290446, "btran" => 5.051091972), "updates" => 63, "effective_interval" => 80, "refactorizations" => 150)
Dict{String, Any}("iteration" => 14000, "seconds" => 58.244460917, "configured_interval" => 80, "upper_entries" => 180985, "working_objective" => 3.711466210216412e7, "history_entries" => 390, "kernels" => Dict("pricing" => 3.6904061, "refactorization" => 3.669341985, "ftran" => 7.337856989, "btran" => 6.601472032), "updates" => 63, "effective_interval" => 80, "refactorizations" => 175)
Dict{String, Any}("iteration" => 16000, "seconds" => 73.628537047, "configured_interval" => 80, "upper_entries" => 337293, "working_objective" => 3.836368982537879e7, "history_entries" => 1404, "kernels" => Dict("pricing" => 4.247063872, "refactorization" => 4.712347224, "ftran" => 8.630956147, "btran" => 8.402110164), "updates" => 63, "effective_interval" => 80, "refactorizations" => 200)
CAPTURE seed=16000 start=16017 steps=320
Dict{String, Any}("iteration" => 18000, "seconds" => 90.624981477, "configured_interval" => 80, "upper_entries" => 265734, "working_objective" => 3.993526239746303e7, "history_entries" => 1022, "kernels" => Dict("pricing" => 4.811161448, "refactorization" => 6.297484614, "ftran" => 10.087927934, "btran" => 10.427078221), "updates" => 63, "effective_interval" => 80, "refactorizations" => 225)
CAPTURE seed=19200 start=19217 steps=320
Dict{String, Any}("iteration" => 20000, "seconds" => 107.738531695, "configured_interval" => 80, "upper_entries" => 401550, "working_objective" => 4.12257350537381e7, "history_entries" => 1309, "kernels" => Dict("pricing" => 5.368174042, "refactorization" => 7.05816885, "ftran" => 11.669642134, "btran" => 12.899322628), "updates" => 63, "effective_interval" => 80, "refactorizations" => 250)
CAPTURE seed=20800 start=20817 steps=320
Dict{String, Any}("iteration" => 22000, "seconds" => 125.971596574, "configured_interval" => 80, "upper_entries" => 487907, "working_objective" => 4.1815411064986095e7, "history_entries" => 1495, "kernels" => Dict("pricing" => 5.939737392, "refactorization" => 7.913626618, "ftran" => 13.426485394, "btran" => 15.510030253), "updates" => 63, "effective_interval" => 80, "refactorizations" => 275)
Dict{String, Any}("iteration" => 24000, "seconds" => 146.208756746, "configured_interval" => 80, "upper_entries" => 479285, "working_objective" => 4.286722208552074e7, "history_entries" => 1452, "kernels" => Dict("pricing" => 6.520664982, "refactorization" => 9.639936881, "ftran" => 15.335543959, "btran" => 18.293814282), "updates" => 63, "effective_interval" => 80, "refactorizations" => 300)
CAPTURE seed=24000 start=24017 steps=320
Dict{String, Any}("iteration" => 26000, "seconds" => 166.011452731, "configured_interval" => 80, "upper_entries" => 403488, "working_objective" => 4.334933692356012e7, "history_entries" => 1240, "kernels" => Dict("pricing" => 7.115849284, "refactorization" => 10.680837426, "ftran" => 17.16825244, "btran" => 21.360208503), "updates" => 63, "effective_interval" => 80, "refactorizations" => 325)
Dict{String, Any}("iteration" => 28000, "seconds" => 186.268274174, "configured_interval" => 80, "upper_entries" => 447315, "working_objective" => 4.38814511092394e7, "history_entries" => 1250, "kernels" => Dict("pricing" => 7.701991235, "refactorization" => 11.784075893, "ftran" => 19.047441288, "btran" => 24.351201377), "updates" => 63, "effective_interval" => 80, "refactorizations" => 350)
Dict{String, Any}("iteration" => 30000, "seconds" => 207.528530127, "configured_interval" => 80, "upper_entries" => 544480, "working_objective" => 4.451562431558778e7, "history_entries" => 1289, "kernels" => Dict("pricing" => 8.286084874, "refactorization" => 12.996091934, "ftran" => 21.167729544, "btran" => 27.427558198), "updates" => 63, "effective_interval" => 80, "refactorizations" => 375)
Dict{String, Any}("iteration" => 32000, "seconds" => 230.300957491, "configured_interval" => 80, "upper_entries" => 542955, "working_objective" => 4.493769198990542e7, "history_entries" => 1302, "kernels" => Dict("pricing" => 8.875782865, "refactorization" => 14.312336759, "ftran" => 23.157156778, "btran" => 30.881669955), "updates" => 63, "effective_interval" => 80, "refactorizations" => 400)
Dict{String, Any}("iteration" => 34000, "seconds" => 255.837805355, "configured_interval" => 80, "upper_entries" => 417997, "working_objective" => 4.5562502911622815e7, "history_entries" => 556, "kernels" => Dict("pricing" => 9.46897817, "refactorization" => 15.735156346, "ftran" => 25.2624291, "btran" => 34.666320312), "updates" => 63, "effective_interval" => 80, "refactorizations" => 425)
Dict{String, Any}("iteration" => 36000, "seconds" => 279.504737885, "configured_interval" => 80, "upper_entries" => 442366, "working_objective" => 4.6823503407279566e7, "history_entries" => 751, "kernels" => Dict("pricing" => 10.0702111, "refactorization" => 17.60686917, "ftran" => 27.529718096, "btran" => 38.080014936), "updates" => 63, "effective_interval" => 80, "refactorizations" => 450)
Dict{String, Any}("iteration" => 38000, "seconds" => 304.375910963, "configured_interval" => 80, "upper_entries" => 637774, "working_objective" => 4.716481327542764e7, "history_entries" => 1277, "kernels" => Dict("pricing" => 10.672080175, "refactorization" => 18.928223707, "ftran" => 29.943339381, "btran" => 41.94409013), "updates" => 63, "effective_interval" => 80, "refactorizations" => 475)
Dict{String, Any}("iteration" => 40000, "seconds" => 330.514117069, "configured_interval" => 80, "upper_entries" => 649416, "working_objective" => 4.7456623387299545e7, "history_entries" => 1198, "kernels" => Dict("pricing" => 11.299834026, "refactorization" => 20.424804658, "ftran" => 32.19998347, "btran" => 46.029746307), "updates" => 63, "effective_interval" => 80, "refactorizations" => 500)
Dict{String, Any}("iteration" => 42000, "seconds" => 357.273776084, "configured_interval" => 80, "upper_entries" => 628792, "working_objective" => 4.8260670374641806e7, "history_entries" => 1459, "kernels" => Dict("pricing" => 11.921948482, "refactorization" => 21.903650147, "ftran" => 34.782738888, "btran" => 50.203098084), "updates" => 63, "effective_interval" => 80, "refactorizations" => 525)
Dict{String, Any}("iteration" => 44000, "seconds" => 383.500349138, "configured_interval" => 80, "upper_entries" => 608523, "working_objective" => 4.875362932298725e7, "history_entries" => 1522, "kernels" => Dict("pricing" => 12.507793188, "refactorization" => 23.902330089, "ftran" => 37.234472221, "btran" => 54.201602362), "updates" => 63, "effective_interval" => 80, "refactorizations" => 550)
Dict{String, Any}("iteration" => 46000, "seconds" => 415.649749882, "configured_interval" => 80, "upper_entries" => 48945, "working_objective" => 4.901710151914571e7, "history_entries" => 6, "kernels" => Dict("pricing" => 13.110656508, "refactorization" => 25.441821509, "ftran" => 40.022709763, "btran" => 58.680310344), "updates" => 3, "effective_interval" => 80, "refactorizations" => 576)
Dict{String, Any}("iteration" => 48000, "seconds" => 443.245043462, "configured_interval" => 80, "upper_entries" => 60175, "working_objective" => 4.937419776523145e7, "history_entries" => 4, "kernels" => Dict("pricing" => 13.716931192, "refactorization" => 27.233175789, "ftran" => 42.777409618, "btran" => 63.053298757), "updates" => 3, "effective_interval" => 80, "refactorizations" => 601)
Dict{String, Any}("iteration" => 50000, "seconds" => 472.902983154, "configured_interval" => 80, "upper_entries" => 61764, "working_objective" => 4.98606034444341e7, "history_entries" => 4, "kernels" => Dict("pricing" => 14.314021277, "refactorization" => 29.260634374, "ftran" => 45.467951286, "btran" => 67.714384693), "updates" => 3, "effective_interval" => 80, "refactorizations" => 626)
Dict{String, Any}("iteration" => 52000, "seconds" => 501.651260052, "configured_interval" => 80, "upper_entries" => 58543, "working_objective" => 5.036544029437411e7, "history_entries" => 6, "kernels" => Dict("pricing" => 14.89157445, "refactorization" => 30.97820999, "ftran" => 48.200104666, "btran" => 72.482560525), "updates" => 3, "effective_interval" => 80, "refactorizations" => 651)
Dict{String, Any}("iteration" => 54000, "seconds" => 531.615986468, "configured_interval" => 80, "upper_entries" => 60894, "working_objective" => 5.0618256569425106e7, "history_entries" => 6, "kernels" => Dict("pricing" => 15.487802347, "refactorization" => 32.885804579, "ftran" => 50.968760257, "btran" => 77.480821614), "updates" => 3, "effective_interval" => 80, "refactorizations" => 676)
Dict{String, Any}("iteration" => 56000, "seconds" => 560.707140925, "configured_interval" => 80, "upper_entries" => 58648, "working_objective" => 5.080603057951623e7, "history_entries" => 6, "kernels" => Dict("pricing" => 16.081361965, "refactorization" => 34.396461327, "ftran" => 53.88055823, "btran" => 82.32972695), "updates" => 3, "effective_interval" => 80, "refactorizations" => 701)
Dict{String, Any}("iteration" => 58000, "seconds" => 591.507218276, "configured_interval" => 80, "upper_entries" => 56299, "working_objective" => 5.102477940067241e7, "history_entries" => 4, "kernels" => Dict("pricing" => 16.661574778, "refactorization" => 36.22266046, "ftran" => 56.835007484, "btran" => 87.414840843), "updates" => 3, "effective_interval" => 80, "refactorizations" => 726)
ERROR: LoadError: type `Nothing` is not a valid TOML type, pass a conversion function to `TOML.print`
Stacktrace:
   [1] error(s::String)
     @ Base ./error.jl:44
   [2] to_toml_value(f::Function, value::Nothing)
     @ Base.TOML.Printer ./toml/printer.jl:63
   [3] print_table(f::Function, io::IOStream, a::Dict{String, Any}, ks::Vector{String}; indent::Int64, first_block::Bool, sorted::Bool, inline_tables::IdSet{Dict{String}}, by::Function)
     @ Base.TOML.Printer ./toml/printer.jl:205
 ┌ [4] print_table
 │   @ ./toml/printer.jl:182 [inlined]
 ╰──── repeated 2 times
   [6] print
     @ ./toml/printer.jl:268 [inlined]
   [7] #main##18
     @ ~/JSimplex.jl/.worktrees/triangular-runtime-cliff/diagnostics/triangular-runtime-cliff/reproduce/profile-prefix.jl:70 [inlined]
   [8] open(::var"#main##18#main##19"{Dict{String, Any}}, ::String, ::Vararg{String}; kwargs::@Kwargs{})
     @ Base ./io.jl:429
   [9] open
     @ ./io.jl:426 [inlined]
  [10] main()
     @ Main ~/JSimplex.jl/.worktrees/triangular-runtime-cliff/diagnostics/triangular-runtime-cliff/reproduce/profile-prefix.jl:70
  [11] top-level scope
     @ ~/JSimplex.jl/.worktrees/triangular-runtime-cliff/diagnostics/triangular-runtime-cliff/reproduce/profile-prefix.jl:74
  [12] include(mod::Module, _path::String)
     @ Base ./Base.jl:309
  [13] exec_options(opts::Base.JLOptions)
     @ Base ./client.jl:344
  [14] _start()
     @ Base ./client.jl:577
in expression starting at /home/jspitz/JSimplex.jl/.worktrees/triangular-runtime-cliff/diagnostics/triangular-runtime-cliff/reproduce/profile-prefix.jl:74
