[ Info: Loaded problem: rows=43021 columns=47148 nnz=277210
[ Info: Starting presolve
[ Info: After presolve: rows=28453 columns=31615 nnz=211789
[ Info: iter=80 obj=-77795.8076828801 pinf=246.1482611475381 (370) dinf=0.0 (0) time=3.400165521s
[ Info: iter=160 obj=-12567.365623658372 pinf=125.28552036200347 (292) dinf=0.0 (0) time=3.738449918s
[ Info: iter=240 obj=-817.3518407489905 pinf=22.679308522596607 (156) dinf=0.0 (0) time=3.930477617s
[ Info: iter=257 obj=-7.509524188788394e6 pinf=383149.01107378054 (3089) dinf=36998.32632978309 (226) time=3.983877716s
[ Info: iter=337 obj=-7.808027941838834e6 pinf=109599.0643979763 (3016) dinf=0.0 (0) time=4.322328714s
[ Info: iter=417 obj=-2.2853844035067055e6 pinf=60074.314304500804 (2933) dinf=0.0 (0) time=4.592584512s
[ Info: iter=497 obj=-530621.0877673206 pinf=52483.09157571571 (2942) dinf=0.0 (0) time=4.87193071s
[ Info: iter=577 obj=164468.49993766547 pinf=151997.97631239655 (2954) dinf=0.0 (0) time=5.174547208s
[ Info: iter=657 obj=572589.3769480296 pinf=57238.92384973288 (3021) dinf=0.0 (0) time=5.593029005s
[ Info: iter=737 obj=1.0842600478897637e6 pinf=50976.41636561077 (3218) dinf=0.0 (0) time=5.916519203s
[ Info: iter=817 obj=2.2965681554261264e6 pinf=60907.48206217069 (3275) dinf=0.0 (0) time=6.205597401s
[ Info: iter=897 obj=3.058648589875774e6 pinf=240146.7944467208 (3318) dinf=0.0 (0) time=6.519307099s
[ Info: iter=977 obj=3.3187176178630576e6 pinf=9.384839283851564e6 (3377) dinf=0.0 (0) time=6.806654897s
[ Info: iter=1057 obj=4.168899847606366e6 pinf=1.5031547425337506e7 (3496) dinf=0.0 (0) time=7.163954694s
[ Info: iter=1137 obj=4.363801828634674e6 pinf=5.565076706487678e6 (3525) dinf=0.0 (0) time=8.175081787s
[ Info: iter=1217 obj=4.710756261016378e6 pinf=1.164876186965354e6 (3583) dinf=0.0 (0) time=8.472743785s
[ Info: iter=1297 obj=5.326874262480176e6 pinf=1.0499501719613492e6 (3611) dinf=0.0 (0) time=8.786992883s
[ Info: iter=1377 obj=5.5892322968613785e6 pinf=1.049056288735595e6 (3683) dinf=0.0 (0) time=9.11752948s
[ Info: iter=1457 obj=5.72910179447647e6 pinf=1.0521614497177482e6 (3747) dinf=0.0 (0) time=9.480455878s
[ Info: iter=1537 obj=6.062901985267193e6 pinf=2.388210620981863e6 (3786) dinf=0.0 (0) time=9.816963176s
[ Info: iter=1617 obj=6.148425621254354e6 pinf=1.084971495467183e6 (3794) dinf=0.0 (0) time=10.122522173s
[ Info: iter=1697 obj=6.159057546126314e6 pinf=1.2016173978137583e6 (3814) dinf=0.0 (0) time=10.435500371s
[ Info: iter=1777 obj=6.172640194708636e6 pinf=1.0726547601649861e6 (3847) dinf=0.0 (0) time=10.757330369s
[ Info: iter=1857 obj=6.553186522290303e6 pinf=1.1070551975518009e6 (3894) dinf=0.0 (0) time=11.096572266s
[ Info: iter=1937 obj=6.654771518787278e6 pinf=1.1004705844137007e6 (3905) dinf=0.0 (0) time=11.448664463s
[ Info: iter=2017 obj=6.708132297492314e6 pinf=1.1424087702440151e6 (3926) dinf=0.0 (0) time=11.78486396s
[ Info: iter=2097 obj=6.836041094841335e6 pinf=1.0449762159318994e6 (3956) dinf=0.0 (0) time=12.140192957s
[ Info: iter=2177 obj=6.871373475387485e6 pinf=1.0449188584117338e6 (3970) dinf=0.0 (0) time=12.462035654s
[ Info: iter=2257 obj=6.906584087213784e6 pinf=1.0388634572701713e6 (4002) dinf=0.0 (0) time=12.802075051s
[ Info: iter=2337 obj=6.918580020773119e6 pinf=1.0495394196524639e6 (4042) dinf=0.0 (0) time=13.179213148s
[ Info: iter=2417 obj=7.011581659015803e6 pinf=1.074023358451929e6 (4035) dinf=0.0 (0) time=13.576115944s
[ Info: iter=2497 obj=7.119070402502591e6 pinf=1.0703520406435733e6 (4049) dinf=0.0 (0) time=13.936910341s
[ Info: iter=2577 obj=7.515603269988371e6 pinf=1.2654712405634364e6 (4027) dinf=0.0 (0) time=15.294594929s
[ Info: iter=2657 obj=7.785974925109563e6 pinf=1.2556852757013023e6 (4061) dinf=0.0 (0) time=15.682612925s
[ Info: iter=2737 obj=7.798800535711624e6 pinf=1.3050150324407623e6 (4084) dinf=0.0 (0) time=16.038622922s
[ Info: iter=2817 obj=8.081275848511245e6 pinf=1.2942097611542619e6 (4114) dinf=0.0 (0) time=16.385831319s
[ Info: iter=2897 obj=8.527618348411245e6 pinf=1.7852914854974262e6 (4116) dinf=0.0 (0) time=16.773081116s
[ Info: iter=2977 obj=1.1996729282671373e7 pinf=636998.7693665422 (4153) dinf=0.0 (0) time=17.161447512s
[ Info: iter=3057 obj=1.247426275720298e7 pinf=631044.2520977646 (4175) dinf=0.0 (0) time=17.569183809s
[ Info: iter=3137 obj=1.4956757039972419e7 pinf=130839.36785733566 (4205) dinf=0.0 (0) time=17.966379105s
[ Info: iter=3217 obj=1.5054689588294925e7 pinf=127794.91992740562 (4239) dinf=0.0 (0) time=18.352797202s
[ Info: iter=3297 obj=1.5115891629084181e7 pinf=126714.617312347 (4264) dinf=0.0 (0) time=18.752160498s
[ Info: iter=3377 obj=1.512429784872481e7 pinf=179506.73191232522 (4241) dinf=0.0 (0) time=19.157165878s
[ Info: iter=3457 obj=1.5256973842764003e7 pinf=132555.4346897067 (4218) dinf=0.0 (0) time=19.576318053s
[ Info: iter=3537 obj=1.5272284439642087e7 pinf=139393.40288854387 (4229) dinf=0.0 (0) time=19.935166731s
[ Info: iter=3617 obj=1.5272284439642087e7 pinf=141241.85518765746 (4256) dinf=0.0 (0) time=20.315327209s
[ Info: iter=3697 obj=1.5296727842466736e7 pinf=136424.36208846688 (4291) dinf=0.0 (0) time=20.702497085s
[ Info: iter=3777 obj=1.543956233928353e7 pinf=138540.4372214317 (4292) dinf=0.0 (0) time=21.064475764s
[ Info: iter=3857 obj=1.5505660307433542e7 pinf=138793.47194489645 (4291) dinf=0.0 (0) time=21.45751324s
[ Info: iter=3937 obj=1.5926546661047675e7 pinf=218770.87942347856 (4347) dinf=0.0 (0) time=21.860440116s
[ Info: iter=4017 obj=1.6276338201995652e7 pinf=148878.36794805672 (4363) dinf=0.0 (0) time=22.225758494s
[ Info: iter=4097 obj=1.6467996920768367e7 pinf=199751.57087684996 (4405) dinf=0.0 (0) time=22.617452371s
[ Info: iter=4177 obj=1.6624817479431812e7 pinf=206701.25730105193 (4429) dinf=0.0 (0) time=23.017376547s
[ Info: iter=4257 obj=1.6643646762926139e7 pinf=218800.1782420327 (4466) dinf=0.0 (0) time=23.442886122s
[ Info: iter=4337 obj=1.6643646762926139e7 pinf=218247.23018532214 (4485) dinf=0.0 (0) time=23.943566092s
[ Info: iter=4417 obj=1.6658964279136874e7 pinf=290985.9792213159 (4514) dinf=0.0 (0) time=24.404139264s
[ Info: iter=4497 obj=1.9193591416064825e7 pinf=652117.6831266222 (4545) dinf=0.0 (0) time=24.914052434s
[ Info: iter=4577 obj=2.1003765379325606e7 pinf=660863.274201069 (4535) dinf=0.0 (0) time=25.385938805s
[ Info: iter=4657 obj=2.104579214604458e7 pinf=667508.5165811317 (4593) dinf=0.0 (0) time=25.840917078s
[ Info: iter=4737 obj=2.1096164084021475e7 pinf=699507.2221533336 (4621) dinf=0.0 (0) time=26.276692352s
[ Info: iter=4817 obj=2.1169956065702386e7 pinf=828739.2792797145 (4726) dinf=0.0 (0) time=26.725469925s
[ Info: iter=4897 obj=2.230965008943607e7 pinf=832769.4492147657 (4740) dinf=0.0 (0) time=27.159281202s
[ Info: iter=4977 obj=2.236543303961304e7 pinf=766099.7918537405 (4752) dinf=0.0 (0) time=27.58324418s
[ Info: iter=5057 obj=2.2442660857053675e7 pinf=783401.6581165778 (4786) dinf=0.0 (0) time=27.98847566s
[ Info: iter=5137 obj=2.2635255713830408e7 pinf=820798.942757224 (4806) dinf=0.0 (0) time=28.446346836s
[ Info: iter=5217 obj=2.3343119204568766e7 pinf=820145.0936058101 (4778) dinf=0.0 (0) time=28.863862215s
[ Info: iter=5297 obj=2.3532628921560206e7 pinf=908764.4867918218 (4813) dinf=0.0 (0) time=29.278682293s
[ Info: iter=5377 obj=2.3615978556921374e7 pinf=740514.6744138866 (4788) dinf=0.0 (0) time=29.753227369s
[ Info: iter=5457 obj=2.396724274141237e7 pinf=915794.4849347699 (4792) dinf=0.0 (0) time=30.203224846s
[ Info: iter=5537 obj=2.4165023532985233e7 pinf=1.173456207424691e6 (4802) dinf=0.0 (0) time=30.70287092s
[ Info: iter=5617 obj=2.4165023532985233e7 pinf=1.165756172580919e6 (4808) dinf=0.0 (0) time=31.155133397s
[ Info: iter=5697 obj=2.416624424429249e7 pinf=897099.6546868205 (4829) dinf=0.0 (0) time=31.610813074s
[ Info: iter=5777 obj=2.41664717131138e7 pinf=2.7286692044275724e6 (4845) dinf=0.0 (0) time=32.08416175s
[ Info: iter=5857 obj=2.41722823065741e7 pinf=976736.6711480289 (4875) dinf=0.0 (0) time=32.526499827s
[ Info: iter=5937 obj=2.4217725523264438e7 pinf=1.0379378396478774e6 (4926) dinf=0.0 (0) time=32.992717503s
[ Info: iter=6017 obj=2.4361124467401788e7 pinf=1.0024017727411645e6 (4871) dinf=0.0 (0) time=33.525247676s
[ Info: iter=6097 obj=2.4915499030444533e7 pinf=905019.49577432 (4878) dinf=0.0 (0) time=34.012595951s
[ Info: iter=6177 obj=2.5597934332983203e7 pinf=359271.31418241566 (4830) dinf=0.0 (0) time=34.511246825s
[ Info: iter=6257 obj=2.5880785876518324e7 pinf=89982.3228758875 (4758) dinf=0.0 (0) time=34.970433705s
[ Info: iter=6337 obj=2.5932838827086527e7 pinf=91136.08896823978 (4749) dinf=0.0 (0) time=35.402959897s
[ Info: iter=6417 obj=2.6105383535555154e7 pinf=525670.8509045448 (4833) dinf=0.0 (0) time=35.864134388s
[ Info: iter=6497 obj=2.639707738827304e7 pinf=50455.529409828036 (4727) dinf=0.0 (0) time=36.311477179s
[ Info: iter=6577 obj=2.6617627217324108e7 pinf=64327.76081565983 (4764) dinf=0.0 (0) time=36.762402571s
[ Info: iter=6657 obj=2.6940957282006714e7 pinf=71504.93613993777 (4736) dinf=0.0 (0) time=37.197754763s
[ Info: iter=6737 obj=2.707167295609886e7 pinf=44536.612761095734 (4712) dinf=0.0 (0) time=37.638408954s
[ Info: iter=6817 obj=2.7245747916017424e7 pinf=41118.6541709733 (4685) dinf=0.0 (0) time=38.070404946s
[ Info: iter=6897 obj=2.7590061564281322e7 pinf=40245.82813312607 (4687) dinf=0.0 (0) time=38.519471638s
[ Info: iter=6977 obj=2.77184523036264e7 pinf=47713.39031018015 (4731) dinf=0.0 (0) time=38.957698529s
[ Info: iter=7057 obj=2.8806250811799265e7 pinf=54836.636859651975 (4769) dinf=0.0 (0) time=39.404593721s
[ Info: iter=7137 obj=2.891896079190682e7 pinf=55593.25088855995 (4794) dinf=0.0 (0) time=39.865755612s
[ Info: iter=7217 obj=2.9008230950833756e7 pinf=135624.0643262588 (4936) dinf=0.0 (0) time=40.353421303s
[ Info: iter=7297 obj=2.9226394598985597e7 pinf=51052.208837251004 (4801) dinf=0.0 (0) time=40.881889293s
[ Info: iter=7377 obj=2.9258355459052928e7 pinf=229881.34828461986 (4918) dinf=0.0 (0) time=41.478262781s
[ Info: iter=7457 obj=2.9327667907333314e7 pinf=49367.8177800379 (4870) dinf=0.0 (0) time=41.939486373s
[ Info: iter=7537 obj=2.9366729386270992e7 pinf=514739.36318251933 (4887) dinf=0.0 (0) time=42.432792963s
[ Info: iter=7617 obj=2.9429254521893002e7 pinf=58492.27204873487 (4867) dinf=0.0 (0) time=42.946437154s
[ Info: iter=7697 obj=2.945184446488881e7 pinf=87568.64932510856 (4904) dinf=0.0 (0) time=43.439366948s
[ Info: iter=7777 obj=2.9463252508803476e7 pinf=115966.55514153778 (5009) dinf=0.0 (0) time=43.884410343s
[ Info: iter=7857 obj=2.949110435730761e7 pinf=56909.540542095994 (4979) dinf=0.0 (0) time=44.395295937s
[ Info: iter=7937 obj=2.951594117436178e7 pinf=163860.8290449423 (4977) dinf=0.0 (0) time=44.871850432s
[ Info: iter=8017 obj=2.95258725893979e7 pinf=40354.302456339974 (4882) dinf=0.0 (0) time=45.339195526s
[ Info: iter=8097 obj=2.953415472816767e7 pinf=233192.83770953133 (4926) dinf=0.0 (0) time=45.82193612s
[ Info: iter=8177 obj=2.9547939318357214e7 pinf=38343.65983678704 (4848) dinf=0.0 (0) time=46.336199814s
[ Info: iter=8257 obj=2.9568866732644748e7 pinf=45574.49648895764 (4928) dinf=0.0 (0) time=46.874977508s
[ Info: iter=8337 obj=2.965131489588441e7 pinf=73620.68034012096 (4996) dinf=0.0 (0) time=47.398631802s
[ Info: iter=8417 obj=2.9782451130952675e7 pinf=76235.57854594637 (4992) dinf=0.0 (0) time=47.941948996s
[ Info: iter=8497 obj=2.9805306475173965e7 pinf=64345.491731206545 (4986) dinf=0.0 (0) time=48.45414499s
[ Info: iter=8577 obj=2.9868644208114825e7 pinf=84988.18890817792 (5005) dinf=0.0 (0) time=48.980708383s
[ Info: iter=8657 obj=2.988285120449794e7 pinf=166751.67394865424 (5003) dinf=0.0 (0) time=49.584473576s
[ Info: iter=8737 obj=2.9948697851244353e7 pinf=93475.68768842284 (4982) dinf=0.0 (0) time=50.174916169s
[ Info: iter=8817 obj=3.0165721637803867e7 pinf=189735.28644573432 (5057) dinf=0.0 (0) time=50.701032563s
[ Info: iter=8897 obj=3.0365514973115444e7 pinf=66049.79561179593 (5023) dinf=0.0 (0) time=51.317272962s
[ Info: iter=8977 obj=3.039642871997746e7 pinf=206171.03254080162 (5017) dinf=0.0 (0) time=51.955161963s
[ Info: iter=9057 obj=3.052598789340075e7 pinf=33745.10525366323 (4950) dinf=0.0 (0) time=52.506700765s
[ Info: iter=9137 obj=3.05606514274519e7 pinf=47414.35241118367 (4950) dinf=0.0 (0) time=53.022836566s
[ Info: iter=9217 obj=3.061224674443031e7 pinf=125724.85045962888 (4962) dinf=0.0 (0) time=53.631057768s
[ Info: iter=9297 obj=3.065943714065223e7 pinf=53112.25259839263 (5007) dinf=0.0 (0) time=54.174910469s
[ Info: iter=9377 obj=3.071504563393933e7 pinf=3.2717696324819447e6 (5104) dinf=0.0 (0) time=54.71863987s
[ Info: iter=9457 obj=3.0919642652218446e7 pinf=111296.5933219503 (5095) dinf=0.0 (0) time=55.285697872s
[ Info: iter=9537 obj=3.1096361749706693e7 pinf=39669.379207306636 (5018) dinf=0.0 (0) time=55.861551073s
[ Info: iter=9617 obj=3.1245602660250604e7 pinf=135321.4269144363 (5131) dinf=0.0 (0) time=56.481816975s
[ Info: iter=9697 obj=3.1308153404280327e7 pinf=109187.16503774932 (5146) dinf=0.0 (0) time=57.095315577s
[ Info: iter=9777 obj=3.141810096328002e7 pinf=245669.6488988741 (5110) dinf=0.0 (0) time=57.692638478s
[ Info: iter=9857 obj=3.1682988384579152e7 pinf=84768.91773238935 (5096) dinf=0.0 (0) time=58.263184179s
[ Info: iter=9937 obj=3.174804022924323e7 pinf=81781.70926687033 (5073) dinf=0.0 (0) time=58.798835081s
[ Info: iter=10017 obj=3.2038549210264266e7 pinf=43337.70196708394 (5051) dinf=0.0 (0) time=59.340996978s
[ Info: iter=10097 obj=3.2441450700437307e7 pinf=78493.61760557434 (5147) dinf=0.0 (0) time=59.891465673s
[ Info: iter=10177 obj=3.253435696042496e7 pinf=134987.3611520321 (5161) dinf=0.0 (0) time=60.505377468s
[ Info: iter=10257 obj=3.2749268045239054e7 pinf=186456.77540316829 (5230) dinf=0.0 (0) time=61.151087062s
[ Info: iter=10337 obj=3.2847848540468164e7 pinf=286804.3169364643 (5293) dinf=0.0 (0) time=61.801321356s
[ Info: iter=10417 obj=3.29643980527009e7 pinf=246219.68150902164 (5234) dinf=0.0 (0) time=62.354003351s
[ Info: iter=10497 obj=3.301371125585007e7 pinf=116804.92830585319 (5175) dinf=0.0 (0) time=62.956637846s
[ Info: iter=10577 obj=3.305344690038977e7 pinf=173811.74624150826 (5228) dinf=0.0 (0) time=63.556640841s
[ Info: iter=10657 obj=3.3058338932310384e7 pinf=435834.66974188574 (5165) dinf=0.0 (0) time=64.083163536s
[ Info: iter=10737 obj=3.307269063264117e7 pinf=99226.07246652238 (5169) dinf=0.0 (0) time=64.649023132s
[ Info: iter=10817 obj=3.309064152381488e7 pinf=70384.64290311637 (5178) dinf=0.0 (0) time=65.248715826s
[ Info: iter=10897 obj=3.3155174393712237e7 pinf=475989.37293034536 (5325) dinf=0.0 (0) time=65.894907321s
[ Info: iter=10977 obj=3.3255167360687643e7 pinf=87836.81734938546 (5171) dinf=0.0 (0) time=66.526437415s
[ Info: iter=11057 obj=3.3349411589602713e7 pinf=29010.434885625564 (5114) dinf=0.0 (0) time=67.179212908s
[ Info: iter=11137 obj=3.353079823404625e7 pinf=27254.835645576768 (5093) dinf=0.0 (0) time=67.738183398s
[ Info: iter=11217 obj=3.3563930010716446e7 pinf=88950.83888123892 (5170) dinf=0.0 (0) time=68.384804387s
[ Info: iter=11297 obj=3.363894981206863e7 pinf=101778.93580072463 (5145) dinf=0.0 (0) time=69.071084075s
[ Info: iter=11377 obj=3.3665860485674076e7 pinf=47110.62339984495 (5160) dinf=0.0 (0) time=69.688572565s
[ Info: iter=11457 obj=3.3684823446177505e7 pinf=76727.08054604096 (5176) dinf=0.0 (0) time=70.301159454s
[ Info: iter=11537 obj=3.373620800496962e7 pinf=50650.70850484623 (5148) dinf=0.0 (0) time=70.954255843s
[ Info: iter=11617 obj=3.3796810604638085e7 pinf=3.409153396910519e7 (5131) dinf=0.0 (0) time=71.629158231s
[ Info: iter=11697 obj=3.3852116507831074e7 pinf=3.2155786639228803e6 (5151) dinf=0.0 (0) time=72.245426321s
[ Info: iter=11777 obj=3.3869700529953524e7 pinf=31386.986221337265 (5117) dinf=0.0 (0) time=72.85092221s
[ Info: iter=11857 obj=3.400583212379129e7 pinf=59467.93674313573 (5149) dinf=0.0 (0) time=73.4399545s
[ Info: iter=11937 obj=3.403529721886024e7 pinf=86461.51074665923 (5233) dinf=0.0 (0) time=74.159536088s
[ Info: iter=12017 obj=3.411084207141934e7 pinf=35962.79603992776 (5155) dinf=0.0 (0) time=74.844896676s
[ Info: iter=12097 obj=3.425042872929174e7 pinf=147094.45348383658 (5222) dinf=0.0 (0) time=75.464287769s
[ Info: iter=12177 obj=3.543468809767984e7 pinf=34360.47740943035 (5136) dinf=0.0 (0) time=76.097243664s
[ Info: iter=12257 obj=3.5785846937324926e7 pinf=81353.93209434452 (5112) dinf=0.0 (0) time=77.065268955s
[ Info: iter=12337 obj=3.6181002592912115e7 pinf=334400.476008451 (5285) dinf=0.0 (0) time=77.693877249s
[ Info: iter=12417 obj=3.6217376397270925e7 pinf=418737.4285616258 (5281) dinf=0.0 (0) time=78.378728043s
[ Info: iter=12497 obj=3.6243250340167776e7 pinf=62327.68322780706 (5146) dinf=0.0 (0) time=79.023776138s
[ Info: iter=12577 obj=3.625141847242226e7 pinf=134412.43728298257 (5193) dinf=0.0 (0) time=79.673632632s
[ Info: iter=12657 obj=3.627878272390318e7 pinf=75574.58760106524 (5214) dinf=0.0 (0) time=80.378704026s
[ Info: iter=12737 obj=3.630268724397609e7 pinf=65513.496260401254 (5229) dinf=0.0 (0) time=81.107706219s
[ Info: iter=12817 obj=3.6321603352152884e7 pinf=34651.18063713424 (5182) dinf=0.0 (0) time=81.746260413s
[ Info: iter=12897 obj=3.633798534617357e7 pinf=29303.23042751468 (5201) dinf=0.0 (0) time=82.373709308s
[ Info: iter=12977 obj=3.636245369107463e7 pinf=162338.81554860953 (5236) dinf=0.0 (0) time=83.035594402s
[ Info: iter=13057 obj=3.6389527266704395e7 pinf=68529.4611837995 (5273) dinf=0.0 (0) time=83.741052696s
[ Info: iter=13137 obj=3.639842298567769e7 pinf=52665.27715152306 (5133) dinf=0.0 (0) time=84.40847619s
[ Info: iter=13217 obj=3.641917159813915e7 pinf=378739.27489269286 (5335) dinf=0.0 (0) time=85.140026884s
[ Info: iter=13297 obj=3.6452252437826864e7 pinf=31688.38858584245 (5152) dinf=0.0 (0) time=85.830465278s
[ Info: iter=13377 obj=3.648011317787731e7 pinf=3.549309611637378e6 (5205) dinf=0.0 (0) time=86.495350073s
[ Info: iter=13457 obj=3.649481711681531e7 pinf=248473.05067826045 (5284) dinf=0.0 (0) time=87.209302066s
[ Info: iter=13537 obj=3.6589884074578255e7 pinf=2.421731028357277e6 (5388) dinf=0.0 (0) time=87.97910526s
[ Info: iter=13617 obj=3.673411440473035e7 pinf=804841.3363012259 (5279) dinf=0.0 (0) time=88.791304053s
[ Info: iter=13697 obj=3.675639968840134e7 pinf=54958.67855579112 (5187) dinf=0.0 (0) time=89.593790846s
[ Info: iter=13777 obj=3.679728407485779e7 pinf=155549.10040049156 (5485) dinf=0.0 (0) time=90.31700604s
[ Info: iter=13857 obj=3.684470733910671e7 pinf=739069.6791789829 (5655) dinf=0.0 (0) time=91.121643133s
[ Info: iter=13937 obj=3.690970285410637e7 pinf=4.553448545976648e6 (5663) dinf=0.0 (0) time=91.891933825s
[ Info: iter=14017 obj=3.712335990494999e7 pinf=117442.75800583223 (5457) dinf=0.0 (0) time=92.583478019s
[ Info: iter=14097 obj=3.723623238109313e7 pinf=487859.38315576914 (5546) dinf=0.0 (0) time=93.292746712s
[ Info: iter=14177 obj=3.741952314251322e7 pinf=67244.06100272697 (5319) dinf=0.0 (0) time=94.022496805s
[ Info: iter=14257 obj=3.74441184901782e7 pinf=49491.49761137452 (5371) dinf=0.0 (0) time=94.708137498s
[ Info: iter=14337 obj=3.770501966700532e7 pinf=87850.91455352012 (5364) dinf=0.0 (0) time=95.375128891s
[ Info: iter=14417 obj=3.771149904349089e7 pinf=29047.051195022552 (5288) dinf=0.0 (0) time=96.041863985s
[ Info: iter=14497 obj=3.7724635268455945e7 pinf=96532.13719322202 (5386) dinf=0.0 (0) time=96.767986978s
[ Info: iter=14577 obj=3.7740213026371345e7 pinf=244250.61573609826 (5377) dinf=0.0 (0) time=97.53210917s
[ Info: iter=14657 obj=3.782465801811323e7 pinf=35210.90182505205 (5359) dinf=0.0 (0) time=98.217254164s
[ Info: iter=14737 obj=3.796831114588713e7 pinf=438013.30386836303 (5497) dinf=0.0 (0) time=98.950613256s
[ Info: iter=14817 obj=3.806862728552173e7 pinf=439643.031317214 (5421) dinf=0.0 (0) time=99.79838105s
[ Info: iter=14897 obj=3.8111547954768255e7 pinf=20886.750845492137 (5307) dinf=0.0 (0) time=100.578499243s
[ Info: iter=14977 obj=3.81234132865981e7 pinf=52154.27170435657 (5270) dinf=0.0 (0) time=101.267960638s
[ Info: iter=15057 obj=3.814513819500737e7 pinf=226644.99237179075 (5465) dinf=0.0 (0) time=101.987201232s
[ Info: iter=15137 obj=3.8160914328085154e7 pinf=189455.824463849 (5440) dinf=0.0 (0) time=102.711622127s
[ Info: iter=15217 obj=3.818027932809247e7 pinf=63298.49886515719 (5477) dinf=0.0 (0) time=103.478229421s
[ Info: iter=15297 obj=3.8216382520357475e7 pinf=166956.87484976754 (5491) dinf=0.0 (0) time=104.278046514s
[ Info: iter=15377 obj=3.8217931457111195e7 pinf=19978.527144076314 (5335) dinf=0.0 (0) time=108.040833994s
[ Info: iter=15457 obj=3.8241596891563654e7 pinf=85115.37943787302 (5403) dinf=0.0 (0) time=108.813391495s
[ Info: iter=15537 obj=3.8250712028706245e7 pinf=1.8325096199934965e6 (5515) dinf=0.0 (0) time=109.597058296s
[ Info: iter=15617 obj=3.8263622972694814e7 pinf=64045.09949434983 (5402) dinf=0.0 (0) time=110.477312398s
[ Info: iter=15697 obj=3.830650205500596e7 pinf=25485.12428874713 (5334) dinf=0.0 (0) time=111.259335899s
[ Info: iter=15777 obj=3.8328107504248366e7 pinf=36988.45997989804 (5369) dinf=0.0 (0) time=112.0649898s
[ Info: iter=15857 obj=3.833794322612125e7 pinf=86080.32133312697 (5443) dinf=0.0 (0) time=112.796296602s
[ Info: iter=15937 obj=3.834865268187995e7 pinf=277249.4830542058 (5521) dinf=0.0 (0) time=113.710267703s
[ Info: iter=16017 obj=3.83761892508401e7 pinf=135162.64126228256 (5484) dinf=0.0 (0) time=114.675761205s
[ Info: iter=16097 obj=3.8405530674694076e7 pinf=242142.43990418452 (5569) dinf=0.0 (0) time=115.597708432s
[ Info: iter=16177 obj=3.841474868784599e7 pinf=2.2168880592104876e6 (5554) dinf=0.0 (0) time=117.914008354s
[ Info: iter=16257 obj=3.8449953864806384e7 pinf=130765.69815576075 (5572) dinf=0.0 (0) time=118.7769742s
[ Info: iter=16337 obj=3.845817365752487e7 pinf=216091.78776173596 (5653) dinf=0.0 (0) time=119.758004751s
[ Info: iter=16417 obj=3.84684387952217e7 pinf=184975.03532246378 (5485) dinf=0.0 (0) time=120.822667707s
[ Info: iter=16497 obj=3.848419899802872e7 pinf=107715.8477604829 (5555) dinf=0.0 (0) time=121.82519056s
[ Info: iter=16577 obj=3.8504587016060375e7 pinf=96591.02239752281 (5541) dinf=0.0 (0) time=122.804920812s
[ Info: iter=16657 obj=3.856740564145515e7 pinf=63794.82851731611 (5451) dinf=0.0 (0) time=123.756082234s
[ Info: iter=16737 obj=3.861058337496813e7 pinf=279901.3667931048 (5458) dinf=0.0 (0) time=124.735666741s
[ Info: iter=16817 obj=3.861648037131961e7 pinf=42480.769092637434 (5359) dinf=0.0 (0) time=125.711310049s
[ Info: iter=16897 obj=3.8731060288393855e7 pinf=605774.452788505 (5529) dinf=0.0 (0) time=126.616890456s
[ Info: iter=16977 obj=3.882808614792967e7 pinf=903205.9482338311 (5667) dinf=0.0 (0) time=127.485100063s
[ Info: iter=17057 obj=3.896524993310809e7 pinf=70495.41369149397 (5419) dinf=0.0 (0) time=128.40602447s
[ Info: iter=17137 obj=3.905186981062381e7 pinf=52031.58726340327 (5385) dinf=0.0 (0) time=129.344676578s
[ Info: iter=17217 obj=3.9089530616102174e7 pinf=268253.86549395754 (5471) dinf=0.0 (0) time=130.299496785s
[ Info: iter=17297 obj=3.911718685319523e7 pinf=49291.95883307428 (5348) dinf=0.0 (0) time=131.246941793s
[ Info: iter=17377 obj=3.928843237790785e7 pinf=383407.8715479067 (5522) dinf=0.0 (0) time=132.106162802s
[ Info: iter=17457 obj=3.9373473075617805e7 pinf=299419.9476970713 (5503) dinf=0.0 (0) time=132.999639711s
[ Info: iter=17537 obj=3.94045317128964e7 pinf=149820.30540329282 (5469) dinf=0.0 (0) time=133.91673642s
[ Info: iter=17617 obj=3.9447752233107105e7 pinf=95821.74003055922 (5346) dinf=0.0 (0) time=134.791317329s
[ Info: iter=17697 obj=3.94962051886905e7 pinf=205507.51781552957 (5490) dinf=0.0 (0) time=135.697124538s
[ Info: iter=17777 obj=3.95071035088074e7 pinf=28748.36051208455 (5229) dinf=0.0 (0) time=136.458604946s
[ Info: iter=17857 obj=3.951261134803392e7 pinf=85197.14602190744 (5377) dinf=0.0 (0) time=137.195084354s
[ Info: iter=17937 obj=3.972352250826432e7 pinf=188389.46631082895 (5510) dinf=0.0 (0) time=138.116249963s
[ Info: iter=18017 obj=4.0043485389442034e7 pinf=397780.75154370186 (5450) dinf=0.0 (0) time=138.935902371s
[ Info: iter=18097 obj=4.013407749058753e7 pinf=6.421391473965735e7 (5699) dinf=0.0 (0) time=139.851169269s
[ Info: iter=18177 obj=4.0357251346117154e7 pinf=141316.8070547672 (5302) dinf=0.0 (0) time=140.647928663s
[ Info: iter=18257 obj=4.037565851873839e7 pinf=2.529274984474058e6 (5765) dinf=0.0 (0) time=141.564521757s
[ Info: iter=18337 obj=4.038591948325507e7 pinf=2.8705269690302115e7 (5810) dinf=0.0 (0) time=142.59493635s
[ Info: iter=18417 obj=4.062300231399445e7 pinf=126874.52158405459 (5395) dinf=0.0 (0) time=143.665556243s
[ Info: iter=18497 obj=4.064721741616435e7 pinf=286563.8488408923 (5490) dinf=0.0 (0) time=144.744491236s
[ Info: iter=18577 obj=4.0664337156602055e7 pinf=607647.6314943298 (5379) dinf=0.0 (0) time=145.798849629s
[ Info: iter=18657 obj=4.06783745405386e7 pinf=278877.97954291914 (5497) dinf=0.0 (0) time=146.838750822s
[ Info: iter=18737 obj=4.070478953753169e7 pinf=1.7155289124799457e6 (5684) dinf=0.0 (0) time=147.750143315s
[ Info: iter=18817 obj=4.071828898844331e7 pinf=97970.60852809182 (5392) dinf=0.0 (0) time=148.808226308s
[ Info: iter=18897 obj=4.0726364730326526e7 pinf=302791.4981160775 (5489) dinf=0.0 (0) time=149.761291302s
[ Info: iter=18977 obj=4.073454219245677e7 pinf=179669.21151365282 (5404) dinf=0.0 (0) time=150.683029795s
[ Info: iter=19057 obj=4.074798917199038e7 pinf=2.744706668710901e6 (5715) dinf=0.0 (0) time=152.092683086s
[ Info: iter=19137 obj=4.075719599661167e7 pinf=114653.5352730164 (5293) dinf=0.0 (0) time=153.145975278s
[ Info: iter=19217 obj=4.07911322811252e7 pinf=661432.8029837064 (5542) dinf=0.0 (0) time=154.103141072s
[ Info: iter=19297 obj=4.0828382377788275e7 pinf=51046.952854361494 (5251) dinf=0.0 (0) time=155.056897265s
[ Info: iter=19377 obj=4.084025150833085e7 pinf=174317.87565811674 (5459) dinf=0.0 (0) time=156.078491064s
[ Info: iter=19457 obj=4.098001741889418e7 pinf=110376.57628087384 (5281) dinf=0.0 (0) time=157.157126663s
[ Info: iter=19537 obj=4.099733373268904e7 pinf=262854.279895106 (5382) dinf=0.0 (0) time=158.187993662s
[ Info: iter=19617 obj=4.100230193020864e7 pinf=84299.48887182842 (5389) dinf=0.0 (0) time=159.280175461s
[ Info: iter=19697 obj=4.108602624378042e7 pinf=1.261874677192992e6 (5466) dinf=0.0 (0) time=160.35205696s
[ Info: iter=19777 obj=4.1182467117553376e7 pinf=401953.00113347603 (5394) dinf=0.0 (0) time=161.40133196s
[ Info: iter=19857 obj=4.120564208246137e7 pinf=298501.2712690505 (5359) dinf=0.0 (0) time=162.500249159s
[ Info: iter=19937 obj=4.121453411669522e7 pinf=212024.6320149817 (5372) dinf=0.0 (0) time=163.532298763s
[ Info: iter=20017 obj=4.1229706000133425e7 pinf=752105.7631473178 (5592) dinf=0.0 (0) time=164.51528018s
[ Info: iter=20097 obj=4.123953278969213e7 pinf=437657.12039021327 (5543) dinf=0.0 (0) time=165.506640496s
[ Info: iter=20177 obj=4.1254443271954335e7 pinf=3.569062423414373e6 (5665) dinf=0.0 (0) time=166.564134314s
[ Info: iter=20257 obj=4.1347286357820794e7 pinf=146407.17397459384 (5395) dinf=0.0 (0) time=167.440641429s
[ Info: iter=20337 obj=4.136646184461288e7 pinf=207778.44361231552 (5448) dinf=0.0 (0) time=168.415508745s
[ Info: iter=20417 obj=4.13731476815805e7 pinf=61596.26124867797 (5259) dinf=0.0 (0) time=169.28823336s
[ Info: iter=20497 obj=4.138468755407271e7 pinf=491893.5558579714 (5618) dinf=0.0 (0) time=170.281616676s
[ Info: iter=20577 obj=4.1390683551315665e7 pinf=428753.36915588484 (5392) dinf=0.0 (0) time=171.323293394s
[ Info: iter=20657 obj=4.139743643822158e7 pinf=61980.73580809045 (5223) dinf=0.0 (0) time=172.410871921s
[ Info: iter=20737 obj=4.145976507627194e7 pinf=258362.09198860914 (5349) dinf=0.0 (0) time=173.535220948s
[ Info: iter=20817 obj=4.146350827436432e7 pinf=100622.59424677267 (5329) dinf=0.0 (0) time=174.558454072s
[ Info: iter=20897 obj=4.147247173847761e7 pinf=1.4778342216771315e6 (5481) dinf=0.0 (0) time=175.570801997s
[ Info: iter=20977 obj=4.1517684107183635e7 pinf=203545.1454554127 (5402) dinf=0.0 (0) time=176.621757122s
[ Info: iter=21057 obj=4.1534828426618375e7 pinf=230526.24322761 (5511) dinf=0.0 (0) time=177.579434045s
[ Info: iter=21137 obj=4.15464211912145e7 pinf=696860.7623681945 (5431) dinf=0.0 (0) time=178.558362568s
[ Info: iter=21217 obj=4.1592405054022856e7 pinf=122786.23459487085 (5468) dinf=0.0 (0) time=179.612205284s
[ Info: iter=21297 obj=4.1602153874943614e7 pinf=280078.870794552 (5572) dinf=0.0 (0) time=180.690417077s
[ Info: iter=21377 obj=4.174489587097357e7 pinf=163305.7303927899 (5438) dinf=0.0 (0) time=181.701832671s
[ Info: iter=21457 obj=4.1754467467176124e7 pinf=217244.10966853274 (5470) dinf=0.0 (0) time=182.904705263s
[ Info: iter=21537 obj=4.1761290550567746e7 pinf=841409.2155591068 (5638) dinf=0.0 (0) time=184.075512656s
[ Info: iter=21617 obj=4.1778017313587174e7 pinf=566657.4563221872 (5331) dinf=0.0 (0) time=185.221223948s
[ Info: iter=21697 obj=4.178791402490013e7 pinf=1.5682479668895795e6 (5665) dinf=0.0 (0) time=186.669182939s
[ Info: iter=21777 obj=4.1790520875943795e7 pinf=26274.498745901128 (5202) dinf=0.0 (0) time=187.858075066s
[ Info: iter=21857 obj=4.179824316131839e7 pinf=26347.47499040214 (5182) dinf=0.0 (0) time=188.955566628s
[ Info: iter=21937 obj=4.180940212159167e7 pinf=133026.500446318 (5367) dinf=0.0 (0) time=190.070520691s
[ Info: iter=22017 obj=4.1817009190883726e7 pinf=3.2303547141157934e6 (5684) dinf=0.0 (0) time=191.153831152s
[ Info: iter=22097 obj=4.183461265083718e7 pinf=1.085345195656259e6 (5519) dinf=0.0 (0) time=192.297243216s
[ Info: iter=22177 obj=4.184147934826815e7 pinf=1.2126650864554187e6 (5616) dinf=0.0 (0) time=193.393571478s
[ Info: iter=22257 obj=4.1848754901121765e7 pinf=250132.8802987517 (5285) dinf=0.0 (0) time=194.460722038s
[ Info: iter=22337 obj=4.18551479730735e7 pinf=2.4419801521281516e6 (5561) dinf=0.0 (0) time=195.459692385s
[ Info: iter=22417 obj=4.207325770844434e7 pinf=88811.92091059225 (5320) dinf=0.0 (0) time=196.591311772s
[ Info: iter=22497 obj=4.256095184049296e7 pinf=1.9146461438545722e6 (5733) dinf=0.0 (0) time=197.65614466s
[ Info: iter=22577 obj=4.258247724753924e7 pinf=4.970139088622093e6 (5642) dinf=0.0 (0) time=198.636946148s
[ Info: iter=22657 obj=4.2589544106581606e7 pinf=5.44823182282715e6 (5580) dinf=0.0 (0) time=199.854286134s
[ Info: iter=22737 obj=4.259669407323918e7 pinf=4.141926512452397e6 (5663) dinf=0.0 (0) time=201.03918732s
[ Info: iter=22817 obj=4.259993691288463e7 pinf=1.9466263413170828e6 (5656) dinf=0.0 (0) time=202.135907908s
[ Info: iter=22897 obj=4.2650249786598414e7 pinf=5.10297923912201e6 (5699) dinf=0.0 (0) time=203.216749495s
[ Info: iter=22977 obj=4.265694722874208e7 pinf=5.657808677375565e6 (5736) dinf=0.0 (0) time=204.226283389s
[ Info: iter=23057 obj=4.266143906379141e7 pinf=3.479430023730506e6 (5734) dinf=0.0 (0) time=205.414906184s
[ Info: iter=23137 obj=4.267000741167884e7 pinf=675617.5922038729 (5422) dinf=0.0 (0) time=206.654898677s
[ Info: iter=23217 obj=4.281903832069619e7 pinf=280336.3840994094 (5322) dinf=0.0 (0) time=207.684013772s
[ Info: iter=23297 obj=4.2822917856537566e7 pinf=56244.291551157585 (5077) dinf=0.0 (0) time=208.773223867s
[ Info: iter=23377 obj=4.282956340650767e7 pinf=1.367874097232518e6 (5535) dinf=0.0 (0) time=209.845062862s
[ Info: iter=23457 obj=4.283414792715417e7 pinf=857524.492618397 (5473) dinf=0.0 (0) time=210.983283356s
[ Info: iter=23537 obj=4.2842550756468564e7 pinf=466639.315680625 (5489) dinf=0.0 (0) time=212.135492124s
[ Info: iter=23617 obj=4.284744690112634e7 pinf=3.3411537204414974e6 (5604) dinf=0.0 (0) time=213.265764427s
[ Info: iter=23697 obj=4.2852631569715515e7 pinf=162813.17041070174 (5265) dinf=0.0 (0) time=214.326573223s
[ Info: iter=23777 obj=4.285562950732969e7 pinf=482658.1993753322 (5333) dinf=0.0 (0) time=215.473751027s
[ Info: iter=23857 obj=4.285637438751067e7 pinf=448930.4104364067 (5540) dinf=0.0 (0) time=216.598540929s
[ Info: iter=23937 obj=4.286427096197284e7 pinf=3.390146064172599e6 (5650) dinf=0.0 (0) time=217.736752932s
[ Info: iter=24017 obj=4.286890191470117e7 pinf=2.2477151970261084e6 (5614) dinf=0.0 (0) time=218.842335832s
[ Info: iter=24097 obj=4.287699485978556e7 pinf=1.0302498941891917e6 (5596) dinf=0.0 (0) time=220.041394494s
[ Info: iter=24177 obj=4.2967308868674114e7 pinf=168144.81496503137 (5282) dinf=0.0 (0) time=221.102786215s
[ Info: iter=24257 obj=4.2974462999892525e7 pinf=2.0466110026283872e6 (5461) dinf=0.0 (0) time=222.277663437s
[ Info: iter=24337 obj=4.2981910852258325e7 pinf=1.857037412846846e6 (5358) dinf=0.0 (0) time=223.506561661s
[ Info: iter=24417 obj=4.299642024777238e7 pinf=1.6338922122678906e6 (5226) dinf=0.0 (0) time=224.643808283s
[ Info: iter=24497 obj=4.300234763519111e7 pinf=2.5544813662689207e6 (5384) dinf=0.0 (0) time=226.04780341s

cmd: /home/jspitz/.julia/juliaup/julia-1.13.0+0.aarch64.linux.gnu/bin/julia 9 running 1 of 1

signal (10): User defined signal 1
getindex at ./essentials.jl:970 [inlined]
_upper_entry at /home/jspitz/JSimplex.jl/.worktrees/triangular-runtime-cliff/src/triangular_factorization.jl:89 [inlined]
_upper_value at /home/jspitz/JSimplex.jl/.worktrees/triangular-runtime-cliff/src/triangular_factorization.jl:83 [inlined]
_last_pure_bartels_golub_swap at /home/jspitz/JSimplex.jl/.worktrees/triangular-runtime-cliff/src/bartels_golub_rows.jl:52
#replace_column!#108 at /home/jspitz/JSimplex.jl/.worktrees/triangular-runtime-cliff/src/triangular_factorization.jl:758
replace_column! at /home/jspitz/JSimplex.jl/.worktrees/triangular-runtime-cliff/src/triangular_factorization.jl:738 [inlined]
#_replace_pivot_column!#279 at /home/jspitz/JSimplex.jl/.worktrees/triangular-runtime-cliff/src/simplex_pivot.jl:164
_replace_pivot_column! at /home/jspitz/JSimplex.jl/.worktrees/triangular-runtime-cliff/src/simplex_pivot.jl:157 [inlined]
#_dual_iteration_unchecked!#235 at /home/jspitz/JSimplex.jl/.worktrees/triangular-runtime-cliff/src/dual_simplex.jl:1422
_dual_iteration_unchecked! at /home/jspitz/JSimplex.jl/.worktrees/triangular-runtime-cliff/src/dual_simplex.jl:1141 [inlined]
_dual_iteration_core! at /home/jspitz/JSimplex.jl/.worktrees/triangular-runtime-cliff/src/simplex_pivot.jl:419 [inlined]
#_dual_iteration!##0 at /home/jspitz/JSimplex.jl/.worktrees/triangular-runtime-cliff/src/simplex_pivot.jl:413 [inlined]
#_measure_basis_iteration!#20 at /home/jspitz/JSimplex.jl/.worktrees/triangular-runtime-cliff/src/refactorization_policy.jl:291
_measure_basis_iteration! at /home/jspitz/JSimplex.jl/.worktrees/triangular-runtime-cliff/src/refactorization_policy.jl:289 [inlined]
_dual_iteration! at /home/jspitz/JSimplex.jl/.worktrees/triangular-runtime-cliff/src/simplex_pivot.jl:412 [inlined]
#dual_iteration!#233 at /home/jspitz/JSimplex.jl/.worktrees/triangular-runtime-cliff/src/dual_simplex.jl:723
dual_iteration! at /home/jspitz/JSimplex.jl/.worktrees/triangular-runtime-cliff/src/dual_simplex.jl:711 [inlined]
#_dual_optimize!#251 at /home/jspitz/JSimplex.jl/.worktrees/triangular-runtime-cliff/src/dual_simplex.jl:1855
_dual_optimize! at /home/jspitz/JSimplex.jl/.worktrees/triangular-runtime-cliff/src/dual_simplex.jl:1829 [inlined]
_solve_continuous_dual_once! at /home/jspitz/JSimplex.jl/.worktrees/triangular-runtime-cliff/src/dual_simplex.jl:2232
_solve_continuous_dual! at /home/jspitz/JSimplex.jl/.worktrees/triangular-runtime-cliff/src/dual_simplex.jl:2263
#_solve_continuous_dual#252 at /home/jspitz/JSimplex.jl/.worktrees/triangular-runtime-cliff/src/dual_simplex.jl:2180
_solve_continuous_dual at /home/jspitz/JSimplex.jl/.worktrees/triangular-runtime-cliff/src/dual_simplex.jl:2152 [inlined]
#_solve_diagnosed#427 at /home/jspitz/JSimplex.jl/.worktrees/triangular-runtime-cliff/src/solver.jl:493
_solve_diagnosed at /home/jspitz/JSimplex.jl/.worktrees/triangular-runtime-cliff/src/solver.jl:438
unknown function (ip: 0xfb883b3cd2af) at (unknown file)
macro expansion at /home/jspitz/.julia/juliaup/julia-1.13.0+0.aarch64.linux.gnu/share/julia/stdlib/v1.13/Profile/src/Profile.jl:60 [inlined]
macro expansion at ./timing.jl:699 [inlined]
main at /home/jspitz/JSimplex.jl/.worktrees/triangular-runtime-cliff/diagnostics/simplex-basis-cleanup-performance/reproduce/solve-profile.jl:16
unknown function (ip: 0xfb8869a19993) at (unknown file)
jl_apply at /cache/build/builder-armageddon-4/julialang/julia-ci/src/julia.h:2318 [inlined]
do_call at /cache/build/builder-armageddon-4/julialang/julia-ci/src/interpreter.c:123
eval_value at /cache/build/builder-armageddon-4/julialang/julia-ci/src/interpreter.c:243
eval_stmt_value at /cache/build/builder-armageddon-4/julialang/julia-ci/src/interpreter.c:194 [inlined]
eval_body at /cache/build/builder-armageddon-4/julialang/julia-ci/src/interpreter.c:693
jl_interpret_toplevel_thunk at /cache/build/builder-armageddon-4/julialang/julia-ci/src/interpreter.c:884
jl_toplevel_eval_flex at /cache/build/builder-armageddon-4/julialang/julia-ci/src/toplevel.c:742
jl_eval_toplevel_stmts at /cache/build/builder-armageddon-4/julialang/julia-ci/src/toplevel.c:585
jl_toplevel_eval_flex at /cache/build/builder-armageddon-4/julialang/julia-ci/src/toplevel.c:683
ijl_toplevel_eval at /cache/build/builder-armageddon-4/julialang/julia-ci/src/toplevel.c:754
ijl_toplevel_eval_in at /cache/build/builder-armageddon-4/julialang/julia-ci/src/toplevel.c:799
eval at ./boot.jl:489
include_string at ./loading.jl:3016
_include at ./loading.jl:3076
include at ./Base.jl:309
exec_options at ./client.jl:344
_start at ./client.jl:577
jfptr__start_61086 at /home/jspitz/.julia/juliaup/julia-1.13.0+0.aarch64.linux.gnu/lib/julia/sys.so (unknown line)
jl_apply at /cache/build/builder-armageddon-4/julialang/julia-ci/src/julia.h:2318 [inlined]
true_main at /cache/build/builder-armageddon-4/julialang/julia-ci/src/jlapi.c:985
jl_repl_entrypoint at /cache/build/builder-armageddon-4/julialang/julia-ci/src/jlapi.c:1152
main at /cache/build/builder-armageddon-4/julialang/julia-ci/cli/loader_exe.c:58
unknown function (ip: 0xfb888ada2f1b) at /usr/lib/aarch64-linux-gnu/libc.so.6
__libc_start_main at /usr/lib/aarch64-linux-gnu/libc.so.6 (unknown line)
$x at /home/jspitz/.julia/juliaup/julia-1.13.0+0.aarch64.linux.gnu/bin/julia (unknown line)
unknown function (ip: 0x16000000400a1b) at (unknown file)
unknown function (ip: (nil)) at (unknown file)


cmd: /home/jspitz/.julia/juliaup/julia-1.13.0+0.aarch64.linux.gnu/bin/julia 9 running 1 of 1

signal (10): User defined signal 1
_iterate_abstractarray at ./abstractarray.jl:1254 [inlined]
iterate at ./abstractarray.jl:1247 [inlined]
_rotate_upper_rows! at /home/jspitz/JSimplex.jl/.worktrees/triangular-runtime-cliff/src/bartels_golub_rows.jl:15
#replace_column!#108 at /home/jspitz/JSimplex.jl/.worktrees/triangular-runtime-cliff/src/triangular_factorization.jl:760
replace_column! at /home/jspitz/JSimplex.jl/.worktrees/triangular-runtime-cliff/src/triangular_factorization.jl:738 [inlined]
#_replace_pivot_column!#279 at /home/jspitz/JSimplex.jl/.worktrees/triangular-runtime-cliff/src/simplex_pivot.jl:164
_replace_pivot_column! at /home/jspitz/JSimplex.jl/.worktrees/triangular-runtime-cliff/src/simplex_pivot.jl:157 [inlined]
#_dual_iteration_unchecked!#235 at /home/jspitz/JSimplex.jl/.worktrees/triangular-runtime-cliff/src/dual_simplex.jl:1422
_dual_iteration_unchecked! at /home/jspitz/JSimplex.jl/.worktrees/triangular-runtime-cliff/src/dual_simplex.jl:1141 [inlined]
_dual_iteration_core! at /home/jspitz/JSimplex.jl/.worktrees/triangular-runtime-cliff/src/simplex_pivot.jl:419 [inlined]
#_dual_iteration!##0 at /home/jspitz/JSimplex.jl/.worktrees/triangular-runtime-cliff/src/simplex_pivot.jl:413 [inlined]
#_measure_basis_iteration!#20 at /home/jspitz/JSimplex.jl/.worktrees/triangular-runtime-cliff/src/refactorization_policy.jl:291
_measure_basis_iteration! at /home/jspitz/JSimplex.jl/.worktrees/triangular-runtime-cliff/src/refactorization_policy.jl:289 [inlined]
_dual_iteration! at /home/jspitz/JSimplex.jl/.worktrees/triangular-runtime-cliff/src/simplex_pivot.jl:412 [inlined]
#dual_iteration!#233 at /home/jspitz/JSimplex.jl/.worktrees/triangular-runtime-cliff/src/dual_simplex.jl:723
dual_iteration! at /home/jspitz/JSimplex.jl/.worktrees/triangular-runtime-cliff/src/dual_simplex.jl:711 [inlined]
#_dual_optimize!#251 at /home/jspitz/JSimplex.jl/.worktrees/triangular-runtime-cliff/src/dual_simplex.jl:1855
_dual_optimize! at /home/jspitz/JSimplex.jl/.worktrees/triangular-runtime-cliff/src/dual_simplex.jl:1829 [inlined]
_solve_continuous_dual_once! at /home/jspitz/JSimplex.jl/.worktrees/triangular-runtime-cliff/src/dual_simplex.jl:2232
_solve_continuous_dual! at /home/jspitz/JSimplex.jl/.worktrees/triangular-runtime-cliff/src/dual_simplex.jl:2263
#_solve_continuous_dual#252 at /home/jspitz/JSimplex.jl/.worktrees/triangular-runtime-cliff/src/dual_simplex.jl:2180
_solve_continuous_dual at /home/jspitz/JSimplex.jl/.worktrees/triangular-runtime-cliff/src/dual_simplex.jl:2152 [inlined]
#_solve_diagnosed#427 at /home/jspitz/JSimplex.jl/.worktrees/triangular-runtime-cliff/src/solver.jl:493
_solve_diagnosed at /home/jspitz/JSimplex.jl/.worktrees/triangular-runtime-cliff/src/solver.jl:438
unknown function (ip: 0xfb883b3cd2af) at (unknown file)
macro expansion at /home/jspitz/.julia/juliaup/julia-1.13.0+0.aarch64.linux.gnu/share/julia/stdlib/v1.13/Profile/src/Profile.jl:60 [inlined]
macro expansion at ./timing.jl:699 [inlined]
main at /home/jspitz/JSimplex.jl/.worktrees/triangular-runtime-cliff/diagnostics/simplex-basis-cleanup-performance/reproduce/solve-profile.jl:16
unknown function (ip: 0xfb8869a19993) at (unknown file)
jl_apply at /cache/build/builder-armageddon-4/julialang/julia-ci/src/julia.h:2318 [inlined]
do_call at /cache/build/builder-armageddon-4/julialang/julia-ci/src/interpreter.c:123
eval_value at /cache/build/builder-armageddon-4/julialang/julia-ci/src/interpreter.c:243
eval_stmt_value at /cache/build/builder-armageddon-4/julialang/julia-ci/src/interpreter.c:194 [inlined]
eval_body at /cache/build/builder-armageddon-4/julialang/julia-ci/src/interpreter.c:693
jl_interpret_toplevel_thunk at /cache/build/builder-armageddon-4/julialang/julia-ci/src/interpreter.c:884
jl_toplevel_eval_flex at /cache/build/builder-armageddon-4/julialang/julia-ci/src/toplevel.c:742
jl_eval_toplevel_stmts at /cache/build/builder-armageddon-4/julialang/julia-ci/src/toplevel.c:585
jl_toplevel_eval_flex at /cache/build/builder-armageddon-4/julialang/julia-ci/src/toplevel.c:683
ijl_toplevel_eval at /cache/build/builder-armageddon-4/julialang/julia-ci/src/toplevel.c:754
ijl_toplevel_eval_in at /cache/build/builder-armageddon-4/julialang/julia-ci/src/toplevel.c:799
eval at ./boot.jl:489
include_string at ./loading.jl:3016
_include at ./loading.jl:3076
include at ./Base.jl:309
exec_options at ./client.jl:344
_start at ./client.jl:577
jfptr__start_61086 at /home/jspitz/.julia/juliaup/julia-1.13.0+0.aarch64.linux.gnu/lib/julia/sys.so (unknown line)
jl_apply at /cache/build/builder-armageddon-4/julialang/julia-ci/src/julia.h:2318 [inlined]
true_main at /cache/build/builder-armageddon-4/julialang/julia-ci/src/jlapi.c:985
jl_repl_entrypoint at /cache/build/builder-armageddon-4/julialang/julia-ci/src/jlapi.c:1152
main at /cache/build/builder-armageddon-4/julialang/julia-ci/cli/loader_exe.c:58
unknown function (ip: 0xfb888ada2f1b) at /usr/lib/aarch64-linux-gnu/libc.so.6
__libc_start_main at /usr/lib/aarch64-linux-gnu/libc.so.6 (unknown line)
$x at /home/jspitz/.julia/juliaup/julia-1.13.0+0.aarch64.linux.gnu/bin/julia (unknown line)
unknown function (ip: 0x16000000400a1b) at (unknown file)
unknown function (ip: (nil)) at (unknown file)

[ Info: iter=24577 obj=4.300556174973162e7 pinf=75480.32571616836 (5202) dinf=0.0 (0) time=227.269616734s
[ Info: iter=24657 obj=4.30123304821548e7 pinf=382259.63873372745 (5373) dinf=0.0 (0) time=228.404585747s
[ Info: iter=24737 obj=4.30136227816195e7 pinf=208889.55102001806 (5266) dinf=0.0 (0) time=229.512945458s
[ Info: iter=24817 obj=4.302569607031968e7 pinf=8.734694101431606e6 (5360) dinf=0.0 (0) time=230.550633968s
[ Info: iter=24897 obj=4.303452342454902e7 pinf=69158.30543015414 (5036) dinf=0.0 (0) time=231.636238079s
[ Info: iter=24977 obj=4.3037442927954115e7 pinf=218415.3828046991 (5248) dinf=0.0 (0) time=232.701980089s
[ Info: iter=25057 obj=4.303858640606056e7 pinf=233117.3630389824 (5140) dinf=0.0 (0) time=233.8015981s
[ Info: iter=25137 obj=4.305017786266107e7 pinf=140585.05233114603 (5173) dinf=0.0 (0) time=234.847303411s
[ Info: iter=25217 obj=4.310602416939277e7 pinf=4.217472538202105e6 (5669) dinf=0.0 (0) time=235.865050165s
[ Info: iter=25297 obj=4.328370244238579e7 pinf=105233.97351185737 (5126) dinf=0.0 (0) time=236.853912573s
[ Info: iter=25377 obj=4.331144390321491e7 pinf=203400.66308026572 (5312) dinf=0.0 (0) time=237.956352293s
[ Info: iter=25457 obj=4.332212501264217e7 pinf=147688.68580873412 (5112) dinf=0.0 (0) time=239.081577616s
[ Info: iter=25537 obj=4.3326238172737926e7 pinf=112431.49270383874 (5136) dinf=0.0 (0) time=240.299408849s
[ Info: iter=25617 obj=4.3328525476953536e7 pinf=155328.194389567 (5197) dinf=0.0 (0) time=241.488061379s
[ Info: iter=25697 obj=4.3330009968573585e7 pinf=81861.19785856875 (5260) dinf=0.0 (0) time=242.515580291s
[ Info: iter=25777 obj=4.3335186261062786e7 pinf=192726.7832106639 (5219) dinf=0.0 (0) time=243.597559097s
[ Info: iter=25857 obj=4.33424356022564e7 pinf=241890.18038365323 (5187) dinf=0.0 (0) time=244.616500632s
[ Info: iter=25937 obj=4.334691605232594e7 pinf=126111.23121693436 (5124) dinf=0.0 (0) time=245.821061174s
[ Info: iter=26017 obj=4.3349436992342666e7 pinf=178919.09142517624 (5177) dinf=0.0 (0) time=246.88960631s
[ Info: iter=26097 obj=4.3351925800986245e7 pinf=168352.496005691 (5055) dinf=0.0 (0) time=247.988233848s
[ Info: iter=26177 obj=4.335464793523767e7 pinf=322210.5859403345 (5132) dinf=0.0 (0) time=249.141972088s
[ Info: iter=26257 obj=4.335719051602443e7 pinf=765495.0287219054 (5289) dinf=0.0 (0) time=250.277383827s
[ Info: iter=26337 obj=4.336374869007983e7 pinf=123311.83744322197 (5081) dinf=0.0 (0) time=251.390474365s
[ Info: iter=26417 obj=4.339665019797507e7 pinf=250277.7345281531 (5208) dinf=0.0 (0) time=252.449158589s
[ Info: iter=26497 obj=4.340690243259525e7 pinf=309956.59844161966 (5224) dinf=0.0 (0) time=253.599325815s
[ Info: iter=26577 obj=4.3415538545105025e7 pinf=157114.4567766738 (5015) dinf=0.0 (0) time=254.858015043s
[ Info: iter=26657 obj=4.341706096145385e7 pinf=27479.67364009091 (4903) dinf=0.0 (0) time=256.033337669s
[ Info: iter=26737 obj=4.341881248111017e7 pinf=9.61292383399644e6 (5054) dinf=0.0 (0) time=256.96912429s
[ Info: iter=26817 obj=4.341977245366448e7 pinf=49882.36430008441 (4978) dinf=0.0 (0) time=258.29533832s
[ Info: iter=26897 obj=4.346915478508305e7 pinf=85380.1143255778 (5099) dinf=0.0 (0) time=259.665707749s
[ Info: iter=26977 obj=4.347527938996546e7 pinf=154873.9630622278 (5113) dinf=0.0 (0) time=260.835764167s
[ Info: iter=27057 obj=4.347722162739588e7 pinf=283652.0536990425 (5315) dinf=0.0 (0) time=262.010081985s
[ Info: iter=27137 obj=4.3482461230477065e7 pinf=244808.25601582084 (5105) dinf=0.0 (0) time=263.248312104s
[ Info: iter=27217 obj=4.3585100681280136e7 pinf=1.4518686210163565e7 (5567) dinf=0.0 (0) time=264.371329822s
[ Info: iter=27297 obj=4.358795865752589e7 pinf=4.026922475674937e6 (5411) dinf=0.0 (0) time=265.54311844s
[ Info: iter=27377 obj=4.3593266131661154e7 pinf=6.188926628727625e6 (5436) dinf=0.0 (0) time=266.810896659s
[ Info: iter=27457 obj=4.363271516519354e7 pinf=882310.4943097124 (5370) dinf=0.0 (0) time=267.950493772s
[ Info: iter=27537 obj=4.3637302867417976e7 pinf=657662.6405076056 (5209) dinf=0.0 (0) time=269.214463479s
[ Info: iter=27617 obj=4.3673847796475045e7 pinf=542060.4284360267 (5179) dinf=0.0 (0) time=270.330435184s
[ Info: iter=27697 obj=4.370079441326301e7 pinf=294107.74183822767 (5091) dinf=0.0 (0) time=271.343576189s
[ Info: iter=27777 obj=4.3702283648074344e7 pinf=1.4399085431164748e6 (5021) dinf=0.0 (0) time=272.408703495s
[ Info: iter=27857 obj=4.3817214029752195e7 pinf=18301.68127065707 (4748) dinf=0.0 (0) time=273.5520491s
[ Info: iter=27937 obj=4.388005458714045e7 pinf=58857.15256647263 (4956) dinf=0.0 (0) time=274.681475706s
[ Info: iter=28017 obj=4.3881451109170556e7 pinf=342346.2468865103 (5081) dinf=0.0 (0) time=275.801466125s
[ Info: iter=28097 obj=4.3883224734309e7 pinf=138761.17710783327 (5021) dinf=0.0 (0) time=276.980873389s
[ Info: iter=28177 obj=4.389156058079636e7 pinf=8.620580556439601e7 (5691) dinf=0.0 (0) time=278.145708252s
[ Info: iter=28257 obj=4.393711092217429e7 pinf=436404.01920986327 (5219) dinf=0.0 (0) time=279.455787222s
[ Info: iter=28337 obj=4.3947590121147074e7 pinf=63358.93992124373 (4986) dinf=0.0 (0) time=280.648271487s
[ Info: iter=28417 obj=4.39541135414862e7 pinf=868896.8274566168 (5238) dinf=0.0 (0) time=281.830176951s
[ Info: iter=28497 obj=4.3958759571097344e7 pinf=330232.34491186176 (5354) dinf=0.0 (0) time=282.984919513s
[ Info: iter=28577 obj=4.397327702954805e7 pinf=253323.9511968304 (5248) dinf=0.0 (0) time=284.208906595s
[ Info: iter=28657 obj=4.3979865197168015e7 pinf=132258.51356643045 (5092) dinf=0.0 (0) time=285.39072445s
[ Info: iter=28737 obj=4.398300295984083e7 pinf=394565.3581869664 (5202) dinf=0.0 (0) time=286.634173728s
[ Info: iter=28817 obj=4.398507570293922e7 pinf=124991.59748966468 (5110) dinf=0.0 (0) time=287.839437691s
[ Info: iter=28897 obj=4.399190225532227e7 pinf=2.4855204069355954e6 (5458) dinf=0.0 (0) time=289.146805494s
[ Info: iter=28977 obj=4.4160731453039035e7 pinf=157820.82862249424 (5123) dinf=0.0 (0) time=290.300922038s
[ Info: iter=29057 obj=4.4253124631899506e7 pinf=184617.33316504772 (5205) dinf=0.0 (0) time=291.465859389s
[ Info: iter=29137 obj=4.4282596223760754e7 pinf=870903.768258982 (5020) dinf=0.0 (0) time=292.72737131s
[ Info: iter=29217 obj=4.429902845094809e7 pinf=647110.2900734133 (5378) dinf=0.0 (0) time=294.064552533s
[ Info: iter=29297 obj=4.439954040224366e7 pinf=99711.30671480065 (4920) dinf=0.0 (0) time=295.178490652s
[ Info: iter=29377 obj=4.4406243532310575e7 pinf=1.7920294256133512e6 (5432) dinf=0.0 (0) time=296.483686674s
[ Info: iter=29457 obj=4.4469827233331226e7 pinf=69606.52907577968 (4924) dinf=0.0 (0) time=297.745970895s
[ Info: iter=29537 obj=4.448697875242029e7 pinf=95845.0640740082 (4994) dinf=0.0 (0) time=299.048583717s
[ Info: iter=29617 obj=4.449038827326144e7 pinf=111946.61811576533 (4905) dinf=0.0 (0) time=300.440424127s
[ Info: iter=29697 obj=4.449416202756816e7 pinf=123418.09253846516 (4954) dinf=0.0 (0) time=301.653727928s
[ Info: iter=29777 obj=4.450924878389914e7 pinf=107022.77405471265 (4971) dinf=0.0 (0) time=302.960997929s
[ Info: iter=29857 obj=4.451222547402015e7 pinf=90651.2699093436 (4920) dinf=0.0 (0) time=304.21560383s
[ Info: iter=29937 obj=4.451430276260933e7 pinf=2.126908883427811e6 (5512) dinf=0.0 (0) time=305.479398831s
[ Info: iter=30017 obj=4.451639103501025e7 pinf=453453.82299743476 (5098) dinf=0.0 (0) time=306.744082732s
[ Info: iter=30097 obj=4.451823437908775e7 pinf=802849.3667188702 (5039) dinf=0.0 (0) time=307.934648833s
[ Info: iter=30177 obj=4.4580155212765396e7 pinf=156939.55547172355 (4871) dinf=0.0 (0) time=309.081817736s
[ Info: iter=30257 obj=4.4591263145948716e7 pinf=101230.27510400506 (4854) dinf=0.0 (0) time=310.278744439s
[ Info: iter=30337 obj=4.459354161970563e7 pinf=309484.4989735096 (5074) dinf=0.0 (0) time=311.488306442s
[ Info: iter=30417 obj=4.459547310080452e7 pinf=154325.4521673657 (4898) dinf=0.0 (0) time=312.712188445s
[ Info: iter=30497 obj=4.460661798597964e7 pinf=262128.82503116858 (5113) dinf=0.0 (0) time=313.937391848s
[ Info: iter=30577 obj=4.460926679157074e7 pinf=3.179948393722398e6 (5243) dinf=0.0 (0) time=315.287678651s
[ Info: iter=30657 obj=4.4651719990511894e7 pinf=106032.48552423992 (4853) dinf=0.0 (0) time=316.546945722s
[ Info: iter=30737 obj=4.4656522937340945e7 pinf=166107.8864209886 (4823) dinf=0.0 (0) time=317.829345978s
[ Info: iter=30817 obj=4.4659183384289026e7 pinf=83518.66605779495 (4750) dinf=0.0 (0) time=319.044183836s
[ Info: iter=30897 obj=4.466297114666929e7 pinf=168616.03226108864 (4903) dinf=0.0 (0) time=320.273735694s
[ Info: iter=30977 obj=4.466947118451403e7 pinf=757141.702340318 (5085) dinf=0.0 (0) time=321.480627953s
[ Info: iter=31057 obj=4.4715709075593345e7 pinf=402030.97721325274 (4832) dinf=0.0 (0) time=322.664363112s
[ Info: iter=31137 obj=4.472470956977774e7 pinf=62779.437755015 (4729) dinf=0.0 (0) time=323.934217573s
[ Info: iter=31217 obj=4.472851176913972e7 pinf=163633.75571420245 (4875) dinf=0.0 (0) time=325.262227256s
[ Info: iter=31297 obj=4.472973987216498e7 pinf=33819.771979025754 (4702) dinf=0.0 (0) time=326.445621241s
[ Info: iter=31377 obj=4.4733253188277006e7 pinf=43110.213728140734 (4749) dinf=0.0 (0) time=327.711244725s
[ Info: iter=31457 obj=4.473439273053698e7 pinf=62343.037605989775 (4818) dinf=0.0 (0) time=328.961126909s
[ Info: iter=31537 obj=4.473608274980959e7 pinf=802679.6396706206 (4915) dinf=0.0 (0) time=330.440722091s
[ Info: iter=31617 obj=4.473840766060822e7 pinf=196502.0202975559 (5096) dinf=0.0 (0) time=331.737991273s
[ Info: iter=31697 obj=4.478496880135832e7 pinf=6.69178978338889e6 (5371) dinf=0.0 (0) time=333.009041524s
[ Info: iter=31777 obj=4.478985021739735e7 pinf=406844.1236974701 (5004) dinf=0.0 (0) time=334.470016666s
[ Info: iter=31857 obj=4.480867926732905e7 pinf=897682.0187668354 (5091) dinf=0.0 (0) time=335.644746821s
[ Info: iter=31937 obj=4.492015171076084e7 pinf=266702.5550845779 (5086) dinf=0.0 (0) time=337.089398564s
[ Info: iter=32017 obj=4.4971266932610884e7 pinf=65498.57197865118 (4677) dinf=0.0 (0) time=338.448803011s
[ Info: iter=32097 obj=4.4975773996985205e7 pinf=208801.9224629505 (4954) dinf=0.0 (0) time=339.986073256s
[ Info: iter=32177 obj=4.49768775753935e7 pinf=256469.7670437925 (4938) dinf=0.0 (0) time=341.324329128s
[ Info: iter=32257 obj=4.499281966977765e7 pinf=72481.45621572406 (4663) dinf=0.0 (0) time=342.479520904s
[ Info: iter=32337 obj=4.500944742492095e7 pinf=17668.62976090959 (4532) dinf=0.0 (0) time=343.750390078s
[ Info: iter=32417 obj=4.506426010097331e7 pinf=105724.89090939263 (4766) dinf=0.0 (0) time=345.046667451s
[ Info: iter=32497 obj=4.5068887231660694e7 pinf=714269.7042380874 (4833) dinf=0.0 (0) time=346.296444925s
[ Info: iter=32577 obj=4.507153134754944e7 pinf=1.3497096214642143e10 (4859) dinf=0.0 (0) time=348.841707707s
[ Info: iter=32657 obj=4.517190715939331e7 pinf=1.1772715862050514e11 (5226) dinf=0.0 (0) time=351.259872832s
[ Info: iter=32737 obj=4.5341628344187826e7 pinf=329019.25085568544 (4730) dinf=0.0 (0) time=352.501876346s
[ Info: iter=32817 obj=4.53439471842217e7 pinf=4.714466977813845e6 (5001) dinf=0.0 (0) time=353.765329259s
[ Info: iter=32897 obj=4.534737987024924e7 pinf=452780.62294662907 (4638) dinf=0.0 (0) time=355.089875873s
[ Info: iter=32977 obj=4.534834021823186e7 pinf=190071.34651098828 (4799) dinf=0.0 (0) time=356.394491955s
[ Info: iter=33057 obj=4.535030367333808e7 pinf=107928.23434088785 (4769) dinf=0.0 (0) time=357.697172013s
[ Info: iter=33137 obj=4.535107950371938e7 pinf=562512.5542924309 (4919) dinf=0.0 (0) time=359.174146591s
[ Info: iter=33217 obj=4.535341798169553e7 pinf=511105.63959472405 (4893) dinf=0.0 (0) time=360.503006852s
[ Info: iter=33297 obj=4.536253140739768e7 pinf=84275.95858377918 (4632) dinf=0.0 (0) time=361.911018622s
[ Info: iter=33377 obj=4.5363509116809115e7 pinf=111513.86563359051 (4668) dinf=0.0 (0) time=363.322500393s
[ Info: iter=33457 obj=4.537659492905232e7 pinf=1.6804916320379227e6 (5072) dinf=0.0 (0) time=364.639839268s
[ Info: iter=33537 obj=4.538724899677406e7 pinf=52793.72445041388 (4669) dinf=0.0 (0) time=366.146339899s
[ Info: iter=33617 obj=4.5396087807637945e7 pinf=80372.58142250679 (4590) dinf=0.0 (0) time=367.462313227s
[ Info: iter=33697 obj=4.5401685776478834e7 pinf=124935.67860166091 (4676) dinf=0.0 (0) time=368.767232454s
[ Info: iter=33777 obj=4.542431150831962e7 pinf=104064.51386389078 (4616) dinf=0.0 (0) time=370.147769983s
[ Info: iter=33857 obj=4.542542347929505e7 pinf=53609.01134545417 (4554) dinf=0.0 (0) time=371.358268508s
[ Info: iter=33937 obj=4.545958907117725e7 pinf=892123.7025463114 (5099) dinf=0.0 (0) time=372.610409485s
[ Info: iter=34017 obj=4.556659783143604e7 pinf=292172.89045990235 (4867) dinf=0.0 (0) time=373.726358539s
[ Info: iter=34097 obj=4.557762462162909e7 pinf=51461.172029885594 (4524) dinf=0.0 (0) time=375.007483786s
[ Info: iter=34177 obj=4.5590446709857106e7 pinf=601619.7374242588 (4817) dinf=0.0 (0) time=376.097379341s
[ Info: iter=34257 obj=4.559711861320015e7 pinf=2.3643271438366305e6 (5032) dinf=0.0 (0) time=377.449280786s
[ Info: iter=34337 obj=4.5599789771573894e7 pinf=6.073006757624563e6 (5295) dinf=0.0 (0) time=378.710294434s
[ Info: iter=34417 obj=4.560191975725536e7 pinf=183162.24998200312 (4898) dinf=0.0 (0) time=380.152195253s
[ Info: iter=34497 obj=4.574057490681457e7 pinf=1.4076829624540408e6 (5080) dinf=0.0 (0) time=381.327919126s
[ Info: iter=34577 obj=4.575051202789852e7 pinf=418509.23372441065 (4965) dinf=0.0 (0) time=382.638097984s
[ Info: iter=34657 obj=4.575877445930327e7 pinf=228725.47471171388 (4774) dinf=0.0 (0) time=384.296340704s
[ Info: iter=34737 obj=4.576003378655935e7 pinf=69755.37212139592 (4496) dinf=0.0 (0) time=385.741346148s
[ Info: iter=34817 obj=4.576143533236954e7 pinf=90727.1949086383 (4645) dinf=0.0 (0) time=387.062356405s
[ Info: iter=34897 obj=4.5765141105239585e7 pinf=295256.0057187881 (4795) dinf=0.0 (0) time=388.43135952s
[ Info: iter=34977 obj=4.577933116909987e7 pinf=119113.90647754572 (4632) dinf=0.0 (0) time=389.784392328s
[ Info: iter=35057 obj=4.578131806795191e7 pinf=766642.677656517 (4947) dinf=0.0 (0) time=391.112998237s
[ Info: iter=35137 obj=4.601247846379853e7 pinf=1.3424747482895825e7 (5383) dinf=0.0 (0) time=392.376545245s
[ Info: iter=35217 obj=4.612858223349112e7 pinf=24094.217834594685 (4391) dinf=0.0 (0) time=393.669575353s
[ Info: iter=35297 obj=4.617240924339964e7 pinf=1.043383291221887e7 (5165) dinf=0.0 (0) time=394.85183046s
[ Info: iter=35377 obj=4.645294481975892e7 pinf=76800.05615627546 (4612) dinf=0.0 (0) time=396.062266868s
[ Info: iter=35457 obj=4.645332645866668e7 pinf=179100.79200396995 (4591) dinf=0.0 (0) time=397.418792282s
[ Info: iter=35537 obj=4.646990501489372e7 pinf=160837.53881538173 (4615) dinf=0.0 (0) time=398.828707897s
[ Info: iter=35617 obj=4.657446197965388e7 pinf=248215.58473324968 (4753) dinf=0.0 (0) time=400.10080261s
[ Info: iter=35697 obj=4.661272099357845e7 pinf=213938.95481554497 (4599) dinf=0.0 (0) time=401.311396722s
[ Info: iter=35777 obj=4.674555458216171e7 pinf=29685.872725468205 (4302) dinf=0.0 (0) time=402.640590636s
[ Info: iter=35857 obj=4.678402029178193e7 pinf=77178.23528093951 (4609) dinf=0.0 (0) time=403.939425345s
[ Info: iter=35937 obj=4.679654488914051e7 pinf=1.0631957546240208e6 (4934) dinf=0.0 (0) time=405.297993078s
[ Info: iter=36017 obj=4.684293937003801e7 pinf=41900.5780610357 (4385) dinf=0.0 (0) time=406.601937922s
[ Info: iter=36097 obj=4.684606371156206e7 pinf=142357.64314097204 (4683) dinf=0.0 (0) time=407.959770555s
[ Info: iter=36177 obj=4.684890614046079e7 pinf=445173.6604052631 (4714) dinf=0.0 (0) time=409.337115984s
[ Info: iter=36257 obj=4.685070313760032e7 pinf=230764.4623167038 (4317) dinf=0.0 (0) time=410.780941s
[ Info: iter=36337 obj=4.685321919146564e7 pinf=1.4571987292014637e6 (4477) dinf=0.0 (0) time=412.206494352s
[ Info: iter=36417 obj=4.685514310818706e7 pinf=122189.73754012905 (4566) dinf=0.0 (0) time=413.550656348s
[ Info: iter=36497 obj=4.685656972378577e7 pinf=817490.3230965348 (4914) dinf=0.0 (0) time=414.876868846s
[ Info: iter=36577 obj=4.685785723047798e7 pinf=1.0177876788210826e6 (4618) dinf=0.0 (0) time=416.166624147s
[ Info: iter=36657 obj=4.686072625737283e7 pinf=59465.98710455608 (4366) dinf=0.0 (0) time=417.536642642s
[ Info: iter=36737 obj=4.68638765395248e7 pinf=789055.3253411911 (4873) dinf=0.0 (0) time=418.755849548s
[ Info: iter=36817 obj=4.686596461459867e7 pinf=427104.5406370706 (4894) dinf=0.0 (0) time=420.071477353s
[ Info: iter=36897 obj=4.686966883398989e7 pinf=914594.6653666348 (4942) dinf=0.0 (0) time=421.383758827s
[ Info: iter=36977 obj=4.687326865052278e7 pinf=72370.7629701405 (4348) dinf=0.0 (0) time=422.879137598s
[ Info: iter=37057 obj=4.6873630690347984e7 pinf=398398.64237513405 (4690) dinf=0.0 (0) time=424.380240768s
[ Info: iter=37137 obj=4.6887880071083754e7 pinf=61969.48040405201 (4384) dinf=0.0 (0) time=425.734565842s
[ Info: iter=37217 obj=4.6889633806071624e7 pinf=495012.66574427125 (4758) dinf=0.0 (0) time=427.179704214s
[ Info: iter=37297 obj=4.689120535765348e7 pinf=4.757205298098088e6 (5026) dinf=0.0 (0) time=428.57671229s
[ Info: iter=37377 obj=4.689211597697464e7 pinf=52301.84354562962 (4326) dinf=0.0 (0) time=429.884622774s
[ Info: iter=37457 obj=4.68931075766538e7 pinf=224692.9500095395 (4520) dinf=0.0 (0) time=431.187153857s
[ Info: iter=37537 obj=4.689399356191726e7 pinf=190405.20579579353 (4461) dinf=0.0 (0) time=432.53449934s
[ Info: iter=37617 obj=4.689769678223202e7 pinf=187452.30234418623 (4561) dinf=0.0 (0) time=433.772597424s
[ Info: iter=37697 obj=4.6933573383617565e7 pinf=1.0420252608716737e6 (4833) dinf=0.0 (0) time=435.071046508s
[ Info: iter=37777 obj=4.69464652903298e7 pinf=1.523587896601028e6 (5065) dinf=0.0 (0) time=436.411665394s
[ Info: iter=37857 obj=4.714775349698298e7 pinf=214280.20933597043 (4533) dinf=0.0 (0) time=437.683499189s
[ Info: iter=37937 obj=4.716315979711938e7 pinf=34839.58276798437 (4195) dinf=0.0 (0) time=439.065019583s
[ Info: iter=38017 obj=4.7164834125544384e7 pinf=143449.36793322186 (4486) dinf=0.0 (0) time=440.598567277s
[ Info: iter=38097 obj=4.716574364805873e7 pinf=134461.26140581604 (4582) dinf=0.0 (0) time=441.953759571s
[ Info: iter=38177 obj=4.716690152045481e7 pinf=302362.83863507805 (4797) dinf=0.0 (0) time=443.444681165s
[ Info: iter=38257 obj=4.71739001174251e7 pinf=530497.7729302483 (4917) dinf=0.0 (0) time=444.730989459s
[ Info: iter=38337 obj=4.717770152929591e7 pinf=147384.5698873524 (4528) dinf=0.0 (0) time=446.160273352s
[ Info: iter=38417 obj=4.7180666858877786e7 pinf=505473.66025711445 (4659) dinf=0.0 (0) time=447.572180745s
[ Info: iter=38497 obj=4.71820839024684e7 pinf=358120.3414576009 (4692) dinf=0.0 (0) time=448.977824938s
[ Info: iter=38577 obj=4.718389398647921e7 pinf=1.2761561580691722e6 (4865) dinf=0.0 (0) time=450.56035693s
[ Info: iter=38657 obj=4.7184130047101006e7 pinf=463325.3824324176 (4585) dinf=0.0 (0) time=451.689940724s
[ Info: iter=38737 obj=4.718508715204454e7 pinf=350444.0125973184 (4568) dinf=0.0 (0) time=452.977023819s
[ Info: iter=38817 obj=4.718681314539788e7 pinf=36023.66800350487 (4314) dinf=0.0 (0) time=454.396965815s
[ Info: iter=38897 obj=4.71875623744283e7 pinf=665835.1137154481 (4689) dinf=0.0 (0) time=455.812437911s
[ Info: iter=38977 obj=4.720910639467908e7 pinf=7.499530534211662e6 (5084) dinf=0.0 (0) time=457.373633806s
[ Info: iter=39057 obj=4.721522424688849e7 pinf=9.840161532041787e7 (5386) dinf=0.0 (0) time=458.741080302s
[ Info: iter=39137 obj=4.721804866359801e7 pinf=5.524125012272054e6 (4984) dinf=0.0 (0) time=460.215503598s
[ Info: iter=39217 obj=4.7220335414748885e7 pinf=848550.3161102743 (4875) dinf=0.0 (0) time=461.800499694s
[ Info: iter=39297 obj=4.722194115634012e7 pinf=1.2642667282912205e6 (4988) dinf=0.0 (0) time=463.342707591s
[ Info: iter=39377 obj=4.722583269968027e7 pinf=1.7125581355701564e6 (4962) dinf=0.0 (0) time=464.768475689s
[ Info: iter=39457 obj=4.725060690404307e7 pinf=1.0263083169797366e6 (4620) dinf=0.0 (0) time=466.072164386s
[ Info: iter=39537 obj=4.730326083474626e7 pinf=244281.63256345372 (4625) dinf=0.0 (0) time=467.408030183s
[ Info: iter=39617 obj=4.733699414642459e7 pinf=370520.3291535741 (4701) dinf=0.0 (0) time=468.842847983s
[ Info: iter=39697 obj=4.734610897881963e7 pinf=1.9084084046015244e6 (4976) dinf=0.0 (0) time=470.286959185s
[ Info: iter=39777 obj=4.735306166867951e7 pinf=2.053120450372455e7 (5348) dinf=0.0 (0) time=471.868179187s
[ Info: iter=39857 obj=4.73574904195461e7 pinf=7.042543652798536e6 (4967) dinf=0.0 (0) time=473.412908989s
[ Info: iter=39937 obj=4.7402321669713914e7 pinf=2.2515498924026024e6 (4942) dinf=0.0 (0) time=474.774493291s
[ Info: iter=40017 obj=4.745696241967631e7 pinf=566652.4601338999 (4752) dinf=0.0 (0) time=476.263678092s
[ Info: iter=40097 obj=4.7463357766523145e7 pinf=1.6531125134791858e6 (4603) dinf=0.0 (0) time=477.68060889s
[ Info: iter=40177 obj=4.751439281322074e7 pinf=2.5188398878098186e6 (5095) dinf=0.0 (0) time=479.374657087s
[ Info: iter=40257 obj=4.7525214446508445e7 pinf=141827.66139580388 (4477) dinf=0.0 (0) time=480.879292585s
[ Info: iter=40337 obj=4.7526943436058775e7 pinf=178588.54782485886 (4369) dinf=0.0 (0) time=482.321871982s
[ Info: iter=40417 obj=4.752796264553894e7 pinf=304106.8984863821 (4591) dinf=0.0 (0) time=483.77890988s
[ Info: iter=40497 obj=4.752943066587635e7 pinf=315920.9077270433 (4507) dinf=0.0 (0) time=485.201908761s
[ Info: iter=40577 obj=4.753040104053302e7 pinf=147413.01677250784 (4338) dinf=0.0 (0) time=486.711970935s
[ Info: iter=40657 obj=4.763278559488201e7 pinf=4.731328997211474e6 (5091) dinf=0.0 (0) time=488.041767112s
[ Info: iter=40737 obj=4.763966027469559e7 pinf=261206.80130479726 (4576) dinf=0.0 (0) time=489.497008986s
[ Info: iter=40817 obj=4.7643290307742454e7 pinf=288873.496730163 (4374) dinf=0.0 (0) time=491.104411459s
[ Info: iter=40897 obj=4.764446412676931e7 pinf=66317.44342847414 (4159) dinf=0.0 (0) time=492.715986239s
[ Info: iter=40977 obj=4.764627173445067e7 pinf=892528.4868230447 (4575) dinf=0.0 (0) time=494.047453236s
[ Info: iter=41057 obj=4.783081708633326e7 pinf=100806.0697966532 (4190) dinf=0.0 (0) time=495.288747633s
[ Info: iter=41137 obj=4.783266257194891e7 pinf=256208.09041665687 (4222) dinf=0.0 (0) time=496.711864729s
[ Info: iter=41217 obj=4.783456746392566e7 pinf=1.4303554757218629e6 (4570) dinf=0.0 (0) time=498.100123826s
[ Info: iter=41297 obj=4.7850438777466506e7 pinf=630092.2187816707 (4679) dinf=0.0 (0) time=499.503159123s
[ Info: iter=41377 obj=4.7851575905447654e7 pinf=853186.4518916605 (4774) dinf=0.0 (0) time=500.959793519s
[ Info: iter=41457 obj=4.7979095640670136e7 pinf=2.5302881681604628e6 (4814) dinf=0.0 (0) time=502.300799016s
[ Info: iter=41537 obj=4.808285810373281e7 pinf=2.137081312075015e6 (4972) dinf=0.0 (0) time=503.698538313s
[ Info: iter=41617 obj=4.822709598554611e7 pinf=6.415389313916031e6 (4800) dinf=0.0 (0) time=505.04889941s
[ Info: iter=41697 obj=4.825067148967434e7 pinf=94741.76619293595 (4189) dinf=0.0 (0) time=506.458228407s
[ Info: iter=41777 obj=4.82526851834869e7 pinf=1.3715758866557998e6 (4591) dinf=0.0 (0) time=507.849402203s
[ Info: iter=41857 obj=4.82577225627324e7 pinf=6.907698633936664e7 (5157) dinf=0.0 (0) time=509.218151501s
[ Info: iter=41937 obj=4.8260052608165145e7 pinf=44773.696197909645 (4086) dinf=0.0 (0) time=510.651225098s
[ Info: iter=42017 obj=4.826076926323114e7 pinf=225460.73603609813 (4330) dinf=0.0 (0) time=512.177032995s
[ Info: iter=42097 obj=4.826592225316941e7 pinf=376251.75354175485 (4371) dinf=0.0 (0) time=513.523704092s
[ Info: iter=42177 obj=4.827229279463635e7 pinf=896146.6059240047 (4544) dinf=0.0 (0) time=514.921653889s
[ Info: iter=42257 obj=4.827410624840456e7 pinf=206774.42345018324 (4254) dinf=0.0 (0) time=516.389087294s
[ Info: iter=42337 obj=4.8275215186987445e7 pinf=161373.43266236625 (4104) dinf=0.0 (0) time=517.789439372s
[ Info: iter=42417 obj=4.828238134377706e7 pinf=3.77486549875504e7 (4964) dinf=0.0 (0) time=519.20192995s
[ Info: iter=42497 obj=4.837704544185005e7 pinf=2.7064947361713927e6 (4853) dinf=0.0 (0) time=520.560758426s
[ Info: iter=42577 obj=4.838006196670614e7 pinf=60824.42082456749 (3900) dinf=0.0 (0) time=522.021906907s
[ Info: iter=42657 obj=4.841155546631598e7 pinf=1.194292512274451e6 (4614) dinf=0.0 (0) time=523.361119681s
[ Info: iter=42737 obj=4.84123480462921e7 pinf=440685.3120309488 (4427) dinf=0.0 (0) time=524.774819644s
[ Info: iter=42817 obj=4.842622817456424e7 pinf=50614.57041842915 (3985) dinf=0.0 (0) time=526.156487677s
[ Info: iter=42897 obj=4.842783875132756e7 pinf=256275.54752645286 (4315) dinf=0.0 (0) time=527.55645411s
[ Info: iter=42977 obj=4.843744551382514e7 pinf=612157.9196746305 (4467) dinf=0.0 (0) time=528.917823743s
[ Info: iter=43057 obj=4.844118148918773e7 pinf=1.3040734821193935e6 (4548) dinf=0.0 (0) time=530.312370476s
[ Info: iter=43137 obj=4.844164014562981e7 pinf=74216.9371499836 (4038) dinf=0.0 (0) time=531.785892511s
[ Info: iter=43217 obj=4.847060828634615e7 pinf=481042.7517930652 (4401) dinf=0.0 (0) time=533.378485031s
[ Info: iter=43297 obj=4.866197943474676e7 pinf=2.363184866588438e6 (4468) dinf=0.0 (0) time=534.761940539s
[ Info: iter=43377 obj=4.8689620975359194e7 pinf=390705.7774282288 (4189) dinf=0.0 (0) time=536.170469848s
[ Info: iter=43457 obj=4.869052859073025e7 pinf=77656.86080108923 (3902) dinf=0.0 (0) time=537.514723257s
[ Info: iter=43537 obj=4.869129501238506e7 pinf=167741.79122950698 (4087) dinf=0.0 (0) time=538.906801866s
[ Info: iter=43617 obj=4.870508924023043e7 pinf=108963.11476330015 (4094) dinf=0.0 (0) time=540.265227574s
[ Info: iter=43697 obj=4.870719110344165e7 pinf=576986.4581036451 (4322) dinf=0.0 (0) time=541.939479395s
[ Info: iter=43777 obj=4.874904595941511e7 pinf=96115.16033798679 (4171) dinf=0.0 (0) time=543.330845813s
[ Info: iter=43857 obj=4.875199915141428e7 pinf=26465.011970261767 (3847) dinf=0.0 (0) time=544.838780932s
[ Info: iter=43937 obj=4.875294381917686e7 pinf=26369.39126384952 (3820) dinf=0.0 (0) time=546.319263651s
[ Info: iter=44017 obj=4.875373616190378e7 pinf=92037.75336584647 (4028) dinf=0.0 (0) time=547.740047268s
[ Info: iter=44097 obj=4.875432132061942e7 pinf=163124.0658333292 (3901) dinf=0.0 (0) time=550.470100789s
[ Info: iter=44177 obj=4.875655050997398e7 pinf=4.949020773872367e6 (4379) dinf=0.0 (0) time=553.330339842s
[ Info: iter=44257 obj=4.8760872432616405e7 pinf=566386.6811681159 (3996) dinf=0.0 (0) time=554.862540724s
[ Info: iter=44337 obj=4.877004188769249e7 pinf=1.1441604809538286e7 (4787) dinf=0.0 (0) time=556.400930107s
[ Info: iter=44417 obj=4.884158222082882e7 pinf=288085.8777056409 (4140) dinf=0.0 (0) time=557.940273631s
[ Info: iter=44497 obj=4.884646723885417e7 pinf=58959.93965640064 (3630) dinf=0.0 (0) time=559.460342453s
[ Info: iter=44577 obj=4.8851256904099055e7 pinf=26709.125830205117 (3667) dinf=0.0 (0) time=560.983417176s
[ Info: iter=44657 obj=4.8862939308611915e7 pinf=23530.948333228713 (3766) dinf=0.0 (0) time=562.492484297s
[ Info: iter=44737 obj=4.886354124582726e7 pinf=583844.7006567698 (4191) dinf=0.0 (0) time=563.968519116s
[ Info: iter=44817 obj=4.889077775215833e7 pinf=494045.493715158 (4024) dinf=0.0 (0) time=565.53447998s
[ Info: iter=44897 obj=4.890648463553019e7 pinf=111316.38985823565 (3757) dinf=0.0 (0) time=566.896265516s
[ Info: iter=44977 obj=4.890776690664808e7 pinf=5.521564184957461e6 (4403) dinf=0.0 (0) time=568.331248655s
[ Info: iter=45057 obj=4.8910949272888586e7 pinf=398283.0540537664 (4204) dinf=0.0 (0) time=569.801562094s
[ Info: iter=45137 obj=4.8935726916864336e7 pinf=40447.40174879855 (3766) dinf=0.0 (0) time=572.949113171s
[ Info: iter=45217 obj=4.8937433206417516e7 pinf=539336.1139282347 (4223) dinf=0.0 (0) time=574.42994969s
[ Info: iter=45297 obj=4.8940488899899594e7 pinf=308844.01582137693 (4002) dinf=0.0 (0) time=575.892150109s
[ Info: iter=45377 obj=4.8967376116299875e7 pinf=824969.6812902299 (4111) dinf=0.0 (0) time=577.44924153s
[ Info: iter=45457 obj=4.898627314449781e7 pinf=3.528977282058968e6 (4498) dinf=0.0 (0) time=578.924984149s
[ Info: iter=45537 obj=4.898872117237796e7 pinf=981870.2555933562 (4224) dinf=0.0 (0) time=580.428849568s
[ Info: iter=45617 obj=4.900575116589953e7 pinf=404925.40488806274 (4043) dinf=0.0 (0) time=581.886596429s
[ Info: iter=45697 obj=4.9007531390640914e7 pinf=598780.2093747709 (3872) dinf=0.0 (0) time=583.428330087s
[ Info: iter=45757 obj=4.89783338984375e7 pinf=4.2253557000377036e12 (4244) dinf=0.0 (0) time=586.188486012s
[ Info: iter=45837 obj=4.901325831865356e7 pinf=515458.43014801934 (4121) dinf=0.0 (0) time=588.255180356s
[ Info: iter=45917 obj=4.901585805044351e7 pinf=973009.1467855411 (4191) dinf=0.0 (0) time=589.767148228s
[ Info: iter=45997 obj=4.901707811751136e7 pinf=1.0399155481808546e6 (4107) dinf=0.0 (0) time=591.272153203s
[ Info: iter=46077 obj=4.905513199770425e7 pinf=9.036771792067999e6 (4470) dinf=0.0 (0) time=592.851097876s
[ Info: iter=46157 obj=4.9100184779168114e7 pinf=133207.5819494471 (3733) dinf=0.0 (0) time=594.222545353s
[ Info: iter=46237 obj=4.911065522943086e7 pinf=62558.4474665086 (3820) dinf=0.0 (0) time=595.703957227s
[ Info: iter=46317 obj=4.911138237725608e7 pinf=73936.64173164175 (3770) dinf=0.0 (0) time=597.263170905s
[ Info: iter=46397 obj=4.9113799175017364e7 pinf=392680.79990267195 (4243) dinf=0.0 (0) time=598.735288989s
[ Info: iter=46477 obj=4.9114711678109095e7 pinf=654875.243588476 (4295) dinf=0.0 (0) time=600.291560072s
[ Info: iter=46557 obj=4.911718484205192e7 pinf=844433.5963579746 (4304) dinf=0.0 (0) time=601.775258355s
[ Info: iter=46637 obj=4.913576882244062e7 pinf=412650.17331412574 (4145) dinf=0.0 (0) time=603.446085436s
[ Info: iter=46717 obj=4.9188689713494025e7 pinf=2.154987411253206e6 (4377) dinf=0.0 (0) time=604.970271616s
[ Info: iter=46797 obj=4.923521389278109e7 pinf=493854.3119866519 (4075) dinf=0.0 (0) time=606.465323589s
[ Info: iter=46877 obj=4.923761232234669e7 pinf=454977.94794324547 (4079) dinf=0.0 (0) time=608.028720361s
[ Info: iter=46957 obj=4.923847705458918e7 pinf=26789.26484153463 (3672) dinf=0.0 (0) time=609.482212335s
[ Info: iter=47037 obj=4.923876704861757e7 pinf=44795.35980610181 (3768) dinf=0.0 (0) time=611.037056407s
[ Info: iter=47117 obj=4.923971169318144e7 pinf=2.586851164841081e6 (4343) dinf=0.0 (0) time=613.090384461s
[ Info: iter=47197 obj=4.92408414658493e7 pinf=133355.56354214397 (3790) dinf=0.0 (0) time=614.54721651s
[ Info: iter=47277 obj=4.9242805349652685e7 pinf=65016.54806247753 (3623) dinf=0.0 (0) time=616.054433858s
[ Info: iter=47357 obj=4.9243213192844436e7 pinf=2.340620948414386e6 (4317) dinf=0.0 (0) time=617.637273803s
[ Info: iter=47437 obj=4.925783436171197e7 pinf=231487.0111267313 (3815) dinf=0.0 (0) time=619.018071956s
[ Info: iter=47517 obj=4.928436935663872e7 pinf=1.897929274568631e6 (4153) dinf=0.0 (0) time=620.484144605s
[ Info: iter=47597 obj=4.928786665045835e7 pinf=606703.2655155773 (3906) dinf=0.0 (0) time=622.014913886s
[ Info: iter=47677 obj=4.928934289253919e7 pinf=490422.05179515836 (3967) dinf=0.0 (0) time=623.542422568s
[ Info: iter=47757 obj=4.931130808347253e7 pinf=98255.6858895077 (3635) dinf=0.0 (0) time=624.950719052s
[ Info: iter=47837 obj=4.931289305150777e7 pinf=76661.7978521312 (3676) dinf=0.0 (0) time=626.533832434s
[ Info: iter=47917 obj=4.9314029152123e7 pinf=4.881796634212684e6 (4318) dinf=0.0 (0) time=628.058615516s
[ Info: iter=47997 obj=4.937417780587159e7 pinf=211348.3002491938 (3657) dinf=0.0 (0) time=629.835733212s
[ Info: iter=48077 obj=4.937775530777861e7 pinf=253992.3653771849 (3794) dinf=0.0 (0) time=631.360847214s
[ Info: iter=48157 obj=4.9378753459800385e7 pinf=271584.44148858474 (4007) dinf=0.0 (0) time=633.960369117s
[ Info: iter=48237 obj=4.9379616716655366e7 pinf=67507.62686678658 (3669) dinf=0.0 (0) time=635.510680419s
[ Info: iter=48317 obj=4.9380165394815385e7 pinf=365664.8535515487 (3658) dinf=0.0 (0) time=637.04573852s
[ Info: iter=48397 obj=4.93965352069444e7 pinf=188683.0850981136 (3547) dinf=0.0 (0) time=638.56659252s
[ Info: iter=48477 obj=4.952435038936168e7 pinf=104736.80968781702 (3517) dinf=0.0 (0) time=640.067021319s
[ Info: iter=48557 obj=4.9545447827078834e7 pinf=68582.1670589018 (3562) dinf=0.0 (0) time=641.513361419s
[ Info: iter=48637 obj=4.964563610027094e7 pinf=390149.8899785563 (4016) dinf=0.0 (0) time=642.904124918s
[ Info: iter=48717 obj=4.965289889735687e7 pinf=2.9342888992668698e6 (4413) dinf=0.0 (0) time=644.559287218s
[ Info: iter=48797 obj=4.967775930733292e7 pinf=1.9082066592620984e7 (4704) dinf=0.0 (0) time=646.177534664s
[ Info: iter=48877 obj=4.967990523171132e7 pinf=1.3387501620007511e6 (4335) dinf=0.0 (0) time=647.875841005s
[ Info: iter=48957 obj=4.973969179982366e7 pinf=2.126186734785533e6 (4348) dinf=0.0 (0) time=649.274139257s
#=   14.9 ms =# precompile(Tuple{typeof(Base.print), Base.GenericIOBuffer{Memory{UInt8}}, JSimplex.TerminationStatus})
#=    6.5 ms =# precompile(Tuple{typeof(Base.empty), Base.Dict{String, String}, Type{String}, Type{Any}})
#=   13.6 ms =# precompile(Tuple{typeof(Base.grow_to!), Base.Dict{String, Any}, Tuple{Pair{String, String}, Pair{String, String}, Pair{String, String}, Pair{String, String}, Pair{String, Int64}, Pair{String, String}, Pair{String, String}, Pair{String, String}, Pair{String, Float64}, Pair{String, Int64}, Pair{String, Int64}, Pair{String, Float64}, Pair{String, Int64}, Pair{String, UInt64}, Pair{String, Base.Dict{String, Int64}}, Pair{String, Base.Dict{String, Float64}}}, Int64})
#=    6.1 ms =# precompile(Tuple{Base.var"##open#324", Base.Pairs{Symbol, Union{}, Nothing, NamedTuple{(), Tuple{}}}, typeof(Base.open), Main.var"#main##10#main##11"{Base.Dict{String, Any}}, String, Vararg{String}})
#=    1.9 ms =# precompile(Tuple{typeof(Base.open), String, String})
#=    2.9 ms =# precompile(Tuple{typeof(Base.TOML.Printer.printvalue), Function, Base.IOStream, String, Bool})
#=    4.0 ms =# precompile(Tuple{typeof(Base.TOML.Printer.printvalue), Function, Base.IOStream, UInt64, Bool})
#=    3.8 ms =# precompile(Tuple{typeof(Base.TOML.Printer.printvalue), Function, Base.IOStream, Int64, Bool})
#=   12.7 ms =# precompile(Tuple{typeof(Base.TOML.Printer.printvalue), Function, Base.IOStream, Float64, Bool})
#=    4.4 ms =# precompile(Tuple{typeof(Base.invokelatest_gr), GlobalRef, String})
#=    3.4 ms =# precompile(Tuple{typeof(Base.values), Base.Dict{String, Float64}})
#=    2.4 ms =# precompile(Tuple{typeof(Base.isempty), Base.Dict{String, Float64}})
#=    2.0 ms =# precompile(Tuple{Type{Base.Generator{I, F} where F where I}, Base.TOML.Printer.var"#5#6", Base.ValueIterator{Base.Dict{String, Float64}}})
#=   15.0 ms =# precompile(Tuple{typeof(Base.all), Base.Generator{Base.ValueIterator{Base.Dict{String, Float64}}, Base.TOML.Printer.var"#5#6"}})
#=    3.0 ms =# precompile(Tuple{typeof(Base.pairs), NamedTuple{(:indent, :first_block, :sorted, :by, :inline_tables), Tuple{Int64, Bool, Bool, typeof(Base.identity), Base.IdSet{Base.Dict{String, V} where V}}}})
#=   55.6 ms =# precompile(Tuple{typeof(Core.kwcall), NamedTuple{(:indent, :first_block, :sorted, :by, :inline_tables), Tuple{Int64, Bool, Bool, typeof(Base.identity), Base.IdSet{Base.Dict{String, V} where V}}}, typeof(Base.TOML.Printer.print_table), Function, Base.IOStream, Base.Dict{String, Float64}, Array{String, 1}})
#=    4.5 ms =# precompile(Tuple{typeof(Base.invokelatest_gr), GlobalRef, UInt64})
#=    2.1 ms =# precompile(Tuple{typeof(Base.values), Base.Dict{String, Int64}})
#=    1.7 ms =# precompile(Tuple{typeof(Base.isempty), Base.Dict{String, Int64}})
#=    1.9 ms =# precompile(Tuple{Type{Base.Generator{I, F} where F where I}, Base.TOML.Printer.var"#5#6", Base.ValueIterator{Base.Dict{String, Int64}}})
#=   15.9 ms =# precompile(Tuple{typeof(Base.all), Base.Generator{Base.ValueIterator{Base.Dict{String, Int64}}, Base.TOML.Printer.var"#5#6"}})
#=   49.1 ms =# precompile(Tuple{typeof(Core.kwcall), NamedTuple{(:indent, :first_block, :sorted, :by, :inline_tables), Tuple{Int64, Bool, Bool, typeof(Base.identity), Base.IdSet{Base.Dict{String, V} where V}}}, typeof(Base.TOML.Printer.print_table), Function, Base.IOStream, Base.Dict{String, Int64}, Array{String, 1}})
#=    4.3 ms =# precompile(Tuple{typeof(Base.invokelatest_gr), GlobalRef, Int64})
#=    4.6 ms =# precompile(Tuple{typeof(Base.invokelatest_gr), GlobalRef, Float64})
#=    6.0 ms =# precompile(Tuple{typeof(Base.AnnotatedDisplay.ansi_write), typeof(Base.write), Base.IOStream, Base.AnnotatedString{String}})
#=    4.8 ms =# precompile(Tuple{typeof(Base.show), Base.IOContext{Base.GenericIOBuffer{Memory{UInt8}}}, Bool})
#=   75.0 ms =# precompile(Tuple{typeof(Core.kwcall), NamedTuple{(:bold,), Tuple{Bool}}, typeof(Base.print_within_stacktrace), Base.IOContext{Base.GenericIOBuffer{Memory{UInt8}}}, Type})
#=    8.4 ms =# precompile(Tuple{typeof(Base.show_at_namedtuple), Base.IOContext{Base.GenericIOBuffer{Memory{UInt8}}}, Tuple{Symbol, Symbol}, typeof(DataType)})
#=    4.8 ms =# precompile(Tuple{typeof(Base.print), Base.IOStream, Int64})
#=    7.7 ms =# precompile(Tuple{typeof(Base.println), Base.Dict{String, Any}})
#=    8.2 ms =# precompile(Tuple{typeof(Base.print), Base.IOContext{Base.IOStream}, Base.Dict{String, Any}, String})
#=   55.1 ms =# precompile(Tuple{typeof(Base.show), Base.IOContext{Base.IOStream}, Base.Dict{String, Float64}})
#=    3.4 ms =# precompile(Tuple{typeof(Base.show), Base.IOContext{Base.IOStream}, UInt64})
#=   45.3 ms =# precompile(Tuple{typeof(Base.show), Base.IOContext{Base.IOStream}, Base.Dict{String, Int64}})
#=    3.5 ms =# precompile(Tuple{typeof(Base.show), Base.IOContext{Base.IOStream}, Int64})
#=    1.7 ms =# precompile(Tuple{typeof(Base.show), Base.IOContext{Base.IOStream}, Float64})
[33m#=    5.5 ms =# precompile(Tuple{typeof(Base.should_use_main_entrypoint)}) # recompile[0m
#=    2.4 ms =# precompile(Tuple{SparseArrays.LibSuiteSparse.var"#5#6"})
[ Info: iter=49037 obj=4.975398257950282e7 pinf=2.2104033519229977e6 (4096) dinf=0.0 (0) time=650.619177311s
[ Info: iter=49117 obj=4.975920819916223e7 pinf=94107.89796147241 (3530) dinf=0.0 (0) time=652.10430126s
[ Info: iter=49197 obj=4.976015400957066e7 pinf=310935.8908424065 (3824) dinf=0.0 (0) time=653.666493744s
[ Info: iter=49277 obj=4.976122315039468e7 pinf=270189.1184359935 (3774) dinf=0.0 (0) time=655.194605345s
[ Info: iter=49357 obj=4.976162409849875e7 pinf=92728.79527410447 (3730) dinf=0.0 (0) time=656.809873646s
[ Info: iter=49437 obj=4.976332554527771e7 pinf=31592.977716747275 (3429) dinf=0.0 (0) time=658.226521047s
[ Info: iter=49517 obj=4.976445489884753e7 pinf=1.155399933819966e6 (4182) dinf=0.0 (0) time=659.696223448s
[ Info: iter=49597 obj=4.9825776268370286e7 pinf=3.0535018906434383e7 (4604) dinf=0.0 (0) time=661.107418836s
[ Info: iter=49677 obj=4.9831265636610314e7 pinf=338748.4948188193 (3788) dinf=0.0 (0) time=662.874561391s
[ Info: iter=49757 obj=4.983196320666376e7 pinf=138421.53218562965 (3696) dinf=0.0 (0) time=664.427353052s
[ Info: iter=49837 obj=4.9839028418803796e7 pinf=40377.983386225154 (3588) dinf=0.0 (0) time=665.857303615s
[ Info: iter=49917 obj=4.9859092374064386e7 pinf=61882.62951136665 (3655) dinf=0.0 (0) time=667.429368675s
[ Info: iter=49997 obj=4.986058729488549e7 pinf=80424.14885703532 (3570) dinf=0.0 (0) time=669.007977234s
[ Info: iter=50077 obj=5.0014896830065176e7 pinf=48559.41759540931 (3425) dinf=0.0 (0) time=670.64644699s
[ Info: iter=50157 obj=5.003217478193247e7 pinf=388610.74124479137 (3972) dinf=0.0 (0) time=672.192589047s
[ Info: iter=50237 obj=5.004228323577329e7 pinf=76292.66485234174 (3475) dinf=0.0 (0) time=673.832539402s
[ Info: iter=50317 obj=5.00697556687521e7 pinf=207521.2050427734 (3566) dinf=0.0 (0) time=675.271740363s
[ Info: iter=50397 obj=5.009714737202031e7 pinf=415029.4726561693 (3890) dinf=0.0 (0) time=676.857811821s
[ Info: iter=50477 obj=5.013557682834125e7 pinf=3.9222203891496854e6 (4443) dinf=0.0 (0) time=678.384613498s
[ Info: iter=50557 obj=5.021704784266324e7 pinf=33705.65789981549 (3186) dinf=0.0 (0) time=679.836082775s
[ Info: iter=50637 obj=5.021965385665996e7 pinf=102165.46090568339 (3464) dinf=0.0 (0) time=681.334626152s
[ Info: iter=50717 obj=5.022101423459046e7 pinf=213260.0636441608 (3669) dinf=0.0 (0) time=682.804034229s
[ Info: iter=50797 obj=5.026476905537747e7 pinf=18912.2710266588 (3186) dinf=0.0 (0) time=684.193082008s
[ Info: iter=50877 obj=5.026567319866222e7 pinf=275082.2577197104 (3723) dinf=0.0 (0) time=685.646521862s
[ Info: iter=50957 obj=5.0266167545388885e7 pinf=316532.92159404006 (3675) dinf=0.0 (0) time=687.288167397s
[ Info: iter=51037 obj=5.026832688402466e7 pinf=6.827317762263806e6 (4253) dinf=0.0 (0) time=688.825906035s
[ Info: iter=51117 obj=5.0290488640766084e7 pinf=1.444270999702062e6 (4035) dinf=0.0 (0) time=690.376263674s
[ Info: iter=51197 obj=5.029432378973012e7 pinf=74016.98648576126 (3429) dinf=0.0 (0) time=691.998735209s
[ Info: iter=51277 obj=5.030434193193215e7 pinf=146629.6138268798 (3444) dinf=0.0 (0) time=693.652261345s
[ Info: iter=51357 obj=5.0310828782395005e7 pinf=234159.87445983745 (3532) dinf=0.0 (0) time=695.102542333s
[ Info: iter=51437 obj=5.032037532263853e7 pinf=469588.8412990984 (3683) dinf=0.0 (0) time=696.582323217s
[ Info: iter=51517 obj=5.0321324929143235e7 pinf=50304.715650236176 (3259) dinf=0.0 (0) time=698.20147088s
[ Info: iter=51597 obj=5.0322345832922384e7 pinf=1.4697302735201572e6 (3694) dinf=0.0 (0) time=699.744770055s
[ Info: iter=51677 obj=5.032279402172141e7 pinf=119892.29859108967 (3449) dinf=0.0 (0) time=701.292737503s
[ Info: iter=51757 obj=5.0338384064572416e7 pinf=648777.299129924 (4045) dinf=0.0 (0) time=702.815829488s
[ Info: iter=51837 obj=5.034199863525288e7 pinf=41367.93087432717 (3353) dinf=0.0 (0) time=704.483159371s
[ Info: iter=51917 obj=5.0342743293769084e7 pinf=5.558708561217888e6 (4132) dinf=0.0 (0) time=706.177877154s
[ Info: iter=51997 obj=5.036493120963298e7 pinf=217919.59061983172 (3443) dinf=0.0 (0) time=707.737926039s
[ Info: iter=52077 obj=5.036852569583523e7 pinf=342960.26144988736 (3419) dinf=0.0 (0) time=709.565052162s
[ Info: iter=52157 obj=5.03717481896917e7 pinf=317425.7429043387 (3431) dinf=0.0 (0) time=711.161068728s
[ Info: iter=52237 obj=5.037284438248778e7 pinf=669021.7220311494 (3780) dinf=0.0 (0) time=712.845748788s
[ Info: iter=52317 obj=5.037705256575997e7 pinf=461642.18147892744 (3650) dinf=0.0 (0) time=714.523462048s
[ Info: iter=52397 obj=5.039103096051817e7 pinf=24413.573367113742 (2927) dinf=0.0 (0) time=716.126220315s
[ Info: iter=52477 obj=5.039145780447125e7 pinf=55404.31631994466 (3262) dinf=0.0 (0) time=717.685534752s
[ Info: iter=52557 obj=5.040702454085591e7 pinf=578623.1164768632 (3638) dinf=0.0 (0) time=719.148027241s
[ Info: iter=52637 obj=5.0407829990774825e7 pinf=29867.035467990445 (3159) dinf=0.0 (0) time=720.998028126s
[ Info: iter=52717 obj=5.0426812181575045e7 pinf=184336.86554317383 (3351) dinf=0.0 (0) time=722.496602515s
[ Info: iter=52797 obj=5.045287256291178e7 pinf=40585.93187721486 (3027) dinf=0.0 (0) time=724.085258203s
[ Info: iter=52877 obj=5.046530441784598e7 pinf=3.3119024306422854e6 (3972) dinf=0.0 (0) time=725.656052091s
[ Info: iter=52957 obj=5.0493297857100986e7 pinf=6.720381094541797e6 (3948) dinf=0.0 (0) time=727.227404579s
[ Info: iter=53037 obj=5.049401108466593e7 pinf=202483.60467420507 (3306) dinf=0.0 (0) time=728.882948467s
[ Info: iter=53117 obj=5.049450455390755e7 pinf=35481.00525445808 (3058) dinf=0.0 (0) time=730.489795055s
[ Info: iter=53197 obj=5.051088821619004e7 pinf=1.2471147339398968e6 (3714) dinf=0.0 (0) time=732.014993744s
[ Info: iter=53277 obj=5.053731177725998e7 pinf=133590.70720364843 (3197) dinf=0.0 (0) time=733.549468033s
[ Info: iter=53357 obj=5.053897894265933e7 pinf=207413.4012917609 (3292) dinf=0.0 (0) time=735.177070721s
[ Info: iter=53437 obj=5.053950997678147e7 pinf=227172.14467077068 (3253) dinf=0.0 (0) time=736.891132108s
[ Info: iter=53517 obj=5.053997292122479e7 pinf=33726.95525467875 (2914) dinf=0.0 (0) time=738.493780697s
[ Info: iter=53597 obj=5.0540340159556895e7 pinf=188258.00086773868 (3320) dinf=0.0 (0) time=740.081936085s
[ Info: iter=53677 obj=5.054110627793966e7 pinf=10503.493281916188 (2785) dinf=0.0 (0) time=741.830197468s
[ Info: iter=53757 obj=5.054152132054807e7 pinf=32496.741229569314 (2964) dinf=0.0 (0) time=743.688094546s
[ Info: iter=53837 obj=5.055508975009543e7 pinf=1.2886849555095744e6 (3829) dinf=0.0 (0) time=745.334883026s
[ Info: iter=53917 obj=5.061648939018947e7 pinf=80715.6356123776 (3242) dinf=0.0 (0) time=746.907958707s
[ Info: iter=53997 obj=5.0618242163662836e7 pinf=47329.65425579356 (2984) dinf=0.0 (0) time=748.577138787s
[ Info: iter=54077 obj=5.06205527387613e7 pinf=452444.86305913894 (3329) dinf=0.0 (0) time=750.204370473s
[ Info: iter=54157 obj=5.0622369729316875e7 pinf=126727.84775062343 (3196) dinf=0.0 (0) time=751.858550259s
[ Info: iter=54237 obj=5.0642963526017234e7 pinf=30300.044331233537 (2895) dinf=0.0 (0) time=753.316710647s
[ Info: iter=54317 obj=5.064346671527733e7 pinf=437352.7104884451 (3195) dinf=0.0 (0) time=754.840493635s
[ Info: iter=54397 obj=5.064520533584407e7 pinf=2.0964226074397573e6 (3637) dinf=0.0 (0) time=756.422077022s
[ Info: iter=54477 obj=5.066163329496034e7 pinf=103360.40794188782 (3082) dinf=0.0 (0) time=757.993652545s
[ Info: iter=54557 obj=5.0662589152156845e7 pinf=33575.60531715858 (2681) dinf=0.0 (0) time=759.638821385s
[ Info: iter=54637 obj=5.066303550976986e7 pinf=10842.664293856262 (2594) dinf=0.0 (0) time=761.209853223s
[ Info: iter=54717 obj=5.0663474624634504e7 pinf=110310.67391667633 (2846) dinf=0.0 (0) time=762.692631659s
[ Info: iter=54797 obj=5.068967878960143e7 pinf=167033.55413454596 (2894) dinf=0.0 (0) time=764.217432697s
[ Info: iter=54877 obj=5.069076285730626e7 pinf=33345.40036961598 (2749) dinf=0.0 (0) time=765.642618154s
[ Info: iter=54957 obj=5.070320960066565e7 pinf=37834.365248387214 (2717) dinf=0.0 (0) time=767.168280239s
[ Info: iter=55037 obj=5.072317204310494e7 pinf=47338.732881484415 (2779) dinf=0.0 (0) time=768.712158326s
[ Info: iter=55117 obj=5.072450949224695e7 pinf=122997.63281728775 (2650) dinf=0.0 (0) time=770.269874813s
[ Info: iter=55197 obj=5.072606074129228e7 pinf=28016.83461215543 (2763) dinf=0.0 (0) time=771.860015902s
[ Info: iter=55277 obj=5.073183023901577e7 pinf=20553.437798569823 (2734) dinf=0.0 (0) time=773.355546791s
[ Info: iter=55357 obj=5.074744472158769e7 pinf=19133.993368324154 (2535) dinf=0.0 (0) time=774.955815401s
[ Info: iter=55437 obj=5.07778075615409e7 pinf=7434.825871896435 (2517) dinf=0.0 (0) time=776.493994307s
[ Info: iter=55517 obj=5.078174037835263e7 pinf=58644.56900715409 (2806) dinf=0.0 (0) time=778.149290322s
[ Info: iter=55597 obj=5.0783541191417955e7 pinf=364439.7038968598 (3388) dinf=0.0 (0) time=779.788083235s
[ Info: iter=55677 obj=5.078738234724198e7 pinf=191014.08542652338 (3205) dinf=0.0 (0) time=781.454287601s
[ Info: iter=55757 obj=5.0787842804059476e7 pinf=570649.8256661044 (3246) dinf=0.0 (0) time=783.089684346s
[ Info: iter=55837 obj=5.079839014641318e7 pinf=57375.91862091892 (2707) dinf=0.0 (0) time=784.697393892s
[ Info: iter=55917 obj=5.080567874725267e7 pinf=7609.905563826276 (2545) dinf=0.0 (0) time=786.200479242s
[ Info: iter=55997 obj=5.0806026304567575e7 pinf=17667.402989156046 (2574) dinf=0.0 (0) time=787.845510687s
[ Info: iter=56077 obj=5.0819881128407866e7 pinf=1.1314636628019963e6 (3422) dinf=0.0 (0) time=789.402766343s
[ Info: iter=56157 obj=5.08321122492123e7 pinf=323554.478215177 (3301) dinf=0.0 (0) time=790.971006223s
[ Info: iter=56237 obj=5.08468410065583e7 pinf=497096.114920989 (3443) dinf=0.0 (0) time=792.520428603s
[ Info: iter=56317 obj=5.087752342380299e7 pinf=41268.2520466886 (2594) dinf=0.0 (0) time=793.920733385s
[ Info: iter=56397 obj=5.087948202435439e7 pinf=1.0574745496816703e6 (3543) dinf=0.0 (0) time=795.470033765s
[ Info: iter=56477 obj=5.090897250062072e7 pinf=47483.31279097965 (2776) dinf=0.0 (0) time=797.000671046s
[ Info: iter=56557 obj=5.091769213885641e7 pinf=948892.085035382 (3522) dinf=0.0 (0) time=798.535923133s
[ Info: iter=56637 obj=5.092062645639686e7 pinf=57548.65613714098 (2686) dinf=0.0 (0) time=800.10654022s
[ Info: iter=56717 obj=5.092193282615036e7 pinf=23411.91858122643 (2476) dinf=0.0 (0) time=801.637225307s
[ Info: iter=56797 obj=5.092227342639193e7 pinf=38087.46330101685 (2532) dinf=0.0 (0) time=803.445075292s
[ Info: iter=56877 obj=5.092252860575296e7 pinf=3.0097935421206523e6 (3452) dinf=0.0 (0) time=805.194161079s
[ Info: iter=56957 obj=5.093529176187048e7 pinf=2.1712067317350837e6 (3266) dinf=0.0 (0) time=808.09083218s
[ Info: iter=57037 obj=5.0956989100776e7 pinf=38989.902696866986 (2576) dinf=0.0 (0) time=809.731437081s
[ Info: iter=57117 obj=5.099301194479112e7 pinf=21984.248223865263 (2492) dinf=0.0 (0) time=811.376091181s
[ Info: iter=57197 obj=5.0994630906406924e7 pinf=39100.60521404133 (2483) dinf=0.0 (0) time=813.047805482s
[ Info: iter=57277 obj=5.099492790660508e7 pinf=30422.41968167062 (2378) dinf=0.0 (0) time=814.797315751s
[ Info: iter=57357 obj=5.099525148304404e7 pinf=47692.68075909563 (2448) dinf=0.0 (0) time=816.424851622s
[ Info: iter=57437 obj=5.09990738673088e7 pinf=67845.61384257028 (2556) dinf=0.0 (0) time=817.993053893s
[ Info: iter=57517 obj=5.100338260272765e7 pinf=64771.721843727675 (2469) dinf=0.0 (0) time=819.531731666s
[ Info: iter=57597 obj=5.100722198218943e7 pinf=925573.5748972751 (3244) dinf=0.0 (0) time=821.005431339s
[ Info: iter=57677 obj=5.101540164533551e7 pinf=22945.743654160575 (2323) dinf=0.0 (0) time=822.622484814s
[ Info: iter=57757 obj=5.1017116513196625e7 pinf=28020.602386319923 (2423) dinf=0.0 (0) time=824.19454079s
[ Info: iter=57837 obj=5.101792577982579e7 pinf=149954.05212268926 (2722) dinf=0.0 (0) time=825.802524566s
[ Info: iter=57917 obj=5.102453182791492e7 pinf=94044.27187953446 (2651) dinf=0.0 (0) time=827.465192341s
[ Info: iter=57997 obj=5.1024770057061076e7 pinf=102268.83853638802 (2505) dinf=0.0 (0) time=828.996558017s
[ Info: iter=58077 obj=5.103717350178563e7 pinf=137108.2395647885 (2367) dinf=0.0 (0) time=830.57926079s
[ Info: iter=58157 obj=5.103781304276709e7 pinf=25822.62773790286 (2249) dinf=0.0 (0) time=832.065330064s
[ Info: iter=58237 obj=5.105202511415367e7 pinf=2.4153828282316164e6 (3446) dinf=0.0 (0) time=833.525514638s
[ Info: iter=58317 obj=5.105517104836726e7 pinf=309151.9734569315 (2689) dinf=0.0 (0) time=835.331022407s
[ Info: iter=58397 obj=5.1060701217951715e7 pinf=64744.90379017703 (2396) dinf=0.0 (0) time=836.808767781s
[ Info: iter=58477 obj=5.108876477676363e7 pinf=9364.772146173074 (2004) dinf=0.0 (0) time=838.232781661s
[ Info: iter=58557 obj=5.109309315161775e7 pinf=27916.82397291219 (2287) dinf=0.0 (0) time=839.725834343s
[ Info: iter=58637 obj=5.109452509283055e7 pinf=138040.82033156106 (2544) dinf=0.0 (0) time=841.336908023s
[ Info: iter=58717 obj=5.110616867533952e7 pinf=165625.54031149336 (2405) dinf=0.0 (0) time=842.790887505s
[ Info: iter=58797 obj=5.111335787696202e7 pinf=12222.648064036692 (2015) dinf=0.0 (0) time=844.302092386s
[ Info: iter=58877 obj=5.111345382495073e7 pinf=13777.020729856851 (1974) dinf=0.0 (0) time=845.894759262s
[ Info: iter=58957 obj=5.111381661365424e7 pinf=881917.999245269 (2812) dinf=0.0 (0) time=847.69597683s
[ Info: iter=59037 obj=5.11273804718552e7 pinf=5626.097602376686 (1961) dinf=0.0 (0) time=849.169782804s
[ Info: iter=59117 obj=5.112815620535718e7 pinf=17230.14015914626 (1921) dinf=0.0 (0) time=850.807307875s
[ Info: iter=59197 obj=5.113101812969521e7 pinf=583113.2546260403 (2587) dinf=0.0 (0) time=852.340842048s
[ Info: iter=59277 obj=5.1136768089340374e7 pinf=34390.69898323858 (2069) dinf=0.0 (0) time=853.899265522s
[ Info: iter=59357 obj=5.113868106133276e7 pinf=352562.4364987535 (2551) dinf=0.0 (0) time=855.339129099s
[ Info: iter=59437 obj=5.114922503741082e7 pinf=11074.806155777222 (1905) dinf=0.0 (0) time=856.919622374s
[ Info: iter=59517 obj=5.11739962836135e7 pinf=45843.88285789058 (2089) dinf=0.0 (0) time=858.356677851s
[ Info: iter=59597 obj=5.1181825910838455e7 pinf=4420.282003806735 (1751) dinf=0.0 (0) time=859.869791027s
[ Info: iter=59677 obj=5.119343743608359e7 pinf=10010.827701031067 (1815) dinf=0.0 (0) time=861.408711704s
[ Info: iter=59757 obj=5.121104165116733e7 pinf=3741.2134655013647 (1778) dinf=0.0 (0) time=862.843322194s
[ Info: iter=59837 obj=5.12158469212956e7 pinf=3225.620199938231 (1684) dinf=0.0 (0) time=864.329585183s
[ Info: iter=59917 obj=5.1240895194165915e7 pinf=699044.6516081771 (2219) dinf=0.0 (0) time=865.903516871s
[ Info: iter=59997 obj=5.1244052220227994e7 pinf=3793.089375425498 (1637) dinf=0.0 (0) time=867.37285196s
[ Info: iter=60077 obj=5.1244996912468314e7 pinf=1881.298903205716 (1567) dinf=0.0 (0) time=868.884470049s
[ Info: iter=60157 obj=5.124555026788868e7 pinf=1.4521124829955206e6 (2684) dinf=0.0 (0) time=870.464758239s
[ Info: iter=60237 obj=5.125639677592237e7 pinf=1.4865916934298037e6 (2734) dinf=0.0 (0) time=872.041710229s
[ Info: iter=60317 obj=5.12642028789041e7 pinf=1.3921928023299605e6 (2566) dinf=0.0 (0) time=873.641579219s
[ Info: iter=60397 obj=5.127037592386149e7 pinf=20709.303896520185 (1756) dinf=0.0 (0) time=875.374474808s
[ Info: iter=60477 obj=5.1276454080948174e7 pinf=5810.8504740410835 (1624) dinf=0.0 (0) time=877.033475697s
[ Info: iter=60557 obj=5.127814127738552e7 pinf=24758.667491418848 (1838) dinf=0.0 (0) time=878.785372495s
[ Info: iter=60637 obj=5.128560802893628e7 pinf=662677.0356663904 (2497) dinf=0.0 (0) time=880.400844494s
[ Info: iter=60717 obj=5.1293942435103014e7 pinf=11651.870571562655 (1725) dinf=0.0 (0) time=882.045082993s
[ Info: iter=60797 obj=5.1297603614074975e7 pinf=264859.6425394031 (1699) dinf=0.0 (0) time=883.666344492s
[ Info: iter=60877 obj=5.129800541730944e7 pinf=46236.62515144785 (1951) dinf=0.0 (0) time=885.288931691s
[ Info: iter=60957 obj=5.1298300956941664e7 pinf=27952.161759414314 (1664) dinf=0.0 (0) time=886.859854683s
[ Info: iter=61037 obj=5.1321202844872616e7 pinf=17375.899150738227 (1682) dinf=0.0 (0) time=888.400695275s
[ Info: iter=61117 obj=5.13212710340353e7 pinf=949.9442163535547 (1354) dinf=0.0 (0) time=889.927799367s
[ Info: iter=61197 obj=5.135430017673885e7 pinf=4956.051085112664 (1478) dinf=0.0 (0) time=891.409768359s
[ Info: iter=61277 obj=5.135619282700572e7 pinf=467.7773161606011 (1268) dinf=0.0 (0) time=892.959811051s
[ Info: iter=61357 obj=5.13579413405737e7 pinf=1405.8351450340735 (1260) dinf=0.0 (0) time=894.359252444s
[ Info: iter=61437 obj=5.135797749971808e7 pinf=24872.606570531494 (1525) dinf=0.0 (0) time=895.898669636s
[ Info: iter=61517 obj=5.136111525751766e7 pinf=50921.52183898579 (1733) dinf=0.0 (0) time=897.350174029s
[ Info: iter=61597 obj=5.136249409198716e7 pinf=15576.178693506177 (1486) dinf=0.0 (0) time=898.877135321s
[ Info: Solve finished: status=TIME_LIMIT reason=time limit reached iterations=61663 time=900.010854315s
Dict{String, Any}("source" => "/home/jspitz/JSimplex.jl/.worktrees/triangular-runtime-cliff/src/JSimplex.jl", "kernel_seconds" => Dict("pricing" => 25.418992059, "refactorization" => 34.567487903, "ftran" => 61.852250546, "btran" => 131.698901486), "peak_rss" => 0x00000001a4d41000, "counts" => Dict("refactor_residual" => 1, "phase_dual" => 1, "correction_attempt" => 4988, "checkpoint" => 1, "correction" => 4922, "phase_auxiliary" => 1, "pricing_scanned_entries" => 1754554245, "bound_flipped" => 24651, "refactor_other" => 1, "pivot_completed" => 61663, "pricing_full_scan" => 61665, "pricing" => 61665, "repair" => 1, "refactor_initial" => 1, "pricing_scored_entries" => 268034402, "refactor_limit" => 769, "pivot_proposed" => 61665), "input" => "/home/jspitz/mps/runtime.mps", "interval" => 80, "outer_seconds" => 959.334038906, "input_sha256" => "d0ac16e1a52a7d3411cbac28616bba9d3beb0c0edbdb2d72ab0477ce075f6c68", "refactorizations" => 771, "seconds" => 900.010854315, "allocated_bytes" => 40395159424, "julia" => "1.13.0", "algorithm" => "dual", "iterations" => 61663, "status" => "TIME_LIMIT", "message" => "time limit reached")
