
[9] signal 15: Terminated
in expression starting at /home/jspitz/JSimplex.jl/.worktrees/simplex-legacy-stability/test/simplex_precision_recovery_state_tests.jl:5
typeenv_has_ne at /cache/build/builder-armageddon-4/julialang/julia-ci/src/jltypes.c:51 [inlined]
jl_has_bound_typevars at /cache/build/builder-armageddon-4/julialang/julia-ci/src/jltypes.c:231
jl_has_bound_typevars at /cache/build/builder-armageddon-4/julialang/julia-ci/src/jltypes.c:256
jl_has_bound_typevars at /cache/build/builder-armageddon-4/julialang/julia-ci/src/jltypes.c:256
ijl_has_typevar at /cache/build/builder-armageddon-4/julialang/julia-ci/src/jltypes.c:283
inst_type_w_ at /cache/build/builder-armageddon-4/julialang/julia-ci/src/jltypes.c:2658
inst_type_w_ at /cache/build/builder-armageddon-4/julialang/julia-ci/src/jltypes.c:2654
inst_type_w_ at /cache/build/builder-armageddon-4/julialang/julia-ci/src/jltypes.c:2654
inst_type_w_ at /cache/build/builder-armageddon-4/julialang/julia-ci/src/jltypes.c:2654
inst_type_w_ at /cache/build/builder-armageddon-4/julialang/julia-ci/src/jltypes.c:2654
inst_type_w_ at /cache/build/builder-armageddon-4/julialang/julia-ci/src/jltypes.c:2654
inst_type_w_ at /cache/build/builder-armageddon-4/julialang/julia-ci/src/jltypes.c:2654
inst_type_w_ at /cache/build/builder-armageddon-4/julialang/julia-ci/src/jltypes.c:2654
jl_rename_unionall at /cache/build/builder-armageddon-4/julialang/julia-ci/src/jltypes.c:1551
unalias_unionall at /cache/build/builder-armageddon-4/julialang/julia-ci/src/subtype.c:979
subtype_unionall at /cache/build/builder-armageddon-4/julialang/julia-ci/src/subtype.c:990
subtype at /cache/build/builder-armageddon-4/julialang/julia-ci/src/subtype.c:1547
subtype_unionall at /cache/build/builder-armageddon-4/julialang/julia-ci/src/subtype.c:998
subtype at /cache/build/builder-armageddon-4/julialang/julia-ci/src/subtype.c:1547
subtype_unionall at /cache/build/builder-armageddon-4/julialang/julia-ci/src/subtype.c:998
subtype at /cache/build/builder-armageddon-4/julialang/julia-ci/src/subtype.c:1547
subtype_unionall at /cache/build/builder-armageddon-4/julialang/julia-ci/src/subtype.c:998
subtype at /cache/build/builder-armageddon-4/julialang/julia-ci/src/subtype.c:1547
subtype_unionall at /cache/build/builder-armageddon-4/julialang/julia-ci/src/subtype.c:1005
subtype at /cache/build/builder-armageddon-4/julialang/julia-ci/src/subtype.c:1544
subtype_unionall at /cache/build/builder-armageddon-4/julialang/julia-ci/src/subtype.c:1005
subtype at /cache/build/builder-armageddon-4/julialang/julia-ci/src/subtype.c:1544
subtype_unionall at /cache/build/builder-armageddon-4/julialang/julia-ci/src/subtype.c:1005
subtype at /cache/build/builder-armageddon-4/julialang/julia-ci/src/subtype.c:1544
subtype_unionall at /cache/build/builder-armageddon-4/julialang/julia-ci/src/subtype.c:1005
subtype at /cache/build/builder-armageddon-4/julialang/julia-ci/src/subtype.c:1544
subtype_unionall at /cache/build/builder-armageddon-4/julialang/julia-ci/src/subtype.c:1005
subtype at /cache/build/builder-armageddon-4/julialang/julia-ci/src/subtype.c:1544
subtype_unionall at /cache/build/builder-armageddon-4/julialang/julia-ci/src/subtype.c:1005
subtype at /cache/build/builder-armageddon-4/julialang/julia-ci/src/subtype.c:1544
subtype_unionall at /cache/build/builder-armageddon-4/julialang/julia-ci/src/subtype.c:1005
subtype at /cache/build/builder-armageddon-4/julialang/julia-ci/src/subtype.c:1544
subtype_unionall at /cache/build/builder-armageddon-4/julialang/julia-ci/src/subtype.c:1005
subtype at /cache/build/builder-armageddon-4/julialang/julia-ci/src/subtype.c:1544
subtype_unionall at /cache/build/builder-armageddon-4/julialang/julia-ci/src/subtype.c:1005
subtype at /cache/build/builder-armageddon-4/julialang/julia-ci/src/subtype.c:1544
subtype_unionall at /cache/build/builder-armageddon-4/julialang/julia-ci/src/subtype.c:1005
subtype at /cache/build/builder-armageddon-4/julialang/julia-ci/src/subtype.c:1544
subtype_unionall at /cache/build/builder-armageddon-4/julialang/julia-ci/src/subtype.c:1005
subtype at /cache/build/builder-armageddon-4/julialang/julia-ci/src/subtype.c:1544
subtype_unionall at /cache/build/builder-armageddon-4/julialang/julia-ci/src/subtype.c:1005
subtype at /cache/build/builder-armageddon-4/julialang/julia-ci/src/subtype.c:1544
exists_subtype at /cache/build/builder-armageddon-4/julialang/julia-ci/src/subtype.c:1827 [inlined]
forall_exists_subtype at /cache/build/builder-armageddon-4/julialang/julia-ci/src/subtype.c:1856
ijl_subtype_env at /cache/build/builder-armageddon-4/julialang/julia-ci/src/subtype.c:2315
subtype_tuple_tail at /cache/build/builder-armageddon-4/julialang/julia-ci/src/subtype.c:1328 [inlined]
subtype_tuple at /cache/build/builder-armageddon-4/julialang/julia-ci/src/subtype.c:1410 [inlined]
subtype at /cache/build/builder-armageddon-4/julialang/julia-ci/src/subtype.c:1584
exists_subtype at /cache/build/builder-armageddon-4/julialang/julia-ci/src/subtype.c:1827 [inlined]
forall_exists_subtype at /cache/build/builder-armageddon-4/julialang/julia-ci/src/subtype.c:1856
ijl_types_equal at /cache/build/builder-armageddon-4/julialang/julia-ci/src/subtype.c:2408 [inlined]
ijl_types_equal at /cache/build/builder-armageddon-4/julialang/julia-ci/src/subtype.c:2355
_typename_add_backedge at /cache/build/builder-armageddon-4/julialang/julia-ci/src/gf.c:2448
foreach_top_nth_typename at /cache/build/builder-armageddon-4/julialang/julia-ci/src/gf.c:913
jl_foreach_top_typename_for at /cache/build/builder-armageddon-4/julialang/julia-ci/src/gf.c:959 [inlined]
ijl_method_table_add_backedge at /cache/build/builder-armageddon-4/julialang/julia-ci/src/gf.c:2470
store_backedges at ./../usr/share/julia/Compiler/src/typeinfer.jl:780
finish! at ./../usr/share/julia/Compiler/src/typeinfer.jl:119
jfptr_finishNOT._84493 at /home/jspitz/.julia/juliaup/julia-1.13.0+0.aarch64.linux.gnu/lib/julia/sys.so (unknown line)
finish_nocycle at ./../usr/share/julia/Compiler/src/typeinfer.jl:235
jfptr_finish_nocycle_87744 at /home/jspitz/.julia/juliaup/julia-1.13.0+0.aarch64.linux.gnu/lib/julia/sys.so (unknown line)
typeinf at ./../usr/share/julia/Compiler/src/abstractinterpretation.jl:4570
typeinf_ext at ./../usr/share/julia/Compiler/src/typeinfer.jl:1404
typeinf_ext_toplevel at ./../usr/share/julia/Compiler/src/typeinfer.jl:1601 [inlined]
typeinf_ext_toplevel at ./../usr/share/julia/Compiler/src/typeinfer.jl:1610
jfptr_typeinf_ext_toplevel_87690 at /home/jspitz/.julia/juliaup/julia-1.13.0+0.aarch64.linux.gnu/lib/julia/sys.so (unknown line)
jl_apply at /cache/build/builder-armageddon-4/julialang/julia-ci/src/julia.h:2318 [inlined]
jl_type_infer at /cache/build/builder-armageddon-4/julialang/julia-ci/src/gf.c:478
jl_compile_method_internal at /cache/build/builder-armageddon-4/julialang/julia-ci/src/gf.c:3697
_jl_invoke at /cache/build/builder-armageddon-4/julialang/julia-ci/src/gf.c:4171 [inlined]
ijl_apply_generic at /cache/build/builder-armageddon-4/julialang/julia-ci/src/gf.c:4380
_dispatch_numerical_recovery at /home/jspitz/JSimplex.jl/.worktrees/simplex-legacy-stability/src/lp_refinement_driver.jl:331
#run_from_basis!#221 at /home/jspitz/JSimplex.jl/.worktrees/simplex-legacy-stability/src/simplex_driver.jl:315 [inlined]
run_from_basis! at /home/jspitz/JSimplex.jl/.worktrees/simplex-legacy-stability/src/simplex_driver.jl:310
unknown function (ip: 0xfee03efc21bb) at (unknown file)
jl_apply at /cache/build/builder-armageddon-4/julialang/julia-ci/src/julia.h:2318 [inlined]
do_call at /cache/build/builder-armageddon-4/julialang/julia-ci/src/interpreter.c:123
eval_value at /cache/build/builder-armageddon-4/julialang/julia-ci/src/interpreter.c:243
eval_body at /cache/build/builder-armageddon-4/julialang/julia-ci/src/interpreter.c:581
eval_body at /cache/build/builder-armageddon-4/julialang/julia-ci/src/interpreter.c:558
eval_body at /cache/build/builder-armageddon-4/julialang/julia-ci/src/interpreter.c:558
eval_body at /cache/build/builder-armageddon-4/julialang/julia-ci/src/interpreter.c:558
eval_body at /cache/build/builder-armageddon-4/julialang/julia-ci/src/interpreter.c:558
jl_interpret_toplevel_thunk at /cache/build/builder-armageddon-4/julialang/julia-ci/src/interpreter.c:884
jl_toplevel_eval_flex at /cache/build/builder-armageddon-4/julialang/julia-ci/src/toplevel.c:742
jl_eval_toplevel_stmts at /cache/build/builder-armageddon-4/julialang/julia-ci/src/toplevel.c:585
jl_toplevel_eval_flex at /cache/build/builder-armageddon-4/julialang/julia-ci/src/toplevel.c:683
ijl_toplevel_eval at /cache/build/builder-armageddon-4/julialang/julia-ci/src/toplevel.c:754
ijl_toplevel_eval_in at /cache/build/builder-armageddon-4/julialang/julia-ci/src/toplevel.c:799
eval at ./boot.jl:489
include_string at ./loading.jl:3016
_include at ./loading.jl:3076
include at ./Base.jl:310
IncludeInto at ./Base.jl:311 [inlined]
top-level scope at ./timing.jl:699
jl_toplevel_eval_flex at /cache/build/builder-armageddon-4/julialang/julia-ci/src/toplevel.c:731
jl_eval_toplevel_stmts at /cache/build/builder-armageddon-4/julialang/julia-ci/src/toplevel.c:585
jl_toplevel_eval_flex at /cache/build/builder-armageddon-4/julialang/julia-ci/src/toplevel.c:683
ijl_toplevel_eval at /cache/build/builder-armageddon-4/julialang/julia-ci/src/toplevel.c:754
ijl_toplevel_eval_in at /cache/build/builder-armageddon-4/julialang/julia-ci/src/toplevel.c:799
eval at ./boot.jl:489
include_string at ./loading.jl:3016
_include at ./loading.jl:3076
include at ./Base.jl:309
exec_options at ./client.jl:344
_start at ./client.jl:577
jfptr__start_61086 at /home/jspitz/.julia/juliaup/julia-1.13.0+0.aarch64.linux.gnu/lib/julia/sys.so (unknown line)
jl_apply at /cache/build/builder-armageddon-4/julialang/julia-ci/src/julia.h:2318 [inlined]
true_main at /cache/build/builder-armageddon-4/julialang/julia-ci/src/jlapi.c:985
jl_repl_entrypoint at /cache/build/builder-armageddon-4/julialang/julia-ci/src/jlapi.c:1152
main at /cache/build/builder-armageddon-4/julialang/julia-ci/cli/loader_exe.c:58
unknown function (ip: 0xfee0601d2f1b) at /usr/lib/aarch64-linux-gnu/libc.so.6
__libc_start_main at /usr/lib/aarch64-linux-gnu/libc.so.6 (unknown line)
$x at /home/jspitz/.julia/juliaup/julia-1.13.0+0.aarch64.linux.gnu/bin/julia (unknown line)
unknown function (ip: 0xc000000400a1b) at (unknown file)
unknown function (ip: (nil)) at (unknown file)
Allocations: 1991887136 (Pool: 1991885620; Big: 1516); GC: 326
