CAPTURE_ENVIRONMENT Dict{String, Any}("package_git_revision" => "master", "source_revision" => "unavailable", "architecture" => "x86_64", "blas_threads" => 8, "active_project" => "C:\\Users\\jiris\\OneDrive\\Simplex_tests\\Project.toml", "cpu_threads" => 16, "julia" => "1.13.0", "blas_config" => "LBTConfig([ILP64] libopenblas64_.dll)", "warmup" => false, "package_tree_hash" => "de4c04976887978ac4e77b67a4eb9792d251bfec", "run_id" => "58777316640800-18336", "source_path" => "C:\\Users\\jiris\\.julia\\packages\\JSimplex\\Pz9tN\\src\\JSimplex.jl", "julia_threads" => 1, "input_sha256" => "d0ac16e1a52a7d3411cbac28616bba9d3beb0c0edbdb2d72ab0477ce075f6c68", "package_version" => "0.5.0", "working_directory" => "C:\\Users\\jiris\\OneDrive\\Simplex_tests")
[ Info: Loaded problem: rows=43021 columns=47148 nnz=277210
[ Info: Starting presolve
[ Info: After presolve: rows=28453 columns=31615 nnz=211789
EVENT phase_dual count=1 iter=0 row=0 entering=0 pinf=607635.5626467778 dinf=435433.7404844512
EVENT phase_auxiliary count=1 iter=0 row=0 entering=0 pinf=1549.1437325054662 dinf=0.0
[ Info: iter=80 obj=-77795.80768288011 pinf=246.1482611475381 (370) dinf=0.0 (0) time=4.1490119s
[ Info: iter=160 obj=-12567.36562365837 pinf=125.28552036200347 (292) dinf=0.0 (0) time=4.3720838s
[ Info: iter=240 obj=-817.3518407489901 pinf=22.679308522596607 (156) dinf=0.0 (0) time=4.5924914s
[ Info: iter=257 obj=-7.509524188788395e6 pinf=383149.01107378054 (3089) dinf=36998.32632978309 (226) time=4.6531901s
[ Info: iter=337 obj=-7.808027941838834e6 pinf=109599.0643979763 (3016) dinf=0.0 (0) time=5.0801048s
[ Info: iter=417 obj=-2.2853844035067065e6 pinf=60074.314304500804 (2933) dinf=0.0 (0) time=5.3031841s
[ Info: iter=497 obj=-535050.3445318134 pinf=52318.74765579776 (2940) dinf=0.0 (0) time=5.525215s
[ Info: iter=577 obj=122084.08133958356 pinf=44372.84416298015 (2928) dinf=0.0 (0) time=5.7589463s
[ Info: iter=657 obj=665290.614742882 pinf=45840.522811359355 (3079) dinf=0.0 (0) time=5.9970593s
[ Info: iter=737 obj=1.8908270646782801e6 pinf=60594.25151593979 (3177) dinf=0.0 (0) time=6.2298747s
[ Info: iter=817 obj=2.6006339619362247e6 pinf=250604.98091050948 (3268) dinf=0.0 (0) time=6.4618333s
EVENT correction_attempt count=1 iter=862 row=19216 entering=30678 pinf=56983.18298668216 dinf=0.0
[ Info: iter=897 obj=3.1056652271430716e6 pinf=1.5452618900441885e7 (3305) dinf=0.0 (0) time=6.7071721s
[ Info: iter=977 obj=3.304762128348941e6 pinf=1.1625872576250844e7 (3379) dinf=0.0 (0) time=6.9603678s
[ Info: iter=1057 obj=4.0131959097138518e6 pinf=1.5415135535804698e7 (3472) dinf=0.0 (0) time=7.2199242s
[ Info: iter=1137 obj=4.291826210927482e6 pinf=6.960242769178918e7 (3512) dinf=0.0 (0) time=7.4680501s
EVENT correction_attempt count=2 iter=1148 row=8351 entering=24123 pinf=2.0773584763306715e7 dinf=0.0
EVENT correction_attempt count=3 iter=1162 row=6666 entering=26866 pinf=4.091505589826104e13 dinf=0.0
EVENT correction_attempt count=4 iter=1168 row=791 entering=29481 pinf=1.7790434330650166e7 dinf=0.0
EVENT correction_attempt count=5 iter=1171 row=8335 entering=28695 pinf=1.7507992183034567e6 dinf=0.0
EVENT correction_attempt count=6 iter=1172 row=8377 entering=39992 pinf=2.4746549314783486e6 dinf=0.0
EVENT correction_attempt count=7 iter=1203 row=8363 entering=39978 pinf=1.0082929505923096e7 dinf=0.0
EVENT correction_attempt count=8 iter=1204 row=880 entering=39964 pinf=1.3121198821928477e7 dinf=0.0
EVENT correction_attempt count=9 iter=1205 row=8349 entering=24121 pinf=1.2538296280225458e7 dinf=0.0
[ Info: iter=1217 obj=4.499001270298317e6 pinf=1.1508523887585658e6 (3567) dinf=0.0 (0) time=8.2243024s
[ Info: iter=1297 obj=5.209669464037773e6 pinf=1.3055362701056267e6 (3619) dinf=0.0 (0) time=8.495418s
[ Info: iter=1377 obj=5.572191591886782e6 pinf=1.0308339924757545e6 (3674) dinf=0.0 (0) time=8.7522518s
[ Info: iter=1457 obj=5.721934139334029e6 pinf=1.0314428227552526e6 (3713) dinf=0.0 (0) time=9.0139816s
[ Info: iter=1537 obj=6.014248104757894e6 pinf=1.0397948352260684e6 (3751) dinf=0.0 (0) time=9.2721318s
[ Info: iter=1617 obj=6.150474010292633e6 pinf=1.049099170302931e6 (3772) dinf=0.0 (0) time=9.5331453s
[ Info: iter=1697 obj=6.16155597346762e6 pinf=1.3189586551222994e6 (3807) dinf=0.0 (0) time=9.794509s
[ Info: iter=1777 obj=6.172808337724658e6 pinf=1.0797015814229487e6 (3819) dinf=0.0 (0) time=10.0600157s
[ Info: iter=1857 obj=6.556885252735183e6 pinf=1.0948780837426558e6 (3875) dinf=0.0 (0) time=10.3272949s
[ Info: iter=1937 obj=6.659012985291194e6 pinf=1.0528924983371154e6 (3888) dinf=0.0 (0) time=10.5926639s
[ Info: iter=2017 obj=6.70772655089972e6 pinf=897578.2700279733 (3895) dinf=0.0 (0) time=10.8701494s
[ Info: iter=2097 obj=6.73545068027843e6 pinf=1.1843396754014124e6 (3918) dinf=0.0 (0) time=11.1584408s
[ Info: iter=2177 obj=6.767495685355051e6 pinf=1.3448674281572984e6 (3948) dinf=0.0 (0) time=11.4467078s
[ Info: iter=2257 obj=6.927682548881706e6 pinf=1.075181723288842e6 (3938) dinf=0.0 (0) time=11.7282758s
EVENT correction_attempt count=10 iter=2292 row=19242 entering=50530 pinf=1.175836856596162e6 dinf=0.0
[ Info: iter=2337 obj=6.96640589734097e6 pinf=1.079060053550421e6 (3981) dinf=0.0 (0) time=12.0169712s
[ Info: iter=2417 obj=6.966405897340971e6 pinf=1.093368064139106e6 (4009) dinf=0.0 (0) time=12.3039691s
[ Info: iter=2497 obj=6.979786492244233e6 pinf=1.1637207280290239e6 (4052) dinf=0.0 (0) time=12.6207116s
[ Info: iter=2577 obj=7.084209436031687e6 pinf=1.2113562733545436e6 (4075) dinf=0.0 (0) time=12.9090204s
[ Info: iter=2657 obj=7.258232212662144e6 pinf=1.1069341823074552e6 (4055) dinf=0.0 (0) time=13.1989169s
[ Info: iter=2737 obj=7.617410904789973e6 pinf=1.300560308354009e6 (4049) dinf=0.0 (0) time=14.3067328s
[ Info: iter=2817 obj=7.897646073056149e6 pinf=1.3207182647613278e6 (4077) dinf=0.0 (0) time=14.6029933s
[ Info: iter=2897 obj=8.052770962290284e6 pinf=1.3622431240921535e6 (4104) dinf=0.0 (0) time=14.898902s
[ Info: iter=2977 obj=8.69669259696465e6 pinf=1.8031339413923689e6 (4112) dinf=0.0 (0) time=15.1978459s
[ Info: iter=3057 obj=1.0274291575407216e7 pinf=644100.1951309528 (4126) dinf=0.0 (0) time=15.4950572s
[ Info: iter=3137 obj=1.0312708801265504e7 pinf=7.183407759744476e6 (4144) dinf=0.0 (0) time=15.7967494s
[ Info: iter=3217 obj=1.0377113417690158e7 pinf=1.8700531924955554e6 (4151) dinf=0.0 (0) time=16.1310359s
[ Info: iter=3297 obj=1.0857122553159997e7 pinf=1.519979018047253e6 (4187) dinf=0.0 (0) time=16.4311598s
[ Info: iter=3377 obj=1.0873172984273545e7 pinf=1.5316402621272486e6 (4200) dinf=0.0 (0) time=16.7360829s
[ Info: iter=3457 obj=1.0906128690884257e7 pinf=6.346332823787981e7 (4215) dinf=0.0 (0) time=17.0518337s
[ Info: iter=3537 obj=1.0999325822553357e7 pinf=6.34746790628838e7 (4246) dinf=0.0 (0) time=17.3653128s
[ Info: iter=3617 obj=1.1124727901349105e7 pinf=6.344775147280703e7 (4247) dinf=0.0 (0) time=17.6947617s
[ Info: iter=3697 obj=1.1145329873171221e7 pinf=6.345780827822138e7 (4258) dinf=0.0 (0) time=18.0223145s
[ Info: iter=3777 obj=1.1147052571595442e7 pinf=6.3474537064177535e7 (4282) dinf=0.0 (0) time=18.3453924s
[ Info: iter=3857 obj=1.1207352206181861e7 pinf=6.344936656499534e7 (4312) dinf=0.0 (0) time=18.6620713s
[ Info: iter=3937 obj=1.1225825291362556e7 pinf=6.350808805886601e7 (4320) dinf=0.0 (0) time=18.9925569s
[ Info: iter=4017 obj=1.1225825291362556e7 pinf=1.1908203593139125e8 (4318) dinf=0.0 (0) time=19.321506s
[ Info: iter=4097 obj=1.177050307005794e7 pinf=1.1027886324878584e8 (4328) dinf=0.0 (0) time=19.6439348s
[ Info: iter=4177 obj=1.4198759569474414e7 pinf=1.1020053359498502e8 (4354) dinf=0.0 (0) time=19.9657167s
[ Info: iter=4257 obj=1.4514660811957233e7 pinf=1.1021774667159855e8 (4337) dinf=0.0 (0) time=20.2935076s
[ Info: iter=4337 obj=1.4538178613208357e7 pinf=1.102253518355981e8 (4357) dinf=0.0 (0) time=20.6301951s
[ Info: iter=4417 obj=1.4538178613208357e7 pinf=1.1023877405442192e8 (4370) dinf=0.0 (0) time=20.9662663s
[ Info: iter=4497 obj=1.4538178613208357e7 pinf=1.1023766682103316e8 (4386) dinf=0.0 (0) time=21.301188s
[ Info: iter=4577 obj=1.4538178613207404e7 pinf=1.1033784993048681e8 (4418) dinf=0.0 (0) time=21.6378938s
[ Info: iter=4657 obj=1.4541402632258717e7 pinf=1.104738489944986e8 (4407) dinf=0.0 (0) time=21.9793932s
[ Info: iter=4737 obj=1.6463305798429783e7 pinf=8.784791628634341e7 (4435) dinf=0.0 (0) time=22.3236947s
[ Info: iter=4817 obj=1.7235982658110198e7 pinf=8.788277400083436e7 (4481) dinf=0.0 (0) time=22.6826128s
[ Info: iter=4897 obj=1.935618203504311e7 pinf=4.831752884769664e7 (4469) dinf=0.0 (0) time=23.0422385s
[ Info: iter=4977 obj=2.050378120189019e7 pinf=5.940733047879219e7 (4471) dinf=0.0 (0) time=23.3836796s
PROGRESS iter=5000 pinf=9.353432379854885e7 dinf=0.0 refs=63
[ Info: iter=5057 obj=2.0614263107241377e7 pinf=4.9093694345225096e7 (4510) dinf=0.0 (0) time=23.7354303s
[ Info: iter=5137 obj=2.0643458742107425e7 pinf=4.946750201827193e7 (4517) dinf=0.0 (0) time=24.0979698s
[ Info: iter=5217 obj=2.065474391007872e7 pinf=5.35436085808419e7 (4547) dinf=0.0 (0) time=24.4476052s
[ Info: iter=5297 obj=2.168048755756285e7 pinf=5.6380943746788025e7 (4565) dinf=0.0 (0) time=24.7919224s
[ Info: iter=5377 obj=2.220906346994908e7 pinf=5.63808927238431e7 (4605) dinf=0.0 (0) time=25.1585838s
[ Info: iter=5457 obj=2.2426193665444244e7 pinf=5.6377850662480466e7 (4640) dinf=0.0 (0) time=25.5125166s
[ Info: iter=5537 obj=2.2506042197004583e7 pinf=5.642644891651697e7 (4638) dinf=0.0 (0) time=25.8698793s
[ Info: iter=5617 obj=2.3161843558610562e7 pinf=4.060691727050266e7 (4642) dinf=0.0 (0) time=26.2365904s
[ Info: iter=5697 obj=2.3299881014219306e7 pinf=3.6399772908913285e7 (4649) dinf=0.0 (0) time=26.6051226s
[ Info: iter=5777 obj=2.331911413845315e7 pinf=3.63983151167123e7 (4660) dinf=0.0 (0) time=26.9701327s
[ Info: iter=5857 obj=2.3346508335819375e7 pinf=3.475998377998448e7 (4698) dinf=0.0 (0) time=27.3386343s
[ Info: iter=5937 obj=2.3352758785249144e7 pinf=3.495630347440309e7 (4747) dinf=0.0 (0) time=27.7024064s
[ Info: iter=6017 obj=2.335275878524916e7 pinf=3.5982353217190795e7 (4771) dinf=0.0 (0) time=28.0796969s
[ Info: iter=6097 obj=2.3352758785248384e7 pinf=5.4125536983224705e7 (4800) dinf=0.0 (0) time=28.4563562s
[ Info: iter=6177 obj=2.3352758785248388e7 pinf=5.488876061298875e7 (4809) dinf=0.0 (0) time=28.8285126s
[ Info: iter=6257 obj=2.3352758785244685e7 pinf=5.5606590028270625e7 (4816) dinf=0.0 (0) time=29.2222723s
[ Info: iter=6337 obj=2.3352758778605096e7 pinf=5.297662808266271e7 (4843) dinf=0.0 (0) time=29.5982406s
[ Info: iter=6417 obj=2.335275878537737e7 pinf=4.7715743453113884e8 (4853) dinf=0.0 (0) time=30.0497395s
[ Info: iter=6497 obj=2.3381592161788832e7 pinf=4.694570161177387e9 (4879) dinf=0.0 (0) time=30.4687482s
[ Info: iter=6577 obj=2.3387369088991396e7 pinf=4.998201017710622e9 (4839) dinf=0.0 (0) time=30.8718233s
[ Info: iter=6657 obj=2.389266058856568e7 pinf=1.448602293454613e9 (4853) dinf=0.0 (0) time=31.3081213s
[ Info: iter=6737 obj=2.4409892193146594e7 pinf=2.911156733168832e9 (4891) dinf=0.0 (0) time=31.6880706s
[ Info: iter=6817 obj=2.492667295753878e7 pinf=5.835939660965478e8 (4874) dinf=0.0 (0) time=32.0954269s
[ Info: iter=6897 obj=2.4926672957538784e7 pinf=5.836329925950433e8 (4876) dinf=0.0 (0) time=32.4812024s
[ Info: iter=6977 obj=2.494035443901711e7 pinf=5.836018557199522e8 (4891) dinf=0.0 (0) time=32.8925391s
[ Info: iter=7057 obj=2.496105199841197e7 pinf=5.836224122995324e8 (4914) dinf=0.0 (0) time=33.2881038s
[ Info: iter=7137 obj=2.501895453210187e7 pinf=5.836249039971931e8 (4983) dinf=0.0 (0) time=33.6909534s
[ Info: iter=7217 obj=2.507065381482463e7 pinf=5.836192268444383e8 (5044) dinf=0.0 (0) time=34.1004204s
[ Info: iter=7297 obj=2.5186712334552698e7 pinf=1.023716513654275e9 (5051) dinf=0.0 (0) time=34.4944233s
[ Info: iter=7377 obj=2.5352489852171123e7 pinf=9.962830067858555e8 (5024) dinf=0.0 (0) time=34.8969169s
[ Info: iter=7457 obj=2.6448374520840324e7 pinf=3.56018232141992e6 (5018) dinf=0.0 (0) time=35.2858859s
[ Info: iter=7537 obj=2.64674008452759e7 pinf=96447.63429782428 (4919) dinf=0.0 (0) time=35.6478365s
[ Info: iter=7617 obj=2.6612918743999097e7 pinf=182305.82146253507 (4906) dinf=0.0 (0) time=36.0413287s
[ Info: iter=7697 obj=2.6758468207526363e7 pinf=2.1357200610992787e6 (4940) dinf=0.0 (0) time=36.408853s
[ Info: iter=7777 obj=2.6832742437527876e7 pinf=273958.95735144586 (5103) dinf=0.0 (0) time=36.7825609s
[ Info: iter=7857 obj=2.6847582705392074e7 pinf=138279.98756819378 (4981) dinf=0.0 (0) time=37.1700204s
[ Info: iter=7937 obj=2.6914981945818786e7 pinf=57520.36880979479 (4984) dinf=0.0 (0) time=37.5457225s
[ Info: iter=8017 obj=2.6989499396239415e7 pinf=8.810107576966041e7 (5129) dinf=0.0 (0) time=37.9207454s
[ Info: iter=8097 obj=2.7163794706749402e7 pinf=1.4100231389653836e6 (5095) dinf=0.0 (0) time=38.299824s
[ Info: iter=8177 obj=2.7195012164504174e7 pinf=76833.16473279503 (5049) dinf=0.0 (0) time=38.6855801s
[ Info: iter=8257 obj=2.7246904279118747e7 pinf=173557.59248418975 (5045) dinf=0.0 (0) time=39.0634141s
[ Info: iter=8337 obj=2.7253984316045713e7 pinf=445541.53778076486 (5070) dinf=0.0 (0) time=39.4479313s
[ Info: iter=8417 obj=2.7288511428464595e7 pinf=139786.81743490332 (5157) dinf=0.0 (0) time=39.8263503s
[ Info: iter=8497 obj=2.7324346843618363e7 pinf=560852.6870703471 (5110) dinf=0.0 (0) time=40.2096231s
[ Info: iter=8577 obj=2.7369698359172042e7 pinf=313145.8795289373 (5194) dinf=0.0 (0) time=40.6024267s
[ Info: iter=8657 obj=2.7456662515075695e7 pinf=4.538740768873961e6 (5182) dinf=0.0 (0) time=40.9981792s
[ Info: iter=8737 obj=2.7545923394841745e7 pinf=734510.9551408093 (5152) dinf=0.0 (0) time=41.3880107s
[ Info: iter=8817 obj=2.757810883430372e7 pinf=6.146843667085669e6 (5186) dinf=0.0 (0) time=41.7707318s
[ Info: iter=8897 obj=2.7594623076436337e7 pinf=48012.875702354155 (5165) dinf=0.0 (0) time=42.172056s
[ Info: iter=8977 obj=2.762504771760339e7 pinf=99258.02519767654 (5261) dinf=0.0 (0) time=42.5716291s
[ Info: iter=9057 obj=2.7734178769372053e7 pinf=310115.0312161769 (5252) dinf=0.0 (0) time=43.0076577s
[ Info: iter=9137 obj=2.7901710411714934e7 pinf=189348.35210452482 (5318) dinf=0.0 (0) time=43.4143811s
[ Info: iter=9217 obj=2.8169439461719237e7 pinf=94672.86161006833 (5276) dinf=0.0 (0) time=43.8169702s
[ Info: iter=9297 obj=2.8201048197893213e7 pinf=280016.01769145374 (5281) dinf=0.0 (0) time=44.2634527s
[ Info: iter=9377 obj=2.8755669310853925e7 pinf=379777.6033356196 (5363) dinf=0.0 (0) time=44.6895685s
[ Info: iter=9457 obj=2.937970805973291e7 pinf=116345.07754776753 (5332) dinf=0.0 (0) time=45.1037724s
[ Info: iter=9537 obj=2.9646063365286842e7 pinf=79520.36988437988 (5271) dinf=0.0 (0) time=45.5731902s
[ Info: iter=9617 obj=3.028120343341896e7 pinf=258409.61623384804 (5345) dinf=0.0 (0) time=46.0096683s
[ Info: iter=9697 obj=3.0434102200881533e7 pinf=2.193546536051737e6 (5400) dinf=0.0 (0) time=46.6026746s
[ Info: iter=9777 obj=3.058897408460465e7 pinf=590710.5430579606 (5340) dinf=0.0 (0) time=47.0255064s
[ Info: iter=9857 obj=3.0630937930858493e7 pinf=57032.2474045637 (5254) dinf=0.0 (0) time=47.4618703s
[ Info: iter=9937 obj=3.068935129300462e7 pinf=126636.68974342004 (5285) dinf=0.0 (0) time=47.8941177s
PROGRESS iter=10000 pinf=3.32678648735699e6 dinf=0.0 refs=125
[ Info: iter=10017 obj=3.0765715278882723e7 pinf=4.345792312354063e6 (5358) dinf=0.0 (0) time=48.3252403s
[ Info: iter=10097 obj=3.1057718610696036e7 pinf=388499.6363088865 (5337) dinf=0.0 (0) time=48.8048271s
[ Info: iter=10177 obj=3.136363150214117e7 pinf=1.0474763432346095e6 (5383) dinf=0.0 (0) time=49.2264078s
[ Info: iter=10257 obj=3.1486641690055408e7 pinf=6.716983045263063e6 (5371) dinf=0.0 (0) time=49.6859233s
[ Info: iter=10337 obj=3.15671636914951e7 pinf=63900.96377185169 (5294) dinf=0.0 (0) time=50.1202503s
[ Info: iter=10417 obj=3.161350420013881e7 pinf=109231.41373982793 (5368) dinf=0.0 (0) time=50.5552449s
[ Info: iter=10497 obj=3.1656598312235527e7 pinf=1.4945122935478145e6 (5313) dinf=0.0 (0) time=51.0008066s
[ Info: iter=10577 obj=3.1664963034782078e7 pinf=31505.945776147724 (5301) dinf=0.0 (0) time=51.4219446s
[ Info: iter=10657 obj=3.167531331294438e7 pinf=309521.5183880273 (5287) dinf=0.0 (0) time=51.850454s
[ Info: iter=10737 obj=3.1698841942943197e7 pinf=83751.38981752399 (5309) dinf=0.0 (0) time=52.297055s
[ Info: iter=10817 obj=3.1710761920453478e7 pinf=458410.10332666134 (5418) dinf=0.0 (0) time=52.7297353s
[ Info: iter=10897 obj=3.1748041923302446e7 pinf=231544.97984245882 (5524) dinf=0.0 (0) time=53.184413s
[ Info: iter=10977 obj=3.1768350071019754e7 pinf=214423.37654270523 (5410) dinf=0.0 (0) time=53.637778s
[ Info: iter=11057 obj=3.178700062432035e7 pinf=167776.08135484127 (5422) dinf=0.0 (0) time=54.0767001s
[ Info: iter=11137 obj=3.182199234706472e7 pinf=109214.38236957678 (5366) dinf=0.0 (0) time=54.5083896s
[ Info: iter=11217 obj=3.1833494343104973e7 pinf=42472.389113263445 (5351) dinf=0.0 (0) time=54.9529038s
[ Info: iter=11297 obj=3.1848408650869653e7 pinf=73101.56870732199 (5407) dinf=0.0 (0) time=55.3956371s
[ Info: iter=11377 obj=3.18887991535278e7 pinf=99583.66718590162 (5436) dinf=0.0 (0) time=55.8279405s
[ Info: iter=11457 obj=3.196000578943743e7 pinf=37372.62782397862 (5435) dinf=0.0 (0) time=56.2874155s
[ Info: iter=11537 obj=3.198053221550164e7 pinf=65169.02760944904 (5456) dinf=0.0 (0) time=56.7150651s
[ Info: iter=11617 obj=3.1992245831397496e7 pinf=30036.914935207427 (5378) dinf=0.0 (0) time=57.1691659s
[ Info: iter=11697 obj=3.2074327609663315e7 pinf=32895.35457962853 (5363) dinf=0.0 (0) time=57.6001143s
[ Info: iter=11777 obj=3.2130368024794795e7 pinf=301585.88731728966 (5402) dinf=0.0 (0) time=58.05141s
[ Info: iter=11857 obj=3.234990630999864e7 pinf=49260.5959140826 (5390) dinf=0.0 (0) time=58.5022212s
[ Info: iter=11937 obj=3.3120430871695694e7 pinf=73327.90064006073 (5421) dinf=0.0 (0) time=58.9463105s
[ Info: iter=12017 obj=3.3197922673932575e7 pinf=67866.8247406539 (5437) dinf=0.0 (0) time=59.4012647s
[ Info: iter=12097 obj=3.327721192074501e7 pinf=97899.03343017933 (5473) dinf=0.0 (0) time=59.847648s
[ Info: iter=12177 obj=3.34052753289069e7 pinf=31530.069250178698 (5391) dinf=0.0 (0) time=60.3125534s
[ Info: iter=12257 obj=3.344767591649211e7 pinf=58375.590594542155 (5429) dinf=0.0 (0) time=60.7612731s
[ Info: iter=12337 obj=3.348604297157598e7 pinf=135108.76441604816 (5464) dinf=0.0 (0) time=61.2236813s
EVENT correction_attempt count=100 iter=12368 row=2458 entering=13352 pinf=631848.7372144045 dinf=0.0
[ Info: iter=12417 obj=3.351791152765408e7 pinf=83462.30679661318 (5475) dinf=0.0 (0) time=61.6814898s
[ Info: iter=12497 obj=3.3545836988906983e7 pinf=862389.6346984543 (5528) dinf=0.0 (0) time=62.1509543s
[ Info: iter=12577 obj=3.357924003711326e7 pinf=45046.8487913578 (5496) dinf=0.0 (0) time=62.6118179s
[ Info: iter=12657 obj=3.362601735631868e7 pinf=1.159216276324476e6 (5589) dinf=0.0 (0) time=63.083054s
[ Info: iter=12737 obj=3.3646788945016935e7 pinf=30056.982226365148 (5486) dinf=0.0 (0) time=63.5805551s
[ Info: iter=12817 obj=3.367009947802301e7 pinf=174612.45092659246 (5658) dinf=0.0 (0) time=64.0799614s
[ Info: iter=12897 obj=3.3819359539566346e7 pinf=487941.27043857507 (5585) dinf=0.0 (0) time=64.6217731s
[ Info: iter=12977 obj=3.390216026543303e7 pinf=149041.8010545311 (5529) dinf=0.0 (0) time=65.0959252s
[ Info: iter=13057 obj=3.39884027152662e7 pinf=56512.721588420965 (5459) dinf=0.0 (0) time=65.5524571s
[ Info: iter=13137 obj=3.400544618421197e7 pinf=353423.71634374885 (5656) dinf=0.0 (0) time=66.0352032s
[ Info: iter=13217 obj=3.403687226626995e7 pinf=169787.00846218265 (5643) dinf=0.0 (0) time=66.5141119s
[ Info: iter=13297 obj=3.407043059016841e7 pinf=107058.06793745382 (5578) dinf=0.0 (0) time=66.9934265s
[ Info: iter=13377 obj=3.409706896755732e7 pinf=894633.7448305013 (5703) dinf=0.0 (0) time=67.4871275s
[ Info: iter=13457 obj=3.411158239330433e7 pinf=938484.4816910956 (5523) dinf=0.0 (0) time=67.9697605s
[ Info: iter=13537 obj=3.412062569075908e7 pinf=263052.8439574146 (5657) dinf=0.0 (0) time=68.4495589s
[ Info: iter=13617 obj=3.413360190550999e7 pinf=313650.2403877587 (5611) dinf=0.0 (0) time=68.9362927s
[ Info: iter=13697 obj=3.414868203650101e7 pinf=177503.38981773454 (5493) dinf=0.0 (0) time=69.4425655s
[ Info: iter=13777 obj=3.4172687163254306e7 pinf=728185.9133879414 (5599) dinf=0.0 (0) time=69.9379781s
[ Info: iter=13857 obj=3.4209538984133124e7 pinf=57275.07349618107 (5558) dinf=0.0 (0) time=70.4228284s
[ Info: iter=13937 obj=3.423288691616269e7 pinf=626216.8845910754 (5718) dinf=0.0 (0) time=70.9175517s
[ Info: iter=14017 obj=3.426796008773256e7 pinf=3.1079852532774128e7 (5920) dinf=0.0 (0) time=71.4086714s
[ Info: iter=14097 obj=3.428109119345875e7 pinf=401578.6882391342 (5767) dinf=0.0 (0) time=71.9147482s
[ Info: iter=14177 obj=3.42922581079253e7 pinf=447919.4347727618 (5591) dinf=0.0 (0) time=72.4040713s
[ Info: iter=14257 obj=3.4364169914712876e7 pinf=203326.5124066225 (5648) dinf=0.0 (0) time=72.9022234s
[ Info: iter=14337 obj=3.4402070151883155e7 pinf=58647.621489523845 (5656) dinf=0.0 (0) time=73.415137s
[ Info: iter=14417 obj=3.453800421169496e7 pinf=190221.9835969569 (5734) dinf=0.0 (0) time=73.9041713s
[ Info: iter=14497 obj=3.455870520896811e7 pinf=109927.72518407606 (5691) dinf=0.0 (0) time=74.4134317s
[ Info: iter=14577 obj=3.468875964219913e7 pinf=54680.88622034773 (5586) dinf=0.0 (0) time=74.922236s
[ Info: iter=14657 obj=3.4708784816992074e7 pinf=227032.50154980045 (5634) dinf=0.0 (0) time=75.4264316s
[ Info: iter=14737 obj=3.473905197329924e7 pinf=44916.60104416049 (5683) dinf=0.0 (0) time=75.9240448s
[ Info: iter=14817 obj=3.477173084822286e7 pinf=57324.45337913317 (5718) dinf=0.0 (0) time=76.4280571s
[ Info: iter=14897 obj=3.4784644688828185e7 pinf=26630.56620186992 (5586) dinf=0.0 (0) time=76.9595979s
[ Info: iter=14977 obj=3.481291134655988e7 pinf=246299.95352008895 (5708) dinf=0.0 (0) time=77.4984192s
PROGRESS iter=15000 pinf=37610.57605713366 dinf=0.0 refs=188
[ Info: iter=15057 obj=3.626914067150156e7 pinf=42046.62355390773 (5665) dinf=0.0 (0) time=78.0730897s
[ Info: iter=15137 obj=3.638646054779282e7 pinf=35961.186843224365 (5569) dinf=0.0 (0) time=78.6322047s
[ Info: iter=15217 obj=3.645138531978039e7 pinf=23409.859113079186 (5553) dinf=0.0 (0) time=79.1527014s
[ Info: iter=15297 obj=3.6919350979616046e7 pinf=30118.245015112472 (5620) dinf=0.0 (0) time=79.6810942s
[ Info: iter=15377 obj=3.6943100066832975e7 pinf=31498.330570833346 (5616) dinf=0.0 (0) time=80.2256333s
[ Info: iter=15457 obj=3.695244326069396e7 pinf=56323.1804973699 (5617) dinf=0.0 (0) time=80.8162797s
[ Info: iter=15537 obj=3.696142798380166e7 pinf=43586.41810743594 (5707) dinf=0.0 (0) time=81.463784s
[ Info: iter=15617 obj=3.7032546161832064e7 pinf=29709.05493821364 (5602) dinf=0.0 (0) time=82.0840497s
[ Info: iter=15697 obj=3.7047306778365836e7 pinf=288750.975852646 (5864) dinf=0.0 (0) time=82.8743686s
[ Info: iter=15777 obj=3.70837097432852e7 pinf=38920.75533851574 (5619) dinf=0.0 (0) time=83.475269s
[ Info: iter=15857 obj=3.708892190023649e7 pinf=225612.86833750928 (5570) dinf=0.0 (0) time=84.0664381s
[ Info: iter=15937 obj=3.7093875777324304e7 pinf=809080.1893552503 (5634) dinf=0.0 (0) time=84.626214s
[ Info: iter=16017 obj=3.724653016671965e7 pinf=86896.19311554724 (5665) dinf=0.0 (0) time=85.210739s
[ Info: iter=16097 obj=3.7497277392519556e7 pinf=97605.23727051918 (5700) dinf=0.0 (0) time=85.7603744s
[ Info: iter=16177 obj=3.782648984406735e7 pinf=208096.20575396364 (5652) dinf=0.0 (0) time=86.3804362s
[ Info: iter=16257 obj=3.78547246334065e7 pinf=84730.60311259105 (5704) dinf=0.0 (0) time=86.9884641s
[ Info: iter=16337 obj=3.786253576657047e7 pinf=36700.44574912354 (5650) dinf=0.0 (0) time=87.5414018s
[ Info: iter=16417 obj=3.788511307529269e7 pinf=202554.1581964482 (5824) dinf=0.0 (0) time=88.1141051s
[ Info: iter=16497 obj=3.790109691265744e7 pinf=26030.44252360696 (5611) dinf=0.0 (0) time=88.6929253s
[ Info: iter=16577 obj=3.79205252472217e7 pinf=1.802959289183449e6 (5832) dinf=0.0 (0) time=89.3382689s
[ Info: iter=16657 obj=3.804041312924159e7 pinf=364193.8132375342 (5779) dinf=0.0 (0) time=89.9352952s
[ Info: iter=16737 obj=3.80694653587605e7 pinf=71317.11165913023 (5675) dinf=0.0 (0) time=90.4983809s
[ Info: iter=16817 obj=3.808731930604625e7 pinf=101158.04319071773 (5788) dinf=0.0 (0) time=91.1262956s
[ Info: iter=16897 obj=3.810398552220793e7 pinf=74516.24917865987 (5581) dinf=0.0 (0) time=91.7499156s
[ Info: iter=16977 obj=3.814618063261363e7 pinf=339175.8119444387 (5785) dinf=0.0 (0) time=92.3420843s
[ Info: iter=17057 obj=3.818876612553016e7 pinf=1.1872475170849112e6 (5864) dinf=0.0 (0) time=92.9542297s
[ Info: iter=17137 obj=3.823549862455797e7 pinf=376244.410332759 (5831) dinf=0.0 (0) time=93.7669039s
[ Info: iter=17217 obj=3.835911250872861e7 pinf=39960.39727576386 (5530) dinf=0.0 (0) time=94.3417692s
[ Info: iter=17297 obj=3.8404948009438306e7 pinf=121920.02573339184 (5573) dinf=0.0 (0) time=94.893058s
[ Info: iter=17377 obj=3.84180826382061e7 pinf=64475.03478514085 (5539) dinf=0.0 (0) time=95.4912636s
[ Info: iter=17457 obj=3.842070908611628e7 pinf=2.535542810976286e6 (5511) dinf=0.0 (0) time=96.0529495s
[ Info: iter=17537 obj=3.8438387482493214e7 pinf=28711.250780420894 (5573) dinf=0.0 (0) time=96.6068956s
[ Info: iter=17617 obj=3.861991727449558e7 pinf=68537.5765787377 (5593) dinf=0.0 (0) time=97.1803079s
[ Info: iter=17697 obj=3.88939537375935e7 pinf=34994.133514768226 (5540) dinf=0.0 (0) time=97.7497337s
[ Info: iter=17777 obj=3.91465853503736e7 pinf=79515.09821233863 (5509) dinf=0.0 (0) time=98.357328s
[ Info: iter=17857 obj=3.916150132776035e7 pinf=274934.69625611766 (5463) dinf=0.0 (0) time=98.9400753s
[ Info: iter=17937 obj=3.9220465882879406e7 pinf=61430.968828991885 (5511) dinf=0.0 (0) time=99.550683s
[ Info: iter=18017 obj=3.9283986040837616e7 pinf=24533.12383267783 (5474) dinf=0.0 (0) time=100.1353723s
[ Info: iter=18097 obj=3.9308069611565754e7 pinf=406819.78329312225 (5749) dinf=0.0 (0) time=100.7086581s
[ Info: iter=18177 obj=3.936926419727635e7 pinf=49945.78545741877 (5600) dinf=0.0 (0) time=101.3112589s
[ Info: iter=18257 obj=3.9766737993941694e7 pinf=525332.8387587887 (5822) dinf=0.0 (0) time=101.8789356s
[ Info: iter=18337 obj=3.977702307363413e7 pinf=84416.78409022273 (5583) dinf=0.0 (0) time=102.4962207s
[ Info: iter=18417 obj=3.979265473800312e7 pinf=5.384008916145894e6 (5675) dinf=0.0 (0) time=103.1304073s
[ Info: iter=18497 obj=3.9801625993736e7 pinf=319718.7211681566 (5527) dinf=0.0 (0) time=103.7949689s
[ Info: iter=18577 obj=3.9810682965118565e7 pinf=29995.9290395253 (5430) dinf=0.0 (0) time=104.4590912s
[ Info: iter=18657 obj=3.984448043631564e7 pinf=79253.6294924683 (5437) dinf=0.0 (0) time=105.0993846s
[ Info: iter=18737 obj=3.985061406409494e7 pinf=476897.2108495004 (5560) dinf=0.0 (0) time=105.9439371s
[ Info: iter=18817 obj=3.986274665054343e7 pinf=36803.702476290826 (5412) dinf=0.0 (0) time=106.532157s
[ Info: iter=18897 obj=3.9869016320548125e7 pinf=263496.18353542197 (5550) dinf=0.0 (0) time=107.1848628s
[ Info: iter=18977 obj=3.987503216225053e7 pinf=380100.06613428466 (5615) dinf=0.0 (0) time=107.8019083s
[ Info: iter=19057 obj=3.9882113227362484e7 pinf=1.2317503000495685e6 (5610) dinf=0.0 (0) time=108.4373893s
[ Info: iter=19137 obj=4.002087327890101e7 pinf=51468.821079544825 (5389) dinf=0.0 (0) time=109.0779072s
[ Info: iter=19217 obj=4.002658401306988e7 pinf=99147.18847944382 (5593) dinf=0.0 (0) time=109.6945864s
[ Info: iter=19297 obj=4.0361048141292386e7 pinf=27150.123518558543 (5358) dinf=0.0 (0) time=110.3264181s
[ Info: iter=19377 obj=4.0498093648390226e7 pinf=125025.71813269406 (5476) dinf=0.0 (0) time=110.9576534s
[ Info: iter=19457 obj=4.054596231781696e7 pinf=33488.15524349995 (5379) dinf=0.0 (0) time=111.5756908s
[ Info: iter=19537 obj=4.0704600650887005e7 pinf=29567.095717694036 (5292) dinf=0.0 (0) time=112.2091195s
[ Info: iter=19617 obj=4.073688540528549e7 pinf=1.2085430476958738e6 (5521) dinf=0.0 (0) time=112.839878s
[ Info: iter=19697 obj=4.0849100777570784e7 pinf=1.1805867413506547e6 (5600) dinf=0.0 (0) time=113.4662467s
[ Info: iter=19777 obj=4.092033610933513e7 pinf=128588.86723629954 (5520) dinf=0.0 (0) time=114.1423912s
[ Info: iter=19857 obj=4.093190978792912e7 pinf=83005.58665660485 (5521) dinf=0.0 (0) time=114.7783434s
[ Info: iter=19937 obj=4.0938100743099935e7 pinf=156901.17063661639 (5417) dinf=0.0 (0) time=115.4360519s
PROGRESS iter=20000 pinf=173907.43655571152 dinf=0.0 refs=250
[ Info: iter=20017 obj=4.0952209538127206e7 pinf=850055.4548927388 (5698) dinf=0.0 (0) time=116.091061s
[ Info: iter=20097 obj=4.0968325072613284e7 pinf=1.199916382772574e6 (5507) dinf=0.0 (0) time=116.7296331s
[ Info: iter=20177 obj=4.098071754881784e7 pinf=684413.2381729637 (5669) dinf=0.0 (0) time=117.370208s
[ Info: iter=20257 obj=4.100628792450471e7 pinf=403842.1278984274 (5591) dinf=0.0 (0) time=118.0014244s
[ Info: iter=20337 obj=4.102140749728893e7 pinf=488163.9123073959 (5624) dinf=0.0 (0) time=118.6602503s
[ Info: iter=20417 obj=4.103462677530222e7 pinf=2.0161443893786084e6 (5799) dinf=0.0 (0) time=119.3114623s
[ Info: iter=20497 obj=4.110873997632246e7 pinf=198191.1127413746 (5557) dinf=0.0 (0) time=119.9872139s
[ Info: iter=20577 obj=4.1117706848306574e7 pinf=2.0271958612445216e6 (5769) dinf=0.0 (0) time=120.6426886s
[ Info: iter=20657 obj=4.113278396950007e7 pinf=120917.85015487051 (5471) dinf=0.0 (0) time=121.3704118s
[ Info: iter=20737 obj=4.114443224254623e7 pinf=106060.57814361637 (5522) dinf=0.0 (0) time=122.071121s
[ Info: iter=20817 obj=4.115150239529207e7 pinf=6.76136344154739e6 (5770) dinf=0.0 (0) time=122.9372447s
[ Info: iter=20897 obj=4.1166752370232075e7 pinf=1.72255604661782e6 (5689) dinf=0.0 (0) time=123.6195016s
[ Info: iter=20977 obj=4.117612008192846e7 pinf=187927.05837951403 (5555) dinf=0.0 (0) time=124.2740147s
[ Info: iter=21057 obj=4.118570073569862e7 pinf=8.266428154714055e6 (5800) dinf=0.0 (0) time=124.9857086s
[ Info: iter=21137 obj=4.120520518464792e7 pinf=5.446471982019587e6 (5531) dinf=0.0 (0) time=125.7275857s
[ Info: iter=21217 obj=4.124402782499136e7 pinf=148678.62697995175 (5346) dinf=0.0 (0) time=126.4046325s
[ Info: iter=21297 obj=4.139653293513714e7 pinf=3.873050916784499e6 (5624) dinf=0.0 (0) time=127.0723381s
[ Info: iter=21377 obj=4.142399718991527e7 pinf=97367.68069601757 (5453) dinf=0.0 (0) time=127.7285723s
EVENT correction_attempt count=200 iter=21382 row=18394 entering=3447 pinf=39254.061581640904 dinf=0.0
[ Info: iter=21457 obj=4.142905776583568e7 pinf=1.3589026811967678e6 (5807) dinf=0.0 (0) time=128.4418852s
[ Info: iter=21537 obj=4.143925413859507e7 pinf=352578.83834214415 (5623) dinf=0.0 (0) time=129.124226s
[ Info: iter=21617 obj=4.144424180285918e7 pinf=563404.3513739498 (5663) dinf=0.0 (0) time=129.7890072s
[ Info: iter=21697 obj=4.151595207287094e7 pinf=7.070175786134253e6 (5877) dinf=0.0 (0) time=130.473049s
[ Info: iter=21777 obj=4.1740868936600424e7 pinf=476249.4150503337 (5680) dinf=0.0 (0) time=131.1611471s
[ Info: iter=21857 obj=4.1808407103977114e7 pinf=1.9954104980145725e6 (5857) dinf=0.0 (0) time=131.8603217s
[ Info: iter=21937 obj=4.1821647485751964e7 pinf=427001.07054277684 (5677) dinf=0.0 (0) time=132.6035544s
[ Info: iter=22017 obj=4.182524353053119e7 pinf=2.074501550832903e6 (5681) dinf=0.0 (0) time=133.3574898s
[ Info: iter=22097 obj=4.183088775007946e7 pinf=430864.05138578126 (5540) dinf=0.0 (0) time=134.10807s
[ Info: iter=22177 obj=4.1927873893656634e7 pinf=320957.5376484246 (5536) dinf=0.0 (0) time=134.7741706s
[ Info: iter=22257 obj=4.193603808634589e7 pinf=62020.422829916824 (5362) dinf=0.0 (0) time=135.4917947s
[ Info: iter=22337 obj=4.2221088617301024e7 pinf=171257.444224344 (5452) dinf=0.0 (0) time=136.1819118s
[ Info: iter=22417 obj=4.246021213603432e7 pinf=422063.68687171506 (5714) dinf=0.0 (0) time=136.8908288s
[ Info: iter=22497 obj=4.2544787810144186e7 pinf=213963.6259270914 (5557) dinf=0.0 (0) time=137.6054436s
[ Info: iter=22577 obj=4.256729717827786e7 pinf=6.173183482749394e6 (5812) dinf=0.0 (0) time=138.343251s
[ Info: iter=22657 obj=4.257430254822534e7 pinf=2.1796745869905874e7 (6113) dinf=0.0 (0) time=139.0578483s
[ Info: iter=22737 obj=4.2707719610916495e7 pinf=164653.24558362606 (5435) dinf=0.0 (0) time=139.8212167s
[ Info: iter=22817 obj=4.272032418232729e7 pinf=443093.607933316 (5713) dinf=0.0 (0) time=140.5783864s
[ Info: iter=22897 obj=4.272434393280957e7 pinf=251928.7580807242 (5540) dinf=0.0 (0) time=141.3081613s
[ Info: iter=22977 obj=4.273061676102689e7 pinf=1.6746272042371589e6 (5752) dinf=0.0 (0) time=142.0980479s
[ Info: iter=23057 obj=4.2733020228765436e7 pinf=2.175990032517785e6 (5694) dinf=0.0 (0) time=142.7695594s
[ Info: iter=23137 obj=4.2740368617695875e7 pinf=4.1460338393354528e6 (5893) dinf=0.0 (0) time=143.7061852s
[ Info: iter=23217 obj=4.2756647514780015e7 pinf=5.590106037490592e6 (5786) dinf=0.0 (0) time=144.4673592s
EVENT correction_attempt count=300 iter=23220 row=12826 entering=16116 pinf=9.591340726371901e6 dinf=0.0
[ Info: iter=23297 obj=4.276273151484927e7 pinf=644343.1662830174 (5662) dinf=0.0 (0) time=145.2541142s
[ Info: iter=23377 obj=4.2768495707571566e7 pinf=676314.1972153424 (5678) dinf=0.0 (0) time=145.9754034s
[ Info: iter=23457 obj=4.276990480071581e7 pinf=436410.3116122907 (5366) dinf=0.0 (0) time=146.7644749s
[ Info: iter=23537 obj=4.2780259239859484e7 pinf=1.2342788422879805e6 (5529) dinf=0.0 (0) time=147.5956516s
[ Info: iter=23617 obj=4.278904443763212e7 pinf=1.029423673531055e7 (5612) dinf=0.0 (0) time=148.4089422s
[ Info: iter=23697 obj=4.2926302694253474e7 pinf=36749.14415944082 (5197) dinf=0.0 (0) time=149.1184276s
[ Info: iter=23777 obj=4.293051102903347e7 pinf=58182.998417263625 (5320) dinf=0.0 (0) time=149.8960901s
[ Info: iter=23857 obj=4.293500392906061e7 pinf=3.122910993853648e6 (5824) dinf=0.0 (0) time=150.6349553s
[ Info: iter=23937 obj=4.293783474589497e7 pinf=49484.19968928593 (5440) dinf=0.0 (0) time=151.5344637s
[ Info: iter=24017 obj=4.293948314929834e7 pinf=145333.11598728498 (5559) dinf=0.0 (0) time=152.2716365s
[ Info: iter=24097 obj=4.29430307897722e7 pinf=327575.50291342515 (5577) dinf=0.0 (0) time=152.9993801s
[ Info: iter=24177 obj=4.2953480417385854e7 pinf=401454.6422612842 (5679) dinf=0.0 (0) time=153.6990953s
[ Info: iter=24257 obj=4.2957397029503874e7 pinf=1.2457056628219539e6 (5769) dinf=0.0 (0) time=154.4076472s
[ Info: iter=24337 obj=4.297128308081194e7 pinf=588616.6932247863 (5530) dinf=0.0 (0) time=155.1299187s
[ Info: iter=24417 obj=4.297383164953936e7 pinf=2.056360619878383e6 (5794) dinf=0.0 (0) time=155.8904115s
[ Info: iter=24497 obj=4.309292424878842e7 pinf=1.2220040443627665e7 (5818) dinf=0.0 (0) time=156.5806342s
[ Info: iter=24577 obj=4.315823018675077e7 pinf=125239.12174010191 (5404) dinf=0.0 (0) time=157.3127523s
[ Info: iter=24657 obj=4.316584930406362e7 pinf=3.9677283637269633e6 (5543) dinf=0.0 (0) time=158.0333542s
EVENT correction_attempt count=400 iter=24659 row=4579 entering=8017 pinf=68693.40255071022 dinf=0.0
[ Info: iter=24737 obj=4.3234442023933426e7 pinf=571866.47370023 (5540) dinf=0.0 (0) time=158.7547443s
[ Info: iter=24817 obj=4.332127077059983e7 pinf=761069.2784189502 (5595) dinf=0.0 (0) time=159.5053627s
[ Info: iter=24897 obj=4.333335804022651e7 pinf=473708.25549835875 (5572) dinf=0.0 (0) time=160.2545814s
[ Info: iter=24977 obj=4.334199734311116e7 pinf=3.6638478001242387e6 (5746) dinf=0.0 (0) time=160.9732266s
PROGRESS iter=25000 pinf=108239.66013902081 dinf=0.0 refs=313
[ Info: iter=25057 obj=4.344919914664529e7 pinf=2.4862940116558656e7 (5822) dinf=0.0 (0) time=161.6578344s
[ Info: iter=25137 obj=4.348141829873395e7 pinf=626764.1767178597 (5548) dinf=0.0 (0) time=162.4147656s
[ Info: iter=25217 obj=4.349030372432217e7 pinf=214377.44711445743 (5440) dinf=0.0 (0) time=163.1700345s
[ Info: iter=25297 obj=4.349617861774383e7 pinf=237328.76551084523 (5527) dinf=0.0 (0) time=163.8808067s
[ Info: iter=25377 obj=4.350227268567288e7 pinf=231474.15056902356 (5406) dinf=0.0 (0) time=164.6293355s
[ Info: iter=25457 obj=4.350480387318284e7 pinf=195411.5482285443 (5477) dinf=0.0 (0) time=165.4325787s
[ Info: iter=25537 obj=4.350950359474273e7 pinf=66371.42226424253 (5217) dinf=0.0 (0) time=166.1591186s
[ Info: iter=25617 obj=4.364092988832428e7 pinf=2.7653197534430977e6 (5493) dinf=0.0 (0) time=166.9595317s
[ Info: iter=25697 obj=4.364883624055549e7 pinf=115886.7712717833 (5311) dinf=0.0 (0) time=167.7814271s
[ Info: iter=25777 obj=4.3652651284508996e7 pinf=45436.23508822339 (5184) dinf=0.0 (0) time=168.607434s
[ Info: iter=25857 obj=4.366090628875354e7 pinf=93339.08290796202 (5261) dinf=0.0 (0) time=169.5383741s
[ Info: iter=25937 obj=4.366439524557377e7 pinf=1.4512640647693712e6 (5598) dinf=0.0 (0) time=170.3272017s
[ Info: iter=26017 obj=4.3669033529326715e7 pinf=309865.0427277472 (5341) dinf=0.0 (0) time=171.1061839s
EVENT correction_attempt count=500 iter=26055 row=2721 entering=22898 pinf=62216.299240520675 dinf=0.0
[ Info: iter=26097 obj=4.367372852220481e7 pinf=292341.1286769691 (5242) dinf=0.0 (0) time=171.8371255s
[ Info: iter=26177 obj=4.3693090942595676e7 pinf=136813.73594105372 (5295) dinf=0.0 (0) time=172.5721641s
[ Info: iter=26257 obj=4.3715137166816026e7 pinf=6.130506269967646e6 (5678) dinf=0.0 (0) time=173.3042758s
[ Info: iter=26337 obj=4.389404140360168e7 pinf=53618.27056827525 (5217) dinf=0.0 (0) time=174.0046386s
[ Info: iter=26417 obj=4.390525940766345e7 pinf=264841.8179178912 (5372) dinf=0.0 (0) time=174.7782443s
[ Info: iter=26497 obj=4.390932232261984e7 pinf=153817.62244720766 (5349) dinf=0.0 (0) time=175.5370009s
[ Info: iter=26577 obj=4.391413820846544e7 pinf=276629.6783410272 (5459) dinf=0.0 (0) time=176.3203481s
[ Info: iter=26657 obj=4.391675206681662e7 pinf=39007.56673699546 (5054) dinf=0.0 (0) time=177.0780697s
[ Info: iter=26737 obj=4.3963452297399685e7 pinf=50671.54386983653 (5044) dinf=0.0 (0) time=177.8315512s
[ Info: iter=26817 obj=4.396715376076779e7 pinf=267170.13411894423 (5133) dinf=0.0 (0) time=178.5761497s
[ Info: iter=26897 obj=4.397022378103542e7 pinf=1.0318144885524418e6 (5433) dinf=0.0 (0) time=179.3405745s
[ Info: iter=26977 obj=4.39922878670125e7 pinf=640014.3191962008 (5290) dinf=0.0 (0) time=180.1334241s
[ Info: iter=27057 obj=4.399734537077843e7 pinf=841245.5909958304 (5365) dinf=0.0 (0) time=180.9531631s
[ Info: iter=27137 obj=4.4006803461445615e7 pinf=95484.67414775451 (5132) dinf=0.0 (0) time=181.7062944s
[ Info: iter=27217 obj=4.401336438990744e7 pinf=82093.04211133448 (5038) dinf=0.0 (0) time=182.5030863s
[ Info: iter=27297 obj=4.402020599642305e7 pinf=41278.028981767886 (5088) dinf=0.0 (0) time=183.2935019s
[ Info: iter=27377 obj=4.403335383109713e7 pinf=4.443732181192548e6 (5454) dinf=0.0 (0) time=184.0758756s
[ Info: iter=27457 obj=4.4129777909808576e7 pinf=1.9923484321043633e6 (5486) dinf=0.0 (0) time=184.8189109s
[ Info: iter=27537 obj=4.417891452463189e7 pinf=294010.51848533517 (5259) dinf=0.0 (0) time=185.593276s
[ Info: iter=27617 obj=4.434778735703457e7 pinf=1.8630408183968433e6 (5652) dinf=0.0 (0) time=186.3576297s
[ Info: iter=27697 obj=4.4409572976491064e7 pinf=9.464240695966886e6 (5786) dinf=0.0 (0) time=187.0933631s
EVENT correction_attempt count=600 iter=27702 row=24470 entering=7212 pinf=69714.54689118952 dinf=0.0
[ Info: iter=27777 obj=4.442851192318995e7 pinf=825478.8831001888 (5399) dinf=0.0 (0) time=187.853252s
[ Info: iter=27857 obj=4.4440731420403674e7 pinf=247958.90958691036 (5183) dinf=0.0 (0) time=188.6447004s
[ Info: iter=27937 obj=4.44801719180234e7 pinf=587558.2322068105 (5428) dinf=0.0 (0) time=189.4310373s
[ Info: iter=28017 obj=4.4486637565157995e7 pinf=2.373568672334987e7 (5873) dinf=0.0 (0) time=190.2335067s
[ Info: iter=28097 obj=4.455582816062488e7 pinf=97109.97974095082 (5074) dinf=0.0 (0) time=191.0156409s
[ Info: iter=28177 obj=4.456712891081126e7 pinf=388021.6281879739 (5237) dinf=0.0 (0) time=191.7817516s
[ Info: iter=28257 obj=4.456955608005342e7 pinf=79021.46083793914 (5132) dinf=0.0 (0) time=192.5919341s
[ Info: iter=28337 obj=4.457311360455385e7 pinf=33593.979441754884 (4926) dinf=0.0 (0) time=193.3738589s
[ Info: iter=28417 obj=4.458926156551256e7 pinf=632325.3164393181 (5525) dinf=0.0 (0) time=194.1473973s
[ Info: iter=28497 obj=4.461815533171885e7 pinf=77146.76753583399 (5138) dinf=0.0 (0) time=195.1786127s
[ Info: iter=28577 obj=4.46198241154405e7 pinf=110174.38434508472 (4915) dinf=0.0 (0) time=195.9593032s
[ Info: iter=28657 obj=4.462832400507406e7 pinf=3.5157311528073484e6 (5413) dinf=0.0 (0) time=196.7579446s
EVENT correction_attempt count=700 iter=28701 row=11533 entering=19435 pinf=571235.0289517685 dinf=0.0
[ Info: iter=28737 obj=4.463294355571966e7 pinf=149441.82943518474 (5106) dinf=0.0 (0) time=197.7170036s
[ Info: iter=28817 obj=4.466309411979299e7 pinf=305063.40497346997 (5235) dinf=0.0 (0) time=198.5515524s
[ Info: iter=28897 obj=4.466531560707095e7 pinf=57115.74794924665 (4961) dinf=0.0 (0) time=199.3434037s
[ Info: iter=28977 obj=4.466916261630488e7 pinf=630018.8301505677 (5341) dinf=0.0 (0) time=200.2148041s
[ Info: iter=29057 obj=4.467167648401037e7 pinf=828947.669493072 (5307) dinf=0.0 (0) time=201.0385758s
[ Info: iter=29137 obj=4.4672776934865646e7 pinf=113022.40269695019 (5018) dinf=0.0 (0) time=201.8523002s
[ Info: iter=29217 obj=4.468246730880159e7 pinf=4.608365698462703e6 (5334) dinf=0.0 (0) time=202.6367445s
[ Info: iter=29297 obj=4.468317824341486e7 pinf=1.164556378756136e6 (5299) dinf=0.0 (0) time=203.4938436s
[ Info: iter=29377 obj=4.478536796360331e7 pinf=93002.71614210954 (4925) dinf=0.0 (0) time=204.2534036s
[ Info: iter=29457 obj=4.478724134057027e7 pinf=3.735287777854344e6 (5254) dinf=0.0 (0) time=205.1131009s
EVENT correction_attempt count=800 iter=29465 row=7151 entering=12846 pinf=1.5429702923161907e6 dinf=0.0
[ Info: iter=29537 obj=4.48079012810638e7 pinf=839733.811002302 (5268) dinf=0.0 (0) time=205.9310084s
[ Info: iter=29617 obj=4.482406320467382e7 pinf=116559.80392225392 (4945) dinf=0.0 (0) time=206.777734s
[ Info: iter=29697 obj=4.487545297063884e7 pinf=2.6357923868111973e6 (5470) dinf=0.0 (0) time=207.5799464s
[ Info: iter=29777 obj=4.513086728566125e7 pinf=2.0120252983132906e6 (5478) dinf=0.0 (0) time=208.3581609s
[ Info: iter=29857 obj=4.514698402631036e7 pinf=388670.23072065314 (5239) dinf=0.0 (0) time=209.1206373s
[ Info: iter=29937 obj=4.5162341286123775e7 pinf=46188.06766654443 (4720) dinf=0.0 (0) time=209.8826777s
PROGRESS iter=30000 pinf=77272.82119921362 dinf=0.0 refs=375
[ Info: iter=30017 obj=4.516677242818273e7 pinf=63245.8963781576 (4934) dinf=0.0 (0) time=210.6843841s
[ Info: iter=30097 obj=4.51713679576847e7 pinf=89279.35521989732 (5122) dinf=0.0 (0) time=211.5495632s
[ Info: iter=30177 obj=4.5174029981341384e7 pinf=1.8183616411890574e6 (5535) dinf=0.0 (0) time=212.3735716s
[ Info: iter=30257 obj=4.517977532710066e7 pinf=490382.7387902603 (5465) dinf=0.0 (0) time=213.2269001s
[ Info: iter=30337 obj=4.5291112588106215e7 pinf=101537.01510163907 (5111) dinf=0.0 (0) time=214.0429741s
[ Info: iter=30417 obj=4.529287675203859e7 pinf=170894.15851551364 (5074) dinf=0.0 (0) time=214.894585s
[ Info: iter=30497 obj=4.529416175632353e7 pinf=68099.90300660992 (5006) dinf=0.0 (0) time=215.8244866s
EVENT correction_attempt count=900 iter=30565 row=5616 entering=10970 pinf=2.0554182994482822e6 dinf=0.0
[ Info: iter=30577 obj=4.5298128963057e7 pinf=658330.3846902571 (5322) dinf=0.0 (0) time=216.6547185s
[ Info: iter=30657 obj=4.530138298204561e7 pinf=2.283104121899087e6 (5422) dinf=0.0 (0) time=217.4805274s
[ Info: iter=30737 obj=4.530402810109988e7 pinf=1.4784897451345583e7 (5311) dinf=0.0 (0) time=218.3295421s
[ Info: iter=30817 obj=4.530657803326819e7 pinf=32917.71429999302 (4835) dinf=0.0 (0) time=219.1546989s
[ Info: iter=30897 obj=4.530932589675244e7 pinf=97342.53984353467 (4885) dinf=0.0 (0) time=219.9353938s
[ Info: iter=30977 obj=4.531067156735181e7 pinf=108025.85001805516 (5038) dinf=0.0 (0) time=220.7794387s
[ Info: iter=31057 obj=4.531305740250548e7 pinf=515809.71013937244 (5304) dinf=0.0 (0) time=221.6223094s
[ Info: iter=31137 obj=4.53174516071631e7 pinf=180557.80406262504 (5060) dinf=0.0 (0) time=222.4320765s
[ Info: iter=31217 obj=4.532199108447702e7 pinf=133496.25708533562 (5104) dinf=0.0 (0) time=223.2647395s
[ Info: iter=31297 obj=4.532279459824816e7 pinf=91109.15802239193 (4864) dinf=0.0 (0) time=224.1788445s
[ Info: iter=31377 obj=4.5324182007789485e7 pinf=860234.6879927996 (5400) dinf=0.0 (0) time=225.0568204s
[ Info: iter=31457 obj=4.532823123812777e7 pinf=232406.5671200811 (4914) dinf=0.0 (0) time=225.8969709s
[ Info: iter=31537 obj=4.5334856976919875e7 pinf=256457.31139836603 (5226) dinf=0.0 (0) time=226.9398501s
[ Info: iter=31617 obj=4.53354685748026e7 pinf=224134.2425300418 (4993) dinf=0.0 (0) time=227.7582334s
[ Info: iter=31697 obj=4.5337508162282795e7 pinf=378356.6110819613 (4875) dinf=0.0 (0) time=228.6319748s
[ Info: iter=31777 obj=4.533871932452922e7 pinf=41513.1715616091 (4870) dinf=0.0 (0) time=229.5167306s
[ Info: iter=31857 obj=4.533912802441077e7 pinf=39349.8352491372 (4903) dinf=0.0 (0) time=230.3895572s
EVENT correction_attempt count=1000 iter=31860 row=5931 entering=45675 pinf=596350.2794586518 dinf=0.0
[ Info: iter=31937 obj=4.534048693546719e7 pinf=1.4667645157624732e6 (5401) dinf=0.0 (0) time=231.2645891s
[ Info: iter=32017 obj=4.537148918727435e7 pinf=9.50077899668619e6 (5518) dinf=0.0 (0) time=232.1367039s
[ Info: iter=32097 obj=4.551216721447051e7 pinf=3.7108590562514383e6 (5535) dinf=0.0 (0) time=232.9160819s
[ Info: iter=32177 obj=4.5514976953710735e7 pinf=1.1698715309648577e6 (5146) dinf=0.0 (0) time=233.8302018s
[ Info: iter=32257 obj=4.551517121966856e7 pinf=266182.489482139 (4871) dinf=0.0 (0) time=234.7158185s
EVENT correction_attempt count=1100 iter=32309 row=5339 entering=11956 pinf=84688.25990702937 dinf=0.0
[ Info: iter=32337 obj=4.551532121743841e7 pinf=70540.36308707882 (4897) dinf=0.0 (0) time=235.8567192s
[ Info: iter=32417 obj=4.551768906989107e7 pinf=1.6398050909706778e6 (5318) dinf=0.0 (0) time=236.6955621s
[ Info: iter=32497 obj=4.5545807256273635e7 pinf=1.117022081313907e6 (5348) dinf=0.0 (0) time=237.5366963s
[ Info: iter=32577 obj=4.555653219661579e7 pinf=251922.52768663413 (5239) dinf=0.0 (0) time=238.4234183s
[ Info: iter=32657 obj=4.556427337709874e7 pinf=50019.89721842569 (4879) dinf=0.0 (0) time=239.2636284s
[ Info: iter=32737 obj=4.55651761283401e7 pinf=92729.5608651572 (4971) dinf=0.0 (0) time=240.2961154s
[ Info: iter=32817 obj=4.556743872432473e7 pinf=183878.75824401056 (5008) dinf=0.0 (0) time=241.1886985s
[ Info: iter=32897 obj=4.556957646898042e7 pinf=176979.23213704245 (5112) dinf=0.0 (0) time=242.0644839s
EVENT correction_attempt count=1200 iter=32936 row=5096 entering=11435 pinf=93059.91408021709 dinf=0.0
[ Info: iter=32977 obj=4.557011875210696e7 pinf=168769.4658596525 (4840) dinf=0.0 (0) time=243.0850973s
[ Info: iter=33057 obj=4.557156198100544e7 pinf=258902.54590093435 (4907) dinf=0.0 (0) time=244.0050149s
[ Info: iter=33137 obj=4.557309900903885e7 pinf=242366.11156239102 (4976) dinf=0.0 (0) time=244.8728082s
[ Info: iter=33217 obj=4.5574941126642525e7 pinf=1.0666328362381377e6 (5199) dinf=0.0 (0) time=245.7542989s
[ Info: iter=33297 obj=4.557703263338623e7 pinf=1.7398125699068757e6 (5158) dinf=0.0 (0) time=246.5767915s
[ Info: iter=33377 obj=4.557782749869026e7 pinf=73663.4425399744 (4680) dinf=0.0 (0) time=247.4738775s
[ Info: iter=33457 obj=4.55790077621008e7 pinf=3.4252157105133287e6 (5381) dinf=0.0 (0) time=248.4119113s
[ Info: iter=33537 obj=4.565943507693073e7 pinf=144029.683586855 (4940) dinf=0.0 (0) time=249.2936842s
[ Info: iter=33617 obj=4.566183867844432e7 pinf=68204.66428847928 (4847) dinf=0.0 (0) time=250.2365443s
EVENT correction_attempt count=1300 iter=33624 row=15782 entering=52700 pinf=64430.6223167076 dinf=0.0
[ Info: iter=33697 obj=4.575680207591561e7 pinf=25862.577856660726 (4784) dinf=0.0 (0) time=251.0647519s
[ Info: iter=33777 obj=4.57677307060357e7 pinf=360535.20313590846 (4905) dinf=0.0 (0) time=251.947549s
[ Info: iter=33857 obj=4.576855965533894e7 pinf=243780.66834431473 (4978) dinf=0.0 (0) time=252.8269814s
[ Info: iter=33937 obj=4.5772935032563865e7 pinf=315064.7990528423 (5116) dinf=0.0 (0) time=253.7046805s
[ Info: iter=34017 obj=4.577565614607278e7 pinf=1.04620510884774e6 (5423) dinf=0.0 (0) time=254.5810514s
[ Info: iter=34097 obj=4.5790474171712935e7 pinf=4.282879229034655e6 (5592) dinf=0.0 (0) time=255.454009s
[ Info: iter=34177 obj=4.579627729144949e7 pinf=5.108512579834119e6 (5670) dinf=0.0 (0) time=256.3909229s
[ Info: iter=34257 obj=4.579946424550755e7 pinf=401444.33442989865 (5215) dinf=0.0 (0) time=257.3888982s
EVENT correction_attempt count=1400 iter=34262 row=205 entering=53798 pinf=215530.2687104611 dinf=0.0
[ Info: iter=34337 obj=4.580088331546613e7 pinf=1.4027583171960865e6 (5509) dinf=0.0 (0) time=258.2948235s
[ Info: iter=34417 obj=4.5801816605541304e7 pinf=166047.66721545224 (5031) dinf=0.0 (0) time=259.1503113s
[ Info: iter=34497 obj=4.580319013528994e7 pinf=1.2671957219939157e6 (5221) dinf=0.0 (0) time=260.0933304s
[ Info: iter=34577 obj=4.580514832491533e7 pinf=636215.3808777883 (5069) dinf=0.0 (0) time=260.9455093s
[ Info: iter=34657 obj=4.580601154751155e7 pinf=157630.13408924523 (4819) dinf=0.0 (0) time=261.8123927s
[ Info: iter=34737 obj=4.580713630752889e7 pinf=47942.67416956913 (4717) dinf=0.0 (0) time=262.7097503s
[ Info: iter=34817 obj=4.580821530512989e7 pinf=165686.94128101363 (4895) dinf=0.0 (0) time=263.575748s
[ Info: iter=34897 obj=4.581978547785152e7 pinf=1.6121758800912625e6 (5143) dinf=0.0 (0) time=264.6910648s
[ Info: iter=34977 obj=4.584375923449024e7 pinf=489347.17051971605 (5049) dinf=0.0 (0) time=265.6013005s
PROGRESS iter=35000 pinf=1.4704410576969616e6 dinf=0.0 refs=438
[ Info: iter=35057 obj=4.585285563760518e7 pinf=284392.3468166684 (5014) dinf=0.0 (0) time=266.5107702s
[ Info: iter=35137 obj=4.600521705816446e7 pinf=133350.80570984763 (4841) dinf=0.0 (0) time=267.3744464s
[ Info: iter=35217 obj=4.601444932239591e7 pinf=4.203880072661356e6 (5330) dinf=0.0 (0) time=268.22997s
[ Info: iter=35297 obj=4.6097051503973514e7 pinf=145407.76114820107 (4722) dinf=0.0 (0) time=269.0733355s
[ Info: iter=35377 obj=4.6130938891839735e7 pinf=1.452722429206016e6 (5188) dinf=0.0 (0) time=269.9372828s
[ Info: iter=35457 obj=4.6150854168542475e7 pinf=396586.8212123723 (5002) dinf=0.0 (0) time=270.8781301s
[ Info: iter=35537 obj=4.619990758463826e7 pinf=117855.28599440094 (4752) dinf=0.0 (0) time=271.8120017s
[ Info: iter=35617 obj=4.620210187081152e7 pinf=719663.2091810633 (4951) dinf=0.0 (0) time=272.7504501s
[ Info: iter=35697 obj=4.6203217070861936e7 pinf=72691.62702184144 (4657) dinf=0.0 (0) time=273.7063267s
[ Info: iter=35777 obj=4.622336876801138e7 pinf=251461.46999567203 (4771) dinf=0.0 (0) time=274.6344954s
EVENT correction_attempt count=1500 iter=35796 row=20726 entering=41704 pinf=61283.11454718987 dinf=0.0
[ Info: iter=35857 obj=4.625612295140891e7 pinf=4.176282111582736e6 (5204) dinf=0.0 (0) time=275.5249805s
[ Info: iter=35937 obj=4.631268256253885e7 pinf=287077.1619932691 (4810) dinf=0.0 (0) time=276.4688396s
[ Info: iter=36017 obj=4.63143159399905e7 pinf=18229.202642327866 (4533) dinf=0.0 (0) time=277.3762462s
[ Info: iter=36097 obj=4.632959683503463e7 pinf=67124.99047601539 (4690) dinf=0.0 (0) time=278.3126097s
[ Info: iter=36177 obj=4.633615038363893e7 pinf=157026.3108247326 (4943) dinf=0.0 (0) time=279.1947046s
[ Info: iter=36257 obj=4.6338939919050105e7 pinf=24863.912525941556 (4594) dinf=0.0 (0) time=280.110669s
[ Info: iter=36337 obj=4.633984419390408e7 pinf=58488.18259235965 (4691) dinf=0.0 (0) time=281.0603816s
[ Info: iter=36417 obj=4.634175012850513e7 pinf=37590.78755547703 (4726) dinf=0.0 (0) time=282.074021s
[ Info: iter=36497 obj=4.634554893211462e7 pinf=849088.745800179 (5069) dinf=0.0 (0) time=282.9973929s
[ Info: iter=36577 obj=4.634953370180941e7 pinf=1.8700141430178033e6 (5120) dinf=0.0 (0) time=283.9041253s
[ Info: iter=36657 obj=4.635099166810912e7 pinf=150436.87830795455 (4797) dinf=0.0 (0) time=284.8172538s
[ Info: iter=36737 obj=4.635177380085462e7 pinf=641488.9078814099 (4793) dinf=0.0 (0) time=285.9139935s
[ Info: iter=36817 obj=4.635648593138317e7 pinf=763411.1396660124 (5179) dinf=0.0 (0) time=287.140306s
[ Info: iter=36897 obj=4.635817799980305e7 pinf=306709.16283238487 (4806) dinf=0.0 (0) time=288.082234s
[ Info: iter=36977 obj=4.636068831679893e7 pinf=129078.22643049665 (4745) dinf=0.0 (0) time=288.9772094s
[ Info: iter=37057 obj=4.636346913498106e7 pinf=4.915289984048013e6 (5103) dinf=0.0 (0) time=289.8697102s
[ Info: iter=37137 obj=4.638575530102025e7 pinf=379158.5265216426 (5125) dinf=0.0 (0) time=290.8584465s
[ Info: iter=37217 obj=4.638940142816903e7 pinf=46952.5014203993 (4653) dinf=0.0 (0) time=291.7790194s
[ Info: iter=37297 obj=4.6390621001559846e7 pinf=103464.14289468717 (4776) dinf=0.0 (0) time=292.7056544s
[ Info: iter=37377 obj=4.6400488481388e7 pinf=655090.3864487126 (5013) dinf=0.0 (0) time=293.6489741s
[ Info: iter=37457 obj=4.653374114148257e7 pinf=61954.724397343925 (4688) dinf=0.0 (0) time=294.6537684s
[ Info: iter=37537 obj=4.6586705953448474e7 pinf=72027.98499403281 (4660) dinf=0.0 (0) time=295.6242046s
EVENT correction_attempt count=1600 iter=37541 row=20783 entering=55574 pinf=27334.575536774908 dinf=0.0
[ Info: iter=37617 obj=4.6589146128856204e7 pinf=767549.4467646912 (5121) dinf=0.0 (0) time=296.711826s
[ Info: iter=37697 obj=4.673245486675174e7 pinf=48554.73422747012 (4593) dinf=0.0 (0) time=297.6878821s
[ Info: iter=37777 obj=4.673341818223528e7 pinf=2.3509378522993983e6 (5290) dinf=0.0 (0) time=298.745154s
[ Info: iter=37857 obj=4.6748650238325916e7 pinf=41882.53765421553 (4576) dinf=0.0 (0) time=299.7453732s
[ Info: iter=37937 obj=4.6750752856399104e7 pinf=317998.2447496381 (4843) dinf=0.0 (0) time=300.7614869s
[ Info: iter=38017 obj=4.675241101605658e7 pinf=500072.94604855706 (4919) dinf=0.0 (0) time=301.7484602s
[ Info: iter=38097 obj=4.675401123245943e7 pinf=388031.9924918083 (5000) dinf=0.0 (0) time=302.7355104s
[ Info: iter=38177 obj=4.686169893171226e7 pinf=41190.145369213526 (4518) dinf=0.0 (0) time=303.730584s
[ Info: iter=38257 obj=4.686497669947166e7 pinf=1.0741253527460638e6 (5038) dinf=0.0 (0) time=304.6705179s
[ Info: iter=38337 obj=4.686730949397397e7 pinf=480992.9365446528 (4708) dinf=0.0 (0) time=305.6260213s
[ Info: iter=38417 obj=4.68685805084412e7 pinf=4.0050717959072e6 (5024) dinf=0.0 (0) time=306.6323787s
[ Info: iter=38497 obj=4.68694615393433e7 pinf=6.497785517404422e6 (5055) dinf=0.0 (0) time=307.6190261s
[ Info: iter=38577 obj=4.687932512258166e7 pinf=828617.3004710592 (5145) dinf=0.0 (0) time=308.6840774s
[ Info: iter=38657 obj=4.688787018566006e7 pinf=876522.3794416505 (5094) dinf=0.0 (0) time=309.6556999s
[ Info: iter=38737 obj=4.696840006828893e7 pinf=55034.955570871694 (4699) dinf=0.0 (0) time=310.6275342s
[ Info: iter=38817 obj=4.701456733080236e7 pinf=90957.08776491822 (4776) dinf=0.0 (0) time=311.7246237s
[ Info: iter=38897 obj=4.702457571759683e7 pinf=120928.93896894928 (4834) dinf=0.0 (0) time=312.7680093s
[ Info: iter=38977 obj=4.702655557492838e7 pinf=78273.153986188 (4680) dinf=0.0 (0) time=313.7937025s
[ Info: iter=39057 obj=4.710389356955829e7 pinf=1.7005500080806292e6 (5283) dinf=0.0 (0) time=314.7425607s
[ Info: iter=39137 obj=4.719178082906107e7 pinf=1.124673174108608e6 (5172) dinf=0.0 (0) time=315.7189132s
[ Info: iter=39217 obj=4.7242084948522e7 pinf=37621.38244537606 (4580) dinf=0.0 (0) time=316.9793416s
[ Info: iter=39297 obj=4.724579440903956e7 pinf=8.920824088607542e6 (5315) dinf=0.0 (0) time=318.0703189s
EVENT correction_attempt count=1700 iter=39299 row=11055 entering=50282 pinf=261458.11302572314 dinf=0.0
[ Info: iter=39377 obj=4.732131931786229e7 pinf=168330.52004934836 (4766) dinf=0.0 (0) time=319.4056158s
[ Info: iter=39457 obj=4.733206286583325e7 pinf=70940.75741439262 (4672) dinf=0.0 (0) time=320.6638885s
[ Info: iter=39537 obj=4.7333902897458695e7 pinf=122393.52317693371 (4741) dinf=0.0 (0) time=322.1495962s
[ Info: iter=39617 obj=4.7337578423649386e7 pinf=1.1660236177795765e6 (5080) dinf=0.0 (0) time=323.257801s
[ Info: iter=39697 obj=4.7472217506063506e7 pinf=1.2362805778125685e6 (5185) dinf=0.0 (0) time=324.3088405s
[ Info: iter=39777 obj=4.7552843842770144e7 pinf=890676.3222572587 (5158) dinf=0.0 (0) time=325.293104s
[ Info: iter=39857 obj=4.756630448111402e7 pinf=2.663496065281861e6 (5307) dinf=0.0 (0) time=326.330408s
[ Info: iter=39937 obj=4.760727265959101e7 pinf=96920.37941147035 (4549) dinf=0.0 (0) time=327.6017254s
PROGRESS iter=40000 pinf=484120.37224560755 dinf=0.0 refs=500
[ Info: iter=40017 obj=4.761882588155393e7 pinf=541781.509276231 (4841) dinf=0.0 (0) time=329.1143164s
[ Info: iter=40097 obj=4.76246409654126e7 pinf=27302.810800996547 (4314) dinf=0.0 (0) time=330.5185393s
[ Info: iter=40177 obj=4.763019225096712e7 pinf=42473.919952448174 (4359) dinf=0.0 (0) time=331.8793106s
[ Info: iter=40257 obj=4.763221338998456e7 pinf=873318.7254897966 (4639) dinf=0.0 (0) time=333.1488248s
EVENT correction_attempt count=1800 iter=40320 row=9723 entering=22965 pinf=1.2378865938032994e6 dinf=0.0
[ Info: iter=40337 obj=4.7634067305706844e7 pinf=1.2173698204295153e6 (4841) dinf=0.0 (0) time=334.6246622s
[ Info: iter=40417 obj=4.769527851260674e7 pinf=265373.29220796167 (4586) dinf=0.0 (0) time=335.8944955s
[ Info: iter=40497 obj=4.770985113160869e7 pinf=397104.29455490335 (4750) dinf=0.0 (0) time=337.2612676s
[ Info: iter=40577 obj=4.778436535611541e7 pinf=72370.94720234654 (4292) dinf=0.0 (0) time=338.5495099s
[ Info: iter=40657 obj=4.785375488924373e7 pinf=6.244310082884583e6 (5531) dinf=0.0 (0) time=339.8203007s
[ Info: iter=40737 obj=4.7874943097820684e7 pinf=397826.9670887902 (4623) dinf=0.0 (0) time=341.1551179s
[ Info: iter=40817 obj=4.790595257219052e7 pinf=1.0746854268395875e6 (4911) dinf=0.0 (0) time=342.4165183s
[ Info: iter=40897 obj=4.79192512003783e7 pinf=376737.4649569047 (4693) dinf=0.0 (0) time=343.6664574s
[ Info: iter=40977 obj=4.801067782701116e7 pinf=976971.4187689902 (4731) dinf=0.0 (0) time=344.8706911s
[ Info: iter=41057 obj=4.819395122566126e7 pinf=50190.76629832142 (4202) dinf=0.0 (0) time=346.0501168s
[ Info: iter=41137 obj=4.824193557679928e7 pinf=43781.553340006176 (4170) dinf=0.0 (0) time=347.3566209s
[ Info: iter=41217 obj=4.824296098269827e7 pinf=588776.582950148 (4606) dinf=0.0 (0) time=348.5965829s
[ Info: iter=41297 obj=4.824560202519807e7 pinf=410537.3397366573 (4677) dinf=0.0 (0) time=349.9491023s
EVENT correction_attempt count=1900 iter=41360 row=15729 entering=1310 pinf=112107.43964170893 dinf=0.0
[ Info: iter=41377 obj=4.824760560263044e7 pinf=271348.9448995952 (4555) dinf=0.0 (0) time=351.3498669s
[ Info: iter=41457 obj=4.825076001759006e7 pinf=41491.68341142962 (4221) dinf=0.0 (0) time=352.7240402s
[ Info: iter=41537 obj=4.825300064041712e7 pinf=104970.21015857122 (4419) dinf=0.0 (0) time=354.0075165s
[ Info: iter=41617 obj=4.825427318081406e7 pinf=80476.25392664594 (4387) dinf=0.0 (0) time=355.3264284s
[ Info: iter=41697 obj=4.825601332231153e7 pinf=2.4078052951438134e6 (5022) dinf=0.0 (0) time=356.7380425s
[ Info: iter=41777 obj=4.8375916266199e7 pinf=30276.562678679467 (4147) dinf=0.0 (0) time=357.9821505s
[ Info: iter=41857 obj=4.838972380449797e7 pinf=1.0218871392105133e6 (4746) dinf=0.0 (0) time=359.3213739s
[ Info: iter=41937 obj=4.845888537551484e7 pinf=214152.74920517395 (4480) dinf=0.0 (0) time=360.6296441s
[ Info: iter=42017 obj=4.846306680830065e7 pinf=1.4294803830818722e6 (4532) dinf=0.0 (0) time=361.9956876s
[ Info: iter=42097 obj=4.846499387116282e7 pinf=216878.81322974508 (4414) dinf=0.0 (0) time=363.3673039s
EVENT correction_attempt count=2000 iter=42107 row=13650 entering=14167 pinf=73277.97835098056 dinf=0.0
[ Info: iter=42177 obj=4.8466265272851594e7 pinf=39226.72063725628 (4046) dinf=0.0 (0) time=364.6077393s
[ Info: iter=42257 obj=4.846801251519399e7 pinf=42945.16326861471 (4152) dinf=0.0 (0) time=365.8226354s
[ Info: iter=42337 obj=4.8472710472390465e7 pinf=60577.921646149036 (4212) dinf=0.0 (0) time=367.1656469s
[ Info: iter=42417 obj=4.848549690745559e7 pinf=1.4553383338530383e6 (4799) dinf=0.0 (0) time=368.360034s
[ Info: iter=42497 obj=4.851599168521115e7 pinf=17082.12680853055 (4045) dinf=0.0 (0) time=369.4887439s
[ Info: iter=42577 obj=4.852880625219312e7 pinf=235555.72390378575 (4190) dinf=0.0 (0) time=370.7668325s
[ Info: iter=42657 obj=4.853338090915045e7 pinf=435511.488864166 (4495) dinf=0.0 (0) time=372.0960517s
[ Info: iter=42737 obj=4.854427238726613e7 pinf=1.410695807443908e7 (5161) dinf=0.0 (0) time=373.3442349s
[ Info: iter=42817 obj=4.854930902277724e7 pinf=992843.2869590303 (4429) dinf=0.0 (0) time=374.4279952s
[ Info: iter=42897 obj=4.855315134406514e7 pinf=5.5918362672141595e6 (5094) dinf=0.0 (0) time=375.4062201s
[ Info: iter=42977 obj=4.8586551179866396e7 pinf=219014.22298124834 (4382) dinf=0.0 (0) time=376.3876119s
[ Info: iter=43057 obj=4.8597130386094235e7 pinf=119793.6845777346 (4089) dinf=0.0 (0) time=377.5031792s
[ Info: iter=43137 obj=4.8598123610420495e7 pinf=188110.14623020022 (4256) dinf=0.0 (0) time=378.5303906s
[ Info: iter=43217 obj=4.870225229660013e7 pinf=611609.6127269093 (4494) dinf=0.0 (0) time=379.5007018s
[ Info: iter=43297 obj=4.873884304835513e7 pinf=535392.3153682507 (4493) dinf=0.0 (0) time=380.4620268s
EVENT correction_attempt count=2100 iter=43326 row=23675 entering=10250 pinf=1.0883377840313443e6 dinf=0.0
[ Info: iter=43377 obj=4.901336149120095e7 pinf=429892.2065902225 (4331) dinf=0.0 (0) time=381.4151774s
[ Info: iter=43457 obj=4.902197170774047e7 pinf=220565.12047277356 (4230) dinf=0.0 (0) time=382.3777375s
[ Info: iter=43537 obj=4.9027764826750554e7 pinf=1.174089601756039e6 (4583) dinf=0.0 (0) time=383.3608681s
[ Info: iter=43617 obj=4.903003708631338e7 pinf=250664.1985599385 (4175) dinf=0.0 (0) time=384.3610096s
[ Info: iter=43697 obj=4.903106571378207e7 pinf=240579.9272135836 (4132) dinf=0.0 (0) time=385.2843179s
[ Info: iter=43777 obj=4.904269144863668e7 pinf=2.9751980386203215e6 (4575) dinf=0.0 (0) time=386.2069513s
[ Info: iter=43857 obj=4.905606953258359e7 pinf=455091.1389979077 (4298) dinf=0.0 (0) time=387.3081179s
[ Info: iter=43937 obj=4.907042644790089e7 pinf=97928.26482797021 (4073) dinf=0.0 (0) time=388.2952871s
[ Info: iter=44017 obj=4.907432861388347e7 pinf=395700.6818736979 (4406) dinf=0.0 (0) time=389.4975175s
[ Info: iter=44097 obj=4.907687557959851e7 pinf=1.90031695323592e7 (5030) dinf=0.0 (0) time=390.6521883s
EVENT correction_attempt count=2200 iter=44112 row=14366 entering=17959 pinf=489235.36233691464 dinf=0.0
[ Info: iter=44177 obj=4.910154432426728e7 pinf=140385.246303704 (3984) dinf=0.0 (0) time=391.8198542s
[ Info: iter=44257 obj=4.910408835822085e7 pinf=1.8252371071759318e6 (4665) dinf=0.0 (0) time=393.2534867s
[ Info: iter=44337 obj=4.913993573437983e7 pinf=107723.7093191574 (4080) dinf=0.0 (0) time=394.3470482s
[ Info: iter=44417 obj=4.915277127019024e7 pinf=122293.3170612733 (4087) dinf=0.0 (0) time=395.4230716s
[ Info: iter=44497 obj=4.915407006427072e7 pinf=2.2342812010058877e6 (4479) dinf=0.0 (0) time=396.5554556s
SMALL_ACCEPTED_PIVOT iter=44551 pivot=1.940468809906895e-7 direction_norm=34.49307431137604 relative_pivot=5.6256765992787015e-9 snapshot=C:\tmp\ft-session-01.toml.accepted_pivot.44551.bin
[ Info: iter=44577 obj=4.915653958102101e7 pinf=2.800502995507503e6 (4692) dinf=0.0 (0) time=400.185451s
EVENT correction_attempt count=2300 iter=44595 row=18273 entering=23458 pinf=2.287512663332742e6 dinf=0.0
[ Info: iter=44657 obj=4.915750357360921e7 pinf=857670.6254139965 (4525) dinf=0.0 (0) time=401.4677116s
[ Info: iter=44737 obj=4.915900297474579e7 pinf=300574.40529546095 (4325) dinf=0.0 (0) time=402.613146s
[ Info: iter=44817 obj=4.915997737166562e7 pinf=202972.34234647907 (4340) dinf=0.0 (0) time=403.8093276s
[ Info: iter=44897 obj=4.9160538377993956e7 pinf=709631.2442863719 (4561) dinf=0.0 (0) time=405.0129962s
EVENT correction_attempt count=2400 iter=44955 row=16999 entering=11507 pinf=140600.95063963422 dinf=0.0
[ Info: iter=44977 obj=4.916101888049918e7 pinf=99002.32078956037 (4034) dinf=0.0 (0) time=406.2945691s
PROGRESS iter=45000 pinf=109273.13888896968 dinf=0.0 refs=563
[ Info: iter=45057 obj=4.9161492862926275e7 pinf=133959.44722931972 (4233) dinf=0.0 (0) time=407.4585881s
[ Info: iter=45137 obj=4.916318991039832e7 pinf=494439.3438371979 (4499) dinf=0.0 (0) time=408.589451s
[ Info: iter=45217 obj=4.916701081980736e7 pinf=5.917949329547975e6 (4665) dinf=0.0 (0) time=409.8119949s
[ Info: iter=45297 obj=4.91677022224741e7 pinf=387551.3782192919 (4150) dinf=0.0 (0) time=411.0922355s
[ Info: iter=45377 obj=4.916844252401234e7 pinf=368838.1434370613 (4151) dinf=0.0 (0) time=412.3143402s
EVENT correction_attempt count=2500 iter=45383 row=3852 entering=49801 pinf=82799.01871121424 dinf=0.0
[ Info: iter=45457 obj=4.91698116004631e7 pinf=116091.78820718388 (3905) dinf=0.0 (0) time=413.5898545s
[ Info: iter=45537 obj=4.9171434751124084e7 pinf=54222.43938603536 (3864) dinf=0.0 (0) time=414.8769436s
SMALL_ACCEPTED_PIVOT iter=45538 pivot=1.2175120684037582e-7 direction_norm=4.401069252230542 relative_pivot=2.7664006145477056e-8 snapshot=C:\tmp\ft-session-01.toml.accepted_pivot.45538.bin
SMALL_ACCEPTED_PIVOT iter=45539 pivot=-192.7304955085053 direction_norm=5.0779366069200096e10 relative_pivot=3.795449026399027e-9 snapshot=C:\tmp\ft-session-01.toml.accepted_pivot.45539.bin
SMALL_ACCEPTED_PIVOT iter=45540 pivot=-0.8530367206959087 direction_norm=4.20122841986678e8 relative_pivot=2.030445944481539e-9 snapshot=C:\tmp\ft-session-01.toml.accepted_pivot.45540.bin
SMALL_ACCEPTED_PIVOT iter=45541 pivot=0.3780485886186084 direction_norm=1.5577219351658419e7 relative_pivot=2.426932433087679e-8 snapshot=C:\tmp\ft-session-01.toml.accepted_pivot.45541.bin
SMALL_ACCEPTED_PIVOT iter=45543 pivot=-14.114629359564075 direction_norm=1.6352860265651584e11 relative_pivot=8.631290875279594e-11 snapshot=C:\tmp\ft-session-01.toml.accepted_pivot.45543.bin
SMALL_ACCEPTED_PIVOT iter=45544 pivot=-190.95602211835333 direction_norm=6.064360791711592e10 relative_pivot=3.1488235722937308e-9 snapshot=C:\tmp\ft-session-01.toml.accepted_pivot.45544.bin
SMALL_ACCEPTED_PIVOT iter=45545 pivot=-16.686255138231783 direction_norm=2.725747686431831e9 relative_pivot=6.1217167022803575e-9 snapshot=C:\tmp\ft-session-01.toml.accepted_pivot.45545.bin
SMALL_ACCEPTED_PIVOT iter=45546 pivot=-0.9998659116547287 direction_norm=2.4819696782979673e8 relative_pivot=4.02851783564252e-9 snapshot=C:\tmp\ft-session-01.toml.accepted_pivot.45546.bin
SMALL_ACCEPTED_PIVOT iter=45548 pivot=-163.73465125181895 direction_norm=7.24912141394083e9 relative_pivot=2.2586826996295002e-8 snapshot=C:\tmp\ft-session-01.toml.accepted_pivot.45548.bin
SMALL_ACCEPTED_PIVOT iter=45549 pivot=3.641679845 direction_norm=5.0776980079269373e8 relative_pivot=7.171911049682102e-9 snapshot=C:\tmp\ft-session-01.toml.accepted_pivot.45549.bin
SMALL_ACCEPTED_PIVOT iter=45552 pivot=-0.0050885429101972385 direction_norm=1.3935826324301088e8 relative_pivot=3.651410968952672e-11 snapshot=C:\tmp\ft-session-01.toml.accepted_pivot.45552.bin
EVENT correction_attempt count=2600 iter=45576 row=6347 entering=8383 pinf=1.2073113979950167e14 dinf=0.0
[ Info: iter=45617 obj=4.760922938986641e7 pinf=1.3224132815448925e14 (4660) dinf=3.2702076479000897 (3) time=419.2501983s
EVENT certification_failed count=1 iter=45617 row=12075 entering=46791 pinf=1.3224132815448925e14 dinf=3.2702076479000897
SNAPSHOT C:\tmp\ft-session-01.toml.certification_failed.45617.bin
[ Info: Restarting simplex on original LP after NUMERICAL_ERROR: dual feasibility lost; completed iterations=45617
EVENT phase_dual count=2 iter=0 row=0 entering=0 pinf=919308.8561087633 dinf=242341.37510258012
EVENT phase_auxiliary count=2 iter=0 row=0 entering=0 pinf=2073.0 dinf=0.0
[ Info: iter=45697 obj=-85974.82024695 pinf=145.0 (145) dinf=0.0 (0) time=422.6896134s
[ Info: iter=45777 obj=-85974.82024695 pinf=159.9275325219038 (157) dinf=0.0 (0) time=423.0955685s
[ Info: iter=45857 obj=-85974.82024695 pinf=411.87217798565445 (234) dinf=0.0 (0) time=423.5312127s
[ Info: iter=45937 obj=-85974.82024695 pinf=181.73895897029013 (216) dinf=0.0 (0) time=423.8809413s
[ Info: Solve finished: status=ITERATION_LIMIT reason=iteration limit reached iterations=46000 time=424.149799s
Dict{String, Any}("kernel_seconds" => Dict("pricing" => 21.1948059, "refactorization" => 16.292468, "ftran" => 31.4365765, "btran" => 62.7747552), "basis_update" => "forrest_tomlin", "peak_rss" => 0x0000000122195000, "time_limit" => 900.0, "source_revision" => "unavailable", "counts" => Dict("certification_failed" => 1, "phase_dual" => 2, "correction_attempt" => 2675, "checkpoint" => 1, "correction" => 2618, "phase_auxiliary" => 2, "pricing_scanned_entries" => 1314445997, "bound_flipped" => 19488, "refactor_other" => 1, "pivot_completed" => 46000, "pricing_full_scan" => 46001, "pricing" => 46001, "refactor_initial" => 2, "pricing_scored_entries" => 226167211, "refactor_limit" => 574, "pivot_proposed" => 46001), "input" => "C:\\tmp\\runtime.mps", "blas_config" => "LBTConfig([ILP64] libopenblas64_.dll)", "interval" => 80, "warmup" => false, "outer_seconds" => 495.886085, "source_path" => "C:\\Users\\jiris\\.julia\\packages\\JSimplex\\Pz9tN\\src\\JSimplex.jl", "input_sha256" => "d0ac16e1a52a7d3411cbac28616bba9d3beb0c0edbdb2d72ab0477ce075f6c68", "julia_threads" => 1, "package_version" => "0.5.0", "refactorizations" => 575, "working_directory" => "C:\\Users\\jiris\\OneDrive\\Simplex_tests", "seconds" => 424.149799, "iteration_limit" => 46000, "package_git_revision" => "master", "architecture" => "x86_64", "blas_threads" => 8, "active_project" => "C:\\Users\\jiris\\OneDrive\\Simplex_tests\\Project.toml", "cpu_threads" => 16, "julia" => "1.13.0", "algorithm" => "dual", "iterations" => 46000, "package_tree_hash" => "de4c04976887978ac4e77b67a4eb9792d251bfec", "run_id" => "58777316640800-18336", "status" => "ITERATION_LIMIT", "message" => "iteration limit reached")
