PROVENANCE_OK file=ft-session-01.toml.accepted_pivot.45538.bin iteration=45538 event=accepted_small_pivot updated_columns=1 prior_basis=true native_numeric=true
OPTIONS algorithm=dual strategy=legacy pricing=steepest_edge refactorization=native configured_interval=80 primal_tolerance=1.0e-7 dual_tolerance=1.0e-7 zero_tolerance=1.0e-12
NATIVE_U min_abs_diagonal=9.393719855419123e-5 max_abs_diagonal=35.559880364009814 finite_L=true finite_U=true
PROVENANCE_OK file=ft-session-01.toml.accepted_pivot.45539.bin iteration=45539 event=accepted_small_pivot updated_columns=2 prior_basis=true native_numeric=true
OPTIONS algorithm=dual strategy=legacy pricing=steepest_edge refactorization=native configured_interval=80 primal_tolerance=1.0e-7 dual_tolerance=1.0e-7 zero_tolerance=1.0e-12
NATIVE_U min_abs_diagonal=9.393719855419123e-5 max_abs_diagonal=35.559880364009814 finite_L=true finite_U=true
PROVENANCE_OK file=ft-session-01.toml.certification_failed.45617.bin iteration=45617 event=certification_failed updated_columns=0 prior_basis=false native_numeric=true
OPTIONS algorithm=dual strategy=legacy pricing=steepest_edge refactorization=native configured_interval=80 primal_tolerance=1.0e-7 dual_tolerance=1.0e-7 zero_tolerance=1.0e-12
NATIVE_U min_abs_diagonal=1.4963052498428997e-12 max_abs_diagonal=35.559880364009814 finite_L=true finite_U=true
[ Info: iter=0 obj=4.9171434751124084e7 pinf=54222.43938603465 (3864) dinf=0.0 (0) time=0.180058603s
[ Info: iter=0 obj=4.91782578125e7 pinf=5.653789999890769e11 (3754) dinf=0.0 (0) time=0.082327402s
[ Info: iter=0 obj=4.76092525e7 pinf=1.3223988772774756e14 (4660) dinf=1.496164797104742 (2) time=0.080869802s
SNAPSHOT /home/jspitz/logs/ft-session-01.toml.accepted_pivot.45538.bin
iteration=45538 fresh_dinf=0.0 fresh_pinf=54222.43938603465
stored_forward_pivot=1.2175120684037582e-7 stored_row_pivot=1.2175195251984405e-7 fresh_forward_pivot=1.2175390008259265e-7 fresh_row_pivot=1.2175564734207e-7 stored_row_residual_ratio=8.352877803763803 fresh_row_residual_ratio=5.500713928541798 stored_direction_norm=4.401069252230542 fresh_direction_norm=4.401069252230543
stored_forward_residual=3.71929329603892e-15 fresh_forward_residual=3.786664681512167e-15
SNAPSHOT /home/jspitz/logs/ft-session-01.toml.accepted_pivot.45539.bin
iteration=45539 fresh_dinf=0.0 fresh_pinf=5.653789999890769e11
stored_forward_pivot=-192.7304955085053 stored_row_pivot=-192.7304955085053 fresh_forward_pivot=-192.73066662952291 fresh_row_pivot=-192.73079135312273 stored_row_residual_ratio=0.003983378576492371 fresh_row_residual_ratio=1.5082627039386325 stored_direction_norm=5.0779366069200096e10 fresh_direction_norm=5.077939827619498e10
stored_forward_residual=7.62939453125e-6 fresh_forward_residual=1.9501742710853737e-5
SNAPSHOT /home/jspitz/logs/ft-session-01.toml.certification_failed.45617.bin
iteration=45617 fresh_dinf=1.496164797104742 fresh_pinf=1.3223988772774756e14
stored_forward_pivot=-69.72803762741596 stored_row_pivot=0.0675084785833715 fresh_forward_pivot=1.0 fresh_row_pivot=0.9999999999999999 stored_row_residual_ratio=1.7592072441233744e13 fresh_row_residual_ratio=0.26191368494434825 stored_direction_norm=1.8604116829213562e13 fresh_direction_norm=1.0
stored_forward_residual=258548.35574305663 fresh_forward_residual=0.0
VIOLATION index=50271 state=AT_UPPER price=1.4151931162281968 refined_price=0.2498793734906588476514154147754482673845797376872143522311583466490732189982811 original_cost=0.0 working_cost=-3.6766723349848692e-37 cost_shift=-3.6766723349848692e-37
VIOLATION index=57984 state=AT_LOWER price=-0.08097168087654524 refined_price=-0.01951227357281496030458691520981008063483887464096868452962921767132281570589751 original_cost=0.0 working_cost=0.0 cost_shift=0.0
