POST iter=45538 updates=1 row=24556 entering=11510 step=1.8434388497931393e10 violations=0 top=Tuple{Float64, Int64, Float64, Float64}[]
PIVOT iter=45538 leaving=8532 pivot=1.2175120684037582e-7 tableau=1.2175195251984405e-7 refined_pivot=1.2175185313102243e-7 refined_tableau=1.2175185313102243e-7 before_entering_price=2.25893104810974e-10 after_leaving_price=-0.001855356604452506 stored_after_leaving_price=-0.001861913092358453
POST iter=45539 updates=2 row=3269 entering=21979 step=10.432025961259757 violations=0 top=Tuple{Float64, Int64, Float64, Float64}[]
PIVOT iter=45539 leaving=7510 pivot=-192.7304955085053 tableau=-192.7304955085053 refined_pivot=-192.7304955116026 refined_tableau=-192.7304955116026 before_entering_price=1.5022292397182637 after_leaving_price=0.007794455338946751 stored_after_leaving_price=0.0077466665993919815
POST iter=45540 updates=3 row=941 entering=6442 step=1002.2096026397478 violations=0 top=Tuple{Float64, Int64, Float64, Float64}[]
PIVOT iter=45540 leaving=7143 pivot=-0.8530367206959087 tableau=-0.8530367206964338 refined_pivot=-0.8530367206964339 refined_tableau=-0.8530367206964339 before_entering_price=0.020277561435525296 after_leaving_price=0.02377102994929731 stored_after_leaving_price=0.023681699951011156
POST iter=45541 updates=4 row=10152 entering=8532 step=-2470.8349844917366 violations=0 top=Tuple{Float64, Int64, Float64, Float64}[]
PIVOT iter=45541 leaving=6443 pivot=0.3780485886186084 tableau=0.3780485886188546 refined_pivot=0.3780485886188546 refined_tableau=0.3780485886188546 before_entering_price=-0.0004183072668430402 after_leaving_price=0.0011064907512848144 stored_after_leaving_price=0.0010990171299026276
POST iter=45543 updates=6 row=17623 entering=21113 step=3.2545773400594564 violations=0 top=Tuple{Float64, Int64, Float64, Float64}[]
PIVOT iter=45543 leaving=13384 pivot=-14.114629359564075 tableau=-14.114629359564109 refined_pivot=-14.114629359564109 refined_tableau=-14.114629359564109 before_entering_price=1.2545840116864024 after_leaving_price=0.08888536707032219 stored_after_leaving_price=0.0909867877771664
POST iter=45544 updates=7 row=23684 entering=26744 step=1.545331385684526 violations=0 top=Tuple{Float64, Int64, Float64, Float64}[]
PIVOT iter=45544 leaving=6373 pivot=-190.95602211835333 tableau=-190.95602211828887 refined_pivot=-190.95602211828887 refined_tableau=-190.95602211828887 before_entering_price=25.431063096186257 after_leaving_price=0.13317759143742966 stored_after_leaving_price=0.1332351938215025
POST iter=45545 updates=8 row=5365 entering=51566 step=1.5201206779833918 violations=0 top=Tuple{Float64, Int64, Float64, Float64}[]
PIVOT iter=45545 leaving=56985 pivot=-16.686255138231783 tableau=-16.686255138231786 refined_pivot=-16.686255138231783 refined_tableau=-16.686255138231783 before_entering_price=9.47631440121465 after_leaving_price=0.5679113931023615 stored_after_leaving_price=0.5678817641889525
POST iter=45546 updates=9 row=13780 entering=8511 step=22.491556719264356 violations=0 top=Tuple{Float64, Int64, Float64, Float64}[]
PIVOT iter=45546 leaving=8506 pivot=-0.9998659116547287 tableau=-0.9998659116547577 refined_pivot=-0.9998659116547576 refined_tableau=-0.9998659116547576 before_entering_price=0.2847897498764057 after_leaving_price=0.2848279419838251 stored_after_leaving_price=0.2847829180346055
POST iter=45548 updates=11 row=15174 entering=24452 step=6.6414615317989885 violations=0 top=Tuple{Float64, Int64, Float64, Float64}[]
PIVOT iter=45548 leaving=1347 pivot=-163.73465125181895 tableau=-163.73465125221458 refined_pivot=-163.73465125221458 refined_tableau=-163.73465125221458 before_entering_price=5.961641377473002 after_leaving_price=0.03641038309166319 stored_after_leaving_price=0.03640235275818366
POST iter=45549 updates=12 row=4525 entering=7360 step=-150.0 violations=0 top=Tuple{Float64, Int64, Float64, Float64}[]
PIVOT iter=45549 leaving=2342 pivot=3.641679845 tableau=3.6416798450000005 refined_pivot=3.641679845 refined_tableau=3.641679845 before_entering_price=-0.026627700414573227 after_leaving_price=0.0073119278871076115 stored_after_leaving_price=0.007337218182129811
POST iter=45552 updates=15 row=2233 entering=2342 step=47409.512826956954 violations=0 top=Tuple{Float64, Int64, Float64, Float64}[]
PIVOT iter=45552 leaving=8594 pivot=-0.0050885429101972385 tableau=-0.005088542909129634 refined_pivot=-0.005088542909129634 refined_tableau=-0.005088542909129634 before_entering_price=0.0009269019365791217 after_leaving_price=0.18215468615114083 stored_after_leaving_price=0.18712207395334798
POST iter=45617 updates=0 row=12075 entering=46791 step=-69.72875442274409 violations=2 top=[(0.24987937349065883, 50271, 0.24987937349065883, 2.4645724412011263), (0.01951227357281496, 57984, -0.01951227357281496, -0.136316631325521)]
